
> rest-express@1.0.0 check
> NODE_OPTIONS=--max-old-space-size=8192 tsc

client/src/components/kyc/kyc-type-selector.tsx(103,66): error TS18048: 'individualProgress.currentStep' is possibly 'undefined'.
client/src/components/kyc/kyc-type-selector.tsx(106,71): error TS18048: 'corporateProgress.currentStep' is possibly 'undefined'.
client/src/components/kyc/kyc-type-selector.tsx(109,59): error TS18048: 'nriProgress.currentStep' is possibly 'undefined'.
client/src/components/kyc/kyc-type-selector.tsx(128,19): error TS18048: 'individualProgress.currentStep' is possibly 'undefined'.
client/src/components/kyc/kyc-type-selector.tsx(142,19): error TS18048: 'corporateProgress.currentStep' is possibly 'undefined'.
client/src/components/kyc/kyc-type-selector.tsx(156,19): error TS18048: 'nriProgress.currentStep' is possibly 'undefined'.
client/src/components/layout/mobile-bottom-nav.tsx(21,31): error TS2339: Property 'items' does not exist on type 'Cart'.
client/src/components/layout/quick-access-toolbar.tsx(166,20): error TS2339: Property 'totalItems' does not exist on type 'Cart'.
client/src/components/loan/loan-progress-stepper.tsx(131,22): error TS2367: This comparison appears to be unintentional because the types '"rejected" | "expired" | "withdrawn"' and '"approved"' have no overlap.
client/src/components/loan/project-finance-wizard.tsx(262,9): error TS2322: Type 'number | undefined' is not assignable to type 'undefined'.
  Type 'number' is not assignable to type 'undefined'.
client/src/components/loan/project-finance-wizard.tsx(270,11): error TS2322: Type 'number | undefined' is not assignable to type 'undefined'.
  Type 'number' is not assignable to type 'undefined'.
client/src/components/loan/project-finance-wizard.tsx(278,11): error TS2322: Type 'number | undefined' is not assignable to type 'undefined'.
  Type 'number' is not assignable to type 'undefined'.
client/src/components/loan/project-finance-wizard.tsx(279,11): error TS2322: Type 'number | undefined' is not assignable to type 'undefined'.
  Type 'number' is not assignable to type 'undefined'.
client/src/components/loan/project-finance-wizard.tsx(280,11): error TS2322: Type 'number | undefined' is not assignable to type 'undefined'.
  Type 'number' is not assignable to type 'undefined'.
client/src/components/portfolio-sync/ExternalPortfolioSync.tsx(106,27): error TS2448: Block-scoped variable 'showReviewUI' used before its declaration.
client/src/components/portfolio-sync/ExternalPortfolioSync.tsx(106,27): error TS2454: Variable 'showReviewUI' is used before being assigned.
client/src/components/portfolio-sync/ExternalPortfolioSync.tsx(109,29): error TS18048: 'pendingStagingSession.holdings.length' is possibly 'undefined'.
client/src/components/portfolio/commodity-tracker.tsx(102,38): error TS2339: Property 'length' does not exist on type '{}'.
client/src/components/portfolio/commodity-tracker.tsx(109,26): error TS2339: Property 'map' does not exist on type '{}'.
client/src/components/portfolio/commodity-tracker.tsx(159,29): error TS7053: Element implicitly has an 'any' type because expression of type '0' can't be used to index type '{}'.
  Property '0' does not exist on type '{}'.
client/src/components/portfolio/commodity-tracker.tsx(159,57): error TS7053: Element implicitly has an 'any' type because expression of type '0' can't be used to index type '{}'.
  Property '0' does not exist on type '{}'.
client/src/components/portfolio/pi-chat-summaries.tsx(50,31): error TS2339: Property 'length' does not exist on type '{}'.
client/src/components/portfolio/pi-chat-summaries.tsx(133,24): error TS2339: Property 'map' does not exist on type '{}'.
client/src/components/portfolio/PortfolioImportPanel.tsx(261,32): error TS2345: Argument of type 'string | undefined' is not assignable to parameter of type 'string'.
  Type 'undefined' is not assignable to type 'string'.
client/src/components/portfolio/PortfolioImportPanel.tsx(335,44): error TS2345: Argument of type 'string | undefined' is not assignable to parameter of type 'string'.
  Type 'undefined' is not assignable to type 'string'.
client/src/components/proposal-builder/phase-lock-stepper.tsx(220,36): error TS18048: 'validation.missingPrerequisites.length' is possibly 'undefined'.
client/src/components/proposal-builder/phase-lock-stepper.tsx(224,30): error TS18048: 'validation' is possibly 'undefined'.
client/src/components/re-ckyc-workflow.tsx(375,34): error TS2339: Property 'data' does not exist on type '{}'.
client/src/components/re-ckyc-workflow.tsx(379,39): error TS2339: Property 'data' does not exist on type '{}'.
client/src/components/risk-profiling/risk-assessment-form.tsx(124,5): error TS18046: 'questions' is of type 'unknown'.
client/src/components/risk-profiling/risk-assessment-form.tsx(239,24): error TS18046: 'users' is of type 'unknown'.
client/src/components/risk-profiling/risk-assessment-form.tsx(373,14): error TS18046: 'questions' is of type 'unknown'.
client/src/components/risk-profiling/risk-assessment-form.tsx(405,59): error TS18046: 'questions' is of type 'unknown'.
client/src/components/risk-profiling/risk-assessment-form.tsx(516,90): error TS18046: 'questions' is of type 'unknown'.
client/src/components/risk-profiling/risk-profile-viewer.tsx(98,27): error TS18046: 'riskProfiles' is of type 'unknown'.
client/src/components/risk-profiling/risk-profile-viewer.tsx(99,39): error TS2339: Property 'userId' does not exist on type 'RiskProfile'.
client/src/components/risk-profiling/risk-profile-viewer.tsx(102,24): error TS18046: 'users' is of type 'unknown'.
client/src/components/risk-profiling/risk-profile-viewer.tsx(179,20): error TS18046: 'users' is of type 'unknown'.
client/src/components/social-sharing.tsx(256,43): error TS2345: Argument of type '{ name: string; color?: string | undefined; icon?: string | undefined; } | undefined' is not assignable to parameter of type 'string'.
  Type 'undefined' is not assignable to type 'string'.
client/src/components/social/USTradingCard.tsx(68,51): error TS2339: Property 'toUpperCase' does not exist on type 'EventTarget & HTMLInputElement'.
client/src/components/store/CommissionReconciliation.tsx(316,46): error TS2554: Expected 1-2 arguments, but got 0.
client/src/components/SubAgentDashboard.tsx(161,65): error TS2339: Property 'totalReferrals' does not exist on type '{}'.
client/src/components/SubAgentDashboard.tsx(163,32): error TS2339: Property 'newReferralsThisMonth' does not exist on type '{}'.
client/src/components/SubAgentDashboard.tsx(174,65): error TS2339: Property 'activeClients' does not exist on type '{}'.
client/src/components/SubAgentDashboard.tsx(176,31): error TS2339: Property 'conversionRate' does not exist on type '{}'.
client/src/components/SubAgentDashboard.tsx(188,33): error TS2339: Property 'totalEarnings' does not exist on type '{}'.
client/src/components/SubAgentDashboard.tsx(191,34): error TS2339: Property 'earningsThisMonth' does not exist on type '{}'.
client/src/components/SubAgentDashboard.tsx(203,33): error TS2339: Property 'pendingCommission' does not exist on type '{}'.
client/src/components/SubAgentDashboard.tsx(206,44): error TS2339: Property 'nextPayoutDate' does not exist on type '{}'.
client/src/components/SubAgentDashboard.tsx(409,60): error TS2339: Property 'length' does not exist on type '{}'.
client/src/components/SubAgentDashboard.tsx(410,39): error TS2339: Property 'map' does not exist on type '{}'.
client/src/components/SubAgentDashboard.tsx(477,46): error TS2339: Property 'length' does not exist on type '{}'.
client/src/components/SubAgentDashboard.tsx(478,32): error TS2339: Property 'map' does not exist on type '{}'.
client/src/components/us-trading/FundingWalletPanel.tsx(56,15): error TS2353: Object literal may only specify known properties, and 'amount_usd' does not exist in type 'ArrayBuffer | ReadableStream<any> | Blob | ArrayBufferView<ArrayBuffer> | FormData | URLSearchParams'.
client/src/hooks/use-dsc-signature-sync.tsx(19,11): error TS2339: Property 'networkState' does not exist on type 'NetworkContextValue'.
client/src/hooks/use-form-autosave.ts(5,23): error TS2344: Type 'T' does not satisfy the constraint 'FieldValues'.
client/src/hooks/use-pan-consent.ts(24,30): error TS2339: Property 'hasConsent' does not exist on type '{}'.
client/src/hooks/useAuth.ts(18,54): error TS2344: Type '"password" | "username"' does not satisfy the constraint 'requiredKeys<baseObjectOutputType<Omit<{ id: ZodOptional<ZodString>; userId: ZodString; email: ZodOptional<ZodNullable<ZodString>>; ... 127 more ...; shareableProfileEnabled: ZodOptional<...>; }, "id" | ... 1 more ... | "updatedAt">>> | optionalKeys<...>'.
  Type '"username"' is not assignable to type 'requiredKeys<baseObjectOutputType<Omit<{ id: ZodOptional<ZodString>; userId: ZodString; email: ZodOptional<ZodNullable<ZodString>>; ... 127 more ...; shareableProfileEnabled: ZodOptional<...>; }, "id" | ... 1 more ... | "updatedAt">>> | optionalKeys<...>'.
client/src/hooks/usePushNotifications.ts(189,9): error TS2322: Type 'Uint8Array<ArrayBufferLike>' is not assignable to type 'string | BufferSource | null | undefined'.
  Type 'Uint8Array<ArrayBufferLike>' is not assignable to type 'ArrayBufferView<ArrayBuffer>'.
    Types of property 'buffer' are incompatible.
      Type 'ArrayBufferLike' is not assignable to type 'ArrayBuffer'.
        Type 'SharedArrayBuffer' is missing the following properties from type 'ArrayBuffer': resizable, resize, detached, transfer, transferToFixedLength
client/src/lib/api-error-handler.ts(1,60): error TS2724: '"./error-tracking"' has no exported member named 'trackKycError'. Did you mean 'trackKYCError'?
client/src/lib/api-error-handler.ts(149,9): error TS2345: Argument of type 'string' is not assignable to parameter of type 'number'.
client/src/lib/api-error-handler.ts(159,9): error TS2554: Expected 3-4 arguments, but got 5.
client/src/pages/admin-prospect-dashboard.tsx(1035,112): error TS2322: Type 'number | undefined' is not assignable to type 'number'.
  Type 'undefined' is not assignable to type 'number'.
client/src/pages/admin/activity-centre.tsx(1042,12): error TS2304: Cannot find name 'Table'.
client/src/pages/admin/activity-centre.tsx(1043,14): error TS2304: Cannot find name 'TableHeader'.
client/src/pages/admin/activity-centre.tsx(1044,16): error TS2304: Cannot find name 'TableRow'.
client/src/pages/admin/activity-centre.tsx(1045,18): error TS2304: Cannot find name 'TableHead'.
client/src/pages/admin/activity-centre.tsx(1045,46): error TS2304: Cannot find name 'TableHead'.
client/src/pages/admin/activity-centre.tsx(1046,18): error TS2304: Cannot find name 'TableHead'.
client/src/pages/admin/activity-centre.tsx(1046,44): error TS2304: Cannot find name 'TableHead'.
client/src/pages/admin/activity-centre.tsx(1047,18): error TS2304: Cannot find name 'TableHead'.
client/src/pages/admin/activity-centre.tsx(1047,43): error TS2304: Cannot find name 'TableHead'.
client/src/pages/admin/activity-centre.tsx(1048,18): error TS2304: Cannot find name 'TableHead'.
client/src/pages/admin/activity-centre.tsx(1048,47): error TS2304: Cannot find name 'TableHead'.
client/src/pages/admin/activity-centre.tsx(1049,18): error TS2304: Cannot find name 'TableHead'.
client/src/pages/admin/activity-centre.tsx(1049,60): error TS2304: Cannot find name 'TableHead'.
client/src/pages/admin/activity-centre.tsx(1050,17): error TS2304: Cannot find name 'TableRow'.
client/src/pages/admin/activity-centre.tsx(1051,15): error TS2304: Cannot find name 'TableHeader'.
client/src/pages/admin/activity-centre.tsx(1052,14): error TS2304: Cannot find name 'TableBody'.
client/src/pages/admin/activity-centre.tsx(1055,20): error TS2304: Cannot find name 'TableRow'.
client/src/pages/admin/activity-centre.tsx(1056,22): error TS2304: Cannot find name 'TableCell'.
client/src/pages/admin/activity-centre.tsx(1056,68): error TS2304: Cannot find name 'TableCell'.
client/src/pages/admin/activity-centre.tsx(1057,22): error TS2304: Cannot find name 'TableCell'.
client/src/pages/admin/activity-centre.tsx(1057,67): error TS2304: Cannot find name 'TableCell'.
client/src/pages/admin/activity-centre.tsx(1058,22): error TS2304: Cannot find name 'TableCell'.
client/src/pages/admin/activity-centre.tsx(1058,67): error TS2304: Cannot find name 'TableCell'.
client/src/pages/admin/activity-centre.tsx(1059,22): error TS2304: Cannot find name 'TableCell'.
client/src/pages/admin/activity-centre.tsx(1059,68): error TS2304: Cannot find name 'TableCell'.
client/src/pages/admin/activity-centre.tsx(1060,22): error TS2304: Cannot find name 'TableCell'.
client/src/pages/admin/activity-centre.tsx(1060,75): error TS2304: Cannot find name 'TableCell'.
client/src/pages/admin/activity-centre.tsx(1061,21): error TS2304: Cannot find name 'TableRow'.
client/src/pages/admin/activity-centre.tsx(1064,18): error TS2304: Cannot find name 'TableRow'.
client/src/pages/admin/activity-centre.tsx(1065,20): error TS2304: Cannot find name 'TableCell'.
client/src/pages/admin/activity-centre.tsx(1067,21): error TS2304: Cannot find name 'TableCell'.
client/src/pages/admin/activity-centre.tsx(1068,19): error TS2304: Cannot find name 'TableRow'.
client/src/pages/admin/activity-centre.tsx(1071,20): error TS2304: Cannot find name 'TableRow'.
client/src/pages/admin/activity-centre.tsx(1072,22): error TS2304: Cannot find name 'TableCell'.
client/src/pages/admin/activity-centre.tsx(1077,23): error TS2304: Cannot find name 'TableCell'.
client/src/pages/admin/activity-centre.tsx(1078,22): error TS2304: Cannot find name 'TableCell'.
client/src/pages/admin/activity-centre.tsx(1089,23): error TS2304: Cannot find name 'TableCell'.
client/src/pages/admin/activity-centre.tsx(1090,22): error TS2304: Cannot find name 'TableCell'.
client/src/pages/admin/activity-centre.tsx(1095,23): error TS2304: Cannot find name 'TableCell'.
client/src/pages/admin/activity-centre.tsx(1096,22): error TS2304: Cannot find name 'TableCell'.
client/src/pages/admin/activity-centre.tsx(1108,23): error TS2304: Cannot find name 'TableCell'.
client/src/pages/admin/activity-centre.tsx(1109,22): error TS2304: Cannot find name 'TableCell'.
client/src/pages/admin/activity-centre.tsx(1118,23): error TS2304: Cannot find name 'TableCell'.
client/src/pages/admin/activity-centre.tsx(1119,21): error TS2304: Cannot find name 'TableRow'.
client/src/pages/admin/activity-centre.tsx(1122,15): error TS2304: Cannot find name 'TableBody'.
client/src/pages/admin/activity-centre.tsx(1123,13): error TS2304: Cannot find name 'Table'.
client/src/pages/admin/activity-centre.tsx(1325,18): error TS2304: Cannot find name 'Table'.
client/src/pages/admin/activity-centre.tsx(1326,20): error TS2304: Cannot find name 'TableHeader'.
client/src/pages/admin/activity-centre.tsx(1327,22): error TS2304: Cannot find name 'TableRow'.
client/src/pages/admin/activity-centre.tsx(1328,24): error TS2304: Cannot find name 'TableHead'.
client/src/pages/admin/activity-centre.tsx(1328,66): error TS2304: Cannot find name 'TableHead'.
client/src/pages/admin/activity-centre.tsx(1329,24): error TS2304: Cannot find name 'TableHead'.
client/src/pages/admin/activity-centre.tsx(1329,50): error TS2304: Cannot find name 'TableHead'.
client/src/pages/admin/activity-centre.tsx(1330,24): error TS2304: Cannot find name 'TableHead'.
client/src/pages/admin/activity-centre.tsx(1330,76): error TS2304: Cannot find name 'TableHead'.
client/src/pages/admin/activity-centre.tsx(1331,24): error TS2304: Cannot find name 'TableHead'.
client/src/pages/admin/activity-centre.tsx(1331,69): error TS2304: Cannot find name 'TableHead'.
client/src/pages/admin/activity-centre.tsx(1332,24): error TS2304: Cannot find name 'TableHead'.
client/src/pages/admin/activity-centre.tsx(1332,66): error TS2304: Cannot find name 'TableHead'.
client/src/pages/admin/activity-centre.tsx(1333,23): error TS2304: Cannot find name 'TableRow'.
client/src/pages/admin/activity-centre.tsx(1334,21): error TS2304: Cannot find name 'TableHeader'.
client/src/pages/admin/activity-centre.tsx(1335,20): error TS2304: Cannot find name 'TableBody'.
client/src/pages/admin/activity-centre.tsx(1338,26): error TS2304: Cannot find name 'TableRow'.
client/src/pages/admin/activity-centre.tsx(1339,28): error TS2304: Cannot find name 'TableCell'.
client/src/pages/admin/activity-centre.tsx(1339,73): error TS2304: Cannot find name 'TableCell'.
client/src/pages/admin/activity-centre.tsx(1340,28): error TS2304: Cannot find name 'TableCell'.
client/src/pages/admin/activity-centre.tsx(1340,74): error TS2304: Cannot find name 'TableCell'.
client/src/pages/admin/activity-centre.tsx(1341,28): error TS2304: Cannot find name 'TableCell'.
client/src/pages/admin/activity-centre.tsx(1341,73): error TS2304: Cannot find name 'TableCell'.
client/src/pages/admin/activity-centre.tsx(1342,28): error TS2304: Cannot find name 'TableCell'.
client/src/pages/admin/activity-centre.tsx(1342,73): error TS2304: Cannot find name 'TableCell'.
client/src/pages/admin/activity-centre.tsx(1343,28): error TS2304: Cannot find name 'TableCell'.
client/src/pages/admin/activity-centre.tsx(1343,81): error TS2304: Cannot find name 'TableCell'.
client/src/pages/admin/activity-centre.tsx(1344,27): error TS2304: Cannot find name 'TableRow'.
client/src/pages/admin/activity-centre.tsx(1347,24): error TS2304: Cannot find name 'TableRow'.
client/src/pages/admin/activity-centre.tsx(1348,26): error TS2304: Cannot find name 'TableCell'.
client/src/pages/admin/activity-centre.tsx(1350,27): error TS2304: Cannot find name 'TableCell'.
client/src/pages/admin/activity-centre.tsx(1351,25): error TS2304: Cannot find name 'TableRow'.
client/src/pages/admin/activity-centre.tsx(1354,26): error TS2304: Cannot find name 'TableRow'.
client/src/pages/admin/activity-centre.tsx(1355,28): error TS2304: Cannot find name 'TableCell'.
client/src/pages/admin/activity-centre.tsx(1359,29): error TS2304: Cannot find name 'TableCell'.
client/src/pages/admin/activity-centre.tsx(1360,28): error TS2304: Cannot find name 'TableCell'.
client/src/pages/admin/activity-centre.tsx(1365,29): error TS2304: Cannot find name 'TableCell'.
client/src/pages/admin/activity-centre.tsx(1366,28): error TS2304: Cannot find name 'TableCell'.
client/src/pages/admin/activity-centre.tsx(1371,29): error TS2304: Cannot find name 'TableCell'.
client/src/pages/admin/activity-centre.tsx(1372,28): error TS2304: Cannot find name 'TableCell'.
client/src/pages/admin/activity-centre.tsx(1377,29): error TS2304: Cannot find name 'TableCell'.
client/src/pages/admin/activity-centre.tsx(1378,28): error TS2304: Cannot find name 'TableCell'.
client/src/pages/admin/activity-centre.tsx(1402,29): error TS2304: Cannot find name 'TableCell'.
client/src/pages/admin/activity-centre.tsx(1403,27): error TS2304: Cannot find name 'TableRow'.
client/src/pages/admin/activity-centre.tsx(1406,21): error TS2304: Cannot find name 'TableBody'.
client/src/pages/admin/activity-centre.tsx(1407,19): error TS2304: Cannot find name 'Table'.
client/src/pages/admin/activity-centre.tsx(1557,28): error TS2304: Cannot find name 'isStuckKycOpen'.
client/src/pages/admin/activity-centre.tsx(1557,58): error TS2304: Cannot find name 'setIsStuckKycOpen'.
client/src/pages/admin/approval-queue.tsx(174,30): error TS2304: Cannot find name 'Separator'.
client/src/pages/admin/approval-queue.tsx(177,32): error TS2304: Cannot find name 'Label'.
client/src/pages/admin/approval-queue.tsx(177,56): error TS2304: Cannot find name 'Label'.
client/src/pages/admin/broker-dashboard.tsx(1394,26): error TS2304: Cannot find name 'addIpMutation'.
client/src/pages/admin/broker-dashboard.tsx(1396,25): error TS2304: Cannot find name 'addIpMutation'.
client/src/pages/admin/broker-dashboard.tsx(1411,20): error TS2304: Cannot find name 'ipData'.
client/src/pages/admin/broker-dashboard.tsx(1411,35): error TS2304: Cannot find name 'ipData'.
client/src/pages/admin/broker-dashboard.tsx(1418,19): error TS2304: Cannot find name 'ipData'.
client/src/pages/admin/broker-dashboard.tsx(1418,34): error TS7006: Parameter 'ip' implicitly has an 'any' type.
client/src/pages/admin/broker-dashboard.tsx(1426,42): error TS2304: Cannot find name 'removeIpMutation'.
client/src/pages/admin/broker-dashboard.tsx(1427,37): error TS2304: Cannot find name 'removeIpMutation'.
client/src/pages/admin/broker-dashboard.tsx(1464,18): error TS2304: Cannot find name 'teamData'.
client/src/pages/admin/broker-dashboard.tsx(1586,101): error TS2353: Object literal may only specify known properties, and 'ip' does not exist in type 'ArrayBuffer | ReadableStream<any> | Blob | ArrayBufferView<ArrayBuffer> | FormData | URLSearchParams'.
client/src/pages/admin/broker-dashboard.tsx(1594,103): error TS2353: Object literal may only specify known properties, and 'ip' does not exist in type 'ArrayBuffer | ReadableStream<any> | Blob | ArrayBufferView<ArrayBuffer> | FormData | URLSearchParams'.
client/src/pages/admin/data-providers.tsx(117,43): error TS2322: Type '{ message: string; }' is not assignable to type 'IntrinsicAttributes & LoadingStateProps'.
  Property 'message' does not exist on type 'IntrinsicAttributes & LoadingStateProps'.
client/src/pages/admin/mca-intelligence.tsx(444,27): error TS2322: Type '{ message: string; }' is not assignable to type 'IntrinsicAttributes & LoadingStateProps'.
  Property 'message' does not exist on type 'IntrinsicAttributes & LoadingStateProps'.
client/src/pages/admin/mca-intelligence.tsx(681,31): error TS2322: Type '{ message: string; }' is not assignable to type 'IntrinsicAttributes & LoadingStateProps'.
  Property 'message' does not exist on type 'IntrinsicAttributes & LoadingStateProps'.
client/src/pages/admin/mca-intelligence.tsx(1184,31): error TS2322: Type '{ message: string; }' is not assignable to type 'IntrinsicAttributes & LoadingStateProps'.
  Property 'message' does not exist on type 'IntrinsicAttributes & LoadingStateProps'.
client/src/pages/admin/mf-analytics-ops.tsx(149,39): error TS2558: Expected 0 type arguments, but got 1.
client/src/pages/admin/order-audit.tsx(54,7): error TS2741: Property 'ordered' is missing in type '{ all: string; active: string; pending_approval: string; removed: string; }' but required in type 'Record<"active" | "removed" | "all" | "pending_approval" | "ordered", string>'.
client/src/pages/admin/order-audit.tsx(185,7): error TS18047: 'order.userId' is possibly 'null'.
client/src/pages/admin/order-audit.tsx(444,32): error TS18047: 'order.userId' is possibly 'null'.
client/src/pages/admin/store-manager.tsx(914,73): error TS2783: 'id' is specified more than once, so this usage will be overwritten.
client/src/pages/admin/store-manager.tsx(1320,77): error TS2783: 'id' is specified more than once, so this usage will be overwritten.
client/src/pages/admin/store-manager.tsx(1427,40): error TS2322: Type 'string | null' is not assignable to type 'string | number | readonly string[] | undefined'.
  Type 'null' is not assignable to type 'string | number | readonly string[] | undefined'.
client/src/pages/admin/store-manager.tsx(1427,150): error TS2322: Type 'number' is not assignable to type 'string'.
client/src/pages/admin/store-manager.tsx(1433,65): error TS2322: Type 'string | null' is not assignable to type 'string | number | readonly string[] | undefined'.
  Type 'null' is not assignable to type 'string | number | readonly string[] | undefined'.
client/src/pages/admin/store-manager.tsx(1441,40): error TS2322: Type 'number | null' is not assignable to type 'string | number | readonly string[] | undefined'.
  Type 'null' is not assignable to type 'string | number | readonly string[] | undefined'.
client/src/pages/admin/supplier-dashboard.tsx(136,52): error TS7006: Parameter 'sum' implicitly has an 'any' type.
client/src/pages/admin/supplier-dashboard.tsx(136,57): error TS7006: Parameter 'product' implicitly has an 'any' type.
client/src/pages/admin/supplier-dashboard.tsx(137,53): error TS7006: Parameter 'sum' implicitly has an 'any' type.
client/src/pages/admin/supplier-dashboard.tsx(137,58): error TS7006: Parameter 'product' implicitly has an 'any' type.
client/src/pages/admin/supplier-dashboard.tsx(138,57): error TS7006: Parameter 'product' implicitly has an 'any' type.
client/src/pages/admin/supplier-dashboard.tsx(139,55): error TS7006: Parameter 'product' implicitly has an 'any' type.
client/src/pages/admin/supplier-dashboard.tsx(272,40): error TS7006: Parameter 'supplier' implicitly has an 'any' type.
client/src/pages/admin/supplier-dashboard.tsx(310,47): error TS7006: Parameter 'product' implicitly has an 'any' type.
client/src/pages/admin/supplier-dashboard.tsx(384,52): error TS7006: Parameter 'suggestion' implicitly has an 'any' type.
client/src/pages/admin/supplier-dashboard.tsx(384,64): error TS7006: Parameter 'index' implicitly has an 'any' type.
client/src/pages/admin/supplier-dashboard.tsx(535,38): error TS7006: Parameter 'supplier' implicitly has an 'any' type.
client/src/pages/admin/supplier-dashboard.tsx(545,74): error TS7006: Parameter 'category' implicitly has an 'any' type.
client/src/pages/admin/supplier-dashboard.tsx(545,84): error TS7006: Parameter 'index' implicitly has an 'any' type.
client/src/pages/admin/unlisted-preview.tsx(778,7): error TS2322: Type 'unknown' is not assignable to type 'ReactNode'.
client/src/pages/admin/unlisted-preview.tsx(800,7): error TS2322: Type 'unknown' is not assignable to type 'ReactNode'.
client/src/pages/admin/unlisted-preview.tsx(874,18): error TS18048: 'company' is possibly 'undefined'.
client/src/pages/admin/unlisted-preview.tsx(877,54): error TS18048: 'company' is possibly 'undefined'.
client/src/pages/admin/unlisted-preview.tsx(880,18): error TS18048: 'company' is possibly 'undefined'.
client/src/pages/admin/unlisted-preview.tsx(883,60): error TS18048: 'company' is possibly 'undefined'.
client/src/pages/admin/unlisted-regulatory-compliance.tsx(84,177): error TS2304: Cannot find name 'STRFlag'.
client/src/pages/admin/unlisted-regulatory-compliance.tsx(155,26): error TS2322: Type '{ message: string; }' is not assignable to type 'IntrinsicAttributes & LoadingStateProps'.
  Property 'message' does not exist on type 'IntrinsicAttributes & LoadingStateProps'.
client/src/pages/admin/unlisted-regulatory-compliance.tsx(428,31): error TS2322: Type '{ message: string; }' is not assignable to type 'IntrinsicAttributes & LoadingStateProps'.
  Property 'message' does not exist on type 'IntrinsicAttributes & LoadingStateProps'.
client/src/pages/admin/unlisted-regulatory-compliance.tsx(499,31): error TS2322: Type '{ message: string; }' is not assignable to type 'IntrinsicAttributes & LoadingStateProps'.
  Property 'message' does not exist on type 'IntrinsicAttributes & LoadingStateProps'.
client/src/pages/admin/user-management.tsx(838,12): error TS2304: Cannot find name 'DialogFooter'.
client/src/pages/admin/user-management.tsx(851,13): error TS2304: Cannot find name 'DialogFooter'.
client/src/pages/admin/whatsapp-setup.tsx(52,17): error TS7022: 'status' implicitly has type 'any' because it does not have a type annotation and is referenced directly or indirectly in its own initializer.
client/src/pages/admin/whatsapp-setup.tsx(55,23): error TS2448: Block-scoped variable 'status' used before its declaration.
client/src/pages/agent-client-onboarding.tsx(104,10): error TS2345: Argument of type 'ZodEffects<ZodObject<{ accountNumber: ZodString; confirmAccountNumber: ZodString; ifscCode: ZodString; bankName: ZodString; branchName: ZodOptional<ZodString>; accountType: ZodEnum<...>; }, "strip", ZodTypeAny, { ...; }, { ...; }>, { ...; }, { ...; }>' is not assignable to parameter of type 'AnyZodObject'.
  Type 'ZodEffects<ZodObject<{ accountNumber: ZodString; confirmAccountNumber: ZodString; ifscCode: ZodString; bankName: ZodString; branchName: ZodOptional<ZodString>; accountType: ZodEnum<...>; }, "strip", ZodTypeAny, { ...; }, { ...; }>, { ...; }, { ...; }>' is missing the following properties from type 'ZodObject<any, any, any, { [x: string]: any; }, { [x: string]: any; }>': _cached, _getCached, shape, strict, and 14 more.
client/src/pages/agent-client-onboarding.tsx(171,25): error TS2345: Argument of type 'string | number' is not assignable to parameter of type 'string'.
  Type 'number' is not assignable to type 'string'.
client/src/pages/agent-client-onboarding.tsx(196,5): error TS2322: Type '(panNumber: string) => Promise<any>' is not assignable to type 'MutationFunction<any, void>'.
  Types of parameters 'panNumber' and 'variables' are incompatible.
    Type 'void' is not assignable to type 'string'.
client/src/pages/agent-client-onboarding.tsx(233,5): error TS2322: Type '(formData: FormData) => Promise<any>' is not assignable to type 'MutationFunction<any, void>'.
  Types of parameters 'formData' and 'variables' are incompatible.
    Type 'void' is not assignable to type '{ [x: string]: any; investmentGoal?: unknown; riskTolerance?: unknown; investmentHorizon?: unknown; annualIncome?: unknown; investmentExperience?: unknown; }'.
client/src/pages/agent-client-onboarding.tsx(236,9): error TS2322: Type '{ [x: string]: any; investmentGoal?: unknown; riskTolerance?: unknown; investmentHorizon?: unknown; annualIncome?: unknown; investmentExperience?: unknown; }' is not assignable to type 'BodyInit | null | undefined'.
  Type '{ [x: string]: any; investmentGoal?: unknown; riskTolerance?: unknown; investmentHorizon?: unknown; annualIncome?: unknown; investmentExperience?: unknown; }' is missing the following properties from type 'URLSearchParams': size, append, delete, get, and 9 more.
client/src/pages/agent-client-onboarding.tsx(258,5): error TS2322: Type '(data: FormData) => Promise<any>' is not assignable to type 'MutationFunction<any, void>'.
  Types of parameters 'data' and 'variables' are incompatible.
    Type 'void' is not assignable to type '{ [x: string]: any; investmentGoal?: unknown; riskTolerance?: unknown; investmentHorizon?: unknown; annualIncome?: unknown; investmentExperience?: unknown; }'.
client/src/pages/agent-client-onboarding.tsx(324,27): error TS2345: Argument of type 'string | number' is not assignable to parameter of type 'string'.
  Type 'number' is not assignable to type 'string'.
client/src/pages/agent-client-onboarding.tsx(341,27): error TS2345: Argument of type 'string | number' is not assignable to parameter of type 'string'.
  Type 'number' is not assignable to type 'string'.
client/src/pages/agent-client-onboarding.tsx(351,27): error TS2345: Argument of type 'string | number' is not assignable to parameter of type 'string'.
  Type 'number' is not assignable to type 'string'.
client/src/pages/agent-client-onboarding.tsx(361,27): error TS2345: Argument of type 'string | number' is not assignable to parameter of type 'string'.
  Type 'number' is not assignable to type 'string'.
client/src/pages/agent-client-onboarding.tsx(398,47): error TS2345: Argument of type '{ [x: string]: any; investmentGoal?: unknown; riskTolerance?: unknown; investmentHorizon?: unknown; annualIncome?: unknown; investmentExperience?: unknown; }' is not assignable to parameter of type 'void'.
client/src/pages/agent-client-onboarding.tsx(1144,29): error TS2322: Type 'unknown' is not assignable to type 'string | undefined'.
client/src/pages/agent-client-onboarding.tsx(1186,29): error TS2322: Type 'unknown' is not assignable to type 'string | undefined'.
client/src/pages/agent-client-onboarding.tsx(1239,66): error TS2322: Type 'unknown' is not assignable to type 'string | undefined'.
client/src/pages/agent-client-onboarding.tsx(1262,66): error TS2322: Type 'unknown' is not assignable to type 'string | undefined'.
client/src/pages/agent-client-onboarding.tsx(1287,66): error TS2322: Type 'unknown' is not assignable to type 'string | undefined'.
client/src/pages/agent-client-onboarding.tsx(1395,104): error TS2339: Property 'replace' does not exist on type '{}'.
client/src/pages/agent-client-onboarding.tsx(1399,69): error TS2322: Type 'unknown' is not assignable to type 'ReactNode'.
client/src/pages/agent-client-onboarding.tsx(1403,69): error TS2322: Type 'unknown' is not assignable to type 'ReactNode'.
client/src/pages/agent-client-onboarding.tsx(1407,91): error TS2339: Property 'replace' does not exist on type '{}'.
client/src/pages/agent-client-onboarding.tsx(1411,69): error TS2322: Type 'unknown' is not assignable to type 'ReactNode'.
client/src/pages/agent-demo-proposal-builder.tsx(1135,39): error TS2345: Argument of type '(prev: ProposalConfig) => { investmentGoals: { primaryGoal: string; investmentHorizon: string; targetAmount: number; monthlyContribution: number; } | { primaryGoal: string; investmentHorizon: string; targetAmount: number; monthlyContribution: number; } | { ...; } | { ...; }; ... 7 more ...; settings: { ...; }; }' is not assignable to parameter of type 'SetStateAction<ProposalConfig>'.
  Type '(prev: ProposalConfig) => { investmentGoals: { primaryGoal: string; investmentHorizon: string; targetAmount: number; monthlyContribution: number; } | { primaryGoal: string; investmentHorizon: string; targetAmount: number; monthlyContribution: number; } | { ...; } | { ...; }; ... 7 more ...; settings: { ...; }; }' is not assignable to type '(prevState: ProposalConfig) => ProposalConfig'.
    Call signature return types '{ investmentGoals: { primaryGoal: string; investmentHorizon: string; targetAmount: number; monthlyContribution: number; } | { primaryGoal: string; investmentHorizon: string; targetAmount: number; monthlyContribution: number; } | { ...; } | { ...; }; ... 7 more ...; settings: { ...; }; }' and 'ProposalConfig' are incompatible.
      The types of 'assetAllocation' are incompatible between these types.
        Type 'AssetAllocation | { equity: number; debt: number; hybrid: number; gold: number; index: number; international: number; us_markets: number; europe_markets: number; asia_pacific_markets: number; ... 6 more ...; cash: number; }' is not assignable to type 'AssetAllocation'.
          Property 'etf' is missing in type '{ equity: number; debt: number; hybrid: number; gold: number; index: number; international: number; us_markets: number; europe_markets: number; asia_pacific_markets: number; emerging_markets: number; ... 5 more ...; cash: number; }' but required in type 'AssetAllocation'.
client/src/pages/agent-demo-proposal-builder.tsx(1553,45): error TS2339: Property 'type' does not exist on type 'PortfolioHolding'.
client/src/pages/agent-demo-proposal-builder.tsx(1557,44): error TS2339: Property 'purchaseDate' does not exist on type 'PortfolioHolding'.
client/src/pages/agent-esign.tsx(1565,21): error TS2322: Type '{ documentId: string; currentUserId: string; currentUserName: string; onAnnotationClick: (annotation: any) => void; }' is not assignable to type 'IntrinsicAttributes & DocumentAnnotationsPanelProps'.
  Property 'currentUserId' does not exist on type 'IntrinsicAttributes & DocumentAnnotationsPanelProps'.
client/src/pages/agent-esign.tsx(1567,41): error TS7006: Parameter 'annotation' implicitly has an 'any' type.
client/src/pages/agent-esign.tsx(1578,19): error TS2322: Type '{ selectedMethod: SigningMethod; onMethodChange: Dispatch<SetStateAction<SigningMethod>>; documentType: string; className: string; }' is not assignable to type 'IntrinsicAttributes & SigningMethodSelectorProps'.
  Property 'onMethodChange' does not exist on type 'IntrinsicAttributes & SigningMethodSelectorProps'.
client/src/pages/agent-hni-leaderboard.tsx(112,94): error TS2322: Type '{}' is not assignable to type 'BodyInit | null | undefined'.
client/src/pages/agent-investment-advisory.tsx(771,43): error TS2339: Property 'name' does not exist on type 'Client'.
client/src/pages/agent-investment-advisory.tsx(853,45): error TS2339: Property 'name' does not exist on type 'Client'.
client/src/pages/agent-investment-baskets.tsx(479,66): error TS2345: Argument of type 'Basket' is not assignable to parameter of type '{ id: string; name: string; theme: string; description: string; isPublic: boolean; }'.
  Types of property 'description' are incompatible.
    Type 'string | null' is not assignable to type 'string'.
      Type 'null' is not assignable to type 'string'.
client/src/pages/agent-iris-hub.tsx(21,3): error TS2300: Duplicate identifier 'PieChart'.
client/src/pages/agent-iris-hub.tsx(33,17): error TS2300: Duplicate identifier 'PieChart'.
client/src/pages/agent-payout-dashboard.tsx(366,48): error TS7006: Parameter 'earning' implicitly has an 'any' type.
client/src/pages/agent-payout-dashboard.tsx(413,34): error TS7006: Parameter 'earning' implicitly has an 'any' type.
client/src/pages/agent-payout-dashboard.tsx(472,38): error TS7006: Parameter 'payout' implicitly has an 'any' type.
client/src/pages/agent-research-analytics.tsx(98,18): error TS2322: Type '{ children: Element; title: string; description: string; }' is not assignable to type 'IntrinsicAttributes & AgentLayoutProps'.
  Property 'title' does not exist on type 'IntrinsicAttributes & AgentLayoutProps'.
client/src/pages/agent-sample-report.tsx(206,23): error TS2339: Property 'report' does not exist on type '{}'.
client/src/pages/agent-sample-report.tsx(218,23): error TS2339: Property 'report' does not exist on type '{}'.
client/src/pages/agent/festival-greeting-preview.tsx(530,7): error TS2353: Object literal may only specify known properties, and 'letterRendering' does not exist in type 'Partial<Options>'.
client/src/pages/agent/festival-greeting-preview.tsx(672,32): error TS2774: This condition will always return true since this function is always defined. Did you mean to call it instead?
client/src/pages/ai-stock-picks.tsx(345,37): error TS7006: Parameter 'stock' implicitly has an 'any' type.
client/src/pages/alternative-investments.tsx(270,46): error TS2339: Property 'holdings' does not exist on type '{}'.
client/src/pages/alternative-investments.tsx(271,49): error TS2339: Property 'summary' does not exist on type '{}'.
client/src/pages/alternative-investments.tsx(273,46): error TS2339: Property 'holdings' does not exist on type '{}'.
client/src/pages/alternative-investments.tsx(274,49): error TS2339: Property 'summary' does not exist on type '{}'.
client/src/pages/auth-page.tsx(1150,11): error TS2322: Type '{ open: boolean; sessionCount: number; onContinue: () => void; onForceLogout: () => void; isLoading: boolean; }' is not assignable to type 'IntrinsicAttributes & SessionConflictDialogProps'.
  Property 'isLoading' does not exist on type 'IntrinsicAttributes & SessionConflictDialogProps'.
client/src/pages/bajaj-finance.tsx(197,32): error TS2339: Property 'success' does not exist on type '{}'.
client/src/pages/bajaj-finance.tsx(201,82): error TS2339: Property 'data' does not exist on type '{}'.
client/src/pages/bajaj-finance.tsx(201,123): error TS2339: Property 'data' does not exist on type '{}'.
client/src/pages/bajaj-finance.tsx(205,84): error TS2339: Property 'data' does not exist on type '{}'.
client/src/pages/bajaj-finance.tsx(205,125): error TS2339: Property 'data' does not exist on type '{}'.
client/src/pages/bajaj-finance.tsx(209,86): error TS2339: Property 'data' does not exist on type '{}'.
client/src/pages/bajaj-finance.tsx(209,123): error TS2339: Property 'data' does not exist on type '{}'.
client/src/pages/bajaj-finance.tsx(213,86): error TS2339: Property 'data' does not exist on type '{}'.
client/src/pages/bajaj-finance.tsx(213,131): error TS2339: Property 'data' does not exist on type '{}'.
client/src/pages/bajaj-finance.tsx(217,80): error TS2339: Property 'data' does not exist on type '{}'.
client/src/pages/bajaj-finance.tsx(217,117): error TS2339: Property 'data' does not exist on type '{}'.
client/src/pages/biometric-settings.tsx(156,80): error TS2353: Object literal may only specify known properties, and 'deviceName' does not exist in type 'ArrayBuffer | ReadableStream<any> | Blob | ArrayBufferView<ArrayBuffer> | FormData | URLSearchParams'.
client/src/pages/biometric-settings.tsx(210,9): error TS2322: Type '{ id: string; rawId: string; type: string; response: { clientDataJSON: string; attestationObject: string; transports: string[]; }; clientExtensionResults: AuthenticationExtensionsClientOutputs; }' is not assignable to type 'BodyInit | null | undefined'.
  Type '{ id: string; rawId: string; type: string; response: { clientDataJSON: string; attestationObject: string; transports: string[]; }; clientExtensionResults: AuthenticationExtensionsClientOutputs; }' is missing the following properties from type 'Blob': size, arrayBuffer, bytes, slice, and 2 more.
client/src/pages/biometric-settings.tsx(249,9): error TS2322: Type '{ id: string; rawId: string; type: string; response: { clientDataJSON: string; authenticatorData: string; signature: string; userHandle: string | null; }; clientExtensionResults: AuthenticationExtensionsClientOutputs; }' is not assignable to type 'BodyInit | null | undefined'.
  Type '{ id: string; rawId: string; type: string; response: { clientDataJSON: string; authenticatorData: string; signature: string; userHandle: string | null; }; clientExtensionResults: AuthenticationExtensionsClientOutputs; }' is missing the following properties from type 'Blob': size, arrayBuffer, bytes, slice, and 2 more.
client/src/pages/cart.tsx(160,31): error TS7006: Parameter 'i' implicitly has an 'any' type.
client/src/pages/cart.tsx(810,40): error TS7006: Parameter 'item' implicitly has an 'any' type.
client/src/pages/documents.tsx(316,26): error TS2339: Property 'name' does not exist on type '{ id: string; companyName: string | null; address: string | null; password: string; isActive: boolean | null; arnCode: string | null; euinNumber: string | null; panNumber: string | null; ... 122 more ...; shareableProfileEnabled: boolean | null; }'.
client/src/pages/family-dashboard.tsx(1242,29): error TS2322: Type 'unknown' is not assignable to type 'ReactNode'.
client/src/pages/family-list.tsx(54,5): error TS2322: Type '(data: CreateFamilyFormData) => Promise<any>' is not assignable to type 'MutationFunction<any, void>'.
  Types of parameters 'data' and 'variables' are incompatible.
    Type 'void' is not assignable to type '{ name: string; groupType: "family" | "couple" | "household"; description?: string | undefined; }'.
client/src/pages/family-list.tsx(79,33): error TS2345: Argument of type '{ name: string; groupType: "family" | "couple" | "household"; description?: string | undefined; }' is not assignable to parameter of type 'void'.
client/src/pages/field-agent-portal.tsx(444,28): error TS2339: Property 'role' does not exist on type '{}'.
client/src/pages/field-agent-portal.tsx(446,18): error TS2304: Cannot find name 'Shield'.
client/src/pages/field-agent-portal.tsx(1299,22): error TS2304: Cannot find name 'Shield'.
client/src/pages/field-agent-portal.tsx(1379,22): error TS2304: Cannot find name 'Download'.
client/src/pages/hdfc-banking.tsx(85,9): error TS2322: Type '{ accountNumber: string; ifscCode: string; }' is not assignable to type 'BodyInit | null | undefined'.
client/src/pages/hdfc-banking.tsx(119,9): error TS2322: Type '{ creditAccountNumber: string; creditIFSC: string; amount: string; purpose: string; remarks: string; beneficiaryName: string; paymentMode: string; currency: string; } & { debitAccountNumber: string; }' is not assignable to type 'BodyInit | null | undefined'.
client/src/pages/hdfc-banking.tsx(168,9): error TS2322: Type '{ fromDate: string; toDate: string; format: string; emailId: string; } & { accountNumber: string; }' is not assignable to type 'BodyInit | null | undefined'.
client/src/pages/hdfc-loans.tsx(205,12): error TS7053: Element implicitly has an 'any' type because expression of type 'string' can't be used to index type '{ submitted: string; under_review: string; approved: string; rejected: string; disbursed: string; }'.
  No index signature with a parameter of type 'string' was found on type '{ submitted: string; under_review: string; approved: string; rejected: string; disbursed: string; }'.
client/src/pages/icici-banking.tsx(71,5): error TS2322: Type '(data: { accountNumber: string; ifscCode: string; }) => Promise<any>' is not assignable to type 'MutationFunction<any, void>'.
  Types of parameters 'data' and 'variables' are incompatible.
    Type 'void' is not assignable to type '{ accountNumber: string; ifscCode: string; }'.
client/src/pages/icici-banking.tsx(74,9): error TS2322: Type '{ accountNumber: string; ifscCode: string; }' is not assignable to type 'BodyInit | null | undefined'.
client/src/pages/icici-banking.tsx(105,5): error TS2322: Type '(data: { beneficiaryAccountNumber: string; beneficiaryIFSC: string; amount: string; purpose: string; remarks: string; beneficiaryName: string; } & { accountNumber: string; }) => Promise<...>' is not assignable to type 'MutationFunction<any, void>'.
  Types of parameters 'data' and 'variables' are incompatible.
    Type 'void' is not assignable to type '{ beneficiaryAccountNumber: string; beneficiaryIFSC: string; amount: string; purpose: string; remarks: string; beneficiaryName: string; } & { accountNumber: string; }'.
      Type 'void' is not assignable to type '{ beneficiaryAccountNumber: string; beneficiaryIFSC: string; amount: string; purpose: string; remarks: string; beneficiaryName: string; }'.
client/src/pages/icici-banking.tsx(108,9): error TS2322: Type '{ beneficiaryAccountNumber: string; beneficiaryIFSC: string; amount: string; purpose: string; remarks: string; beneficiaryName: string; } & { accountNumber: string; }' is not assignable to type 'BodyInit | null | undefined'.
client/src/pages/icici-banking.tsx(152,5): error TS2322: Type '(data: { fromDate: string; toDate: string; format: string; } & { accountNumber: string; }) => Promise<any>' is not assignable to type 'MutationFunction<any, void>'.
  Types of parameters 'data' and 'variables' are incompatible.
    Type 'void' is not assignable to type '{ fromDate: string; toDate: string; format: string; } & { accountNumber: string; }'.
      Type 'void' is not assignable to type '{ fromDate: string; toDate: string; format: string; }'.
client/src/pages/icici-banking.tsx(155,9): error TS2322: Type '{ fromDate: string; toDate: string; format: string; } & { accountNumber: string; }' is not assignable to type 'BodyInit | null | undefined'.
client/src/pages/icici-banking.tsx(196,28): error TS2345: Argument of type '{ accountNumber: string; beneficiaryAccountNumber: string; beneficiaryIFSC: string; amount: string; purpose: string; remarks: string; beneficiaryName: string; }' is not assignable to parameter of type 'void'.
client/src/pages/icici-banking.tsx(203,36): error TS2345: Argument of type '{ accountNumber: string; ifscCode: string; }' is not assignable to parameter of type 'void'.
client/src/pages/icici-banking.tsx(216,30): error TS2345: Argument of type '{ accountNumber: string; fromDate: string; toDate: string; format: string; }' is not assignable to parameter of type 'void'.
client/src/pages/icici-banking.tsx(533,44): error TS2322: Type '"success" | "destructive"' is not assignable to type '"default" | "destructive" | "outline" | "secondary" | null | undefined'.
  Type '"success"' is not assignable to type '"default" | "destructive" | "outline" | "secondary" | null | undefined'.
client/src/pages/icici-loans.tsx(211,12): error TS7053: Element implicitly has an 'any' type because expression of type 'string' can't be used to index type '{ submitted: string; under_review: string; approved: string; rejected: string; disbursed: string; }'.
  No index signature with a parameter of type 'string' was found on type '{ submitted: string; under_review: string; approved: string; rejected: string; disbursed: string; }'.
client/src/pages/kyc-rejection-rekyc.tsx(85,25): error TS2551: Property 'role' does not exist on type '{ id: string; companyName: string | null; address: string | null; password: string; isActive: boolean | null; arnCode: string | null; euinNumber: string | null; panNumber: string | null; ... 122 more ...; shareableProfileEnabled: boolean | null; }'. Did you mean 'roles'?
client/src/pages/loan-recommendations.tsx(340,9): error TS2322: Type '{ recommendationId: string; action: "view" | "compare" | "apply" | "save" | "dismiss"; metadata?: any; }' is not assignable to type 'BodyInit | null | undefined'.
client/src/pages/loans.tsx(221,49): error TS2345: Argument of type '{ productId: string; providerId: string; requestedAmount: string; requestedTenureMonths: number; providerRef: string; }' is not assignable to parameter of type 'Omit<CreditApplication, "id" | "createdAt" | "updatedAt" | "status">'.
  Property 'userId' is missing in type '{ productId: string; providerId: string; requestedAmount: string; requestedTenureMonths: number; providerRef: string; }' but required in type 'Omit<CreditApplication, "id" | "createdAt" | "updatedAt" | "status">'.
client/src/pages/loans.tsx(404,41): error TS2339: Property 'data' does not exist on type '{}'.
client/src/pages/loans.tsx(507,33): error TS2339: Property 'data' does not exist on type '{}'.
client/src/pages/loans.tsx(1030,57): error TS2551: Property 'minTenure' does not exist on type 'LoanOffer'. Did you mean 'tenure'?
client/src/pages/loans.tsx(1030,94): error TS2551: Property 'maxTenure' does not exist on type 'LoanOffer'. Did you mean 'tenure'?
client/src/pages/onboarding.tsx(4643,42): error TS2345: Argument of type '{ otpVerified: boolean | undefined; otpSessionId: string | undefined; documentIds: string[]; }' is not assignable to parameter of type 'Record<string, string>'.
  Property 'otpVerified' is incompatible with index signature.
    Type 'boolean | undefined' is not assignable to type 'string'.
      Type 'undefined' is not assignable to type 'string'.
client/src/pages/orders.tsx(57,7): error TS2741: Property 'ordered' is missing in type '{ all: string; active: string; pending_approval: string; removed: string; }' but required in type 'Record<"active" | "removed" | "all" | "pending_approval" | "ordered", string>'.
client/src/pages/partner-application.tsx(116,38): error TS2339: Property 'data' does not exist on type '{}'.
client/src/pages/partner-application.tsx(158,22): error TS2339: Property 'data' does not exist on type '{}'.
client/src/pages/partner-application.tsx(159,32): error TS2339: Property 'data' does not exist on type '{}'.
client/src/pages/partner-application.tsx(196,11): error TS2353: Object literal may only specify known properties, and 'lender' does not exist in type 'ArrayBuffer | ReadableStream<any> | Blob | ArrayBufferView<ArrayBuffer> | FormData | URLSearchParams'.
client/src/pages/portfolio-holdings.tsx(33,100): error TS2554: Expected 1 arguments, but got 2.
client/src/pages/portfolio-holdings.tsx(127,18): error TS2741: Property 'userId' is missing in type '{}' but required in type 'PortfolioSummaryProps'.
client/src/pages/portfolio-holdings.tsx(135,18): error TS2739: Type '{}' is missing the following properties from type 'AssetAllocationChartProps': assets, totalValue
client/src/pages/portfolio-holdings.tsx(210,13): error TS2322: Type '{ schemeType: "insurance"; title: string; description: string; holdings: { id: string; createdAt: Date | null; updatedAt: Date | null; category: string; userId: string | null; ... 24 more ...; servicing_branch: string | null; }[] | undefined; }' is not assignable to type 'IntrinsicAttributes & ConsentAwareSchemeTabProps'.
  Property 'title' does not exist on type 'IntrinsicAttributes & ConsentAwareSchemeTabProps'.
client/src/pages/portfolio-holdings.tsx(219,13): error TS2322: Type '{ schemeType: "epf"; title: string; description: string; holdings: { id: string; isActive: boolean | null; createdAt: Date | null; updatedAt: Date | null; interestRate: string | null; ... 15 more ...; nomineeRelationship: string | null; }[] | undefined; }' is not assignable to type 'IntrinsicAttributes & ConsentAwareSchemeTabProps'.
  Property 'title' does not exist on type 'IntrinsicAttributes & ConsentAwareSchemeTabProps'.
client/src/pages/portfolio-holdings.tsx(228,13): error TS2322: Type '{ schemeType: "ppf"; title: string; description: string; holdings: { id: string; isActive: boolean | null; createdAt: Date | null; updatedAt: Date | null; userId: string | null; ... 30 more ...; extensionPeriod: number | null; }[] | undefined; }' is not assignable to type 'IntrinsicAttributes & ConsentAwareSchemeTabProps'.
  Property 'title' does not exist on type 'IntrinsicAttributes & ConsentAwareSchemeTabProps'.
client/src/pages/portfolio-holdings.tsx(237,13): error TS2322: Type '{ schemeType: "nps"; title: string; description: string; holdings: { id: string; createdAt: Date | null; updatedAt: Date | null; status: string; userId: string | null; dateOfBirth: string; ... 23 more ...; nominee: string | null; }[] | undefined; }' is not assignable to type 'IntrinsicAttributes & ConsentAwareSchemeTabProps'.
  Property 'title' does not exist on type 'IntrinsicAttributes & ConsentAwareSchemeTabProps'.
client/src/pages/portfolio-holdings.tsx(248,12): error TS2741: Property 'portfolioId' is missing in type '{}' but required in type 'PiChatSummariesProps'.
client/src/pages/portfolio-rebalancing.tsx(65,111): error TS2554: Expected 1 arguments, but got 2.
client/src/pages/portfolio.tsx(182,87): error TS2694: Namespace '"/Users/sangrammohanty/Documents/GitHub/FintekPro/client/src/hooks/use-portfolio"' has no exported member 'EnhancedHolding'.
client/src/pages/portfolio.tsx(254,82): error TS2694: Namespace '"/Users/sangrammohanty/Documents/GitHub/FintekPro/client/src/hooks/use-portfolio"' has no exported member 'PortfolioPerformance'.
client/src/pages/portfolio.tsx(283,5): error TS2353: Object literal may only specify known properties, and 'enabled' does not exist in type 'UseSuspenseQueryOptions<{ id: string; kycStatus: string | null; createdBy: string | null; createdAt: Date | null; updatedAt: Date | null; status: string; userId: string | null; productId: string | null; ... 35 more ...; executionError: string | null; }[], Error, { ...; }[], QueryKey>'.
client/src/pages/portfolio.tsx(913,22): error TS2367: This comparison appears to be unintentional because the types 'NetworkContextValue' and 'string' have no overlap.
client/src/pages/portfolio.tsx(1101,22): error TS2367: This comparison appears to be unintentional because the types 'NetworkContextValue' and 'string' have no overlap.
client/src/pages/portfolio.tsx(1103,43): error TS2322: Type 'NetworkContextValue' is not assignable to type 'ReactNode'.
client/src/pages/PredictiveAnalytics.tsx(82,55): error TS2339: Property 'length' does not exist on type '{}'.
client/src/pages/PredictiveAnalytics.tsx(82,68): error TS7053: Element implicitly has an 'any' type because expression of type '0' can't be used to index type '{}'.
  Property '0' does not exist on type '{}'.
client/src/pages/PredictiveAnalytics.tsx(83,51): error TS2339: Property 'length' does not exist on type '{}'.
client/src/pages/PredictiveAnalytics.tsx(83,64): error TS7053: Element implicitly has an 'any' type because expression of type '0' can't be used to index type '{}'.
  Property '0' does not exist on type '{}'.
client/src/pages/PredictiveAnalytics.tsx(86,26): error TS2322: Type '{ message: string; }' is not assignable to type 'IntrinsicAttributes & LoadingStateProps'.
  Property 'message' does not exist on type 'IntrinsicAttributes & LoadingStateProps'.
client/src/pages/PredictiveAnalytics.tsx(116,30): error TS2339: Property 'map' does not exist on type '{}'.
client/src/pages/PredictiveAnalytics.tsx(171,29): error TS2322: Type '{ message: string; }' is not assignable to type 'IntrinsicAttributes & LoadingStateProps'.
  Property 'message' does not exist on type 'IntrinsicAttributes & LoadingStateProps'.
client/src/pages/PredictiveAnalytics.tsx(316,29): error TS2322: Type '{ message: string; }' is not assignable to type 'IntrinsicAttributes & LoadingStateProps'.
  Property 'message' does not exist on type 'IntrinsicAttributes & LoadingStateProps'.
client/src/pages/PredictiveAnalytics.tsx(490,29): error TS2322: Type '{ message: string; }' is not assignable to type 'IntrinsicAttributes & LoadingStateProps'.
  Property 'message' does not exist on type 'IntrinsicAttributes & LoadingStateProps'.
client/src/pages/PredictiveAnalytics.tsx(491,40): error TS2339: Property 'length' does not exist on type '{}'.
client/src/pages/PredictiveAnalytics.tsx(493,28): error TS2339: Property 'map' does not exist on type '{}'.
client/src/pages/profile.tsx(1177,100): error TS7006: Parameter 'l' implicitly has an 'any' type.
client/src/pages/profile.tsx(1201,40): error TS2367: This comparison appears to be unintentional because the types '"us_person" | "non_us_person" | "specified_us_person"' and '"Y"' have no overlap.
client/src/pages/profile.tsx(1201,89): error TS2367: This comparison appears to be unintentional because the types '"us_person" | "non_us_person" | "specified_us_person"' and '"N"' have no overlap.
client/src/pages/profile.tsx(1209,40): error TS2367: This comparison appears to be unintentional because the types '"yes" | "no"' and '"Y"' have no overlap.
client/src/pages/profile.tsx(1209,91): error TS2367: This comparison appears to be unintentional because the types '"yes" | "no"' and '"N"' have no overlap.
client/src/pages/store.tsx(403,32): error TS2551: Property 'categoryName' does not exist on type 'Product'. Did you mean 'category'?
client/src/pages/store.tsx(430,41): error TS2551: Property 'subcategoryName' does not exist on type 'Product'. Did you mean 'subcategory'?
client/src/pages/store.tsx(867,52): error TS2551: Property 'categoryName' does not exist on type 'Product'. Did you mean 'category'?
client/src/pages/store.tsx(875,50): error TS2551: Property 'categoryName' does not exist on type 'Product'. Did you mean 'category'?
client/src/pages/store.tsx(881,48): error TS2551: Property 'categoryName' does not exist on type 'Product'. Did you mean 'category'?
client/src/pages/supplier-management.tsx(22,25): error TS2551: Property 'role' does not exist on type '{ id: string; companyName: string | null; address: string | null; password: string; isActive: boolean | null; arnCode: string | null; euinNumber: string | null; panNumber: string | null; ... 122 more ...; shareableProfileEnabled: boolean | null; }'. Did you mean 'roles'?
client/src/pages/supplier-management.tsx(22,51): error TS2551: Property 'role' does not exist on type '{ id: string; companyName: string | null; address: string | null; password: string; isActive: boolean | null; arnCode: string | null; euinNumber: string | null; panNumber: string | null; ... 122 more ...; shareableProfileEnabled: boolean | null; }'. Did you mean 'roles'?
client/src/pages/supplier-management.tsx(73,36): error TS2339: Property 'suppliers' does not exist on type '{}'.
client/src/pages/supplier-management.tsx(74,44): error TS2339: Property 'products' does not exist on type '{}'.
client/src/pages/supplier-management.tsx(75,36): error TS2339: Property 'analysis' does not exist on type '{}'.
client/src/pages/supplier-management.tsx(76,42): error TS2339: Property 'suppliers' does not exist on type '{}'.
client/src/pages/supplier-management.tsx(77,36): error TS2339: Property 'optimalSupplier' does not exist on type '{}'.
client/src/pages/tax-documents.tsx(275,39): error TS7006: Parameter 'sum' implicitly has an 'any' type.
client/src/pages/tax-documents.tsx(275,44): error TS7006: Parameter 'item' implicitly has an 'any' type.
client/src/pages/tax-documents.tsx(276,44): error TS7006: Parameter 'sum' implicitly has an 'any' type.
client/src/pages/tax-documents.tsx(276,49): error TS7006: Parameter 'item' implicitly has an 'any' type.
client/src/pages/tds-compliance.tsx(650,37): error TS2339: Property 'data' does not exist on type '{}'.
client/src/pages/tds-compliance.tsx(674,39): error TS2339: Property 'data' does not exist on type '{}'.
client/src/pages/tds-compliance.tsx(674,59): error TS2339: Property 'data' does not exist on type '{}'.
client/src/pages/tracker-portfolio-report.tsx(27,109): error TS2554: Expected 1 arguments, but got 2.
client/src/pages/unlisted/UnlistedCompanyDetails.tsx(586,34): error TS18048: 'mcaFinancials.data.ratios' is possibly 'undefined'.
client/src/pages/unlisted/UnlistedCompanyDetails.tsx(594,34): error TS18048: 'mcaFinancials.data.ratios' is possibly 'undefined'.
client/src/pages/unlisted/UnlistedCompanyDetails.tsx(602,31): error TS18048: 'mcaFinancials.data.ratios' is possibly 'undefined'.
client/src/pages/unlisted/UnlistedCompanyDetails.tsx(610,31): error TS18048: 'mcaFinancials.data.ratios' is possibly 'undefined'.
server/agent-itr-routes.ts(7,3): error TS2305: Module '"./middleware/roleMiddleware"' has no exported member 'injectRoleInfo'.
server/agent-itr-routes.ts(8,3): error TS2305: Module '"./middleware/roleMiddleware"' has no exported member 'getRoleInfo'.
server/ai-portfolio-service.ts(146,9): error TS2322: Type '"gemini-1.5-flash"' is not assignable to type 'AIModel | undefined'.
server/ai-portfolio-service.ts(257,9): error TS2322: Type '"gemini-1.5-flash"' is not assignable to type 'AIModel | undefined'.
server/ai-transaction-tracker.ts(214,9): error TS2322: Type 'number' is not assignable to type 'string'.
server/ai-transaction-tracker.ts(812,23): error TS2339: Property 'where' does not exist on type 'Omit<PgSelectBase<"ai_transaction_tracking", { id: PgColumn<{ name: "id"; tableName: "ai_transaction_tracking"; dataType: "string"; columnType: "PgVarchar"; data: string; driverParam: string; notNull: true; hasDefault: true; ... 6 more ...; generated: undefined; }, {}, { ...; }>; ... 44 more ...; updatedAt: PgColumn...'.
server/ai-transaction-tracker.ts(821,23): error TS2339: Property 'where' does not exist on type 'Omit<PgSelectBase<"ai_transaction_tracking", { id: PgColumn<{ name: "id"; tableName: "ai_transaction_tracking"; dataType: "string"; columnType: "PgVarchar"; data: string; driverParam: string; notNull: true; hasDefault: true; ... 6 more ...; generated: undefined; }, {}, { ...; }>; ... 44 more ...; updatedAt: PgColumn...'.
server/aif-execution-service.ts(210,11): error TS2353: Object literal may only specify known properties, and 'title' does not exist in type '{ orderId: string; documentType: string; documentName: string; documentUrl?: string | undefined; fileSize?: number | undefined; mimeType?: string | undefined; requiresSignature?: boolean | undefined; metadata?: any; }'.
server/amfi-validation-service.ts(2,15): error TS2724: '"@shared/schema"' has no exported member named 'InsertAmfiVerificationLog'. Did you mean 'AmfiVerificationLog'?
server/auth.ts(118,20): error TS2339: Property 'sessionStore' does not exist on type 'DatabaseStorage'.
server/auth.ts(136,36): error TS2551: Property 'getUserByUsername' does not exist on type 'DatabaseStorage'. Did you mean 'getUserByUserId'?
server/auth.ts(147,58): error TS2339: Property 'id' does not exist on type 'User'.
server/auth.ts(384,42): error TS2551: Property 'getUserByUsername' does not exist on type 'DatabaseStorage'. Did you mean 'getUserByUserId'?
server/auth.ts(738,24): error TS2339: Property 'userId' does not exist on type '{ id: string; role?: string | undefined; roles?: string[] | undefined; } & User'.
server/auth.ts(739,23): error TS2339: Property 'email' does not exist on type '{ id: string; role?: string | undefined; roles?: string[] | undefined; } & User'.
server/auth.ts(740,24): error TS2339: Property 'mobile' does not exist on type '{ id: string; role?: string | undefined; roles?: string[] | undefined; } & User'.
server/auth.ts(741,27): error TS2339: Property 'firstName' does not exist on type '{ id: string; role?: string | undefined; roles?: string[] | undefined; } & User'.
server/auth.ts(742,28): error TS2339: Property 'middleName' does not exist on type '{ id: string; role?: string | undefined; roles?: string[] | undefined; } & User'.
server/auth.ts(743,26): error TS2339: Property 'lastName' does not exist on type '{ id: string; role?: string | undefined; roles?: string[] | undefined; } & User'.
server/auth.ts(744,33): error TS2339: Property 'isEmailVerified' does not exist on type '{ id: string; role?: string | undefined; roles?: string[] | undefined; } & User'.
server/auth.ts(745,34): error TS2339: Property 'isMobileVerified' does not exist on type '{ id: string; role?: string | undefined; roles?: string[] | undefined; } & User'.
server/auth.ts(746,26): error TS2339: Property 'isPinSet' does not exist on type '{ id: string; role?: string | undefined; roles?: string[] | undefined; } & User'.
server/authbridge-esign-service.ts(174,38): error TS2769: No overload matches this call.
  Overload 1 of 2, '(value: { documentType: string | SQL<unknown> | Placeholder<string, any>; documentName: string | SQL<unknown> | Placeholder<string, any>; transactionId: string | ... 1 more ... | Placeholder<...>; ... 26 more ...; dscCrlStatus?: string | ... 3 more ... | undefined; }): PgInsertBase<...>', gave the following error.
    Object literal may only specify known properties, and 'documentUrl' does not exist in type '{ documentType: string | SQL<unknown> | Placeholder<string, any>; documentName: string | SQL<unknown> | Placeholder<string, any>; transactionId: string | SQL<...> | Placeholder<...>; ... 26 more ...; dscCrlStatus?: string | ... 3 more ... | undefined; }'.
  Overload 2 of 2, '(values: { documentType: string | SQL<unknown> | Placeholder<string, any>; documentName: string | SQL<unknown> | Placeholder<string, any>; transactionId: string | ... 1 more ... | Placeholder<...>; ... 26 more ...; dscCrlStatus?: string | ... 3 more ... | undefined; }[]): PgInsertBase<...>', gave the following error.
    Object literal may only specify known properties, and 'id' does not exist in type '{ documentType: string | SQL<unknown> | Placeholder<string, any>; documentName: string | SQL<unknown> | Placeholder<string, any>; transactionId: string | SQL<...> | Placeholder<...>; ... 26 more ...; dscCrlStatus?: string | ... 3 more ... | undefined; }[]'.
server/authbridge-esign-service.ts(232,11): error TS2353: Object literal may only specify known properties, and 'apiResponse' does not exist in type '{ documentType?: string | SQL<unknown> | PgColumn<ColumnBaseConfig<ColumnDataType, string>, {}, {}> | undefined; documentName?: string | ... 2 more ... | undefined; ... 27 more ...; dscCrlStatus?: string | ... 3 more ... | undefined; }'.
server/authbridge-esign-service.ts(251,34): error TS2353: Object literal may only specify known properties, and 'errorMessage' does not exist in type '{ documentType?: string | SQL<unknown> | PgColumn<ColumnBaseConfig<ColumnDataType, string>, {}, {}> | undefined; documentName?: string | ... 2 more ... | undefined; ... 27 more ...; dscCrlStatus?: string | ... 3 more ... | undefined; }'.
server/authbridge-esign-service.ts(289,24): error TS2339: Property 'expiresAt' does not exist on type '{ id: string; userId: string | null; prospectId: string | null; createdByAgentId: string | null; transactionId: string; documentType: string; documentName: string; documentHash: string; ... 21 more ...; createdAt: Date | null; }'.
server/authbridge-esign-service.ts(289,72): error TS2339: Property 'expiresAt' does not exist on type '{ id: string; userId: string | null; prospectId: string | null; createdByAgentId: string | null; transactionId: string; documentType: string; documentName: string; documentHash: string; ... 21 more ...; createdAt: Date | null; }'.
server/authbridge-esign-service.ts(316,45): error TS2339: Property 'aadhaarMasked' does not exist on type '{ id: string; userId: string | null; prospectId: string | null; createdByAgentId: string | null; transactionId: string; documentType: string; documentName: string; documentHash: string; ... 21 more ...; createdAt: Date | null; }'.
server/authbridge-esign-service.ts(328,13): error TS2353: Object literal may only specify known properties, and 'completedAt' does not exist in type '{ documentType?: string | SQL<unknown> | PgColumn<ColumnBaseConfig<ColumnDataType, string>, {}, {}> | undefined; documentName?: string | ... 2 more ... | undefined; ... 27 more ...; dscCrlStatus?: string | ... 3 more ... | undefined; }'.
server/authbridge-esign-service.ts(341,41): error TS2339: Property 'aadhaarMasked' does not exist on type '{ id: string; userId: string | null; prospectId: string | null; createdByAgentId: string | null; transactionId: string; documentType: string; documentName: string; documentHash: string; ... 21 more ...; createdAt: Date | null; }'.
server/authbridge-esign-service.ts(385,45): error TS2339: Property 'aadhaarMasked' does not exist on type '{ id: string; userId: string | null; prospectId: string | null; createdByAgentId: string | null; transactionId: string; documentType: string; documentName: string; documentHash: string; ... 21 more ...; createdAt: Date | null; }'.
server/authbridge-esign-service.ts(397,13): error TS2353: Object literal may only specify known properties, and 'completedAt' does not exist in type '{ documentType?: string | SQL<unknown> | PgColumn<ColumnBaseConfig<ColumnDataType, string>, {}, {}> | undefined; documentName?: string | ... 2 more ... | undefined; ... 27 more ...; dscCrlStatus?: string | ... 3 more ... | undefined; }'.
server/authbridge-esign-service.ts(410,41): error TS2339: Property 'aadhaarMasked' does not exist on type '{ id: string; userId: string | null; prospectId: string | null; createdByAgentId: string | null; transactionId: string; documentType: string; documentName: string; documentHash: string; ... 21 more ...; createdAt: Date | null; }'.
server/authbridge-esign-service.ts(422,13): error TS2353: Object literal may only specify known properties, and 'errorMessage' does not exist in type '{ documentType?: string | SQL<unknown> | PgColumn<ColumnBaseConfig<ColumnDataType, string>, {}, {}> | undefined; documentName?: string | ... 2 more ... | undefined; ... 27 more ...; dscCrlStatus?: string | ... 3 more ... | undefined; }'.
server/authbridge-esign-service.ts(470,13): error TS2353: Object literal may only specify known properties, and 'otpSentAt' does not exist in type '{ documentType?: string | SQL<unknown> | PgColumn<ColumnBaseConfig<ColumnDataType, string>, {}, {}> | undefined; documentName?: string | ... 2 more ... | undefined; ... 27 more ...; dscCrlStatus?: string | ... 3 more ... | undefined; }'.
server/authbridge-esign-service.ts(498,11): error TS2353: Object literal may only specify known properties, and 'otpSentAt' does not exist in type '{ documentType?: string | SQL<unknown> | PgColumn<ColumnBaseConfig<ColumnDataType, string>, {}, {}> | undefined; documentName?: string | ... 2 more ... | undefined; ... 27 more ...; dscCrlStatus?: string | ... 3 more ... | undefined; }'.
server/authbridge-esign-service.ts(541,33): error TS2339: Property 'completedAt' does not exist on type '{ id: string; userId: string | null; prospectId: string | null; createdByAgentId: string | null; transactionId: string; documentType: string; documentName: string; documentHash: string; ... 21 more ...; createdAt: Date | null; }'.
server/authbridge-esign-service.ts(542,35): error TS2339: Property 'certificateId' does not exist on type '{ id: string; userId: string | null; prospectId: string | null; createdByAgentId: string | null; transactionId: string; documentType: string; documentName: string; documentHash: string; ... 21 more ...; createdAt: Date | null; }'.
server/authbridge-esign-service.ts(555,5): error TS2322: Type '{ id: string; userId: string | null; transactionId: string; documentType: string; documentName: string; documentHash: string; signedDocumentUrl: string; certificateSerial: string; signerName: string; ... 5 more ...; status: "valid" | ... 1 more ... | "revoked"; }[]' is not assignable to type 'ESignCertificate[]'.
  Type '{ id: string; userId: string | null; transactionId: string; documentType: string; documentName: string; documentHash: string; signedDocumentUrl: string; certificateSerial: string; signerName: string; ... 5 more ...; status: "valid" | "expired" | "revoked"; }' is not assignable to type 'ESignCertificate'.
    Types of property 'userId' are incompatible.
      Type 'string | null' is not assignable to type 'string'.
        Type 'null' is not assignable to type 'string'.
server/auto-population-routes.ts(24,21): error TS2339: Property 'user' does not exist on type 'Session & Partial<SessionData>'.
server/auto-population-routes.ts(37,42): error TS2339: Property 'user' does not exist on type 'Session & Partial<SessionData>'.
server/auto-population-routes.ts(292,39): error TS2339: Property 'user' does not exist on type 'Session & Partial<SessionData>'.
server/auto-population-routes.ts(418,39): error TS2339: Property 'user' does not exist on type 'Session & Partial<SessionData>'.
server/auto-population-routes.ts(503,40): error TS2339: Property 'user' does not exist on type 'Session & Partial<SessionData>'.
server/auto-population-routes.ts(532,55): error TS2339: Property 'hasValidConsent' does not exist on type 'ConsentManagementService'.
server/auto-population-routes.ts(575,14): error TS2769: No overload matches this call.
  Overload 1 of 3, '(left: PgColumn<{ name: "id"; tableName: "users"; dataType: "string"; columnType: "PgVarchar"; data: string; driverParam: string; notNull: true; hasDefault: true; isPrimaryKey: true; isAutoincrement: false; ... 4 more ...; generated: undefined; }, {}, { ...; }>, right: string | SQLWrapper): SQL<...>', gave the following error.
    Argument of type 'number' is not assignable to parameter of type 'string | SQLWrapper'.
  Overload 2 of 3, '(left: Aliased<number>, right: number | SQLWrapper): SQL<unknown>', gave the following error.
    Argument of type 'PgColumn<{ name: "id"; tableName: "users"; dataType: "string"; columnType: "PgVarchar"; data: string; driverParam: string; notNull: true; hasDefault: true; isPrimaryKey: true; isAutoincrement: false; ... 4 more ...; generated: undefined; }, {}, { ...; }>' is not assignable to parameter of type 'Aliased<number>'.
      Type 'PgColumn<{ name: "id"; tableName: "users"; dataType: "string"; columnType: "PgVarchar"; data: string; driverParam: string; notNull: true; hasDefault: true; isPrimaryKey: true; isAutoincrement: false; ... 4 more ...; generated: undefined; }, {}, { ...; }>' is missing the following properties from type 'Aliased<number>': sql, fieldAlias
  Overload 3 of 3, '(left: never, right: unknown): SQL<unknown>', gave the following error.
    Argument of type 'PgColumn<{ name: "id"; tableName: "users"; dataType: "string"; columnType: "PgVarchar"; data: string; driverParam: string; notNull: true; hasDefault: true; isPrimaryKey: true; isAutoincrement: false; ... 4 more ...; generated: undefined; }, {}, { ...; }>' is not assignable to parameter of type 'never'.
server/auto-population-routes.ts(614,39): error TS2339: Property 'user' does not exist on type 'Session & Partial<SessionData>'.
server/bond-alert-service.ts(105,9): error TS2322: Type 'string | null' is not assignable to type 'string'.
  Type 'null' is not assignable to type 'string'.
server/bond-alert-service.ts(149,9): error TS2322: Type 'string | null' is not assignable to type 'string'.
  Type 'null' is not assignable to type 'string'.
server/bond-alert-service.ts(217,9): error TS2353: Object literal may only specify known properties, and 'couponPaymentReminder' does not exist in type '{ userId?: string | SQL<unknown> | PgColumn<ColumnBaseConfig<ColumnDataType, string>, {}, {}> | undefined; id?: string | SQL<unknown> | PgColumn<...> | undefined; ... 34 more ...; quietHoursTimezone?: string | ... 3 more ... | undefined; }'.
server/bond-alert-service.ts(226,51): error TS2769: No overload matches this call.
  Overload 1 of 2, '(value: { userId: string | SQL<unknown> | Placeholder<string, any>; id?: string | SQL<unknown> | Placeholder<string, any> | undefined; createdAt?: SQL<unknown> | Date | Placeholder<...> | null | undefined; ... 33 more ...; quietHoursTimezone?: string | ... 3 more ... | undefined; }): PgInsertBase<...>', gave the following error.
    Object literal may only specify known properties, and 'couponPaymentReminder' does not exist in type '{ userId: string | SQL<unknown> | Placeholder<string, any>; id?: string | SQL<unknown> | Placeholder<string, any> | undefined; createdAt?: SQL<unknown> | Date | Placeholder<...> | null | undefined; ... 33 more ...; quietHoursTimezone?: string | ... 3 more ... | undefined; }'.
  Overload 2 of 2, '(values: { userId: string | SQL<unknown> | Placeholder<string, any>; id?: string | SQL<unknown> | Placeholder<string, any> | undefined; createdAt?: SQL<unknown> | Date | Placeholder<...> | null | undefined; ... 33 more ...; quietHoursTimezone?: string | ... 3 more ... | undefined; }[]): PgInsertBase<...>', gave the following error.
    Object literal may only specify known properties, and 'id' does not exist in type '{ userId: string | SQL<unknown> | Placeholder<string, any>; id?: string | SQL<unknown> | Placeholder<string, any> | undefined; createdAt?: SQL<unknown> | Date | Placeholder<...> | null | undefined; ... 33 more ...; quietHoursTimezone?: string | ... 3 more ... | undefined; }[]'.
server/bond-alert-service.ts(254,16): error TS2339: Property 'couponPaymentReminder' does not exist on type '{ id: string; userId: string; emailEnabled: boolean | null; smsEnabled: boolean | null; pushEnabled: boolean | null; whatsappEnabled: boolean | null; orderConfirmationAlert: boolean | null; ... 29 more ...; updatedAt: Date | null; }'.
server/bond-alert-service.ts(255,68): error TS2339: Property 'reminderDaysBefore' does not exist on type '{ id: string; userId: string; emailEnabled: boolean | null; smsEnabled: boolean | null; pushEnabled: boolean | null; whatsappEnabled: boolean | null; orderConfirmationAlert: boolean | null; ... 29 more ...; updatedAt: Date | null; }'.
server/bond-alert-service.ts(263,16): error TS2551: Property 'maturityReminder' does not exist on type '{ id: string; userId: string; emailEnabled: boolean | null; smsEnabled: boolean | null; pushEnabled: boolean | null; whatsappEnabled: boolean | null; orderConfirmationAlert: boolean | null; ... 29 more ...; updatedAt: Date | null; }'. Did you mean 'maturityReminderDays'?
server/bond-alert-service.ts(264,70): error TS2339: Property 'reminderDaysBefore' does not exist on type '{ id: string; userId: string; emailEnabled: boolean | null; smsEnabled: boolean | null; pushEnabled: boolean | null; whatsappEnabled: boolean | null; orderConfirmationAlert: boolean | null; ... 29 more ...; updatedAt: Date | null; }'.
server/bond-alert-service.ts(266,48): error TS2339: Property 'reminderDaysBefore' does not exist on type '{ id: string; userId: string; emailEnabled: boolean | null; smsEnabled: boolean | null; pushEnabled: boolean | null; whatsappEnabled: boolean | null; orderConfirmationAlert: boolean | null; ... 29 more ...; updatedAt: Date | null; }'.
server/bond-catalog-service.ts(227,16): error TS2345: Argument of type '{ isin: string; securityCode: string; bondName: string; issuer: string; bondType: "ncd" | "corporate_bond" | "debenture" | "commercial_paper"; issueDate: string; maturityDate: string; faceValue: string; ... 11 more ...; lastUpdated: Date; }' is not assignable to parameter of type '{ isin?: string | SQL<unknown> | PgColumn<ColumnBaseConfig<ColumnDataType, string>, {}, {}> | undefined; issuer?: string | SQL<unknown> | PgColumn<...> | undefined; ... 64 more ...; statusLastUpdated?: SQL<...> | ... 3 more ... | undefined; }'.
  Types of property 'volume' are incompatible.
    Type 'string' is not assignable to type 'number | SQL<unknown> | PgColumn<ColumnBaseConfig<ColumnDataType, string>, {}, {}> | null | undefined'.
server/bond-catalog-service.ts(232,19): error TS2769: No overload matches this call.
  Overload 1 of 2, '(value: { isin: string | SQL<unknown> | Placeholder<string, any>; issuer: string | SQL<unknown> | Placeholder<string, any>; maturityDate: string | SQL<unknown> | Placeholder<...>; ... 63 more ...; statusLastUpdated?: SQL<...> | ... 3 more ... | undefined; }): PgInsertBase<...>', gave the following error.
    Argument of type '{ isin: string; securityCode: string; bondName: string; issuer: string; bondType: "ncd" | "corporate_bond" | "debenture" | "commercial_paper"; issueDate: string; maturityDate: string; faceValue: string; ... 11 more ...; lastUpdated: Date; }' is not assignable to parameter of type '{ isin: string | SQL<unknown> | Placeholder<string, any>; issuer: string | SQL<unknown> | Placeholder<string, any>; maturityDate: string | SQL<unknown> | Placeholder<...>; ... 63 more ...; statusLastUpdated?: SQL<...> | ... 3 more ... | undefined; }'.
      Types of property 'volume' are incompatible.
        Type 'string' is not assignable to type 'number | SQL<unknown> | Placeholder<string, any> | null | undefined'.
  Overload 2 of 2, '(values: { isin: string | SQL<unknown> | Placeholder<string, any>; issuer: string | SQL<unknown> | Placeholder<string, any>; maturityDate: string | SQL<unknown> | Placeholder<...>; ... 63 more ...; statusLastUpdated?: SQL<...> | ... 3 more ... | undefined; }[]): PgInsertBase<...>', gave the following error.
    Argument of type '{ isin: string; securityCode: string; bondName: string; issuer: string; bondType: "ncd" | "corporate_bond" | "debenture" | "commercial_paper"; issueDate: string; maturityDate: string; faceValue: string; ... 11 more ...; lastUpdated: Date; }' is not assignable to parameter of type '{ isin: string | SQL<unknown> | Placeholder<string, any>; issuer: string | SQL<unknown> | Placeholder<string, any>; maturityDate: string | SQL<unknown> | Placeholder<...>; ... 63 more ...; statusLastUpdated?: SQL<...> | ... 3 more ... | undefined; }[]'.
      Type '{ isin: string; securityCode: string; bondName: string; issuer: string; bondType: "ncd" | "corporate_bond" | "debenture" | "commercial_paper"; issueDate: string; maturityDate: string; faceValue: string; ... 11 more ...; lastUpdated: Date; }' is missing the following properties from type '{ isin: string | SQL<unknown> | Placeholder<string, any>; issuer: string | SQL<unknown> | Placeholder<string, any>; maturityDate: string | SQL<unknown> | Placeholder<...>; ... 63 more ...; statusLastUpdated?: SQL<...> | ... 3 more ... | undefined; }[]': length, pop, push, concat, and 35 more.
server/bond-catalog-service.ts(556,18): error TS2345: Argument of type '{ isin: string; securityCode: string; bondName: string; issuer: string; bondType: "ncd" | "corporate_bond" | "debenture" | "commercial_paper"; issueDate: string; maturityDate: string; faceValue: string; ... 11 more ...; lastUpdated: Date; }' is not assignable to parameter of type '{ isin?: string | SQL<unknown> | PgColumn<ColumnBaseConfig<ColumnDataType, string>, {}, {}> | undefined; issuer?: string | SQL<unknown> | PgColumn<...> | undefined; ... 64 more ...; statusLastUpdated?: SQL<...> | ... 3 more ... | undefined; }'.
  Types of property 'volume' are incompatible.
    Type 'string' is not assignable to type 'number | SQL<unknown> | PgColumn<ColumnBaseConfig<ColumnDataType, string>, {}, {}> | null | undefined'.
server/bond-catalog-service.ts(561,21): error TS2769: No overload matches this call.
  Overload 1 of 2, '(value: { isin: string | SQL<unknown> | Placeholder<string, any>; issuer: string | SQL<unknown> | Placeholder<string, any>; maturityDate: string | SQL<unknown> | Placeholder<...>; ... 63 more ...; statusLastUpdated?: SQL<...> | ... 3 more ... | undefined; }): PgInsertBase<...>', gave the following error.
    Argument of type '{ isin: string; securityCode: string; bondName: string; issuer: string; bondType: "ncd" | "corporate_bond" | "debenture" | "commercial_paper"; issueDate: string; maturityDate: string; faceValue: string; ... 11 more ...; lastUpdated: Date; }' is not assignable to parameter of type '{ isin: string | SQL<unknown> | Placeholder<string, any>; issuer: string | SQL<unknown> | Placeholder<string, any>; maturityDate: string | SQL<unknown> | Placeholder<...>; ... 63 more ...; statusLastUpdated?: SQL<...> | ... 3 more ... | undefined; }'.
      Types of property 'volume' are incompatible.
        Type 'string' is not assignable to type 'number | SQL<unknown> | Placeholder<string, any> | null | undefined'.
  Overload 2 of 2, '(values: { isin: string | SQL<unknown> | Placeholder<string, any>; issuer: string | SQL<unknown> | Placeholder<string, any>; maturityDate: string | SQL<unknown> | Placeholder<...>; ... 63 more ...; statusLastUpdated?: SQL<...> | ... 3 more ... | undefined; }[]): PgInsertBase<...>', gave the following error.
    Argument of type '{ isin: string; securityCode: string; bondName: string; issuer: string; bondType: "ncd" | "corporate_bond" | "debenture" | "commercial_paper"; issueDate: string; maturityDate: string; faceValue: string; ... 11 more ...; lastUpdated: Date; }' is not assignable to parameter of type '{ isin: string | SQL<unknown> | Placeholder<string, any>; issuer: string | SQL<unknown> | Placeholder<string, any>; maturityDate: string | SQL<unknown> | Placeholder<...>; ... 63 more ...; statusLastUpdated?: SQL<...> | ... 3 more ... | undefined; }[]'.
      Type '{ isin: string; securityCode: string; bondName: string; issuer: string; bondType: "ncd" | "corporate_bond" | "debenture" | "commercial_paper"; issueDate: string; maturityDate: string; faceValue: string; ... 11 more ...; lastUpdated: Date; }' is missing the following properties from type '{ isin: string | SQL<unknown> | Placeholder<string, any>; issuer: string | SQL<unknown> | Placeholder<string, any>; maturityDate: string | SQL<unknown> | Placeholder<...>; ... 63 more ...; statusLastUpdated?: SQL<...> | ... 3 more ... | undefined; }[]': length, pop, push, concat, and 35 more.
server/bond-kyc-gate.ts(409,16): error TS2339: Property 'name' does not exist on type 'KYCStepStatus'.
server/bond-kyc-gate.ts(411,42): error TS2339: Property 'name' does not exist on type 'KYCStepStatus'.
server/bond-kyc-gate.ts(412,44): error TS2339: Property 'name' does not exist on type 'KYCStepStatus'.
server/business-intelligence-service.ts(61,65): error TS2339: Property 'revenueGenerated' does not exist on type '{ id: string; name: string; createdAt: Date | null; updatedAt: Date | null; partnerId: string; description: string | null; category: string; subCategory: string | null; provider: string | null; ... 43 more ...; isPublic: boolean | null; }'.
server/business-intelligence-service.ts(86,49): error TS2339: Property 'revenueGenerated' does not exist on type '{ id: string; name: string; createdAt: Date | null; updatedAt: Date | null; partnerId: string; description: string | null; category: string; subCategory: string | null; provider: string | null; ... 43 more ...; isPublic: boolean | null; }'.
server/business-intelligence-service.ts(90,24): error TS2339: Property 'revenueGenerated' does not exist on type '{ id: string; name: string; createdAt: Date | null; updatedAt: Date | null; partnerId: string; description: string | null; category: string; subCategory: string | null; provider: string | null; ... 43 more ...; isPublic: boolean | null; }'.
server/business-intelligence-service.ts(91,22): error TS2339: Property 'unitsSold' does not exist on type '{ id: string; name: string; createdAt: Date | null; updatedAt: Date | null; partnerId: string; description: string | null; category: string; subCategory: string | null; provider: string | null; ... 43 more ...; isPublic: boolean | null; }'.
server/chat-orchestrator.ts(110,7): error TS2353: Object literal may only specify known properties, and 'lastMessageAt' does not exist in type '{ isActive?: boolean | null | undefined; userId?: string | null | undefined; prospectId?: string | null | undefined; portfolioId?: string | null | undefined; title?: string | null | undefined; createdByAgentId?: string | ... 1 more ... | undefined; sessionType?: string | ... 1 more ... | undefined; contextData?: Jso...'.
server/client-enrichment-service.ts(442,42): error TS2339: Property 'isVerified' does not exist on type 'PgTableWithColumns<{ name: "client_enrichment_data"; schema: undefined; columns: { id: PgColumn<{ name: "id"; tableName: "client_enrichment_data"; dataType: "string"; columnType: "PgVarchar"; data: string; driverParam: string; ... 8 more ...; generated: undefined; }, {}, { ...; }>; ... 9 more ...; updatedAt: PgColum...'.
server/client-enrichment-service.ts(443,43): error TS2339: Property 'lastUpdated' does not exist on type 'PgTableWithColumns<{ name: "client_enrichment_data"; schema: undefined; columns: { id: PgColumn<{ name: "id"; tableName: "client_enrichment_data"; dataType: "string"; columnType: "PgVarchar"; data: string; driverParam: string; ... 8 more ...; generated: undefined; }, {}, { ...; }>; ... 9 more ...; updatedAt: PgColum...'.
server/client-enrichment-service.ts(448,62): error TS2339: Property 'sourceId' does not exist on type 'PgTableWithColumns<{ name: "client_enrichment_data"; schema: undefined; columns: { id: PgColumn<{ name: "id"; tableName: "client_enrichment_data"; dataType: "string"; columnType: "PgVarchar"; data: string; driverParam: string; ... 8 more ...; generated: undefined; }, {}, { ...; }>; ... 9 more ...; updatedAt: PgColum...'.
server/client-enrichment-service.ts(449,61): error TS2339: Property 'sourceId' does not exist on type 'PgTableWithColumns<{ name: "client_enrichment_data"; schema: undefined; columns: { id: PgColumn<{ name: "id"; tableName: "client_enrichment_data"; dataType: "string"; columnType: "PgVarchar"; data: string; driverParam: string; ... 8 more ...; generated: undefined; }, {}, { ...; }>; ... 9 more ...; updatedAt: PgColum...'.
server/client-enrichment-service.ts(451,42): error TS2339: Property 'lastUpdated' does not exist on type 'PgTableWithColumns<{ name: "client_enrichment_data"; schema: undefined; columns: { id: PgColumn<{ name: "id"; tableName: "client_enrichment_data"; dataType: "string"; columnType: "PgVarchar"; data: string; driverParam: string; ... 8 more ...; generated: undefined; }, {}, { ...; }>; ... 9 more ...; updatedAt: PgColum...'.
server/client-enrichment-service.ts(456,23): error TS2339: Property 'where' does not exist on type 'Omit<PgSelectBase<"client_enrichment_data", { id: PgColumn<{ name: "id"; tableName: "client_enrichment_data"; dataType: "string"; columnType: "PgVarchar"; data: string; driverParam: string; notNull: true; hasDefault: true; ... 6 more ...; generated: undefined; }, {}, { ...; }>; ... 7 more ...; sourceName: PgColumn<....'.
server/commission-config-routes.ts(40,19): error TS2551: Property 'role' does not exist on type 'PgTableWithColumns<{ name: "users"; schema: undefined; columns: { id: PgColumn<{ name: "id"; tableName: "users"; dataType: "string"; columnType: "PgVarchar"; data: string; driverParam: string; notNull: true; hasDefault: true; ... 6 more ...; generated: undefined; }, {}, { ...; }>; ... 129 more ...; shareableProfileE...'. Did you mean 'roles'?
server/commission-config-routes.ts(41,40): error TS2551: Property 'role' does not exist on type 'PgTableWithColumns<{ name: "users"; schema: undefined; columns: { id: PgColumn<{ name: "id"; tableName: "users"; dataType: "string"; columnType: "PgVarchar"; data: string; driverParam: string; notNull: true; hasDefault: true; ... 6 more ...; generated: undefined; }, {}, { ...; }>; ... 129 more ...; shareableProfileE...'. Did you mean 'roles'?
server/commission-config-routes.ts(560,37): error TS2339: Property 'requestData' does not exist on type '{ id: string; requestedBy: string; checkerId: string | null; entityType: string; entityId: string | null; action: string; data: unknown; status: string; reason: string | null; createdAt: Date | null; updatedAt: Date | null; }'.
server/comprehensive-aif-pms-api.ts(326,43): error TS2339: Property 'currentNav' does not exist on type 'PgTableWithColumns<{ name: "pms_master"; schema: undefined; columns: { id: PgColumn<{ name: "id"; tableName: "pms_master"; dataType: "string"; columnType: "PgVarchar"; data: string; driverParam: string; notNull: true; hasDefault: true; ... 6 more ...; generated: undefined; }, {}, { ...; }>; ... 37 more ...; updatedA...'.
server/comprehensive-aif-pms-api.ts(421,9): error TS2353: Object literal may only specify known properties, and 'methodology' does not exist in type '{ screeningMethodology: string; fundamentalCriteria: string[]; technicalCriteria: string[]; quantitativeModels: string[]; riskManagement: { stopLossStrategy: string; positionSizing: string; diversificationRules: string; }; portfolioConstruction: string; }'.
server/comprehensive-aif-pms-api.ts(450,9): error TS2353: Object literal may only specify known properties, and 'standardDeviation' does not exist in type '{ volatility: number; sharpeRatio: number; sortinoRatio: number; maxDrawdown: number; beta: number; alpha: number; trackingError: number; }'.
server/comprehensive-aif-pms-api.ts(573,7): error TS2322: Type 'unknown' is not assignable to type 'any[]'.
server/comprehensive-aif-pms-api.ts(965,5): error TS2741: Property 'fundTenure' is missing in type '{ pmsId: string; isin: any; schemaName: any; sebiRegistrationNumber: any; category: string; subCategory: string; investmentStyle: string; fundManager: { name: string; experience: number; qualification: string; previousFunds: never[]; investmentPhilosophy: string; }; ... 8 more ...; riskMetrics: { ...; }; }' but required in type 'ComprehensivePMSData'.
server/cron-order-ops.ts(56,13): error TS2353: Object literal may only specify known properties, and 'failureReason' does not exist in type '{ amount?: string | SQL<unknown> | PgColumn<ColumnBaseConfig<ColumnDataType, string>, {}, {}> | undefined; productName?: string | SQL<...> | PgColumn<...> | undefined; ... 41 more ...; executionError?: string | ... 3 more ... | undefined; }'.
server/cron-order-ops.ts(65,62): error TS2769: No overload matches this call.
  Overload 1 of 3, '(left: PgColumn<{ name: "id"; tableName: "users"; dataType: "string"; columnType: "PgVarchar"; data: string; driverParam: string; notNull: true; hasDefault: true; isPrimaryKey: true; isAutoincrement: false; ... 4 more ...; generated: undefined; }, {}, { ...; }>, right: string | SQLWrapper): SQL<...>', gave the following error.
    Argument of type 'string | null' is not assignable to parameter of type 'string | SQLWrapper'.
      Type 'null' is not assignable to type 'string | SQLWrapper'.
  Overload 2 of 3, '(left: Aliased<string | null>, right: string | SQLWrapper | null): SQL<unknown>', gave the following error.
    Argument of type 'PgColumn<{ name: "id"; tableName: "users"; dataType: "string"; columnType: "PgVarchar"; data: string; driverParam: string; notNull: true; hasDefault: true; isPrimaryKey: true; isAutoincrement: false; ... 4 more ...; generated: undefined; }, {}, { ...; }>' is not assignable to parameter of type 'Aliased<string | null>'.
      Type 'PgColumn<{ name: "id"; tableName: "users"; dataType: "string"; columnType: "PgVarchar"; data: string; driverParam: string; notNull: true; hasDefault: true; isPrimaryKey: true; isAutoincrement: false; ... 4 more ...; generated: undefined; }, {}, { ...; }>' is missing the following properties from type 'Aliased<string | null>': sql, fieldAlias
  Overload 3 of 3, '(left: never, right: unknown): SQL<unknown>', gave the following error.
    Argument of type 'PgColumn<{ name: "id"; tableName: "users"; dataType: "string"; columnType: "PgVarchar"; data: string; driverParam: string; notNull: true; hasDefault: true; isPrimaryKey: true; isAutoincrement: false; ... 4 more ...; generated: undefined; }, {}, { ...; }>' is not assignable to parameter of type 'never'.
server/cron-order-ops.ts(68,64): error TS2554: Expected 0 arguments, but got 1.
server/cron-order-ops.ts(120,13): error TS2353: Object literal may only specify known properties, and 'failureReason' does not exist in type '{ amount?: string | SQL<unknown> | PgColumn<ColumnBaseConfig<ColumnDataType, string>, {}, {}> | undefined; productName?: string | SQL<...> | PgColumn<...> | undefined; ... 41 more ...; executionError?: string | ... 3 more ... | undefined; }'.
server/cron-unlisted.ts(129,212): error TS2554: Expected 0 arguments, but got 1.
server/cron-unlisted.ts(148,218): error TS2554: Expected 0 arguments, but got 1.
server/form15-routes.ts(7,3): error TS2305: Module '"./middleware/roleMiddleware"' has no exported member 'injectRoleInfo'.
server/form15-routes.ts(8,3): error TS2305: Module '"./middleware/roleMiddleware"' has no exported member 'getRoleInfo'.
server/graceful-shutdown.ts(1,18): error TS2459: Module '"http"' declares 'Socket' locally, but it is not exported.
server/icici-bank-api.ts(549,41): error TS2322: Type 'Buffer<ArrayBufferLike>' is not assignable to type 'BlobPart'.
  Type 'Buffer<ArrayBufferLike>' is not assignable to type 'ArrayBufferView<ArrayBuffer>'.
    Types of property 'buffer' are incompatible.
      Type 'ArrayBufferLike' is not assignable to type 'ArrayBuffer'.
        Type 'SharedArrayBuffer' is missing the following properties from type 'ArrayBuffer': resizable, resize, detached, transfer, transferToFixedLength
server/intelligent-loan-recommendations.ts(712,9): error TS2353: Object literal may only specify known properties, and 'lastActivity' does not exist in type 'Partial<{ id: string; companyName: string | null; address: string | null; password: string; isActive: boolean | null; arnCode: string | null; euinNumber: string | null; panNumber: string | null; ... 122 more ...; shareableProfileEnabled: boolean | null; }>'.
server/intelligent-loan-recommendations.ts(713,71): error TS2339: Property 'engagementScore' does not exist on type '{ id: string; companyName: string | null; address: string | null; arnCode: string | null; euinNumber: string | null; panNumber: string | null; aadharNumber: string | null; bankAccountNumber: string | null; ... 104 more ...; numberOfDependents: number | null; }'.
server/loan-marketplace/loan-orchestrator.ts(206,7): error TS2322: Type '{ id: string; createdAt: Date | null; updatedAt: Date | null; userId: string; annualIncome: string | null; netWorth: string | null; monthlyIncome: string | null; debtToIncomeRatio: string | null; ... 25 more ...; bureauRawData: unknown; } | undefined' is not assignable to type '{ id: string; createdAt: Date | null; updatedAt: Date | null; userId: string; annualIncome: string | null; netWorth: string | null; monthlyIncome: string | null; debtToIncomeRatio: string | null; ... 25 more ...; bureauRawData: unknown; } | null'.
  Type 'undefined' is not assignable to type '{ id: string; createdAt: Date | null; updatedAt: Date | null; userId: string; annualIncome: string | null; netWorth: string | null; monthlyIncome: string | null; debtToIncomeRatio: string | null; ... 25 more ...; bureauRawData: unknown; } | null'.
server/loan-marketplace/loan-orchestrator.ts(230,7): error TS2353: Object literal may only specify known properties, and 'productId' does not exist in type '{ status?: string | null | undefined; userId?: string | null | undefined; prospectId?: string | null | undefined; createdByAgentId?: string | null | undefined; monthlyIncome?: string | null | undefined; ... 4 more ...; tenureMonths?: number | ... 1 more ... | undefined; }'.
server/loan-marketplace/loan-orchestrator.ts(569,41): error TS2345: Argument of type 'string | null' is not assignable to parameter of type 'string'.
  Type 'null' is not assignable to type 'string'.
server/market-story-service.ts(59,9): error TS2322: Type '"gemini-1.5-flash"' is not assignable to type 'AIModel | undefined'.
server/market-story-service.ts(168,9): error TS2322: Type '"gemini-1.5-flash"' is not assignable to type 'AIModel | undefined'.
server/marketing-routes.ts(247,23): error TS2339: Property 'mobile' does not exist on type '{ id: string; campaignId: string; userId: string | null; status: string | null; errorCode: string | null; errorMessage: string | null; externalMessageId: string | null; deliveredAt: Date | null; openedAt: Date | null; clickedAt: Date | null; createdAt: Date | null; }'.
server/marketing-routes.ts(248,76): error TS2339: Property 'mobile' does not exist on type '{ id: string; campaignId: string; userId: string | null; status: string | null; errorCode: string | null; errorMessage: string | null; externalMessageId: string | null; deliveredAt: Date | null; openedAt: Date | null; clickedAt: Date | null; createdAt: Date | null; }'.
server/marketing-routes.ts(1745,39): error TS2339: Property 'sendSMS' does not exist on type 'SMSMarketingService'.
server/marketing-routes.ts(1979,49): error TS2769: No overload matches this call.
  Overload 1 of 2, '(value: { userId: string | SQL<unknown> | Placeholder<string, any>; id?: string | SQL<unknown> | Placeholder<string, any> | undefined; cin?: string | SQL<unknown> | Placeholder<...> | null | undefined; ... 19 more ...; nextRefreshDue?: SQL<...> | ... 3 more ... | undefined; }): PgInsertBase<...>', gave the following error.
    Object literal may only specify known properties, and 'email' does not exist in type '{ userId: string | SQL<unknown> | Placeholder<string, any>; id?: string | SQL<unknown> | Placeholder<string, any> | undefined; cin?: string | SQL<unknown> | Placeholder<...> | null | undefined; ... 19 more ...; nextRefreshDue?: SQL<...> | ... 3 more ... | undefined; }'.
  Overload 2 of 2, '(values: { userId: string | SQL<unknown> | Placeholder<string, any>; id?: string | SQL<unknown> | Placeholder<string, any> | undefined; cin?: string | SQL<unknown> | Placeholder<...> | null | undefined; ... 19 more ...; nextRefreshDue?: SQL<...> | ... 3 more ... | undefined; }[]): PgInsertBase<...>', gave the following error.
    Object literal may only specify known properties, and 'userId' does not exist in type '{ userId: string | SQL<unknown> | Placeholder<string, any>; id?: string | SQL<unknown> | Placeholder<string, any> | undefined; cin?: string | SQL<unknown> | Placeholder<...> | null | undefined; ... 19 more ...; nextRefreshDue?: SQL<...> | ... 3 more ... | undefined; }[]'.
server/marketing-routes.ts(1992,22): error TS2353: Object literal may only specify known properties, and 'synced' does not exist in type '{ userId?: string | SQL<unknown> | PgColumn<ColumnBaseConfig<ColumnDataType, string>, {}, {}> | undefined; id?: string | SQL<unknown> | PgColumn<...> | undefined; ... 20 more ...; nextRefreshDue?: SQL<...> | ... 3 more ... | undefined; }'.
server/marketing-routes.ts(2035,45): error TS2769: No overload matches this call.
  Overload 1 of 2, '(value: { userId: string | SQL<unknown> | Placeholder<string, any>; id?: string | SQL<unknown> | Placeholder<string, any> | undefined; cin?: string | SQL<unknown> | Placeholder<...> | null | undefined; ... 19 more ...; nextRefreshDue?: SQL<...> | ... 3 more ... | undefined; }): PgInsertBase<...>', gave the following error.
    Object literal may only specify known properties, and 'email' does not exist in type '{ userId: string | SQL<unknown> | Placeholder<string, any>; id?: string | SQL<unknown> | Placeholder<string, any> | undefined; cin?: string | SQL<unknown> | Placeholder<...> | null | undefined; ... 19 more ...; nextRefreshDue?: SQL<...> | ... 3 more ... | undefined; }'.
  Overload 2 of 2, '(values: { userId: string | SQL<unknown> | Placeholder<string, any>; id?: string | SQL<unknown> | Placeholder<string, any> | undefined; cin?: string | SQL<unknown> | Placeholder<...> | null | undefined; ... 19 more ...; nextRefreshDue?: SQL<...> | ... 3 more ... | undefined; }[]): PgInsertBase<...>', gave the following error.
    Object literal may only specify known properties, and 'userId' does not exist in type '{ userId: string | SQL<unknown> | Placeholder<string, any>; id?: string | SQL<unknown> | Placeholder<string, any> | undefined; cin?: string | SQL<unknown> | Placeholder<...> | null | undefined; ... 19 more ...; nextRefreshDue?: SQL<...> | ... 3 more ... | undefined; }[]'.
server/marketing-routes.ts(2047,18): error TS2353: Object literal may only specify known properties, and 'synced' does not exist in type '{ userId?: string | SQL<unknown> | PgColumn<ColumnBaseConfig<ColumnDataType, string>, {}, {}> | undefined; id?: string | SQL<unknown> | PgColumn<...> | undefined; ... 20 more ...; nextRefreshDue?: SQL<...> | ... 3 more ... | undefined; }'.
server/marketing-routes.ts(2136,23): error TS2339: Property 'targetAudience' does not exist on type '{ id: string; name: string; description: string | null; campaignType: string; zohoCampaignId: string | null; aisensyBroadcastId: string | null; status: string; targetSegment: string | null; ... 26 more ...; completedAt: Date | null; }'.
server/marketing-routes.ts(2196,10): error TS2769: No overload matches this call.
  Overload 1 of 2, '(value: { name: string | SQL<unknown> | Placeholder<string, any>; campaignType: string | SQL<unknown> | Placeholder<string, any>; id?: string | SQL<unknown> | Placeholder<...> | undefined; ... 31 more ...; completedAt?: SQL<...> | ... 3 more ... | undefined; }): PgInsertBase<...>', gave the following error.
    Object literal may only specify known properties, and 'targetAudience' does not exist in type '{ name: string | SQL<unknown> | Placeholder<string, any>; campaignType: string | SQL<unknown> | Placeholder<string, any>; id?: string | SQL<unknown> | Placeholder<...> | undefined; ... 31 more ...; completedAt?: SQL<...> | ... 3 more ... | undefined; }'.
  Overload 2 of 2, '(values: { name: string | SQL<unknown> | Placeholder<string, any>; campaignType: string | SQL<unknown> | Placeholder<string, any>; id?: string | SQL<unknown> | Placeholder<...> | undefined; ... 31 more ...; completedAt?: SQL<...> | ... 3 more ... | undefined; }[]): PgInsertBase<...>', gave the following error.
    Object literal may only specify known properties, and 'name' does not exist in type '{ name: string | SQL<unknown> | Placeholder<string, any>; campaignType: string | SQL<unknown> | Placeholder<string, any>; id?: string | SQL<unknown> | Placeholder<...> | undefined; ... 31 more ...; completedAt?: SQL<...> | ... 3 more ... | undefined; }[]'.
server/marketing-routes.ts(2398,36): error TS2339: Property 'name' does not exist on type '{ id: string; userId: string; email: string | null; mobile: string | null; password: string; firstName: string | null; middleName: string | null; lastName: string | null; profileImageUrl: string | null; ... 121 more ...; shareableProfileEnabled: boolean | null; }'.
server/marketing-routes.ts(2435,34): error TS2339: Property 'name' does not exist on type '{ id: string; userId: string; email: string | null; mobile: string | null; password: string; firstName: string | null; middleName: string | null; lastName: string | null; profileImageUrl: string | null; ... 121 more ...; shareableProfileEnabled: boolean | null; }'.
server/marketing-routes.ts(2872,45): error TS2339: Property 'getAvailableTemplates' does not exist on type 'SMSMarketingService'.
server/marketing-routes.ts(2895,48): error TS2551: Property 'sendMarketingMessage' does not exist on type 'SMSMarketingService'. Did you mean 'sendMarketingSMS'?
server/middleware/csrf.ts(16,38): error TS2339: Property 'csrfToken' does not exist on type 'Session & Partial<SessionData>'.
server/middleware/execution-guard.ts(277,46): error TS18047: 'market.executionAllowed' is possibly 'null'.
server/middleware/kyc-level-gate.ts(151,7): error TS2739: Type '{ level: "0"; panVerified: false; addressOvdVerified: false; photographCaptured: false; ckycVerified: false; kraVerified: false; videoKycCompleted: false; ipvCompleted: false; bankPennyDropVerified: false; missingRequirements: string[]; complianceDate: null; }' is missing the following properties from type 'KYCComplianceDetails': videoKycExpired, videoKycExpiryDate
server/middleware/kyc-level-gate.ts(168,31): error TS2339: Property 'panVerifiedViaSandbox' does not exist on type '{ id: string; userId: string; clientType: string | null; entityType: string | null; firstName: string | null; middleName: string | null; lastName: string | null; gender: string | null; ... 104 more ...; updatedAt: Date | null; }'.
server/middleware/kyc-level-gate.ts(174,31): error TS2339: Property 'kraVerifiedViaProtean' does not exist on type '{ id: string; userId: string; clientType: string | null; entityType: string | null; firstName: string | null; middleName: string | null; lastName: string | null; gender: string | null; ... 104 more ...; updatedAt: Date | null; }'.
server/middleware/kyc-level-gate.ts(184,36): error TS2339: Property 'videoKycCompleted' does not exist on type '{ id: string; userId: string; clientType: string | null; entityType: string | null; firstName: string | null; middleName: string | null; lastName: string | null; gender: string | null; ... 104 more ...; updatedAt: Date | null; }'.
server/middleware/kyc-level-gate.ts(195,32): error TS2339: Property 'faceToFaceVerificationCompleted' does not exist on type '{ id: string; userId: string; clientType: string | null; entityType: string | null; firstName: string | null; middleName: string | null; lastName: string | null; gender: string | null; ... 104 more ...; updatedAt: Date | null; }'.
server/middleware/suitability-gate.ts(48,41): error TS2339: Property 'riskCategory' does not exist on type 'PgTableWithColumns<{ name: "user_profiles"; schema: undefined; columns: { id: PgColumn<{ name: "id"; tableName: "user_profiles"; dataType: "string"; columnType: "PgVarchar"; data: string; driverParam: string; notNull: true; ... 7 more ...; generated: undefined; }, {}, { ...; }>; ... 111 more ...; updatedAt: PgColumn...'.
server/middleware/suitability-gate.ts(49,45): error TS2339: Property 'riskLastAssessed' does not exist on type 'PgTableWithColumns<{ name: "user_profiles"; schema: undefined; columns: { id: PgColumn<{ name: "id"; tableName: "user_profiles"; dataType: "string"; columnType: "PgVarchar"; data: string; driverParam: string; notNull: true; ... 7 more ...; generated: undefined; }, {}, { ...; }>; ... 111 more ...; updatedAt: PgColumn...'.
server/modules/research/dataService.ts(1118,41): error TS2339: Property 'return_1m' does not exist on type '{}'.
server/modules/research/dataService.ts(1118,71): error TS2339: Property 'return_6m' does not exist on type '{}'.
server/modules/research/dataService.ts(1118,101): error TS2339: Property 'return_1y' does not exist on type '{}'.
server/modules/research/dataService.ts(1157,9): error TS2322: Type 'DBData | { eps: null; bookValue: null; roe: null; roce: null; dividendYield: null; debtToEquity: null; revenueGrowth: null; earningsGrowth: null; beta: null; operatingCashFlow: null; freeCashFlow: null; ... 6 more ...; lastUpdated: null; }' is not assignable to type 'DBData'.
  Property 'existsInListedStocks' is missing in type '{ eps: null; bookValue: null; roe: null; roce: null; dividendYield: null; debtToEquity: null; revenueGrowth: null; earningsGrowth: null; beta: null; operatingCashFlow: null; freeCashFlow: null; revenue: null; ... 5 more ...; lastUpdated: null; }' but required in type 'DBData'.
server/modules/research/dataService.ts(1167,7): error TS2740: Type '{ roe: null; roce: null; dividendYield: null; bookValue: null; revenueGrowth: null; earningsGrowth: null; debtToEquity: null; pe: null; pb: null; revenue: null; netIncome: null; operatingCashFlow: null; freeCashFlow: null; operatingMargin: null; }' is missing the following properties from type 'ScreenerData': plHistory, bsHistory, cfHistory, ratiosHistory, and 8 more.
server/modules/research/dataService.ts(1286,64): error TS2353: Object literal may only specify known properties, and '_screenerData' does not exist in type 'FinancialData & { _fundamentalsSource: FundamentalsSource; }'.
server/modules/research/dataService.ts(1304,66): error TS2353: Object literal may only specify known properties, and '_screenerData' does not exist in type 'FinancialData & { _fundamentalsSource: FundamentalsSource; }'.
server/modules/research/dataService.ts(1326,32): error TS2820: Type '"SCREENER_DIRECT"' is not assignable to type '"NONE" | "SCREENER_LIVE" | "DB_CACHE" | "PYTHON_YFINANCE"'. Did you mean '"SCREENER_LIVE"'?
server/modules/research/dataService.ts(1347,7): error TS2353: Object literal may only specify known properties, and '_screenerData' does not exist in type 'FinancialData & { _fundamentalsSource: FundamentalsSource; }'.
server/modules/research/reportService.ts(8,25): error TS7016: Could not find a declaration file for module 'pdfkit'. '/Users/sangrammohanty/Documents/GitHub/FintekPro/node_modules/pdfkit/js/pdfkit.js' implicitly has an 'any' type.
  Try `npm i --save-dev @types/pdfkit` if it exists or add a new declaration (.d.ts) file containing `declare module 'pdfkit';`
server/modules/research/reportService.ts(268,22): error TS2345: Argument of type 'number | null | undefined' is not assignable to parameter of type 'number | null'.
  Type 'undefined' is not assignable to type 'number | null'.
server/modules/research/reportService.ts(275,22): error TS2345: Argument of type 'number | null | undefined' is not assignable to parameter of type 'number | null'.
  Type 'undefined' is not assignable to type 'number | null'.
server/modules/research/reportService.ts(289,19): error TS2345: Argument of type 'number | null | undefined' is not assignable to parameter of type 'number | null'.
  Type 'undefined' is not assignable to type 'number | null'.
server/modules/research/reportService.ts(296,19): error TS2345: Argument of type 'number | null | undefined' is not assignable to parameter of type 'number | null'.
  Type 'undefined' is not assignable to type 'number | null'.
server/modules/research/reportService.ts(303,22): error TS2345: Argument of type 'number | null | undefined' is not assignable to parameter of type 'number | null'.
  Type 'undefined' is not assignable to type 'number | null'.
server/modules/research/reportService.ts(857,59): error TS2345: Argument of type 'number | null | undefined' is not assignable to parameter of type 'number | null'.
  Type 'undefined' is not assignable to type 'number | null'.
server/modules/research/reportService.ts(858,73): error TS2345: Argument of type 'number | null | undefined' is not assignable to parameter of type 'number | null'.
  Type 'undefined' is not assignable to type 'number | null'.
server/modules/research/reportService.ts(860,48): error TS2345: Argument of type 'number | null | undefined' is not assignable to parameter of type 'number | null'.
  Type 'undefined' is not assignable to type 'number | null'.
server/modules/research/reportService.ts(861,59): error TS2345: Argument of type 'number | null | undefined' is not assignable to parameter of type 'number | null'.
  Type 'undefined' is not assignable to type 'number | null'.
server/modules/research/reportService.ts(862,73): error TS2345: Argument of type 'number | null | undefined' is not assignable to parameter of type 'number | null'.
  Type 'undefined' is not assignable to type 'number | null'.
server/partner-application-adapters.ts(127,7): error TS2353: Object literal may only specify known properties, and 'providerResponse' does not exist in type 'Partial<{ id: string; panNumber: string | null; aadharNumber: string | null; ifscCode: string | null; createdAt: Date | null; updatedAt: Date | null; interestRate: string | null; ... 31 more ...; statusUpdates: unknown; }>'.
server/partner-application-adapters.ts(263,7): error TS2353: Object literal may only specify known properties, and 'providerResponse' does not exist in type 'Partial<{ id: string; panNumber: string | null; aadharNumber: string | null; ifscCode: string | null; createdAt: Date | null; updatedAt: Date | null; interestRate: string | null; ... 31 more ...; statusUpdates: unknown; }>'.
server/partner-application-adapters.ts(399,7): error TS2353: Object literal may only specify known properties, and 'providerResponse' does not exist in type 'Partial<{ id: string; panNumber: string | null; aadharNumber: string | null; ifscCode: string | null; createdAt: Date | null; updatedAt: Date | null; interestRate: string | null; ... 31 more ...; statusUpdates: unknown; }>'.
server/partner-application-adapters.ts(543,7): error TS2353: Object literal may only specify known properties, and 'providerResponse' does not exist in type 'Partial<{ id: string; panNumber: string | null; aadharNumber: string | null; ifscCode: string | null; createdAt: Date | null; updatedAt: Date | null; interestRate: string | null; ... 31 more ...; statusUpdates: unknown; }>'.
server/partner-service.ts(49,11): error TS2740: Type '{ id: string; companyName: string; contactEmail: string; contactPhone: string; address: string; website: string; password: string; isActive: true; isVerified: true; partnerType: string; permissions: { ...; }; ... 4 more ...; updatedAt: Date; }' is missing the following properties from type '{ id: string; companyName: string; contactEmail: string; contactPhone: string | null; address: string | null; website: string | null; password: string; isActive: boolean | null; isVerified: boolean | null; ... 68 more ...; updatedAt: Date | null; }': gstin, cin, productTypes, arnCode, and 58 more.
server/partner-service.ts(103,9): error TS2353: Object literal may only specify known properties, and 'priority' does not exist in type '{ id: string; name: string; createdAt: Date | null; updatedAt: Date | null; partnerId: string; description: string | null; category: string; subCategory: string | null; provider: string | null; ... 43 more ...; isPublic: boolean | null; }'.
server/partner-service.ts(136,9): error TS2353: Object literal may only specify known properties, and 'priority' does not exist in type '{ id: string; name: string; createdAt: Date | null; updatedAt: Date | null; partnerId: string; description: string | null; category: string; subCategory: string | null; provider: string | null; ... 43 more ...; isPublic: boolean | null; }'.
server/partner-service.ts(218,11): error TS2322: Type '{ id: `${string}-${string}-${string}-${string}-${string}`; createdAt: Date; updatedAt: Date; companyName: string; contactEmail: string; password: string; partnerType: string; contactPhone?: string | null | undefined; ... 69 more ...; referredById?: string | ... 1 more ... | undefined; }' is not assignable to type '{ id: string; companyName: string; contactEmail: string; contactPhone: string | null; address: string | null; website: string | null; password: string; isActive: boolean | null; isVerified: boolean | null; ... 68 more ...; updatedAt: Date | null; }'.
  Types of property 'contactPhone' are incompatible.
    Type 'string | null | undefined' is not assignable to type 'string | null'.
      Type 'undefined' is not assignable to type 'string | null'.
server/partner-service.ts(258,11): error TS2322: Type '{ id: `${string}-${string}-${string}-${string}-${string}`; createdAt: Date; updatedAt: Date; name: string; partnerId: string; category: string; description?: string | null | undefined; subCategory?: string | ... 1 more ... | undefined; ... 44 more ...; isPublic?: boolean | ... 1 more ... | undefined; }' is not assignable to type '{ id: string; name: string; createdAt: Date | null; updatedAt: Date | null; partnerId: string; description: string | null; category: string; subCategory: string | null; provider: string | null; ... 43 more ...; isPublic: boolean | null; }'.
  Types of property 'description' are incompatible.
    Type 'string | null | undefined' is not assignable to type 'string | null'.
      Type 'undefined' is not assignable to type 'string | null'.
server/partner-service.ts(296,11): error TS2322: Type '{ id: `${string}-${string}-${string}-${string}-${string}`; ticketNumber: string; createdAt: Date; updatedAt: Date; description: string; category: string; clientName: string; clientEmail: string; ... 11 more ...; tags?: string[] | ... 1 more ... | undefined; }' is not assignable to type '{ id: string; createdAt: Date | null; updatedAt: Date | null; description: string; category: string; status: string | null; userId: string | null; source: string | null; ... 11 more ...; tags: string[] | null; }'.
  Types of property 'status' are incompatible.
    Type 'string | null | undefined' is not assignable to type 'string | null'.
      Type 'undefined' is not assignable to type 'string | null'.
server/partner-service.ts(326,11): error TS2322: Type '{ id: `${string}-${string}-${string}-${string}-${string}`; createdAt: Date; message: string; ticketId: string; senderType: string; senderName: string; attachments?: Json | undefined; senderId?: string | ... 1 more ... | undefined; messageType?: string | ... 1 more ... | undefined; isInternal?: boolean | ... 1 more ....' is not assignable to type '{ id: string; createdAt: Date | null; message: string; attachments: unknown; ticketId: string; senderId: string | null; senderType: string; senderName: string; messageType: string | null; isInternal: boolean | null; }'.
  Property 'attachments' is optional in type '{ id: `${string}-${string}-${string}-${string}-${string}`; createdAt: Date; message: string; ticketId: string; senderType: string; senderName: string; attachments?: Json | undefined; senderId?: string | ... 1 more ... | undefined; messageType?: string | ... 1 more ... | undefined; isInternal?: boolean | ... 1 more ....' but required in type '{ id: string; createdAt: Date | null; message: string; attachments: unknown; ticketId: string; senderId: string | null; senderType: string; senderName: string; messageType: string | null; isInternal: boolean | null; }'.
server/partner-service.ts(384,17): error TS2339: Property 'tags' does not exist on type '{ id: string; name: string; createdAt: Date | null; updatedAt: Date | null; partnerId: string; description: string | null; category: string; subCategory: string | null; provider: string | null; ... 43 more ...; isPublic: boolean | null; }'.
server/partner-service.ts(384,28): error TS7006: Parameter 'tag' implicitly has an 'any' type.
server/penny-drop-service.ts(212,9): error TS2322: Type 'string | number' is not assignable to type 'number | undefined'.
  Type 'string' is not assignable to type 'number'.
server/portfolio-intelligence.ts(29,36): error TS2345: Argument of type 'string | null' is not assignable to parameter of type 'string'.
  Type 'null' is not assignable to type 'string'.
server/portfolio-intelligence.ts(30,59): error TS2345: Argument of type 'string | null' is not assignable to parameter of type 'string'.
  Type 'null' is not assignable to type 'string'.
server/portfolio-intelligence.ts(120,95): error TS2345: Argument of type 'string | null' is not assignable to parameter of type 'string'.
  Type 'null' is not assignable to type 'string'.
server/portfolio-intelligence.ts(287,59): error TS2345: Argument of type 'string | null' is not assignable to parameter of type 'string'.
  Type 'null' is not assignable to type 'string'.
server/predictiveAnalytics.ts(1,81): error TS2724: '"@shared/schema"' has no exported member named 'InsertRiskAnalysis'. Did you mean 'riskAnalysis'?
server/predictiveAnalytics.ts(209,69): error TS2345: Argument of type 'string | null' is not assignable to parameter of type 'string'.
  Type 'null' is not assignable to type 'string'.
server/predictiveAnalytics.ts(214,38): error TS2345: Argument of type 'string | null' is not assignable to parameter of type 'string'.
  Type 'null' is not assignable to type 'string'.
server/predictiveAnalytics.ts(250,69): error TS2345: Argument of type 'string | null' is not assignable to parameter of type 'string'.
  Type 'null' is not assignable to type 'string'.
server/predictiveAnalytics.ts(251,65): error TS2345: Argument of type 'string | null' is not assignable to parameter of type 'string'.
  Type 'null' is not assignable to type 'string'.
server/product-account-service.ts(54,34): error TS2339: Property 'bankAccountId' does not exist on type '{ id: string; createdAt: Date | null; updatedAt: Date | null; userId: string; productCategory: string; productSubCategory: string | null; preferredBankAccountId: string | null; preferredDematAccountId: string | null; distributionMode: string | null; enableNotifications: boolean | null; preferredContactMethod: string...'.
server/product-account-service.ts(55,35): error TS2339: Property 'dematAccountId' does not exist on type '{ id: string; createdAt: Date | null; updatedAt: Date | null; userId: string; productCategory: string; productSubCategory: string | null; preferredBankAccountId: string | null; preferredDematAccountId: string | null; distributionMode: string | null; enableNotifications: boolean | null; preferredContactMethod: string...'.
server/product-account-service.ts(77,66): error TS2339: Property 'isVerified' does not exist on type '{ id: string; isActive: boolean | null; panNumber: string | null; createdAt: Date | null; updatedAt: Date | null; userId: string | null; nsdlClientId: string | null; ... 11 more ...; isDefaultForMutualFundTransactions: boolean | null; }'.
server/product-account-service.ts(143,34): error TS2339: Property 'isVerified' does not exist on type '{ id: string; isActive: boolean | null; panNumber: string | null; createdAt: Date | null; updatedAt: Date | null; userId: string | null; nsdlClientId: string | null; ... 11 more ...; isDefaultForMutualFundTransactions: boolean | null; }'.
server/rekyc-cron.ts(127,37): error TS2339: Property 'sendSMS' does not exist on type 'SMSService'.
server/rekyc-service.ts(110,31): error TS2339: Property 'panVerifiedViaSandbox' does not exist on type '{ id: string; companyName: string | null; address: string | null; arnCode: string | null; euinNumber: string | null; panNumber: string | null; aadharNumber: string | null; bankAccountNumber: string | null; ... 104 more ...; numberOfDependents: number | null; }'.
server/rekyc-service.ts(112,31): error TS2339: Property 'kraVerifiedViaProtean' does not exist on type '{ id: string; companyName: string | null; address: string | null; arnCode: string | null; euinNumber: string | null; panNumber: string | null; aadharNumber: string | null; bankAccountNumber: string | null; ... 104 more ...; numberOfDependents: number | null; }'.
server/rekyc-service.ts(115,37): error TS2339: Property 'videoKycCompleted' does not exist on type '{ id: string; companyName: string | null; address: string | null; arnCode: string | null; euinNumber: string | null; panNumber: string | null; aadharNumber: string | null; bankAccountNumber: string | null; ... 104 more ...; numberOfDependents: number | null; }'.
server/rekyc-service.ts(116,32): error TS2339: Property 'faceToFaceVerificationCompleted' does not exist on type '{ id: string; companyName: string | null; address: string | null; arnCode: string | null; euinNumber: string | null; panNumber: string | null; aadharNumber: string | null; bankAccountNumber: string | null; ... 104 more ...; numberOfDependents: number | null; }'.
server/rekyc-service.ts(141,56): error TS2339: Property 'riskCategory' does not exist on type '{ id: string; companyName: string | null; address: string | null; arnCode: string | null; euinNumber: string | null; panNumber: string | null; aadharNumber: string | null; bankAccountNumber: string | null; ... 104 more ...; numberOfDependents: number | null; }'.
server/rekyc-service.ts(162,15): error TS2339: Property 'isUSPerson' does not exist on type '{ id: string; companyName: string | null; address: string | null; arnCode: string | null; euinNumber: string | null; panNumber: string | null; aadharNumber: string | null; bankAccountNumber: string | null; ... 104 more ...; numberOfDependents: number | null; }'.
server/rekyc-service.ts(163,15): error TS2339: Property 'isEUResident' does not exist on type '{ id: string; companyName: string | null; address: string | null; arnCode: string | null; euinNumber: string | null; panNumber: string | null; aadharNumber: string | null; bankAccountNumber: string | null; ... 104 more ...; numberOfDependents: number | null; }'.
server/rekyc-service.ts(179,16): error TS2339: Property 'videoKycCompleted' does not exist on type '{ id: string; companyName: string | null; address: string | null; arnCode: string | null; euinNumber: string | null; panNumber: string | null; aadharNumber: string | null; bankAccountNumber: string | null; ... 104 more ...; numberOfDependents: number | null; }'.
server/rekyc-service.ts(198,27): error TS2339: Property 'riskCategory' does not exist on type '{ id: string; companyName: string | null; address: string | null; arnCode: string | null; euinNumber: string | null; panNumber: string | null; aadharNumber: string | null; bankAccountNumber: string | null; ... 104 more ...; numberOfDependents: number | null; }'.
server/rekyc-service.ts(244,60): error TS2339: Property 'riskCategory' does not exist on type '{ id: string; companyName: string | null; address: string | null; arnCode: string | null; euinNumber: string | null; panNumber: string | null; aadharNumber: string | null; bankAccountNumber: string | null; ... 104 more ...; numberOfDependents: number | null; }'.
server/rekyc-service.ts(296,55): error TS2339: Property 'riskCategory' does not exist on type '{ id: string; companyName: string | null; address: string | null; arnCode: string | null; euinNumber: string | null; panNumber: string | null; aadharNumber: string | null; bankAccountNumber: string | null; ... 104 more ...; numberOfDependents: number | null; }'.
server/report-generator.ts(143,39): error TS2769: No overload matches this call.
  Overload 1 of 2, '(value: { periodStart: string | SQL<unknown> | Placeholder<string, any>; periodEnd: string | SQL<unknown> | Placeholder<string, any>; statementType: string | SQL<...> | Placeholder<...>; ... 27 more ...; isConsolidated?: boolean | ... 3 more ... | undefined; }): PgInsertBase<...>', gave the following error.
    Object literal may only specify known properties, and 'statementFormat' does not exist in type '{ periodStart: string | SQL<unknown> | Placeholder<string, any>; periodEnd: string | SQL<unknown> | Placeholder<string, any>; statementType: string | SQL<...> | Placeholder<...>; ... 27 more ...; isConsolidated?: boolean | ... 3 more ... | undefined; }'.
  Overload 2 of 2, '(values: { periodStart: string | SQL<unknown> | Placeholder<string, any>; periodEnd: string | SQL<unknown> | Placeholder<string, any>; statementType: string | SQL<...> | Placeholder<...>; ... 27 more ...; isConsolidated?: boolean | ... 3 more ... | undefined; }[]): PgInsertBase<...>', gave the following error.
    Object literal may only specify known properties, and 'userId' does not exist in type '{ periodStart: string | SQL<unknown> | Placeholder<string, any>; periodEnd: string | SQL<unknown> | Placeholder<string, any>; statementType: string | SQL<...> | Placeholder<...>; ... 27 more ...; isConsolidated?: boolean | ... 3 more ... | undefined; }[]'.
server/role-routes.ts(357,31): error TS2339: Property 'status' does not exist on type 'PgTableWithColumns<{ name: "agent_commissions"; schema: undefined; columns: { id: PgColumn<{ name: "id"; tableName: "agent_commissions"; dataType: "string"; columnType: "PgVarchar"; data: string; driverParam: string; ... 8 more ...; generated: undefined; }, {}, { ...; }>; ... 25 more ...; updatedAt: PgColumn<...>; }...'.
server/routes/aa-consent-routes.ts(95,45): error TS2339: Property 'createConsent' does not exist on type 'AAFIUService'.
server/routes/aa-consent-routes.ts(105,41): error TS2769: No overload matches this call.
  Overload 1 of 2, '(value: { expiresAt: SQL<unknown> | Date | Placeholder<string, any>; dataSource: string | SQL<unknown> | Placeholder<string, any>; consentGiven: boolean | SQL<...> | Placeholder<...>; ... 17 more ...; regulatoryCompliance?: unknown; }): PgInsertBase<...>', gave the following error.
    Argument of type '{ userId: string; dataSource: string; provider: string; consentGiven: true; consentPurpose: string; consentText: string; ipAddress: string; userAgent: string; }' is not assignable to parameter of type '{ expiresAt: SQL<unknown> | Date | Placeholder<string, any>; dataSource: string | SQL<unknown> | Placeholder<string, any>; consentGiven: boolean | SQL<...> | Placeholder<...>; ... 17 more ...; regulatoryCompliance?: unknown; }'.
      Property 'expiresAt' is missing in type '{ userId: string; dataSource: string; provider: string; consentGiven: true; consentPurpose: string; consentText: string; ipAddress: string; userAgent: string; }' but required in type '{ expiresAt: SQL<unknown> | Date | Placeholder<string, any>; dataSource: string | SQL<unknown> | Placeholder<string, any>; consentGiven: boolean | SQL<...> | Placeholder<...>; ... 17 more ...; regulatoryCompliance?: unknown; }'.
  Overload 2 of 2, '(values: { expiresAt: SQL<unknown> | Date | Placeholder<string, any>; dataSource: string | SQL<unknown> | Placeholder<string, any>; consentGiven: boolean | SQL<...> | Placeholder<...>; ... 17 more ...; regulatoryCompliance?: unknown; }[]): PgInsertBase<...>', gave the following error.
    Object literal may only specify known properties, and 'userId' does not exist in type '{ expiresAt: SQL<unknown> | Date | Placeholder<string, any>; dataSource: string | SQL<unknown> | Placeholder<string, any>; consentGiven: boolean | SQL<...> | Placeholder<...>; ... 17 more ...; regulatoryCompliance?: unknown; }[]'.
server/routes/aa-consent-routes.ts(148,41): error TS2339: Property 'fetchAllData' does not exist on type 'AAFIUService'.
server/routes/aa-consent-routes.ts(396,41): error TS2769: No overload matches this call.
  Overload 1 of 2, '(value: { expiresAt: SQL<unknown> | Date | Placeholder<string, any>; dataSource: string | SQL<unknown> | Placeholder<string, any>; consentGiven: boolean | SQL<...> | Placeholder<...>; ... 17 more ...; regulatoryCompliance?: unknown; }): PgInsertBase<...>', gave the following error.
    Argument of type '{ userId: string; dataSource: string; provider: string; consentGiven: false; consentPurpose: string; consentText: string; ipAddress: string; userAgent: string; }' is not assignable to parameter of type '{ expiresAt: SQL<unknown> | Date | Placeholder<string, any>; dataSource: string | SQL<unknown> | Placeholder<string, any>; consentGiven: boolean | SQL<...> | Placeholder<...>; ... 17 more ...; regulatoryCompliance?: unknown; }'.
      Property 'expiresAt' is missing in type '{ userId: string; dataSource: string; provider: string; consentGiven: false; consentPurpose: string; consentText: string; ipAddress: string; userAgent: string; }' but required in type '{ expiresAt: SQL<unknown> | Date | Placeholder<string, any>; dataSource: string | SQL<unknown> | Placeholder<string, any>; consentGiven: boolean | SQL<...> | Placeholder<...>; ... 17 more ...; regulatoryCompliance?: unknown; }'.
  Overload 2 of 2, '(values: { expiresAt: SQL<unknown> | Date | Placeholder<string, any>; dataSource: string | SQL<unknown> | Placeholder<string, any>; consentGiven: boolean | SQL<...> | Placeholder<...>; ... 17 more ...; regulatoryCompliance?: unknown; }[]): PgInsertBase<...>', gave the following error.
    Object literal may only specify known properties, and 'userId' does not exist in type '{ expiresAt: SQL<unknown> | Date | Placeholder<string, any>; dataSource: string | SQL<unknown> | Placeholder<string, any>; consentGiven: boolean | SQL<...> | Placeholder<...>; ... 17 more ...; regulatoryCompliance?: unknown; }[]'.
server/routes/admin-dsa-loan-routes.ts(106,33): error TS2769: No overload matches this call.
  Overload 1 of 3, '(left: PgColumn<{ name: "status"; tableName: "dsa_loan_applications"; dataType: "string"; columnType: "PgEnumColumn"; data: "draft" | "submitted" | "rejected" | "expired" | "approved" | "eligibility_check" | ... 4 more ... | "withdrawn"; ... 9 more ...; generated: undefined; }, {}, {}>, right: SQLWrapper | ... 10 more ... | "withdrawn"): SQL<...>', gave the following error.
    Argument of type 'string' is not assignable to parameter of type 'SQLWrapper | "draft" | "submitted" | "rejected" | "expired" | "approved" | "eligibility_check" | "routed" | "pending_with_banks" | "in_review" | "disbursed" | "withdrawn"'.
  Overload 2 of 3, '(left: Aliased<string>, right: string | SQLWrapper): SQL<unknown>', gave the following error.
    Argument of type 'PgColumn<{ name: "status"; tableName: "dsa_loan_applications"; dataType: "string"; columnType: "PgEnumColumn"; data: "draft" | "submitted" | "rejected" | "expired" | "approved" | "eligibility_check" | ... 4 more ... | "withdrawn"; ... 9 more ...; generated: undefined; }, {}, {}>' is not assignable to parameter of type 'Aliased<string>'.
      Type 'PgColumn<{ name: "status"; tableName: "dsa_loan_applications"; dataType: "string"; columnType: "PgEnumColumn"; data: "draft" | "submitted" | "rejected" | "expired" | "approved" | "eligibility_check" | ... 4 more ... | "withdrawn"; ... 9 more ...; generated: undefined; }, {}, {}>' is missing the following properties from type 'Aliased<string>': sql, fieldAlias
  Overload 3 of 3, '(left: never, right: unknown): SQL<unknown>', gave the following error.
    Argument of type 'PgColumn<{ name: "status"; tableName: "dsa_loan_applications"; dataType: "string"; columnType: "PgEnumColumn"; data: "draft" | "submitted" | "rejected" | "expired" | "approved" | "eligibility_check" | ... 4 more ... | "withdrawn"; ... 9 more ...; generated: undefined; }, {}, {}>' is not assignable to parameter of type 'never'.
server/routes/admin-prospects.ts(348,39): error TS2769: No overload matches this call.
  Overload 1 of 2, '(value: { activityType: string | SQL<unknown> | Placeholder<string, any>; leadId: string | SQL<unknown> | Placeholder<string, any>; id?: string | SQL<unknown> | Placeholder<...> | undefined; ... 6 more ...; nextActionDate?: SQL<...> | ... 3 more ... | undefined; }): PgInsertBase<...>', gave the following error.
    Object literal may only specify known properties, and 'metadata' does not exist in type '{ activityType: string | SQL<unknown> | Placeholder<string, any>; leadId: string | SQL<unknown> | Placeholder<string, any>; id?: string | SQL<unknown> | Placeholder<...> | undefined; ... 6 more ...; nextActionDate?: SQL<...> | ... 3 more ... | undefined; }'.
  Overload 2 of 2, '(values: { activityType: string | SQL<unknown> | Placeholder<string, any>; leadId: string | SQL<unknown> | Placeholder<string, any>; id?: string | SQL<unknown> | Placeholder<...> | undefined; ... 6 more ...; nextActionDate?: SQL<...> | ... 3 more ... | undefined; }[]): PgInsertBase<...>', gave the following error.
    Object literal may only specify known properties, and 'leadId' does not exist in type '{ activityType: string | SQL<unknown> | Placeholder<string, any>; leadId: string | SQL<unknown> | Placeholder<string, any>; id?: string | SQL<unknown> | Placeholder<...> | undefined; ... 6 more ...; nextActionDate?: SQL<...> | ... 3 more ... | undefined; }[]'.
server/routes/admin-prospects.ts(443,37): error TS2769: No overload matches this call.
  Overload 1 of 2, '(value: { activityType: string | SQL<unknown> | Placeholder<string, any>; leadId: string | SQL<unknown> | Placeholder<string, any>; id?: string | SQL<unknown> | Placeholder<...> | undefined; ... 6 more ...; nextActionDate?: SQL<...> | ... 3 more ... | undefined; }): PgInsertBase<...>', gave the following error.
    Object literal may only specify known properties, and 'metadata' does not exist in type '{ activityType: string | SQL<unknown> | Placeholder<string, any>; leadId: string | SQL<unknown> | Placeholder<string, any>; id?: string | SQL<unknown> | Placeholder<...> | undefined; ... 6 more ...; nextActionDate?: SQL<...> | ... 3 more ... | undefined; }'.
  Overload 2 of 2, '(values: { activityType: string | SQL<unknown> | Placeholder<string, any>; leadId: string | SQL<unknown> | Placeholder<string, any>; id?: string | SQL<unknown> | Placeholder<...> | undefined; ... 6 more ...; nextActionDate?: SQL<...> | ... 3 more ... | undefined; }[]): PgInsertBase<...>', gave the following error.
    Object literal may only specify known properties, and 'leadId' does not exist in type '{ activityType: string | SQL<unknown> | Placeholder<string, any>; leadId: string | SQL<unknown> | Placeholder<string, any>; id?: string | SQL<unknown> | Placeholder<...> | undefined; ... 6 more ...; nextActionDate?: SQL<...> | ... 3 more ... | undefined; }[]'.
server/routes/admin-prospects.ts(541,41): error TS2769: No overload matches this call.
  Overload 1 of 2, '(value: { activityType: string | SQL<unknown> | Placeholder<string, any>; leadId: string | SQL<unknown> | Placeholder<string, any>; id?: string | SQL<unknown> | Placeholder<...> | undefined; ... 6 more ...; nextActionDate?: SQL<...> | ... 3 more ... | undefined; }): PgInsertBase<...>', gave the following error.
    Object literal may only specify known properties, and 'metadata' does not exist in type '{ activityType: string | SQL<unknown> | Placeholder<string, any>; leadId: string | SQL<unknown> | Placeholder<string, any>; id?: string | SQL<unknown> | Placeholder<...> | undefined; ... 6 more ...; nextActionDate?: SQL<...> | ... 3 more ... | undefined; }'.
  Overload 2 of 2, '(values: { activityType: string | SQL<unknown> | Placeholder<string, any>; leadId: string | SQL<unknown> | Placeholder<string, any>; id?: string | SQL<unknown> | Placeholder<...> | undefined; ... 6 more ...; nextActionDate?: SQL<...> | ... 3 more ... | undefined; }[]): PgInsertBase<...>', gave the following error.
    Object literal may only specify known properties, and 'leadId' does not exist in type '{ activityType: string | SQL<unknown> | Placeholder<string, any>; leadId: string | SQL<unknown> | Placeholder<string, any>; id?: string | SQL<unknown> | Placeholder<...> | undefined; ... 6 more ...; nextActionDate?: SQL<...> | ... 3 more ... | undefined; }[]'.
server/routes/admin-prospects.ts(587,34): error TS2339: Property 'metadata' does not exist on type 'PgTableWithColumns<{ name: "lead_activities"; schema: undefined; columns: { id: PgColumn<{ name: "id"; tableName: "lead_activities"; dataType: "string"; columnType: "PgVarchar"; data: string; driverParam: string; notNull: true; ... 7 more ...; generated: undefined; }, {}, { ...; }>; ... 8 more ...; createdAt: PgColu...'.
server/routes/admin/db-governance.ts(16,24): error TS2724: '"../../middleware/roleMiddleware"' has no exported member named 'requireSuperadmin'. Did you mean 'requireAdmin'?
server/routes/admin/index-3-2.ts(98,48): error TS2345: Argument of type '{ firstName: any; lastName: any; email: any; mobile: any; roles: any[]; isActive: any; password: string; loginCount: number; lastLoginAt: null; middleName: null; profileImageUrl: null; isEmailVerified: false; ... 11 more ...; riskTolerance: null; }' is not assignable to parameter of type '{ password: string; userId: string; id?: string | undefined; companyName?: string | null | undefined; address?: string | null | undefined; isActive?: boolean | null | undefined; arnCode?: string | ... 1 more ... | undefined; ... 123 more ...; shareableProfileEnabled?: boolean | ... 1 more ... | undefined; }'.
  Property 'userId' is missing in type '{ firstName: any; lastName: any; email: any; mobile: any; roles: any[]; isActive: any; password: string; loginCount: number; lastLoginAt: null; middleName: null; profileImageUrl: null; isEmailVerified: false; ... 11 more ...; riskTolerance: null; }' but required in type '{ password: string; userId: string; id?: string | undefined; companyName?: string | null | undefined; address?: string | null | undefined; isActive?: boolean | null | undefined; arnCode?: string | ... 1 more ... | undefined; ... 123 more ...; shareableProfileEnabled?: boolean | ... 1 more ... | undefined; }'.
server/routes/admin/index-4-1-1.ts(92,37): error TS2345: Argument of type '{ severity: string; message: string; action: string; }' is not assignable to parameter of type 'never'.
server/routes/admin/index-4-1-1.ts(124,37): error TS2345: Argument of type '{ severity: string; message: string; action: string; }' is not assignable to parameter of type 'never'.
server/routes/admin/index-4-1-1.ts(150,39): error TS2345: Argument of type '{ severity: string; message: string; action: string; }' is not assignable to parameter of type 'never'.
server/routes/admin/index-4-1-1.ts(164,37): error TS2345: Argument of type '{ severity: string; message: string; action: string; }' is not assignable to parameter of type 'never'.
server/routes/admin/index-4-1-1.ts(190,37): error TS2345: Argument of type '{ severity: string; message: string; action: string; }' is not assignable to parameter of type 'never'.
server/routes/admin/index-4-1-1.ts(202,37): error TS2345: Argument of type '{ severity: string; message: string; action: string; }' is not assignable to parameter of type 'never'.
server/routes/admin/index-4-1-1.ts(210,37): error TS2345: Argument of type '{ severity: string; message: string; action: string; }' is not assignable to parameter of type 'never'.
server/routes/admin/index-4-1-1.ts(233,27): error TS2339: Property 'totalResponseTime' does not exist on type '{ uptime: number; memory: MemoryUsage; nodeVersion: string; environment: string; }'.
server/routes/admin/index-4-1-1.ts(296,13): error TS2339: Property 'analyzeSentiment' does not exist on type 'typeof import("/Users/sangrammohanty/Documents/GitHub/FintekPro/server/gemini-service")'.
server/routes/admin/index-4-1-1.ts(390,15): error TS2339: Property 'analyzeSentiment' does not exist on type 'typeof import("/Users/sangrammohanty/Documents/GitHub/FintekPro/server/gemini-service")'.
server/routes/admin/index-4-1-1.ts(672,58): error TS2345: Argument of type 'string | null | undefined' is not assignable to parameter of type 'string'.
  Type 'undefined' is not assignable to type 'string'.
server/routes/admin/index-4-1-1.ts(676,53): error TS2345: Argument of type 'string | null | undefined' is not assignable to parameter of type 'string'.
  Type 'undefined' is not assignable to type 'string'.
server/routes/admin/index-4-1-1.ts(683,23): error TS18048: 'ckycRecord' is possibly 'undefined'.
server/routes/admin/index-4-1-1.ts(684,20): error TS18048: 'ckycRecord' is possibly 'undefined'.
server/routes/admin/index-5-1.ts(156,21): error TS18048: 'req.user' is possibly 'undefined'.
server/routes/admin/revenue-config-routes.ts(15,32): error TS2339: Property 'isActive' does not exist on type 'PgTableWithColumns<{ name: "platform_config"; schema: undefined; columns: { id: PgColumn<{ name: "id"; tableName: "platform_config"; dataType: "string"; columnType: "PgVarchar"; data: string; driverParam: string; notNull: true; ... 7 more ...; generated: undefined; }, {}, { ...; }>; ... 11 more ...; createdAt: PgCol...'.
server/routes/admin/revenue-config-routes.ts(21,30): error TS2339: Property 'configKey' does not exist on type '{ id: string; caPlatformFeePct: string | null; caReferralBonusPct: string | null; defaultCommissionStrategy: string | null; autoApproveCommissionsBelow: string | null; isCaMarketplaceActive: boolean | null; ... 6 more ...; createdAt: Date; }'.
server/routes/admin/revenue-config-routes.ts(22,27): error TS2339: Property 'configKey' does not exist on type '{ id: string; caPlatformFeePct: string | null; caReferralBonusPct: string | null; defaultCommissionStrategy: string | null; autoApproveCommissionsBelow: string | null; isCaMarketplaceActive: boolean | null; ... 6 more ...; createdAt: Date; }'.
server/routes/admin/revenue-config-routes.ts(40,14): error TS2353: Object literal may only specify known properties, and 'isActive' does not exist in type '{ id?: string | SQL<unknown> | PgColumn<ColumnBaseConfig<ColumnDataType, string>, {}, {}> | undefined; createdAt?: SQL<unknown> | Date | PgColumn<...> | undefined; ... 10 more ...; alpacaReferrerCode?: string | ... 3 more ... | undefined; }'.
server/routes/admin/revenue-config-routes.ts(41,32): error TS2339: Property 'configKey' does not exist on type 'PgTableWithColumns<{ name: "platform_config"; schema: undefined; columns: { id: PgColumn<{ name: "id"; tableName: "platform_config"; dataType: "string"; columnType: "PgVarchar"; data: string; driverParam: string; notNull: true; ... 7 more ...; generated: undefined; }, {}, { ...; }>; ... 11 more ...; createdAt: PgCol...'.
server/routes/admin/revenue-config-routes.ts(47,9): error TS2769: No overload matches this call.
  Overload 1 of 2, '(value: { id?: string | SQL<unknown> | Placeholder<string, any> | undefined; createdAt?: SQL<unknown> | Date | Placeholder<string, any> | undefined; updatedAt?: SQL<...> | ... 2 more ... | undefined; ... 9 more ...; alpacaReferrerCode?: string | ... 3 more ... | undefined; }): PgInsertBase<...>', gave the following error.
    Object literal may only specify known properties, and 'configKey' does not exist in type '{ id?: string | SQL<unknown> | Placeholder<string, any> | undefined; createdAt?: SQL<unknown> | Date | Placeholder<string, any> | undefined; updatedAt?: SQL<...> | ... 2 more ... | undefined; ... 9 more ...; alpacaReferrerCode?: string | ... 3 more ... | undefined; }'.
  Overload 2 of 2, '(values: { id?: string | SQL<unknown> | Placeholder<string, any> | undefined; createdAt?: SQL<unknown> | Date | Placeholder<string, any> | undefined; updatedAt?: SQL<...> | ... 2 more ... | undefined; ... 9 more ...; alpacaReferrerCode?: string | ... 3 more ... | undefined; }[]): PgInsertBase<...>', gave the following error.
    Object literal may only specify known properties, and 'configKey' does not exist in type '{ id?: string | SQL<unknown> | Placeholder<string, any> | undefined; createdAt?: SQL<unknown> | Date | Placeholder<string, any> | undefined; updatedAt?: SQL<...> | ... 2 more ... | undefined; ... 9 more ...; alpacaReferrerCode?: string | ... 3 more ... | undefined; }[]'.
server/routes/agent-advisory-1.ts(380,9): error TS2322: Type '({ isProspect: boolean; prospectState: string; clientType: string; id: string; uuid: string; firstName: string | null; lastName: string | null; email: string | null; mobile: string | null; ... 4 more ...; relationshipStatus: boolean | null; } | { ...; } | { ...; })[]' is not assignable to type '{ isProspect: boolean; prospectState: string; clientType: string; id: string; uuid: string; firstName: string | null; lastName: string | null; email: string | null; mobile: string | null; ... 4 more ...; relationshipStatus: boolean | null; }[]'.
  Type '{ isProspect: boolean; prospectState: string; clientType: string; id: string; uuid: string; firstName: string | null; lastName: string | null; email: string | null; mobile: string | null; ... 4 more ...; relationshipStatus: boolean | null; } | { ...; } | { ...; }' is not assignable to type '{ isProspect: boolean; prospectState: string; clientType: string; id: string; uuid: string; firstName: string | null; lastName: string | null; email: string | null; mobile: string | null; ... 4 more ...; relationshipStatus: boolean | null; }'.
    Type '{ id: string; uuid: string; firstName: string; lastName: string; email: string | null; mobile: string | null; kycStatus: string; riskProfile: string; createdAt: Date; relationshipType: string; relationshipStatus: string; isProspect: boolean; prospectState: string; clientType: string; }' is not assignable to type '{ isProspect: boolean; prospectState: string; clientType: string; id: string; uuid: string; firstName: string | null; lastName: string | null; email: string | null; mobile: string | null; ... 4 more ...; relationshipStatus: boolean | null; }'.
      Types of property 'relationshipStatus' are incompatible.
        Type 'string' is not assignable to type 'boolean | null'.
server/routes/agent-advisory-1.ts(416,42): error TS2339: Property 'sourceFormat' does not exist on type 'PgTableWithColumns<{ name: "portfolio_uploads"; schema: undefined; columns: { id: PgColumn<{ name: "id"; tableName: "portfolio_uploads"; dataType: "string"; columnType: "PgVarchar"; data: string; driverParam: string; ... 8 more ...; generated: undefined; }, {}, { ...; }>; ... 25 more ...; expiresAt: PgColumn<...>; }...'.
server/routes/agent-advisory-1.ts(417,42): error TS2339: Property 'uploadStatus' does not exist on type 'PgTableWithColumns<{ name: "portfolio_uploads"; schema: undefined; columns: { id: PgColumn<{ name: "id"; tableName: "portfolio_uploads"; dataType: "string"; columnType: "PgVarchar"; data: string; driverParam: string; ... 8 more ...; generated: undefined; }, {}, { ...; }>; ... 25 more ...; expiresAt: PgColumn<...>; }...'.
server/routes/agent-advisory-1.ts(427,33): error TS2339: Property 'uploadStatus' does not exist on type 'PgTableWithColumns<{ name: "portfolio_uploads"; schema: undefined; columns: { id: PgColumn<{ name: "id"; tableName: "portfolio_uploads"; dataType: "string"; columnType: "PgVarchar"; data: string; driverParam: string; ... 8 more ...; generated: undefined; }, {}, { ...; }>; ... 25 more ...; expiresAt: PgColumn<...>; }...'.
server/routes/agent-advisory-1.ts(428,33): error TS2339: Property 'uploadStatus' does not exist on type 'PgTableWithColumns<{ name: "portfolio_uploads"; schema: undefined; columns: { id: PgColumn<{ name: "id"; tableName: "portfolio_uploads"; dataType: "string"; columnType: "PgVarchar"; data: string; driverParam: string; ... 8 more ...; generated: undefined; }, {}, { ...; }>; ... 25 more ...; expiresAt: PgColumn<...>; }...'.
server/routes/agent-advisory-2.ts(448,11): error TS2353: Object literal may only specify known properties, and 'clientFeedback' does not exist in type '{ agentId?: string | SQL<unknown> | PgColumn<ColumnBaseConfig<ColumnDataType, string>, {}, {}> | undefined; clientId?: string | SQL<...> | PgColumn<...> | undefined; ... 25 more ...; emailOpenedAt?: SQL<...> | ... 3 more ... | undefined; }'.
server/routes/agent-advisory-2.ts(502,33): error TS2339: Property 'viewedAt' does not exist on type 'PgTableWithColumns<{ name: "proposal_shares"; schema: undefined; columns: { id: PgColumn<{ name: "id"; tableName: "proposal_shares"; dataType: "string"; columnType: "PgVarchar"; data: string; driverParam: string; notNull: true; ... 7 more ...; generated: undefined; }, {}, { ...; }>; ... 26 more ...; createdAt: PgCol...'.
server/routes/agent-advisory-2.ts(523,27): error TS2339: Property 'rationale' does not exist on type '{ id: string; proposalId: string; productType: string; productCode: string; productName: string; amc: string | null; category: string | null; subCategory: string | null; recommendedAmount: string; ... 26 more ...; updatedAt: Date | null; }'.
server/routes/agent-advisory-4.ts(157,69): error TS2345: Argument of type '{ id: string; totalValue: number; holdings: { symbol: string; quantity: number; currentPrice: number; currentValue: number; investedValue: number; gainLoss: number; gainLossPercent: number; assetType: string; sector: any; exchange: any; }[]; assetAllocation: {}; performance: { ...; }; }' is not assignable to parameter of type 'PortfolioData'.
  Types of property 'assetAllocation' are incompatible.
    Type '{}' is missing the following properties from type '{ assetType: string; percentage: number; currentValue: number; }[]': length, pop, push, concat, and 35 more.
server/routes/agent-advisory-4.ts(158,52): error TS2345: Argument of type '{ id: string; totalValue: number; holdings: { symbol: string; quantity: number; currentPrice: number; currentValue: number; investedValue: number; gainLoss: number; gainLossPercent: number; assetType: string; sector: any; exchange: any; }[]; assetAllocation: {}; performance: { ...; }; }' is not assignable to parameter of type 'PortfolioData'.
  Types of property 'assetAllocation' are incompatible.
    Type '{}' is missing the following properties from type '{ assetType: string; percentage: number; currentValue: number; }[]': length, pop, push, concat, and 35 more.
server/routes/agent-advisory-4.ts(304,63): error TS2345: Argument of type '{ id: string; totalValue: number; holdings: { symbol: string; quantity: number; currentPrice: number; currentValue: number; investedValue: number; gainLoss: number; gainLossPercent: number; assetType: string; sector: any; exchange: any; }[]; assetAllocation: {}; performance: { ...; }; }' is not assignable to parameter of type 'PortfolioData'.
  Types of property 'assetAllocation' are incompatible.
    Type '{}' is missing the following properties from type '{ assetType: string; percentage: number; currentValue: number; }[]': length, pop, push, concat, and 35 more.
server/routes/agent-advisory-4.ts(305,46): error TS2345: Argument of type '{ id: string; totalValue: number; holdings: { symbol: string; quantity: number; currentPrice: number; currentValue: number; investedValue: number; gainLoss: number; gainLossPercent: number; assetType: string; sector: any; exchange: any; }[]; assetAllocation: {}; performance: { ...; }; }' is not assignable to parameter of type 'PortfolioData'.
  Types of property 'assetAllocation' are incompatible.
    Type '{}' is missing the following properties from type '{ assetType: string; percentage: number; currentValue: number; }[]': length, pop, push, concat, and 35 more.
server/routes/agent-capital-gains-1-1.ts(4,24): error TS2305: Module '"../middleware/roleMiddleware"' has no exported member 'requireAgent'.
server/routes/agent-capital-gains-1-1.ts(84,18): error TS2339: Property 'agentId' does not exist on type '{ id: string; createdAt: Date | null; updatedAt: Date | null; status: string | null; userId: string | null; errorMessage: string | null; prospectId: string | null; source: string; ... 9 more ...; fetchedAt: Date | null; }'.
server/routes/agent-capital-gains-1-1.ts(140,18): error TS2339: Property 'agentId' does not exist on type '{ id: string; createdAt: Date | null; updatedAt: Date | null; status: string | null; userId: string | null; errorMessage: string | null; prospectId: string | null; source: string; ... 9 more ...; fetchedAt: Date | null; }'.
server/routes/agent-capital-gains-1-2.ts(5,24): error TS2305: Module '"../middleware/roleMiddleware"' has no exported member 'requireAgent'.
server/routes/agent-capital-gains-2-1.ts(5,24): error TS2305: Module '"../middleware/roleMiddleware"' has no exported member 'requireAgent'.
server/routes/agent-capital-gains-2-1.ts(18,68): error TS18048: 'req.user' is possibly 'undefined'.
server/routes/agent-capital-gains-2-1.ts(50,75): error TS2339: Property 'currentValue' does not exist on type 'PgTableWithColumns<{ name: "portfolios"; schema: undefined; columns: { id: PgColumn<{ name: "id"; tableName: "portfolios"; dataType: "string"; columnType: "PgVarchar"; data: string; driverParam: string; notNull: true; hasDefault: true; ... 6 more ...; generated: undefined; }, {}, { ...; }>; ... 13 more ...; updatedA...'.
server/routes/agent-capital-gains-2-1.ts(93,44): error TS18048: 'req.user' is possibly 'undefined'.
server/routes/agent-capital-gains-2-1.ts(94,87): error TS18048: 'req.user' is possibly 'undefined'.
server/routes/agent-capital-gains-2-1.ts(164,50): error TS2769: No overload matches this call.
  Overload 1 of 2, '(value: { password: string | SQL<unknown> | Placeholder<string, any>; userId: string | SQL<unknown> | Placeholder<string, any>; id?: string | SQL<unknown> | Placeholder<...> | undefined; ... 127 more ...; shareableProfileEnabled?: boolean | ... 3 more ... | undefined; }): PgInsertBase<...>', gave the following error.
    Object literal may only specify known properties, but 'passwordHash' does not exist in type '{ password: string | SQL<unknown> | Placeholder<string, any>; userId: string | SQL<unknown> | Placeholder<string, any>; id?: string | SQL<unknown> | Placeholder<string, any> | undefined; ... 127 more ...; shareableProfileEnabled?: boolean | ... 3 more ... | undefined; }'. Did you mean to write 'password'?
  Overload 2 of 2, '(values: { password: string | SQL<unknown> | Placeholder<string, any>; userId: string | SQL<unknown> | Placeholder<string, any>; id?: string | SQL<unknown> | Placeholder<...> | undefined; ... 127 more ...; shareableProfileEnabled?: boolean | ... 3 more ... | undefined; }[]): PgInsertBase<...>', gave the following error.
    Object literal may only specify known properties, and 'email' does not exist in type '{ password: string | SQL<unknown> | Placeholder<string, any>; userId: string | SQL<unknown> | Placeholder<string, any>; id?: string | SQL<unknown> | Placeholder<string, any> | undefined; ... 127 more ...; shareableProfileEnabled?: boolean | ... 3 more ... | undefined; }[]'.
server/routes/agent-capital-gains-2-1.ts(178,49): error TS2769: No overload matches this call.
  Overload 1 of 2, '(value: { euinNumber: string | SQL<unknown> | Placeholder<string, any>; agentId: string | SQL<unknown> | Placeholder<string, any>; clientId: string | SQL<unknown> | Placeholder<...>; ... 13 more ...; autoPopulateArn?: boolean | ... 3 more ... | undefined; }): PgInsertBase<...>', gave the following error.
    Object literal may only specify known properties, and 'status' does not exist in type '{ euinNumber: string | SQL<unknown> | Placeholder<string, any>; agentId: string | SQL<unknown> | Placeholder<string, any>; clientId: string | SQL<unknown> | Placeholder<...>; ... 13 more ...; autoPopulateArn?: boolean | ... 3 more ... | undefined; }'.
  Overload 2 of 2, '(values: { euinNumber: string | SQL<unknown> | Placeholder<string, any>; agentId: string | SQL<unknown> | Placeholder<string, any>; clientId: string | SQL<unknown> | Placeholder<...>; ... 13 more ...; autoPopulateArn?: boolean | ... 3 more ... | undefined; }[]): PgInsertBase<...>', gave the following error.
    Object literal may only specify known properties, and 'agentId' does not exist in type '{ euinNumber: string | SQL<unknown> | Placeholder<string, any>; agentId: string | SQL<unknown> | Placeholder<string, any>; clientId: string | SQL<unknown> | Placeholder<...>; ... 13 more ...; autoPopulateArn?: boolean | ... 3 more ... | undefined; }[]'.
server/routes/agent-capital-gains-2-1.ts(179,18): error TS18048: 'req.user' is possibly 'undefined'.
server/routes/agent-capital-gains-2-1.ts(209,23): error TS18048: 'req.user' is possibly 'undefined'.
server/routes/agent-capital-gains-2-1.ts(279,38): error TS2339: Property 'status' does not exist on type 'PgTableWithColumns<{ name: "agent_commissions"; schema: undefined; columns: { id: PgColumn<{ name: "id"; tableName: "agent_commissions"; dataType: "string"; columnType: "PgVarchar"; data: string; driverParam: string; ... 8 more ...; generated: undefined; }, {}, { ...; }>; ... 25 more ...; updatedAt: PgColumn<...>; }...'.
server/routes/agent-capital-gains-2-1.ts(290,38): error TS2339: Property 'status' does not exist on type 'PgTableWithColumns<{ name: "agent_commissions"; schema: undefined; columns: { id: PgColumn<{ name: "id"; tableName: "agent_commissions"; dataType: "string"; columnType: "PgVarchar"; data: string; driverParam: string; ... 8 more ...; generated: undefined; }, {}, { ...; }>; ... 25 more ...; updatedAt: PgColumn<...>; }...'.
server/routes/agent-capital-gains-2-2.ts(4,24): error TS2305: Module '"../middleware/roleMiddleware"' has no exported member 'requireAgent'.
server/routes/agent-capital-gains-2-2.ts(28,13): error TS2801: This condition will always return true since this 'Promise<boolean>' is always defined.
server/routes/agent-capital-gains-2-2.ts(31,45): error TS2339: Property 'sendMessage' does not exist on type 'SMSService'.
server/routes/agent-capital-gains-2-2.ts(138,13): error TS2801: This condition will always return true since this 'Promise<boolean>' is always defined.
server/routes/agent-capital-gains-2-2.ts(207,9): error TS2353: Object literal may only specify known properties, and 'status' does not exist in type '{ accountNumber: string; accountName: string; isActive?: boolean | null | undefined; userId?: string | null | undefined; prospectId?: string | null | undefined; createdByAgentId?: string | null | undefined; ... 5 more ...; lastConnected?: Date | ... 1 more ... | undefined; }'.
server/routes/agent-capital-gains-2-2.ts(298,9): error TS2353: Object literal may only specify known properties, and 'quantity' does not exist in type '{ symbol: string; status: string; action: string; clientId: number; orderId: number; totalQuantity: string; orderType: string; ibAccountId: string; userId?: string | null | undefined; prospectId?: string | ... 1 more ... | undefined; ... 8 more ...; orderData?: Json | undefined; }'.
server/routes/agent-capital-gains-3.ts(4,24): error TS2305: Module '"../middleware/roleMiddleware"' has no exported member 'requireAgent'.
server/routes/agent-capital-gains-3.ts(26,9): error TS2353: Object literal may only specify known properties, and 'description' does not exist in type '{ name: string; contactEmail?: string | null | undefined; contactPhone?: string | null | undefined; address?: string | null | undefined; isActive?: boolean | null | undefined; commissionRate?: string | ... 1 more ... | undefined; productCategories?: string[] | ... 1 more ... | undefined; performanceRating?: string |...'.
server/routes/agent-capital-gains-3.ts(75,38): error TS2339: Property 'getSupplierProducts' does not exist on type 'DatabaseStorage'.
server/routes/agent-capital-gains-3.ts(91,37): error TS2551: Property 'createSupplierProduct' does not exist on type 'DatabaseStorage'. Did you mean 'createSupplier'?
server/routes/agent-capital-gains-3.ts(113,37): error TS2551: Property 'updateSupplierProduct' does not exist on type 'DatabaseStorage'. Did you mean 'updateSupplier'?
server/routes/agent-capital-gains-3.ts(128,37): error TS2551: Property 'deleteSupplierProduct' does not exist on type 'DatabaseStorage'. Did you mean 'deleteSupplier'?
server/routes/agent-capital-gains-3.ts(184,37): error TS2339: Property 'getProductPerformanceMetrics' does not exist on type 'DatabaseStorage'.
server/routes/agent-capital-gains-3.ts(200,36): error TS2339: Property 'createProductPerformanceMetric' does not exist on type 'DatabaseStorage'.
server/routes/agent-governance-routes.ts(37,34): error TS2339: Property 'investmentHorizon' does not exist on type 'PgTableWithColumns<{ name: "users"; schema: undefined; columns: { id: PgColumn<{ name: "id"; tableName: "users"; dataType: "string"; columnType: "PgVarchar"; data: string; driverParam: string; notNull: true; hasDefault: true; ... 6 more ...; generated: undefined; }, {}, { ...; }>; ... 129 more ...; shareableProfileE...'.
server/routes/agent-governance-routes.ts(38,31): error TS2339: Property 'liquidityNeeds' does not exist on type 'PgTableWithColumns<{ name: "users"; schema: undefined; columns: { id: PgColumn<{ name: "id"; tableName: "users"; dataType: "string"; columnType: "PgVarchar"; data: string; driverParam: string; notNull: true; hasDefault: true; ... 6 more ...; generated: undefined; }, {}, { ...; }>; ... 129 more ...; shareableProfileE...'.
server/routes/agent-loan-routes-1-1.ts(56,38): error TS2339: Property 'assignedAgentId' does not exist on type 'PgTableWithColumns<{ name: "users"; schema: undefined; columns: { id: PgColumn<{ name: "id"; tableName: "users"; dataType: "string"; columnType: "PgVarchar"; data: string; driverParam: string; notNull: true; hasDefault: true; ... 6 more ...; generated: undefined; }, {}, { ...; }>; ... 129 more ...; shareableProfileE...'.
server/routes/agent-loan-routes-1-2.ts(56,38): error TS2339: Property 'assignedAgentId' does not exist on type 'PgTableWithColumns<{ name: "users"; schema: undefined; columns: { id: PgColumn<{ name: "id"; tableName: "users"; dataType: "string"; columnType: "PgVarchar"; data: string; driverParam: string; notNull: true; hasDefault: true; ... 6 more ...; generated: undefined; }, {}, { ...; }>; ... 129 more ...; shareableProfileE...'.
server/routes/agent-loan-routes-2.ts(57,38): error TS2339: Property 'assignedAgentId' does not exist on type 'PgTableWithColumns<{ name: "users"; schema: undefined; columns: { id: PgColumn<{ name: "id"; tableName: "users"; dataType: "string"; columnType: "PgVarchar"; data: string; driverParam: string; notNull: true; hasDefault: true; ... 6 more ...; generated: undefined; }, {}, { ...; }>; ... 129 more ...; shareableProfileE...'.
server/routes/agent-loan-routes-2.ts(206,20): error TS2339: Property 'pan' does not exist on type 'PgTableWithColumns<{ name: "users"; schema: undefined; columns: { id: PgColumn<{ name: "id"; tableName: "users"; dataType: "string"; columnType: "PgVarchar"; data: string; driverParam: string; notNull: true; hasDefault: true; ... 6 more ...; generated: undefined; }, {}, { ...; }>; ... 129 more ...; shareableProfileE...'.
server/routes/agent-loan-routes-2.ts(209,23): error TS2339: Property 'assignedAgentId' does not exist on type 'PgTableWithColumns<{ name: "users"; schema: undefined; columns: { id: PgColumn<{ name: "id"; tableName: "users"; dataType: "string"; columnType: "PgVarchar"; data: string; driverParam: string; notNull: true; hasDefault: true; ... 6 more ...; generated: undefined; }, {}, { ...; }>; ... 129 more ...; shareableProfileE...'.
server/routes/agent-loan-routes-3.ts(57,38): error TS2339: Property 'assignedAgentId' does not exist on type 'PgTableWithColumns<{ name: "users"; schema: undefined; columns: { id: PgColumn<{ name: "id"; tableName: "users"; dataType: "string"; columnType: "PgVarchar"; data: string; driverParam: string; notNull: true; hasDefault: true; ... 6 more ...; generated: undefined; }, {}, { ...; }>; ... 129 more ...; shareableProfileE...'.
server/routes/agent-loan-routes-3.ts(658,64): error TS2322: Type '"contact"' is not assignable to type '"directory"'.
server/routes/agent-market-alerts.ts(16,50): error TS2339: Property 'getQuote' does not exist on type 'UnifiedStockPriceService'.
server/routes/agent-market-alerts.ts(167,67): error TS7006: Parameter 'c' implicitly has an 'any' type.
server/routes/agent-prospect-acquisition-1.ts(3,10): error TS2305: Module '"../middleware/roleMiddleware"' has no exported member 'requireAgent'.
server/routes/agent-prospect-acquisition-1.ts(73,36): error TS2339: Property 'sourceFileName' does not exist on type 'PgTableWithColumns<{ name: "portfolios"; schema: undefined; columns: { id: PgColumn<{ name: "id"; tableName: "portfolios"; dataType: "string"; columnType: "PgVarchar"; data: string; driverParam: string; notNull: true; hasDefault: true; ... 6 more ...; generated: undefined; }, {}, { ...; }>; ... 13 more ...; updatedA...'.
server/routes/agent-prospect-acquisition-1.ts(83,26): error TS2304: Cannot find name 'portfolioHoldings'.
server/routes/agent-prospect-acquisition-1.ts(87,17): error TS2304: Cannot find name 'portfolioHoldings'.
server/routes/agent-prospect-acquisition-1.ts(88,26): error TS2304: Cannot find name 'portfolioHoldings'.
server/routes/agent-prospect-acquisition-1.ts(89,20): error TS2304: Cannot find name 'portfolioHoldings'.
server/routes/agent-prospect-acquisition-2.ts(3,10): error TS2305: Module '"../middleware/roleMiddleware"' has no exported member 'requireAgent'.
server/routes/agent-prospect-acquisition-2.ts(196,11): error TS2322: Type '{ analyzedAt: string; assetAllocationBreakdown: { equity: { value: number; percentage: number; }; debt: { value: number; percentage: number; }; cash: { value: number; percentage: number; }; }; concentrationRisk: { ...; }; ... 5 more ...; riskScore: number; }' is not assignable to type 'SQL<unknown> | PgColumn<ColumnBaseConfig<ColumnDataType, string>, {}, {}> | { analyzedAt: string; assetAllocationBreakdown: Record<string, { ...; }>; ... 6 more ...; riskScore: number; } | null | undefined'.
  Type '{ analyzedAt: string; assetAllocationBreakdown: { equity: { value: number; percentage: number; }; debt: { value: number; percentage: number; }; cash: { value: number; percentage: number; }; }; concentrationRisk: { ...; }; ... 5 more ...; riskScore: number; }' is not assignable to type '{ analyzedAt: string; assetAllocationBreakdown: Record<string, { value: number; percentage: number; }>; concentrationRisk: { topHoldingConcentration: number; sectorConcentration: Record<...>; alerts: string[]; }; ... 5 more ...; riskScore: number; }'.
    Types of property 'gapAnalysis' are incompatible.
      Type '{ gap: string; severity: string; recommendation: string; }[]' is not assignable to type '{ gap: string; severity: "medium" | "low" | "high"; recommendation: string; }[]'.
        Type '{ gap: string; severity: string; recommendation: string; }' is not assignable to type '{ gap: string; severity: "medium" | "low" | "high"; recommendation: string; }'.
          Types of property 'severity' are incompatible.
            Type 'string' is not assignable to type '"medium" | "low" | "high"'.
server/routes/agent-prospect-acquisition-2.ts(219,13): error TS2304: Cannot find name 'proposalInteractions'.
server/routes/agent-prospect-acquisition-2.ts(220,17): error TS2304: Cannot find name 'proposalInteractions'.
server/routes/agent-prospect-acquisition-2.ts(221,16): error TS2304: Cannot find name 'asc'.
server/routes/agent-prospect-acquisition-2.ts(221,20): error TS2304: Cannot find name 'proposalInteractions'.
server/routes/agent-prospect-acquisition-2.ts(251,15): error TS2304: Cannot find name 'proposalInteractions'.
server/routes/agent-prospect-acquisition-2.ts(277,13): error TS2304: Cannot find name 'proposalApprovals'.
server/routes/agent-prospect-acquisition-2.ts(278,17): error TS2304: Cannot find name 'proposalApprovals'.
server/routes/agent-prospect-acquisition-2.ts(325,13): error TS2304: Cannot find name 'proposalApprovals'.
server/routes/agent-prospect-acquisition-2.ts(326,17): error TS2304: Cannot find name 'proposalApprovals'.
server/routes/agent-prospect-acquisition-2.ts(370,17): error TS2304: Cannot find name 'proposalApprovals'.
server/routes/agent-prospect-acquisition-2.ts(372,19): error TS2304: Cannot find name 'proposalApprovals'.
server/routes/agent-prospect-acquisition-2.ts(376,17): error TS2304: Cannot find name 'proposalApprovals'.
server/routes/agent-prospect-wizard-2.ts(359,79): error TS2345: Argument of type '{ riskTolerance: "moderate" | "conservative" | "aggressive" | "very_aggressive"; investmentHorizon: "medium_term" | "short_term" | "long_term" | "3_months" | "6_months" | "9_months" | "1_year"; primaryGoal: string; liquidityNeeds?: "medium" | ... 2 more ... | undefined; monthlyIncome?: number | undefined; existingIn...' is not assignable to parameter of type 'ProspectRiskProfile'.
  Types of property 'investmentHorizon' are incompatible.
    Type '"medium_term" | "short_term" | "long_term" | "3_months" | "6_months" | "9_months" | "1_year"' is not assignable to type '"medium_term" | "short_term" | "long_term"'.
      Type '"3_months"' is not assignable to type '"medium_term" | "short_term" | "long_term"'.
server/routes/agent-prospect-wizard-2.ts(379,86): error TS2345: Argument of type '{ riskTolerance: "moderate" | "conservative" | "aggressive" | "very_aggressive"; investmentHorizon: "medium_term" | "short_term" | "long_term" | "3_months" | "6_months" | "9_months" | "1_year"; primaryGoal: string; liquidityNeeds?: "medium" | ... 2 more ... | undefined; monthlyIncome?: number | undefined; existingIn...' is not assignable to parameter of type 'ProspectRiskProfile'.
  Types of property 'investmentHorizon' are incompatible.
    Type '"medium_term" | "short_term" | "long_term" | "3_months" | "6_months" | "9_months" | "1_year"' is not assignable to type '"medium_term" | "short_term" | "long_term"'.
      Type '"3_months"' is not assignable to type '"medium_term" | "short_term" | "long_term"'.
server/routes/agent-prospect-wizard-2.ts(402,7): error TS2345: Argument of type '{ riskTolerance: "moderate" | "conservative" | "aggressive" | "very_aggressive"; investmentHorizon: "medium_term" | "short_term" | "long_term" | "3_months" | "6_months" | "9_months" | "1_year"; primaryGoal: string; liquidityNeeds?: "medium" | ... 2 more ... | undefined; monthlyIncome?: number | undefined; existingIn...' is not assignable to parameter of type 'ProspectRiskProfile'.
  Types of property 'investmentHorizon' are incompatible.
    Type '"medium_term" | "short_term" | "long_term" | "3_months" | "6_months" | "9_months" | "1_year"' is not assignable to type '"medium_term" | "short_term" | "long_term"'.
      Type '"3_months"' is not assignable to type '"medium_term" | "short_term" | "long_term"'.
server/routes/agent-prospect-wizard-2.ts(443,7): error TS2345: Argument of type '{ riskTolerance: "moderate" | "conservative" | "aggressive" | "very_aggressive"; investmentHorizon: "medium_term" | "short_term" | "long_term" | "3_months" | "6_months" | "9_months" | "1_year"; primaryGoal: string; liquidityNeeds?: "medium" | ... 2 more ... | undefined; monthlyIncome?: number | undefined; existingIn...' is not assignable to parameter of type 'ProspectRiskProfile'.
  Types of property 'investmentHorizon' are incompatible.
    Type '"medium_term" | "short_term" | "long_term" | "3_months" | "6_months" | "9_months" | "1_year"' is not assignable to type '"medium_term" | "short_term" | "long_term"'.
      Type '"3_months"' is not assignable to type '"medium_term" | "short_term" | "long_term"'.
server/routes/agent-prospect-wizard-2.ts(487,7): error TS2345: Argument of type '{ riskTolerance: "moderate" | "conservative" | "aggressive" | "very_aggressive"; investmentHorizon: "medium_term" | "short_term" | "long_term" | "3_months" | "6_months" | "9_months" | "1_year"; primaryGoal: string; liquidityNeeds?: "medium" | ... 2 more ... | undefined; monthlyIncome?: number | undefined; existingIn...' is not assignable to parameter of type 'ProspectRiskProfile'.
  Types of property 'investmentHorizon' are incompatible.
    Type '"medium_term" | "short_term" | "long_term" | "3_months" | "6_months" | "9_months" | "1_year"' is not assignable to type '"medium_term" | "short_term" | "long_term"'.
      Type '"3_months"' is not assignable to type '"medium_term" | "short_term" | "long_term"'.
server/routes/agent-prospect-wizard-3-1-1-analytics.ts(693,25): error TS2304: Cannot find name 'isSipRestricted'.
server/routes/agent-prospect-wizard-3-1-2.ts(381,41): error TS2339: Property 'broker' does not exist on type 'PgTableWithColumns<{ name: "portfolio_holdings"; schema: undefined; columns: { id: PgColumn<{ name: "id"; tableName: "portfolio_holdings"; dataType: "string"; columnType: "PgVarchar"; data: string; driverParam: string; ... 8 more ...; generated: undefined; }, {}, { ...; }>; ... 17 more ...; updatedAt: PgColumn<...>;...'.
server/routes/agent-prospect-wizard-3-1-2.ts(383,50): error TS2339: Property 'confidenceScore' does not exist on type 'PgTableWithColumns<{ name: "portfolio_holdings"; schema: undefined; columns: { id: PgColumn<{ name: "id"; tableName: "portfolio_holdings"; dataType: "string"; columnType: "PgVarchar"; data: string; driverParam: string; ... 8 more ...; generated: undefined; }, {}, { ...; }>; ... 17 more ...; updatedAt: PgColumn<...>;...'.
server/routes/agent-prospect-wizard-4-1.ts(319,60): error TS2339: Property 'userId' does not exist on type 'PgTableWithColumns<{ name: "partners"; schema: undefined; columns: { id: PgColumn<{ name: "id"; tableName: "partners"; dataType: "string"; columnType: "PgVarchar"; data: string; driverParam: string; notNull: true; hasDefault: true; ... 6 more ...; generated: undefined; }, {}, { ...; }>; ... 76 more ...; updatedAt: P...'.
server/routes/agent-prospect-wizard-4-1.ts(322,23): error TS2339: Property 'userId' does not exist on type 'PgTableWithColumns<{ name: "partners"; schema: undefined; columns: { id: PgColumn<{ name: "id"; tableName: "partners"; dataType: "string"; columnType: "PgVarchar"; data: string; driverParam: string; notNull: true; hasDefault: true; ... 6 more ...; generated: undefined; }, {}, { ...; }>; ... 76 more ...; updatedAt: P...'.
server/routes/agent-prospect-wizard-4-1.ts(323,23): error TS2339: Property 'masterAgentId' does not exist on type 'PgTableWithColumns<{ name: "partners"; schema: undefined; columns: { id: PgColumn<{ name: "id"; tableName: "partners"; dataType: "string"; columnType: "PgVarchar"; data: string; driverParam: string; notNull: true; hasDefault: true; ... 6 more ...; generated: undefined; }, {}, { ...; }>; ... 76 more ...; updatedAt: P...'.
server/routes/agent-prospect-wizard-4-1.ts(456,60): error TS2339: Property 'userId' does not exist on type 'PgTableWithColumns<{ name: "partners"; schema: undefined; columns: { id: PgColumn<{ name: "id"; tableName: "partners"; dataType: "string"; columnType: "PgVarchar"; data: string; driverParam: string; notNull: true; hasDefault: true; ... 6 more ...; generated: undefined; }, {}, { ...; }>; ... 76 more ...; updatedAt: P...'.
server/routes/agent-prospect-wizard-4-1.ts(459,23): error TS2339: Property 'userId' does not exist on type 'PgTableWithColumns<{ name: "partners"; schema: undefined; columns: { id: PgColumn<{ name: "id"; tableName: "partners"; dataType: "string"; columnType: "PgVarchar"; data: string; driverParam: string; notNull: true; hasDefault: true; ... 6 more ...; generated: undefined; }, {}, { ...; }>; ... 76 more ...; updatedAt: P...'.
server/routes/agent-prospect-wizard-4-1.ts(460,23): error TS2339: Property 'masterAgentId' does not exist on type 'PgTableWithColumns<{ name: "partners"; schema: undefined; columns: { id: PgColumn<{ name: "id"; tableName: "partners"; dataType: "string"; columnType: "PgVarchar"; data: string; driverParam: string; notNull: true; hasDefault: true; ... 6 more ...; generated: undefined; }, {}, { ...; }>; ... 76 more ...; updatedAt: P...'.
server/routes/agent-prospect-wizard-4-1.ts(617,29): error TS2698: Spread types may only be created from object types.
server/routes/agent-prospect-wizard-4-2.ts(262,33): error TS2339: Property 'agentProspects' does not exist on type 'typeof import("/Users/sangrammohanty/Documents/GitHub/FintekPro/shared/schema")'.
server/routes/agent-prospect-wizard-5-1.ts(427,15): error TS2345: Argument of type 'string[]' is not assignable to parameter of type 'string'.
server/routes/agent-prospect-wizard-5-1.ts(455,15): error TS2345: Argument of type 'string[]' is not assignable to parameter of type 'string'.
server/routes/agent-prospect-wizard-5-1.ts(478,15): error TS2345: Argument of type 'string[]' is not assignable to parameter of type 'string'.
server/routes/agent-prospect-wizard-5-2.ts(248,15): error TS2345: Argument of type 'string[]' is not assignable to parameter of type 'string'.
server/routes/agent-prospect-wizard-5-2.ts(310,27): error TS2304: Cannot find name 'prospectGoalSchema'.
server/routes/agent-prospect-wizard-5-2.ts(360,15): error TS2345: Argument of type 'string[]' is not assignable to parameter of type 'string'.
server/routes/agent-sip-health.ts(60,30): error TS2339: Property 'isSip' does not exist on type 'PgTableWithColumns<{ name: "portfolio_holdings"; schema: undefined; columns: { id: PgColumn<{ name: "id"; tableName: "portfolio_holdings"; dataType: "string"; columnType: "PgVarchar"; data: string; driverParam: string; ... 8 more ...; generated: undefined; }, {}, { ...; }>; ... 17 more ...; updatedAt: PgColumn<...>;...'.
server/routes/ai-alpha-engine.ts(208,11): error TS2769: No overload matches this call.
  Overload 1 of 3, '(left: PgColumn<{ name: "asset_class"; tableName: "ai_model_registry"; dataType: "string"; columnType: "PgVarchar"; data: string; driverParam: string; notNull: false; hasDefault: false; isPrimaryKey: false; ... 5 more ...; generated: undefined; }, {}, { ...; }>, right: string | SQLWrapper): SQL<...>', gave the following error.
    Argument of type 'string | null' is not assignable to parameter of type 'string | SQLWrapper'.
      Type 'null' is not assignable to type 'string | SQLWrapper'.
  Overload 2 of 3, '(left: Aliased<string | null>, right: string | SQLWrapper | null): SQL<unknown>', gave the following error.
    Argument of type 'PgColumn<{ name: "asset_class"; tableName: "ai_model_registry"; dataType: "string"; columnType: "PgVarchar"; data: string; driverParam: string; notNull: false; hasDefault: false; isPrimaryKey: false; ... 5 more ...; generated: undefined; }, {}, { ...; }>' is not assignable to parameter of type 'Aliased<string | null>'.
      Type 'PgColumn<{ name: "asset_class"; tableName: "ai_model_registry"; dataType: "string"; columnType: "PgVarchar"; data: string; driverParam: string; notNull: false; hasDefault: false; isPrimaryKey: false; ... 5 more ...; generated: undefined; }, {}, { ...; }>' is missing the following properties from type 'Aliased<string | null>': sql, fieldAlias
  Overload 3 of 3, '(left: never, right: unknown): SQL<unknown>', gave the following error.
    Argument of type 'PgColumn<{ name: "asset_class"; tableName: "ai_model_registry"; dataType: "string"; columnType: "PgVarchar"; data: string; driverParam: string; notNull: false; hasDefault: false; isPrimaryKey: false; ... 5 more ...; generated: undefined; }, {}, { ...; }>' is not assignable to parameter of type 'never'.
server/routes/ai-alpha-engine.ts(266,22): error TS2339: Property 'version' does not exist on type '{ id: number; modelName: string; modelVersion: string; assetClass: string | null; modelType: string; parameters: unknown; performanceMetrics: unknown; isActive: boolean | null; activatedAt: Date | null; ... 5 more ...; updatedAt: Date | null; }'.
server/routes/ai-investment-orchestrator-routes.ts(114,79): error TS2345: Argument of type 'string[]' is not assignable to parameter of type 'string'.
server/routes/ai-investment-routes-1.ts(194,18): error TS2769: No overload matches this call.
  Overload 1 of 3, '(left: PgColumn<{ name: "symbol"; tableName: "market_data"; dataType: "string"; columnType: "PgText"; data: string; driverParam: string; notNull: true; hasDefault: false; isPrimaryKey: false; isAutoincrement: false; ... 4 more ...; generated: undefined; }, {}, {}>, right: string | SQLWrapper): SQL<...>', gave the following error.
    Argument of type 'string | null' is not assignable to parameter of type 'string | SQLWrapper'.
      Type 'null' is not assignable to type 'string | SQLWrapper'.
  Overload 2 of 3, '(left: Aliased<string | null>, right: string | SQLWrapper | null): SQL<unknown>', gave the following error.
    Argument of type 'PgColumn<{ name: "symbol"; tableName: "market_data"; dataType: "string"; columnType: "PgText"; data: string; driverParam: string; notNull: true; hasDefault: false; isPrimaryKey: false; isAutoincrement: false; ... 4 more ...; generated: undefined; }, {}, {}>' is not assignable to parameter of type 'Aliased<string | null>'.
      Type 'PgColumn<{ name: "symbol"; tableName: "market_data"; dataType: "string"; columnType: "PgText"; data: string; driverParam: string; notNull: true; hasDefault: false; isPrimaryKey: false; isAutoincrement: false; ... 4 more ...; generated: undefined; }, {}, {}>' is missing the following properties from type 'Aliased<string | null>': sql, fieldAlias
  Overload 3 of 3, '(left: never, right: unknown): SQL<unknown>', gave the following error.
    Argument of type 'PgColumn<{ name: "symbol"; tableName: "market_data"; dataType: "string"; columnType: "PgText"; data: string; driverParam: string; notNull: true; hasDefault: false; isPrimaryKey: false; isAutoincrement: false; ... 4 more ...; generated: undefined; }, {}, {}>' is not assignable to parameter of type 'never'.
server/routes/ai-investment-routes-1.ts(386,64): error TS2345: Argument of type '{ name: string; symbol: string | undefined; isin: string | undefined; assetType: AssetType; quantity: number; averageCost: number | undefined; currentValue: number; folioNumber: string | undefined; purchaseDate: string | undefined; source: "uploaded"; }[]' is not assignable to parameter of type 'Partial<NormalizedHolding>[]'.
  Type '{ name: string; symbol: string | undefined; isin: string | undefined; assetType: AssetType; quantity: number; averageCost: number | undefined; currentValue: number; folioNumber: string | undefined; purchaseDate: string | undefined; source: "uploaded"; }' is not assignable to type 'Partial<NormalizedHolding>'.
    Types of property 'source' are incompatible.
      Type '"uploaded"' is not assignable to type '"manual" | "api" | "excel" | "csv" | "cas" | undefined'.
server/routes/ai-investment-routes-2-2.ts(342,65): error TS2339: Property 'schemeName' does not exist on type 'UnifiedHolding'.
server/routes/ai-investment-routes-2-2.ts(347,23): error TS2339: Property 'schemeName' does not exist on type 'UnifiedHolding'.
server/routes/ai-investment-routes-2-2.ts(349,34): error TS2339: Property 'units' does not exist on type 'UnifiedHolding'.
server/routes/ai-investment-routes-2-2.ts(350,53): error TS18048: 'holding.investedValue' is possibly 'undefined'.
server/routes/ai-investment-routes-2-2.ts(350,86): error TS2339: Property 'units' does not exist on type 'UnifiedHolding'.
server/routes/ai-investment-routes-2-2.ts(517,36): error TS2339: Property 'fundamentalRatios' does not exist on type '{ id: string; createdAt: Date; updatedAt: Date; sharpeRatio: string | null; standardDeviation: string | null; status: string | null; agentId: string | null; maxDrawdown: string | null; ... 36 more ...; benchmarkComparison: unknown; }'.
server/routes/ai-investment-routes-2-2.ts(524,30): error TS2339: Property 'topHoldings' does not exist on type '{ id: string; createdAt: Date; updatedAt: Date; sharpeRatio: string | null; standardDeviation: string | null; status: string | null; agentId: string | null; maxDrawdown: string | null; ... 36 more ...; benchmarkComparison: unknown; }'.
server/routes/ai-investment-routes-2-2.ts(526,39): error TS2339: Property 'diversificationScore' does not exist on type '{ id: string; createdAt: Date; updatedAt: Date; sharpeRatio: string | null; standardDeviation: string | null; status: string | null; agentId: string | null; maxDrawdown: string | null; ... 36 more ...; benchmarkComparison: unknown; }'.
server/routes/ai-investment-routes-3.ts(159,46): error TS2554: Expected 3-4 arguments, but got 2.
server/routes/ai-mf-recommendation-routes.ts(348,26): error TS7053: Element implicitly has an 'any' type because expression of type 'any' can't be used to index type '{ conservative: string; moderate: string; aggressive: string; }'.
server/routes/ai-mf-recommendation-routes.ts(679,13): error TS2339: Property 'AIMFRecommendationService' does not exist on type 'typeof import("/Users/sangrammohanty/Documents/GitHub/FintekPro/server/services/ai-mf-recommendation-service")'.
server/routes/ai-mf-recommendation-routes.ts(720,13): error TS2339: Property 'AIMFRecommendationService' does not exist on type 'typeof import("/Users/sangrammohanty/Documents/GitHub/FintekPro/server/services/ai-mf-recommendation-service")'.
server/routes/ai-rebalancing-routes.ts(196,7): error TS2304: Cannot find name 'totalValue'.
server/routes/ai-rebalancing-routes.ts(197,7): error TS2345: Argument of type '{ asset_class: string; weight: number; }[]' is not assignable to parameter of type 'AssetWeight[]'.
  Property 'asset' is missing in type '{ asset_class: string; weight: number; }' but required in type 'AssetWeight'.
server/routes/ai-rebalancing-routes.ts(197,79): error TS2304: Cannot find name 'totalValue'.
server/routes/ai-rebalancing-routes.ts(223,30): error TS2304: Cannot find name 'totalValue'.
server/routes/ai-rebalancing-routes.ts(231,30): error TS2352: Conversion of type 'RebalancePlan' to type 'any[]' may be a mistake because neither type sufficiently overlaps with the other. If this was intentional, convert the expression to 'unknown' first.
  Type 'RebalancePlan' is missing the following properties from type 'any[]': length, pop, push, concat, and 35 more.
server/routes/ai-rebalancing-routes.ts(257,9): error TS18004: No value exists in scope for the shorthand property 'totalValue'. Either declare one or provide an initializer.
server/routes/aif-pms-system-proposals-1.ts(3,24): error TS2305: Module '"../middleware/roleMiddleware"' has no exported member 'requireAgent'.
server/routes/aif-pms-system-proposals-1.ts(461,66): error TS7053: Element implicitly has an 'any' type because expression of type 'string' can't be used to index type '{ '1M': number; '3M': number; '6M': number; '1Y': number; '3Y': number; '5Y': number; sinceInception: number; annualizedReturns: { year: number; return: number; benchmark: number; outperformance: number; }[]; }'.
  No index signature with a parameter of type 'string' was found on type '{ '1M': number; '3M': number; '6M': number; '1Y': number; '3Y': number; '5Y': number; sinceInception: number; annualizedReturns: { year: number; return: number; benchmark: number; outperformance: number; }[]; }'.
server/routes/aif-pms-system-proposals-1.ts(470,28): error TS7053: Element implicitly has an 'any' type because expression of type 'string' can't be used to index type '{ '1M': number; '3M': number; '6M': number; '1Y': number; '3Y': number; '5Y': number; sinceInception: number; annualizedReturns: { year: number; return: number; benchmark: number; outperformance: number; }[]; }'.
  No index signature with a parameter of type 'string' was found on type '{ '1M': number; '3M': number; '6M': number; '1Y': number; '3Y': number; '5Y': number; sinceInception: number; annualizedReturns: { year: number; return: number; benchmark: number; outperformance: number; }[]; }'.
server/routes/aif-pms-system-proposals-1.ts(470,78): error TS7053: Element implicitly has an 'any' type because expression of type 'string' can't be used to index type '{ '1M': number; '3M': number; '6M': number; '1Y': number; '3Y': number; '5Y': number; sinceInception: number; annualizedReturns: { year: number; return: number; benchmark: number; outperformance: number; }[]; }'.
  No index signature with a parameter of type 'string' was found on type '{ '1M': number; '3M': number; '6M': number; '1Y': number; '3Y': number; '5Y': number; sinceInception: number; annualizedReturns: { year: number; return: number; benchmark: number; outperformance: number; }[]; }'.
server/routes/aif-pms-system-proposals-1.ts(476,22): error TS7053: Element implicitly has an 'any' type because expression of type 'string' can't be used to index type '{ '1M': number; '3M': number; '6M': number; '1Y': number; '3Y': number; '5Y': number; sinceInception: number; annualizedReturns: { year: number; return: number; benchmark: number; outperformance: number; }[]; }'.
  No index signature with a parameter of type 'string' was found on type '{ '1M': number; '3M': number; '6M': number; '1Y': number; '3Y': number; '5Y': number; sinceInception: number; annualizedReturns: { year: number; return: number; benchmark: number; outperformance: number; }[]; }'.
server/routes/aif-pms-system-proposals-1.ts(483,40): error TS7053: Element implicitly has an 'any' type because expression of type 'string' can't be used to index type '{ '1M': number; '3M': number; '6M': number; '1Y': number; '3Y': number; '5Y': number; sinceInception: number; annualizedReturns: { year: number; return: number; benchmark: number; outperformance: number; }[]; }'.
  No index signature with a parameter of type 'string' was found on type '{ '1M': number; '3M': number; '6M': number; '1Y': number; '3Y': number; '5Y': number; sinceInception: number; annualizedReturns: { year: number; return: number; benchmark: number; outperformance: number; }[]; }'.
server/routes/aif-pms-system-proposals-1.ts(492,56): error TS7053: Element implicitly has an 'any' type because expression of type 'string' can't be used to index type '{ '1M': number; '3M': number; '6M': number; '1Y': number; '3Y': number; '5Y': number; sinceInception: number; annualizedReturns: { year: number; return: number; benchmark: number; outperformance: number; }[]; }'.
  No index signature with a parameter of type 'string' was found on type '{ '1M': number; '3M': number; '6M': number; '1Y': number; '3Y': number; '5Y': number; sinceInception: number; annualizedReturns: { year: number; return: number; benchmark: number; outperformance: number; }[]; }'.
server/routes/aif-pms-system-proposals-1.ts(493,55): error TS7053: Element implicitly has an 'any' type because expression of type 'string' can't be used to index type '{ '1M': number; '3M': number; '6M': number; '1Y': number; '3Y': number; '5Y': number; sinceInception: number; annualizedReturns: { year: number; return: number; benchmark: number; outperformance: number; }[]; }'.
  No index signature with a parameter of type 'string' was found on type '{ '1M': number; '3M': number; '6M': number; '1Y': number; '3Y': number; '5Y': number; sinceInception: number; annualizedReturns: { year: number; return: number; benchmark: number; outperformance: number; }[]; }'.
server/routes/aif-pms-system-proposals-2.ts(3,24): error TS2305: Module '"../middleware/roleMiddleware"' has no exported member 'requireAgent'.
server/routes/aif-pms-system-proposals-2.ts(289,35): error TS18048: 'req.user' is possibly 'undefined'.
server/routes/aif-pms-system-proposals-2.ts(291,36): error TS18048: 'req.user' is possibly 'undefined'.
server/routes/aif-pms-system-proposals-2.ts(321,31): error TS18048: 'req.user' is possibly 'undefined'.
server/routes/aif-pms-system-proposals-2.ts(322,30): error TS18048: 'req.user' is possibly 'undefined'.
server/routes/aif-pms-system-proposals-2.ts(346,16): error TS18048: 'req.user' is possibly 'undefined'.
server/routes/aif-pms-system-proposals-2.ts(368,63): error TS18048: 'req.user' is possibly 'undefined'.
server/routes/aif-pms-system-proposals-3-1.ts(3,24): error TS2305: Module '"../middleware/roleMiddleware"' has no exported member 'requireAgent'.
server/routes/aif-pms-system-proposals-3-1.ts(221,57): error TS2345: Argument of type '{ proposalId: string; gateway: any; paymentMethod: any; amount: any; clientId: string; agentId: string | null; status: string; }' is not assignable to parameter of type '{ agentId: string; amount: string; clientId: string; proposalId: string; gateway: string; id?: string | undefined; ifscCode?: string | null | undefined; createdAt?: Date | null | undefined; ... 15 more ...; bankAccount?: string | ... 1 more ... | undefined; }'.
  Types of property 'agentId' are incompatible.
    Type 'string | null' is not assignable to type 'string'.
      Type 'null' is not assignable to type 'string'.
server/routes/aif-pms-system-proposals-3-1.ts(250,39): error TS2339: Property 'status' does not exist on type '{ id: string; isActive: boolean | null; commissionRate: string | null; arnCode: string | null; euinNumber: string; createdAt: Date | null; updatedAt: Date | null; agentId: string; ... 8 more ...; autoPopulateArn: boolean | null; }'.
server/routes/aif-pms-system-proposals-3-1.ts(266,58): error TS2345: Argument of type '{ clientId: any; agentId: any; reportType: any; reportPeriod: any; startDate: any; endDate: any; apiProvider: any; status: string; reportFee: string; }' is not assignable to parameter of type '{ source: string; assetType: string; financialYear: string; id?: string | undefined; createdAt?: Date | null | undefined; updatedAt?: Date | null | undefined; status?: string | null | undefined; ... 13 more ...; transactionCount?: number | ... 1 more ... | undefined; }'.
  Type '{ clientId: any; agentId: any; reportType: any; reportPeriod: any; startDate: any; endDate: any; apiProvider: any; status: string; reportFee: string; }' is missing the following properties from type '{ source: string; assetType: string; financialYear: string; id?: string | undefined; createdAt?: Date | null | undefined; updatedAt?: Date | null | undefined; status?: string | null | undefined; ... 13 more ...; transactionCount?: number | ... 1 more ... | undefined; }': source, assetType, financialYear
server/routes/aif-pms-system-proposals-3-2.ts(3,24): error TS2305: Module '"../middleware/roleMiddleware"' has no exported member 'requireAgent'.
server/routes/aif-pms-system-proposals-3-2.ts(56,7): error TS2353: Object literal may only specify known properties, and 'downloadCount' does not exist in type 'Partial<{ id: string; createdAt: Date | null; updatedAt: Date | null; status: string | null; userId: string | null; errorMessage: string | null; prospectId: string | null; ... 13 more ...; transactionCount: number | null; }>'.
server/routes/aif-pms-system-proposals-3-2.ts(111,7): error TS18004: No value exists in scope for the shorthand property 'sharedWithType'. Either declare one or provide an initializer.
server/routes/b2b-api/index.ts(2,63): error TS2307: Cannot find module '../../../middleware/b2b-auth' or its corresponding type declarations.
server/routes/b2b-api/index.ts(3,35): error TS2307: Cannot find module '../../../services/b2b-webhook-dispatcher' or its corresponding type declarations.
server/routes/b2b-api/index.ts(4,28): error TS2307: Cannot find module '../../../services/ai-governance' or its corresponding type declarations.
server/routes/b2b-api/index.ts(5,29): error TS2307: Cannot find module '../../../services/allocation' or its corresponding type declarations.
server/routes/bank-accounts-demat-1.ts(113,9): error TS2322: Type 'string' is not assignable to type 'null'.
server/routes/bank-accounts-demat-1.ts(122,11): error TS2322: Type 'string' is not assignable to type 'null'.
server/routes/bank-accounts-demat-1.ts(201,16): error TS18046: 'error' is of type 'unknown'.
server/routes/bank-accounts-demat-1.ts(234,16): error TS18046: 'error' is of type 'unknown'.
server/routes/bank-accounts-demat-1.ts(622,11): error TS2339: Property 'dpId' does not exist on type '{ id: string; isActive: boolean | null; panNumber: string | null; createdAt: Date | null; updatedAt: Date | null; userId: string | null; nsdlClientId: string | null; ... 11 more ...; isDefaultForMutualFundTransactions: boolean | null; }'.
server/routes/bank-accounts-demat-1.ts(622,41): error TS2339: Property 'clientId' does not exist on type '{ id: string; isActive: boolean | null; panNumber: string | null; createdAt: Date | null; updatedAt: Date | null; userId: string | null; nsdlClientId: string | null; ... 11 more ...; isDefaultForMutualFundTransactions: boolean | null; }'.
server/routes/bank-accounts-demat-2.ts(10,10): error TS2724: '"../services/bse-ucc-service"' has no exported member named 'BSEUCCService'. Did you mean 'bseUCCService'?
server/routes/bank-accounts-demat-2.ts(165,7): error TS2322: Type 'true' is not assignable to type 'never'.
server/routes/bank-accounts-demat-2.ts(166,7): error TS2322: Type 'true' is not assignable to type 'never'.
server/routes/bbps-pan-consent.ts(2,10): error TS2300: Duplicate identifier 'storage'.
server/routes/bbps-pan-consent.ts(8,10): error TS2300: Duplicate identifier 'storage'.
server/routes/bbps-pan-consent.ts(14,42): error TS2339: Property 'getCategories' does not exist on type 'typeof BBPSService'.
server/routes/bbps-pan-consent.ts(26,39): error TS2339: Property 'getBillersByCategory' does not exist on type 'typeof BBPSService'.
server/routes/bbps-pan-consent.ts(49,36): error TS2339: Property 'fetchBill' does not exist on type 'typeof BBPSService'.
server/routes/bbps-pan-consent.ts(77,43): error TS2339: Property 'payBill' does not exist on type 'typeof BBPSService'.
server/routes/bbps-pan-consent.ts(119,37): error TS2339: Property 'getUserBills' does not exist on type 'typeof BBPSService'.
server/routes/bbps-pan-consent.ts(134,44): error TS2339: Property 'getUserTransactions' does not exist on type 'typeof BBPSService'.
server/routes/bbps-pan-consent.ts(150,43): error TS2339: Property 'getTransactionStatus' does not exist on type 'typeof BBPSService'.
server/routes/bond-marketplace-1.ts(200,56): error TS2769: No overload matches this call.
  Overload 1 of 2, '(value: { entityType: string | SQL<unknown> | Placeholder<string, any>; action: string | SQL<unknown> | Placeholder<string, any>; entityId: string | SQL<unknown> | Placeholder<...>; ... 16 more ...; complianceRelated?: boolean | ... 3 more ... | undefined; }): PgInsertBase<...>', gave the following error.
    Argument of type '{ userId: any; action: string; entityType: string; isin: any; bondType: any; instrumentType: any; changeDescription: string; retentionExpiresAt: Date; }' is not assignable to parameter of type '{ entityType: string | SQL<unknown> | Placeholder<string, any>; action: string | SQL<unknown> | Placeholder<string, any>; entityId: string | SQL<unknown> | Placeholder<...>; ... 16 more ...; complianceRelated?: boolean | ... 3 more ... | undefined; }'.
      Property 'entityId' is missing in type '{ userId: any; action: string; entityType: string; isin: any; bondType: any; instrumentType: any; changeDescription: string; retentionExpiresAt: Date; }' but required in type '{ entityType: string | SQL<unknown> | Placeholder<string, any>; action: string | SQL<unknown> | Placeholder<string, any>; entityId: string | SQL<unknown> | Placeholder<...>; ... 16 more ...; complianceRelated?: boolean | ... 3 more ... | undefined; }'.
  Overload 2 of 2, '(values: { entityType: string | SQL<unknown> | Placeholder<string, any>; action: string | SQL<unknown> | Placeholder<string, any>; entityId: string | SQL<unknown> | Placeholder<...>; ... 16 more ...; complianceRelated?: boolean | ... 3 more ... | undefined; }[]): PgInsertBase<...>', gave the following error.
    Object literal may only specify known properties, and 'userId' does not exist in type '{ entityType: string | SQL<unknown> | Placeholder<string, any>; action: string | SQL<unknown> | Placeholder<string, any>; entityId: string | SQL<unknown> | Placeholder<...>; ... 16 more ...; complianceRelated?: boolean | ... 3 more ... | undefined; }[]'.
server/routes/bond-marketplace-1.ts(207,60): error TS2339: Property 'reason' does not exist on type '{ eligible: boolean; missingRequirements: string[]; requiredTier: TierRequirement; }'.
server/routes/bond-marketplace-1.ts(210,84): error TS2339: Property 'reason' does not exist on type '{ eligible: boolean; missingRequirements: string[]; requiredTier: TierRequirement; }'.
server/routes/bond-marketplace-1.ts(214,9): error TS2367: This comparison appears to be unintentional because the types 'RegulatoryTier' and '"tier_3"' have no overlap.
server/routes/bond-marketplace-1.ts(218,36): error TS2554: Expected 3 arguments, but got 2.
server/routes/bond-marketplace-1.ts(263,46): error TS2345: Argument of type 'number' is not assignable to parameter of type 'string'.
server/routes/bond-marketplace-1.ts(370,56): error TS2769: No overload matches this call.
  Overload 1 of 2, '(value: { entityType: string | SQL<unknown> | Placeholder<string, any>; action: string | SQL<unknown> | Placeholder<string, any>; entityId: string | SQL<unknown> | Placeholder<...>; ... 16 more ...; complianceRelated?: boolean | ... 3 more ... | undefined; }): PgInsertBase<...>', gave the following error.
    Argument of type '{ userId: any; action: string; entityType: string; isin: any; bondType: any; instrumentType: any; changeDescription: string; retentionExpiresAt: Date; }' is not assignable to parameter of type '{ entityType: string | SQL<unknown> | Placeholder<string, any>; action: string | SQL<unknown> | Placeholder<string, any>; entityId: string | SQL<unknown> | Placeholder<...>; ... 16 more ...; complianceRelated?: boolean | ... 3 more ... | undefined; }'.
      Property 'entityId' is missing in type '{ userId: any; action: string; entityType: string; isin: any; bondType: any; instrumentType: any; changeDescription: string; retentionExpiresAt: Date; }' but required in type '{ entityType: string | SQL<unknown> | Placeholder<string, any>; action: string | SQL<unknown> | Placeholder<string, any>; entityId: string | SQL<unknown> | Placeholder<...>; ... 16 more ...; complianceRelated?: boolean | ... 3 more ... | undefined; }'.
  Overload 2 of 2, '(values: { entityType: string | SQL<unknown> | Placeholder<string, any>; action: string | SQL<unknown> | Placeholder<string, any>; entityId: string | SQL<unknown> | Placeholder<...>; ... 16 more ...; complianceRelated?: boolean | ... 3 more ... | undefined; }[]): PgInsertBase<...>', gave the following error.
    Object literal may only specify known properties, and 'userId' does not exist in type '{ entityType: string | SQL<unknown> | Placeholder<string, any>; action: string | SQL<unknown> | Placeholder<string, any>; entityId: string | SQL<unknown> | Placeholder<...>; ... 16 more ...; complianceRelated?: boolean | ... 3 more ... | undefined; }[]'.
server/routes/bond-marketplace-1.ts(377,60): error TS2339: Property 'reason' does not exist on type '{ eligible: boolean; missingRequirements: string[]; requiredTier: TierRequirement; }'.
server/routes/bond-marketplace-1.ts(380,84): error TS2339: Property 'reason' does not exist on type '{ eligible: boolean; missingRequirements: string[]; requiredTier: TierRequirement; }'.
server/routes/bond-marketplace-1.ts(384,9): error TS2367: This comparison appears to be unintentional because the types 'RegulatoryTier' and '"tier_3"' have no overlap.
server/routes/bond-marketplace-1.ts(388,36): error TS2554: Expected 3 arguments, but got 2.
server/routes/bond-marketplace-1.ts(432,46): error TS2345: Argument of type 'number' is not assignable to parameter of type 'string'.
server/routes/bond-marketplace-2.ts(228,43): error TS2345: Argument of type 'number' is not assignable to parameter of type 'string'.
server/routes/bond-marketplace-2.ts(385,8): error TS2345: Argument of type 'number' is not assignable to parameter of type 'string'.
server/routes/bond-marketplace-2.ts(479,9): error TS2353: Object literal may only specify known properties, and 'updatedAt' does not exist in type '{ isin?: string | SQL<unknown> | PgColumn<ColumnBaseConfig<ColumnDataType, string>, {}, {}> | undefined; faceValue?: string | SQL<unknown> | PgColumn<...> | undefined; ... 48 more ...; orderDate?: SQL<...> | ... 3 more ... | undefined; }'.
server/routes/bond-marketplace-improvements-1-1.ts(155,26): error TS2551: Property 'minimumInvestment' does not exist on type '{ id: string; source: string; sourceId: string | null; isin: string; bondName: string; issuerName: string; instrumentType: string; isListed: boolean | null; exchange: string | null; faceValue: string | null; ... 34 more ...; updatedBy: string | null; }'. Did you mean 'minInvestment'?
server/routes/bond-marketplace-improvements-1-1.ts(155,57): error TS2551: Property 'minimumInvestment' does not exist on type '{ id: string; source: string; sourceId: string | null; isin: string; bondName: string; issuerName: string; instrumentType: string; isListed: boolean | null; exchange: string | null; faceValue: string | null; ... 34 more ...; updatedBy: string | null; }'. Did you mean 'minInvestment'?
server/routes/bond-marketplace-improvements-1-1.ts(397,27): error TS2304: Cannot find name 'getRiskLevel'.
server/routes/bond-marketplace-improvements-1-1.ts(421,46): error TS2304: Cannot find name 'getRiskScore'.
server/routes/bond-marketplace-improvements-1-1.ts(421,77): error TS2304: Cannot find name 'getRiskScore'.
server/routes/bond-marketplace-improvements-1-1.ts(504,50): error TS2304: Cannot find name 'getUpgradePath'.
server/routes/bond-marketplace-improvements-1-1.ts(508,31): error TS2304: Cannot find name 'getKycDocumentsForTier'.
server/routes/bond-marketplace-improvements-1-2.ts(76,24): error TS2304: Cannot find name 'getTierDisplayName'.
server/routes/bond-marketplace-improvements-1-2.ts(79,17): error TS2304: Cannot find name 'getNextTier'.
server/routes/bond-marketplace-improvements-1-2.ts(101,25): error TS2304: Cannot find name 'getSEBIDisclosures'.
server/routes/bond-marketplace-improvements-1-2.ts(131,22): error TS2304: Cannot find name 'getSEBIDisclosures'.
server/routes/bond-seed-admin-1.ts(457,30): error TS2304: Cannot find name 'determineGSecType'.
server/routes/bond-seed-admin-2.ts(59,32): error TS2304: Cannot find name 'determineCorporateBondType'.
server/routes/bond-seed-admin-2.ts(60,25): error TS2304: Cannot find name 'determineKycTier'.
server/routes/bond-seed-admin-3-2.ts(413,38): error TS2769: No overload matches this call.
  Overload 1 of 2, '(value: { isin: string | SQL<unknown> | Placeholder<string, any>; source: string | SQL<unknown> | Placeholder<string, any>; instrumentType: string | SQL<unknown> | Placeholder<...>; ... 41 more ...; syncErrors?: string | ... 3 more ... | undefined; }): PgInsertBase<...>', gave the following error.
    Object literal may only specify known properties, and 'region' does not exist in type '{ isin: string | SQL<unknown> | Placeholder<string, any>; source: string | SQL<unknown> | Placeholder<string, any>; instrumentType: string | SQL<unknown> | Placeholder<...>; ... 41 more ...; syncErrors?: string | ... 3 more ... | undefined; }'.
  Overload 2 of 2, '(values: { isin: string | SQL<unknown> | Placeholder<string, any>; source: string | SQL<unknown> | Placeholder<string, any>; instrumentType: string | SQL<unknown> | Placeholder<...>; ... 41 more ...; syncErrors?: string | ... 3 more ... | undefined; }[]): PgInsertBase<...>', gave the following error.
    Object literal may only specify known properties, and 'id' does not exist in type '{ isin: string | SQL<unknown> | Placeholder<string, any>; source: string | SQL<unknown> | Placeholder<string, any>; instrumentType: string | SQL<unknown> | Placeholder<...>; ... 41 more ...; syncErrors?: string | ... 3 more ... | undefined; }[]'.
server/routes/bond-seed-admin-migration.ts(28,36): error TS2769: No overload matches this call.
  Overload 1 of 2, '(value: { isin: string | SQL<unknown> | Placeholder<string, any>; source: string | SQL<unknown> | Placeholder<string, any>; instrumentType: string | SQL<unknown> | Placeholder<...>; ... 41 more ...; syncErrors?: string | ... 3 more ... | undefined; }): PgInsertBase<...>', gave the following error.
    Object literal may only specify known properties, and 'region' does not exist in type '{ isin: string | SQL<unknown> | Placeholder<string, any>; source: string | SQL<unknown> | Placeholder<string, any>; instrumentType: string | SQL<unknown> | Placeholder<...>; ... 41 more ...; syncErrors?: string | ... 3 more ... | undefined; }'.
  Overload 2 of 2, '(values: { isin: string | SQL<unknown> | Placeholder<string, any>; source: string | SQL<unknown> | Placeholder<string, any>; instrumentType: string | SQL<unknown> | Placeholder<...>; ... 41 more ...; syncErrors?: string | ... 3 more ... | undefined; }[]): PgInsertBase<...>', gave the following error.
    Object literal may only specify known properties, and 'id' does not exist in type '{ isin: string | SQL<unknown> | Placeholder<string, any>; source: string | SQL<unknown> | Placeholder<string, any>; instrumentType: string | SQL<unknown> | Placeholder<...>; ... 41 more ...; syncErrors?: string | ... 3 more ... | undefined; }[]'.
server/routes/bond-trading-orders-1.ts(113,11): error TS2322: Type 'string | null' is not assignable to type 'string | undefined'.
  Type 'null' is not assignable to type 'string | undefined'.
server/routes/bond-trading-orders-1.ts(255,11): error TS2322: Type 'string | null' is not assignable to type 'string | undefined'.
  Type 'null' is not assignable to type 'string | undefined'.
server/routes/bond-trading-orders-2.ts(295,9): error TS2322: Type 'string | null' is not assignable to type 'string | undefined'.
  Type 'null' is not assignable to type 'string | undefined'.
server/routes/ca-routes.ts(11,3): error TS2724: '"../middleware/roleMiddleware"' has no exported member named 'requirePartnerPortal'. Did you mean 'requireAgentPortal'?
server/routes/ca-routes.ts(12,3): error TS2724: '"../middleware/roleMiddleware"' has no exported member named 'requireAdminPortal'. Did you mean 'requireAgentPortal'?
server/routes/ca-routes.ts(14,3): error TS2305: Module '"../middleware/roleMiddleware"' has no exported member 'injectRoleInfo'.
server/routes/capital-gains-1.ts(157,9): error TS2353: Object literal may only specify known properties, and 'transactions' does not exist in type '{ source: string; financialYear: string; reportType: string; id?: string | undefined; createdAt?: Date | null | undefined; updatedAt?: Date | null | undefined; status?: string | null | undefined; ... 10 more ...; fetchedAt?: Date | ... 1 more ... | undefined; }'.
server/routes/capital-gains-1.ts(174,37): error TS2551: Property 'getCapitalGainsReportsByUserId' does not exist on type 'DatabaseStorage'. Did you mean 'getCapitalGainsReports'?
server/routes/capital-gains-1.ts(317,47): error TS2339: Property 'totalUnrealizedGain' does not exist on type 'LotWiseTaxSummary'.
server/routes/capital-gains-1.ts(318,45): error TS2339: Property 'totalEstimatedTax' does not exist on type 'LotWiseTaxSummary'.
server/routes/capital-gains-3.ts(46,44): error TS2304: Cannot find name 'getAssessmentYear'.
server/routes/capital-gains-3.ts(652,37): error TS2339: Property 'unitsToRedeem' does not exist on type 'Promise<{ unitsToRedeem: number; consumedLots: { purchaseDate: string; units: number; taxType: "STCG" | "LTCG"; hasExitLoad: boolean; exitLoadAmount: number; exitLoadSource: "generic" | "database"; }[]; totalExitLoad: number; ltcgAmount: number; stcgAmount: number; }>'.
server/routes/capital-gains-3.ts(653,36): error TS2339: Property 'consumedLots' does not exist on type 'Promise<{ unitsToRedeem: number; consumedLots: { purchaseDate: string; units: number; taxType: "STCG" | "LTCG"; hasExitLoad: boolean; exitLoadAmount: number; exitLoadSource: "generic" | "database"; }[]; totalExitLoad: number; ltcgAmount: number; stcgAmount: number; }>'.
server/routes/capital-gains-3.ts(654,37): error TS2339: Property 'totalExitLoad' does not exist on type 'Promise<{ unitsToRedeem: number; consumedLots: { purchaseDate: string; units: number; taxType: "STCG" | "LTCG"; hasExitLoad: boolean; exitLoadAmount: number; exitLoadSource: "generic" | "database"; }[]; totalExitLoad: number; ltcgAmount: number; stcgAmount: number; }>'.
server/routes/capital-gains-3.ts(655,34): error TS2339: Property 'ltcgAmount' does not exist on type 'Promise<{ unitsToRedeem: number; consumedLots: { purchaseDate: string; units: number; taxType: "STCG" | "LTCG"; hasExitLoad: boolean; exitLoadAmount: number; exitLoadSource: "generic" | "database"; }[]; totalExitLoad: number; ltcgAmount: number; stcgAmount: number; }>'.
server/routes/capital-gains-3.ts(656,34): error TS2339: Property 'stcgAmount' does not exist on type 'Promise<{ unitsToRedeem: number; consumedLots: { purchaseDate: string; units: number; taxType: "STCG" | "LTCG"; hasExitLoad: boolean; exitLoadAmount: number; exitLoadSource: "generic" | "database"; }[]; totalExitLoad: number; ltcgAmount: number; stcgAmount: number; }>'.
server/routes/capital-gains-3.ts(657,40): error TS2339: Property 'consumedLots' does not exist on type 'Promise<{ unitsToRedeem: number; consumedLots: { purchaseDate: string; units: number; taxType: "STCG" | "LTCG"; hasExitLoad: boolean; exitLoadAmount: number; exitLoadSource: "generic" | "database"; }[]; totalExitLoad: number; ltcgAmount: number; stcgAmount: number; }>'.
server/routes/capital-gains-3.ts(657,60): error TS7006: Parameter 'l' implicitly has an 'any' type.
server/routes/cart-1.ts(6,66): error TS2305: Module '"@shared/schema"' has no exported member 'userInvestments'.
server/routes/cart-2.ts(6,66): error TS2305: Module '"@shared/schema"' has no exported member 'userInvestments'.
server/routes/cart-2.ts(29,11): error TS2304: Cannot find name 'hasRole'.
server/routes/cart-2.ts(36,26): error TS2304: Cannot find name 'generateProposalId'.
server/routes/cart-2.ts(68,7): error TS2304: Cannot find name 'complianceMonitor'.
server/routes/cart-2.ts(350,15): error TS2304: Cannot find name 'or'.
server/routes/cart-2.ts(354,19): error TS2304: Cannot find name 'like'.
server/routes/cas-statement-routes.ts(147,13): error TS2322: Type '{ name: string; isin: string | undefined; quantity: number; value: number; type: AssetType; }[]' is not assignable to type '{ name: string; productType: string; quantity: number; currentValue: number; }[]'.
  Type '{ name: string; isin: string | undefined; quantity: number; value: number; type: AssetType; }' is missing the following properties from type '{ name: string; productType: string; quantity: number; currentValue: number; }': productType, currentValue
server/routes/cas-statement-routes.ts(505,44): error TS2339: Property 'testFormatVariance' does not exist on type 'typeof import("/Users/sangrammohanty/Documents/GitHub/FintekPro/server/tests/cas-parser-regression-test")'.
server/routes/client-documents-routes.ts(76,45): error TS2339: Property 'name' does not exist on type 'PgTableWithColumns<{ name: "users"; schema: undefined; columns: { id: PgColumn<{ name: "id"; tableName: "users"; dataType: "string"; columnType: "PgVarchar"; data: string; driverParam: string; notNull: true; hasDefault: true; ... 6 more ...; generated: undefined; }, {}, { ...; }>; ... 129 more ...; shareableProfileE...'.
server/routes/deal-prospect-match-routes.ts(41,31): error TS2339: Property 'fundStatus' does not exist on type 'PgTableWithColumns<{ name: "pms_master"; schema: undefined; columns: { id: PgColumn<{ name: "id"; tableName: "pms_master"; dataType: "string"; columnType: "PgVarchar"; data: string; driverParam: string; notNull: true; hasDefault: true; ... 6 more ...; generated: undefined; }, {}, { ...; }>; ... 37 more ...; updatedA...'.
server/routes/demo-proposals.ts(167,56): error TS2339: Property 'name' does not exist on type 'PgTableWithColumns<{ name: "users"; schema: undefined; columns: { id: PgColumn<{ name: "id"; tableName: "users"; dataType: "string"; columnType: "PgVarchar"; data: string; driverParam: string; notNull: true; hasDefault: true; ... 6 more ...; generated: undefined; }, {}, { ...; }>; ... 129 more ...; shareableProfileE...'.
server/routes/demo-proposals.ts(178,55): error TS2339: Property 'name' does not exist on type 'PgTableWithColumns<{ name: "users"; schema: undefined; columns: { id: PgColumn<{ name: "id"; tableName: "users"; dataType: "string"; columnType: "PgVarchar"; data: string; driverParam: string; notNull: true; hasDefault: true; ... 6 more ...; generated: undefined; }, {}, { ...; }>; ... 129 more ...; shareableProfileE...'.
server/routes/demo-proposals.ts(408,56): error TS2339: Property 'name' does not exist on type 'PgTableWithColumns<{ name: "users"; schema: undefined; columns: { id: PgColumn<{ name: "id"; tableName: "users"; dataType: "string"; columnType: "PgVarchar"; data: string; driverParam: string; notNull: true; hasDefault: true; ... 6 more ...; generated: undefined; }, {}, { ...; }>; ... 129 more ...; shareableProfileE...'.
server/routes/demo-proposals.ts(648,21): error TS7053: Element implicitly has an 'any' type because expression of type 'string' can't be used to index type '{ cash: number; listed_stocks: number; equity: number; debt: number; gold: number; reit: number; invit: number; hybrid: number; bonds: number; etf: number; index: number; international: number; unlisted_stocks: number; ... 4 more ...; realestate: number; }'.
  No index signature with a parameter of type 'string' was found on type '{ cash: number; listed_stocks: number; equity: number; debt: number; gold: number; reit: number; invit: number; hybrid: number; bonds: number; etf: number; index: number; international: number; unlisted_stocks: number; ... 4 more ...; realestate: number; }'.
server/routes/demo-proposals.ts(652,45): error TS7053: Element implicitly has an 'any' type because expression of type 'string' can't be used to index type '{ cash: number; listed_stocks: number; equity: number; debt: number; gold: number; reit: number; invit: number; hybrid: number; bonds: number; etf: number; index: number; international: number; unlisted_stocks: number; ... 4 more ...; realestate: number; }'.
  No index signature with a parameter of type 'string' was found on type '{ cash: number; listed_stocks: number; equity: number; debt: number; gold: number; reit: number; invit: number; hybrid: number; bonds: number; etf: number; index: number; international: number; unlisted_stocks: number; ... 4 more ...; realestate: number; }'.
server/routes/demo-proposals.ts(653,31): error TS7053: Element implicitly has an 'any' type because expression of type 'string' can't be used to index type '{ cash: number; listed_stocks: number; equity: number; debt: number; gold: number; reit: number; invit: number; hybrid: number; bonds: number; etf: number; index: number; international: number; unlisted_stocks: number; ... 4 more ...; realestate: number; }'.
  No index signature with a parameter of type 'string' was found on type '{ cash: number; listed_stocks: number; equity: number; debt: number; gold: number; reit: number; invit: number; hybrid: number; bonds: number; etf: number; index: number; international: number; unlisted_stocks: number; ... 4 more ...; realestate: number; }'.
server/routes/demo-proposals.ts(660,59): error TS2769: No overload matches this call.
  Overload 1 of 2, '(value: { agentId: string | SQL<unknown> | Placeholder<string, any>; proposalType: string | SQL<unknown> | Placeholder<string, any>; shareToken: string | SQL<...> | Placeholder<...>; ... 47 more ...; analyticsData?: unknown; }): PgInsertBase<...>', gave the following error.
    Type '{ investmentHorizon: string; targetAmount: number; monthlyContribution: number; primaryGoal: string; expectedReturn?: number | undefined; }' is not assignable to type 'SQL<unknown> | { goalType: string; targetAmount?: number | undefined; timeHorizon: string; monthlyInvestment?: number | undefined; lumpsum?: number | undefined; riskTolerance: string; } | Placeholder<...> | null | undefined'.
      Type '{ investmentHorizon: string; targetAmount: number; monthlyContribution: number; primaryGoal: string; expectedReturn?: number | undefined; }' is missing the following properties from type '{ goalType: string; targetAmount?: number | undefined; timeHorizon: string; monthlyInvestment?: number | undefined; lumpsum?: number | undefined; riskTolerance: string; }': goalType, timeHorizon, riskTolerance
  Overload 2 of 2, '(values: { agentId: string | SQL<unknown> | Placeholder<string, any>; proposalType: string | SQL<unknown> | Placeholder<string, any>; shareToken: string | SQL<...> | Placeholder<...>; ... 47 more ...; analyticsData?: unknown; }[]): PgInsertBase<...>', gave the following error.
    Object literal may only specify known properties, and 'shareToken' does not exist in type '{ agentId: string | SQL<unknown> | Placeholder<string, any>; proposalType: string | SQL<unknown> | Placeholder<string, any>; shareToken: string | SQL<unknown> | Placeholder<...>; ... 47 more ...; analyticsData?: unknown; }[]'.
server/routes/dlm-routes.ts(10,30): error TS2304: Cannot find name 'z'.
server/routes/dlm-routes.ts(11,10): error TS2304: Cannot find name 'z'.
server/routes/dlm-routes.ts(12,16): error TS2304: Cannot find name 'z'.
server/routes/dlm-routes.ts(13,15): error TS2304: Cannot find name 'z'.
server/routes/dlm-routes.ts(14,13): error TS2304: Cannot find name 'z'.
server/routes/dlm-routes.ts(15,15): error TS2304: Cannot find name 'z'.
server/routes/dlm-routes.ts(16,14): error TS2304: Cannot find name 'z'.
server/routes/dlm-routes.ts(17,18): error TS2304: Cannot find name 'z'.
server/routes/dlm-routes.ts(22,18): error TS2304: Cannot find name 'z'.
server/routes/dlm-routes.ts(23,15): error TS2304: Cannot find name 'z'.
server/routes/dlm-routes.ts(24,12): error TS2304: Cannot find name 'z'.
server/routes/dlm-routes.ts(25,13): error TS2304: Cannot find name 'z'.
server/routes/dlm-routes.ts(26,22): error TS2304: Cannot find name 'z'.
server/routes/dlm-routes.ts(27,21): error TS2304: Cannot find name 'z'.
server/routes/dlm-routes.ts(28,9): error TS2304: Cannot find name 'z'.
server/routes/dlm-routes.ts(28,17): error TS2304: Cannot find name 'z'.
server/routes/dlm-routes.ts(29,13): error TS2304: Cannot find name 'z'.
server/routes/dlm-routes.ts(29,22): error TS2304: Cannot find name 'z'.
server/routes/dlm-routes.ts(32,29): error TS2304: Cannot find name 'z'.
server/routes/dlm-routes.ts(33,12): error TS2304: Cannot find name 'z'.
server/routes/dlm-routes.ts(34,16): error TS2304: Cannot find name 'z'.
server/routes/dlm-routes.ts(35,12): error TS2304: Cannot find name 'z'.
server/routes/dlm-routes.ts(36,13): error TS2304: Cannot find name 'z'.
server/routes/dlm-routes.ts(37,13): error TS2304: Cannot find name 'z'.
server/routes/dlm-routes.ts(38,17): error TS2304: Cannot find name 'z'.
server/routes/dlm-routes.ts(39,18): error TS2304: Cannot find name 'z'.
server/routes/dlm-routes.ts(42,32): error TS2304: Cannot find name 'z'.
server/routes/dlm-routes.ts(43,11): error TS2304: Cannot find name 'z'.
server/routes/dlm-routes.ts(44,11): error TS2304: Cannot find name 'z'.
server/routes/dlm-routes.ts(45,13): error TS2304: Cannot find name 'z'.
server/routes/dlm-routes.ts(46,17): error TS2304: Cannot find name 'z'.
server/routes/dlm-routes.ts(47,28): error TS2304: Cannot find name 'z'.
server/routes/dlm-routes.ts(48,22): error TS2304: Cannot find name 'z'.
server/routes/dlm-routes.ts(51,35): error TS2304: Cannot find name 'z'.
server/routes/dlm-routes.ts(52,14): error TS2304: Cannot find name 'z'.
server/routes/dlm-routes.ts(53,13): error TS2304: Cannot find name 'z'.
server/routes/dlm-routes.ts(54,14): error TS2304: Cannot find name 'z'.
server/routes/dlm-routes.ts(55,12): error TS2304: Cannot find name 'z'.
server/routes/dlm-routes.ts(56,12): error TS2304: Cannot find name 'z'.
server/routes/dlm-routes.ts(57,18): error TS2304: Cannot find name 'z'.
server/routes/dlm-routes.ts(58,16): error TS2304: Cannot find name 'z'.
server/routes/dlm-routes.ts(61,36): error TS2304: Cannot find name 'z'.
server/routes/dlm-routes.ts(62,11): error TS2304: Cannot find name 'z'.
server/routes/dlm-routes.ts(63,22): error TS2304: Cannot find name 'z'.
server/routes/dlm-routes.ts(66,26): error TS2304: Cannot find name 'z'.
server/routes/dlm-routes.ts(67,14): error TS2304: Cannot find name 'z'.
server/routes/dlm-routes.ts(68,13): error TS2304: Cannot find name 'z'.
server/routes/dlm-routes.ts(69,20): error TS2304: Cannot find name 'z'.
server/routes/dlm-routes.ts(70,20): error TS2304: Cannot find name 'z'.
server/routes/dlm-routes.ts(71,12): error TS2304: Cannot find name 'z'.
server/routes/dlm-routes.ts(72,19): error TS2304: Cannot find name 'z'.
server/routes/dlm-routes.ts(73,17): error TS2304: Cannot find name 'z'.
server/routes/dlm-routes.ts(74,17): error TS2304: Cannot find name 'z'.
server/routes/dlm-routes.ts(79,36): error TS2345: Argument of type 'string[]' is not assignable to parameter of type 'string'.
server/routes/engine-health-check-1.ts(408,33): error TS2322: Type '"gemini-1.5-flash"' is not assignable to type 'AIModel | undefined'.
server/routes/engine-health-check-2.ts(95,29): error TS2322: Type '"gemini-1.5-flash"' is not assignable to type 'AIModel | undefined'.
server/routes/error-tracking-routes.ts(371,27): error TS2339: Property 'aiAnalysis' does not exist on type '{ id: string; createdAt: Date | null; updatedAt: Date | null; status: string | null; agentId: string | null; metadata: unknown; errorCode: string; message: string; ipAddress: string | null; ... 23 more ...; buildVersion: string | null; }'.
server/routes/esign-ai-routes.ts(139,16): error TS2783: 'success' is specified more than once, so this usage will be overwritten.
server/routes/exchange-filings-routes.ts(632,32): error TS2339: Property 'document_hash' does not exist on type 'AuditLogMetric'.
server/routes/family-collaboration.ts(143,110): error TS2353: Object literal may only specify known properties, and 'description' does not exist in type '{ action: string; familyId: string; activityType: string; userId?: string | null | undefined; entityType?: string | null | undefined; metadata?: Json | undefined; prospectId?: string | null | undefined; entityId?: string | ... 1 more ... | undefined; createdByAgentId?: string | ... 1 more ... | undefined; }'.
server/routes/family-collaboration.ts(199,129): error TS2353: Object literal may only specify known properties, and 'description' does not exist in type '{ action: string; familyId: string; activityType: string; userId?: string | null | undefined; entityType?: string | null | undefined; metadata?: Json | undefined; prospectId?: string | null | undefined; entityId?: string | ... 1 more ... | undefined; createdByAgentId?: string | ... 1 more ... | undefined; }'.
server/routes/fema-compliance.ts(14,36): error TS2305: Module '"../middleware/roleMiddleware"' has no exported member 'getRoleInfo'.
server/routes/fema-compliance.ts(25,55): error TS2345: Argument of type 'RoleId[]' is not assignable to parameter of type 'string'.
server/routes/fema-compliance.ts(47,61): error TS2345: Argument of type 'RoleId[]' is not assignable to parameter of type 'string'.
server/routes/fema-compliance.ts(63,65): error TS2345: Argument of type 'RoleId[]' is not assignable to parameter of type 'string'.
server/routes/fema-compliance.ts(85,52): error TS2345: Argument of type 'RoleId[]' is not assignable to parameter of type 'string'.
server/routes/fema-compliance.ts(103,60): error TS2345: Argument of type 'RoleId[]' is not assignable to parameter of type 'string'.
server/routes/fema-compliance.ts(117,58): error TS2345: Argument of type 'RoleId[]' is not assignable to parameter of type 'string'.
server/routes/fema-compliance.ts(141,56): error TS2345: Argument of type 'RoleId[]' is not assignable to parameter of type 'string'.
server/routes/fema-compliance.ts(174,59): error TS2345: Argument of type 'RoleId[]' is not assignable to parameter of type 'string'.
server/routes/fema-compliance.ts(208,61): error TS2345: Argument of type 'RoleId[]' is not assignable to parameter of type 'string'.
server/routes/fema-compliance.ts(225,69): error TS2345: Argument of type 'RoleId[]' is not assignable to parameter of type 'string'.
server/routes/fema-compliance.ts(250,66): error TS2345: Argument of type 'RoleId[]' is not assignable to parameter of type 'string'.
server/routes/fema-compliance.ts(300,75): error TS2345: Argument of type 'RoleId[]' is not assignable to parameter of type 'string'.
server/routes/fema-compliance.ts(317,85): error TS2345: Argument of type 'RoleId[]' is not assignable to parameter of type 'string'.
server/routes/fema-compliance.ts(332,55): error TS2345: Argument of type 'RoleId[]' is not assignable to parameter of type 'string'.
server/routes/fema-compliance.ts(354,78): error TS2345: Argument of type 'RoleId[]' is not assignable to parameter of type 'string'.
server/routes/fema-compliance.ts(389,59): error TS2345: Argument of type 'RoleId[]' is not assignable to parameter of type 'string'.
server/routes/fema-compliance.ts(407,67): error TS2345: Argument of type 'RoleId[]' is not assignable to parameter of type 'string'.
server/routes/financial-metrics-routes.ts(169,7): error TS2783: 'success' is specified more than once, so this usage will be overwritten.
server/routes/fixed-income-status-routes.ts(145,64): error TS2345: Argument of type 'string[]' is not assignable to parameter of type 'string'.
server/routes/fixed-income-status-routes.ts(169,61): error TS2345: Argument of type 'string[]' is not assignable to parameter of type 'string'.
server/routes/fixed-income-status-routes.ts(181,52): error TS2345: Argument of type 'string[]' is not assignable to parameter of type 'string'.
server/routes/fixed-income-status-routes.ts(235,62): error TS2345: Argument of type 'string[]' is not assignable to parameter of type 'string'.
server/routes/fixed-income-status-routes.ts(248,62): error TS2345: Argument of type 'string[]' is not assignable to parameter of type 'string'.
server/routes/fixed-income-status-routes.ts(260,58): error TS2345: Argument of type 'string[]' is not assignable to parameter of type 'string'.
server/routes/gold-admin.ts(38,14): error TS2353: Object literal may only specify known properties, and 'isPublished' does not exist in type '{ maturityDate?: string | SQL<unknown> | PgColumn<ColumnBaseConfig<ColumnDataType, string>, {}, {}> | undefined; settlementDate?: string | ... 2 more ... | undefined; ... 30 more ...; rbiNotificationDate?: string | ... 3 more ... | undefined; }'.
server/routes/gold-admin.ts(39,14): error TS2769: No overload matches this call.
  Overload 1 of 3, '(left: PgColumn<{ name: "id"; tableName: "sgb_primary_issues"; dataType: "string"; columnType: "PgVarchar"; data: string; driverParam: string; notNull: true; hasDefault: true; isPrimaryKey: true; isAutoincrement: false; ... 4 more ...; generated: undefined; }, {}, { ...; }>, right: string | SQLWrapper): SQL<...>', gave the following error.
    Argument of type 'number' is not assignable to parameter of type 'string | SQLWrapper'.
  Overload 2 of 3, '(left: Aliased<number>, right: number | SQLWrapper): SQL<unknown>', gave the following error.
    Argument of type 'PgColumn<{ name: "id"; tableName: "sgb_primary_issues"; dataType: "string"; columnType: "PgVarchar"; data: string; driverParam: string; notNull: true; hasDefault: true; isPrimaryKey: true; isAutoincrement: false; ... 4 more ...; generated: undefined; }, {}, { ...; }>' is not assignable to parameter of type 'Aliased<number>'.
      Type 'PgColumn<{ name: "id"; tableName: "sgb_primary_issues"; dataType: "string"; columnType: "PgVarchar"; data: string; driverParam: string; notNull: true; hasDefault: true; isPrimaryKey: true; isAutoincrement: false; ... 4 more ...; generated: undefined; }, {}, { ...; }>' is missing the following properties from type 'Aliased<number>': sql, fieldAlias
  Overload 3 of 3, '(left: never, right: unknown): SQL<unknown>', gave the following error.
    Argument of type 'PgColumn<{ name: "id"; tableName: "sgb_primary_issues"; dataType: "string"; columnType: "PgVarchar"; data: string; driverParam: string; notNull: true; hasDefault: true; isPrimaryKey: true; isAutoincrement: false; ... 4 more ...; generated: undefined; }, {}, { ...; }>' is not assignable to parameter of type 'never'.
server/routes/golden-pricing-routes.ts(199,31): error TS2352: Conversion of type 'Request<{}, any, any, ParsedQs, Record<string, any>>' to type 'AuthRequest' may be a mistake because neither type sufficiently overlaps with the other. If this was intentional, convert the expression to 'unknown' first.
  Type 'Request<{}, any, any, ParsedQs, Record<string, any>>' is missing the following properties from type 'AuthRequest': cache, credentials, destination, integrity, and 14 more.
server/routes/instruments-1.ts(145,55): error TS2339: Property 'isActive' does not exist on type 'PgTableWithColumns<{ name: "instrument_master"; schema: undefined; columns: { id: PgColumn<{ name: "id"; tableName: "instrument_master"; dataType: "string"; columnType: "PgVarchar"; data: string; driverParam: string; ... 8 more ...; generated: undefined; }, {}, { ...; }>; ... 35 more ...; updatedAt: PgColumn<...>; }...'.
server/routes/instruments-2-1.ts(116,43): error TS2769: No overload matches this call.
  Overload 1 of 2, '(value: { name: string | SQL<unknown> | Placeholder<string, any>; isin: string | SQL<unknown> | Placeholder<string, any>; assetClass: string | SQL<unknown> | Placeholder<...>; ... 33 more ...; hasEquityFlag?: boolean | ... 3 more ... | undefined; }): PgInsertBase<...>', gave the following error.
    Object literal may only specify known properties, and 'sourceTable' does not exist in type '{ name: string | SQL<unknown> | Placeholder<string, any>; isin: string | SQL<unknown> | Placeholder<string, any>; assetClass: string | SQL<unknown> | Placeholder<...>; ... 33 more ...; hasEquityFlag?: boolean | ... 3 more ... | undefined; }'.
  Overload 2 of 2, '(values: { name: string | SQL<unknown> | Placeholder<string, any>; isin: string | SQL<unknown> | Placeholder<string, any>; assetClass: string | SQL<unknown> | Placeholder<...>; ... 33 more ...; hasEquityFlag?: boolean | ... 3 more ... | undefined; }[]): PgInsertBase<...>', gave the following error.
    Object literal may only specify known properties, and 'isin' does not exist in type '{ name: string | SQL<unknown> | Placeholder<string, any>; isin: string | SQL<unknown> | Placeholder<string, any>; assetClass: string | SQL<unknown> | Placeholder<...>; ... 33 more ...; hasEquityFlag?: boolean | ... 3 more ... | undefined; }[]'.
server/routes/instruments-2-1.ts(161,43): error TS2769: No overload matches this call.
  Overload 1 of 2, '(value: { name: string | SQL<unknown> | Placeholder<string, any>; isin: string | SQL<unknown> | Placeholder<string, any>; assetClass: string | SQL<unknown> | Placeholder<...>; ... 33 more ...; hasEquityFlag?: boolean | ... 3 more ... | undefined; }): PgInsertBase<...>', gave the following error.
    Object literal may only specify known properties, and 'sourceTable' does not exist in type '{ name: string | SQL<unknown> | Placeholder<string, any>; isin: string | SQL<unknown> | Placeholder<string, any>; assetClass: string | SQL<unknown> | Placeholder<...>; ... 33 more ...; hasEquityFlag?: boolean | ... 3 more ... | undefined; }'.
  Overload 2 of 2, '(values: { name: string | SQL<unknown> | Placeholder<string, any>; isin: string | SQL<unknown> | Placeholder<string, any>; assetClass: string | SQL<unknown> | Placeholder<...>; ... 33 more ...; hasEquityFlag?: boolean | ... 3 more ... | undefined; }[]): PgInsertBase<...>', gave the following error.
    Object literal may only specify known properties, and 'isin' does not exist in type '{ name: string | SQL<unknown> | Placeholder<string, any>; isin: string | SQL<unknown> | Placeholder<string, any>; assetClass: string | SQL<unknown> | Placeholder<...>; ... 33 more ...; hasEquityFlag?: boolean | ... 3 more ... | undefined; }[]'.
server/routes/instruments-2-1.ts(202,43): error TS2769: No overload matches this call.
  Overload 1 of 2, '(value: { name: string | SQL<unknown> | Placeholder<string, any>; isin: string | SQL<unknown> | Placeholder<string, any>; assetClass: string | SQL<unknown> | Placeholder<...>; ... 33 more ...; hasEquityFlag?: boolean | ... 3 more ... | undefined; }): PgInsertBase<...>', gave the following error.
    Object literal may only specify known properties, and 'sourceTable' does not exist in type '{ name: string | SQL<unknown> | Placeholder<string, any>; isin: string | SQL<unknown> | Placeholder<string, any>; assetClass: string | SQL<unknown> | Placeholder<...>; ... 33 more ...; hasEquityFlag?: boolean | ... 3 more ... | undefined; }'.
  Overload 2 of 2, '(values: { name: string | SQL<unknown> | Placeholder<string, any>; isin: string | SQL<unknown> | Placeholder<string, any>; assetClass: string | SQL<unknown> | Placeholder<...>; ... 33 more ...; hasEquityFlag?: boolean | ... 3 more ... | undefined; }[]): PgInsertBase<...>', gave the following error.
    Object literal may only specify known properties, and 'isin' does not exist in type '{ name: string | SQL<unknown> | Placeholder<string, any>; isin: string | SQL<unknown> | Placeholder<string, any>; assetClass: string | SQL<unknown> | Placeholder<...>; ... 33 more ...; hasEquityFlag?: boolean | ... 3 more ... | undefined; }[]'.
server/routes/instruments-2-1.ts(244,43): error TS2769: No overload matches this call.
  Overload 1 of 2, '(value: { name: string | SQL<unknown> | Placeholder<string, any>; isin: string | SQL<unknown> | Placeholder<string, any>; assetClass: string | SQL<unknown> | Placeholder<...>; ... 33 more ...; hasEquityFlag?: boolean | ... 3 more ... | undefined; }): PgInsertBase<...>', gave the following error.
    Object literal may only specify known properties, and 'sourceTable' does not exist in type '{ name: string | SQL<unknown> | Placeholder<string, any>; isin: string | SQL<unknown> | Placeholder<string, any>; assetClass: string | SQL<unknown> | Placeholder<...>; ... 33 more ...; hasEquityFlag?: boolean | ... 3 more ... | undefined; }'.
  Overload 2 of 2, '(values: { name: string | SQL<unknown> | Placeholder<string, any>; isin: string | SQL<unknown> | Placeholder<string, any>; assetClass: string | SQL<unknown> | Placeholder<...>; ... 33 more ...; hasEquityFlag?: boolean | ... 3 more ... | undefined; }[]): PgInsertBase<...>', gave the following error.
    Object literal may only specify known properties, and 'isin' does not exist in type '{ name: string | SQL<unknown> | Placeholder<string, any>; isin: string | SQL<unknown> | Placeholder<string, any>; assetClass: string | SQL<unknown> | Placeholder<...>; ... 33 more ...; hasEquityFlag?: boolean | ... 3 more ... | undefined; }[]'.
server/routes/instruments-2-2-1.ts(152,45): error TS2769: No overload matches this call.
  Overload 1 of 2, '(value: { name: string | SQL<unknown> | Placeholder<string, any>; isin: string | SQL<unknown> | Placeholder<string, any>; assetClass: string | SQL<unknown> | Placeholder<...>; ... 33 more ...; hasEquityFlag?: boolean | ... 3 more ... | undefined; }): PgInsertBase<...>', gave the following error.
    Object literal may only specify known properties, and 'sourceTable' does not exist in type '{ name: string | SQL<unknown> | Placeholder<string, any>; isin: string | SQL<unknown> | Placeholder<string, any>; assetClass: string | SQL<unknown> | Placeholder<...>; ... 33 more ...; hasEquityFlag?: boolean | ... 3 more ... | undefined; }'.
  Overload 2 of 2, '(values: { name: string | SQL<unknown> | Placeholder<string, any>; isin: string | SQL<unknown> | Placeholder<string, any>; assetClass: string | SQL<unknown> | Placeholder<...>; ... 33 more ...; hasEquityFlag?: boolean | ... 3 more ... | undefined; }[]): PgInsertBase<...>', gave the following error.
    Object literal may only specify known properties, and 'isin' does not exist in type '{ name: string | SQL<unknown> | Placeholder<string, any>; isin: string | SQL<unknown> | Placeholder<string, any>; assetClass: string | SQL<unknown> | Placeholder<...>; ... 33 more ...; hasEquityFlag?: boolean | ... 3 more ... | undefined; }[]'.
server/routes/instruments-2-2-1.ts(189,15): error TS2353: Object literal may only specify known properties, and 'metadata' does not exist in type 'PgUpdateSetSource<PgTableWithColumns<{ name: "instrument_master"; schema: undefined; columns: { id: PgColumn<{ name: "id"; tableName: "instrument_master"; dataType: "string"; columnType: "PgVarchar"; data: string; driverParam: string; ... 8 more ...; generated: undefined; }, {}, { ...; }>; ... 35 more ...; updatedAt...'.
server/routes/instruments-2-2-1.ts(189,48): error TS2339: Property 'metadata' does not exist on type 'PgTableWithColumns<{ name: "instrument_master"; schema: undefined; columns: { id: PgColumn<{ name: "id"; tableName: "instrument_master"; dataType: "string"; columnType: "PgVarchar"; data: string; driverParam: string; ... 8 more ...; generated: undefined; }, {}, { ...; }>; ... 35 more ...; updatedAt: PgColumn<...>; }...'.
server/routes/instruments-2-2-1.ts(273,43): error TS2769: No overload matches this call.
  Overload 1 of 2, '(value: { name: string | SQL<unknown> | Placeholder<string, any>; isin: string | SQL<unknown> | Placeholder<string, any>; assetClass: string | SQL<unknown> | Placeholder<...>; ... 33 more ...; hasEquityFlag?: boolean | ... 3 more ... | undefined; }): PgInsertBase<...>', gave the following error.
    Object literal may only specify known properties, and 'sourceTable' does not exist in type '{ name: string | SQL<unknown> | Placeholder<string, any>; isin: string | SQL<unknown> | Placeholder<string, any>; assetClass: string | SQL<unknown> | Placeholder<...>; ... 33 more ...; hasEquityFlag?: boolean | ... 3 more ... | undefined; }'.
  Overload 2 of 2, '(values: { name: string | SQL<unknown> | Placeholder<string, any>; isin: string | SQL<unknown> | Placeholder<string, any>; assetClass: string | SQL<unknown> | Placeholder<...>; ... 33 more ...; hasEquityFlag?: boolean | ... 3 more ... | undefined; }[]): PgInsertBase<...>', gave the following error.
    Object literal may only specify known properties, and 'isin' does not exist in type '{ name: string | SQL<unknown> | Placeholder<string, any>; isin: string | SQL<unknown> | Placeholder<string, any>; assetClass: string | SQL<unknown> | Placeholder<...>; ... 33 more ...; hasEquityFlag?: boolean | ... 3 more ... | undefined; }[]'.
server/routes/instruments-2-2-1.ts(301,13): error TS2353: Object literal may only specify known properties, and 'sourceTable' does not exist in type 'PgUpdateSetSource<PgTableWithColumns<{ name: "instrument_master"; schema: undefined; columns: { id: PgColumn<{ name: "id"; tableName: "instrument_master"; dataType: "string"; columnType: "PgVarchar"; data: string; driverParam: string; ... 8 more ...; generated: undefined; }, {}, { ...; }>; ... 35 more ...; updatedAt...'.
server/routes/instruments-2-2-1.ts(362,43): error TS2769: No overload matches this call.
  Overload 1 of 2, '(value: { name: string | SQL<unknown> | Placeholder<string, any>; isin: string | SQL<unknown> | Placeholder<string, any>; assetClass: string | SQL<unknown> | Placeholder<...>; ... 33 more ...; hasEquityFlag?: boolean | ... 3 more ... | undefined; }): PgInsertBase<...>', gave the following error.
    Object literal may only specify known properties, and 'sourceTable' does not exist in type '{ name: string | SQL<unknown> | Placeholder<string, any>; isin: string | SQL<unknown> | Placeholder<string, any>; assetClass: string | SQL<unknown> | Placeholder<...>; ... 33 more ...; hasEquityFlag?: boolean | ... 3 more ... | undefined; }'.
  Overload 2 of 2, '(values: { name: string | SQL<unknown> | Placeholder<string, any>; isin: string | SQL<unknown> | Placeholder<string, any>; assetClass: string | SQL<unknown> | Placeholder<...>; ... 33 more ...; hasEquityFlag?: boolean | ... 3 more ... | undefined; }[]): PgInsertBase<...>', gave the following error.
    Object literal may only specify known properties, and 'isin' does not exist in type '{ name: string | SQL<unknown> | Placeholder<string, any>; isin: string | SQL<unknown> | Placeholder<string, any>; assetClass: string | SQL<unknown> | Placeholder<...>; ... 33 more ...; hasEquityFlag?: boolean | ... 3 more ... | undefined; }[]'.
server/routes/instruments-2-2-1.ts(431,34): error TS2339: Property 'isActive' does not exist on type 'PgTableWithColumns<{ name: "instrument_master"; schema: undefined; columns: { id: PgColumn<{ name: "id"; tableName: "instrument_master"; dataType: "string"; columnType: "PgVarchar"; data: string; driverParam: string; ... 8 more ...; generated: undefined; }, {}, { ...; }>; ... 35 more ...; updatedAt: PgColumn<...>; }...'.
server/routes/instruments-2-2-2.ts(649,29): error TS2339: Property 'isActive' does not exist on type 'PgTableWithColumns<{ name: "instrument_master"; schema: undefined; columns: { id: PgColumn<{ name: "id"; tableName: "instrument_master"; dataType: "string"; columnType: "PgVarchar"; data: string; driverParam: string; ... 8 more ...; generated: undefined; }, {}, { ...; }>; ... 35 more ...; updatedAt: PgColumn<...>; }...'.
server/routes/investable-surplus-routes.ts(71,60): error TS2769: No overload matches this call.
  Overload 1 of 2, '(value: { netAmount: string | SQL<unknown> | Placeholder<string, any>; sourceName: string | SQL<unknown> | Placeholder<string, any>; grossAmount: string | SQL<...> | Placeholder<...>; ... 17 more ...; variabilityPercent?: string | ... 3 more ... | undefined; }): PgInsertBase<...>', gave the following error.
    Argument of type '{ isActive: boolean; userId: string; netAmount: string; grossAmount: string; frequency: string; verified: boolean; incomeType: string; stabilityScore: number; isTaxable: boolean; sourceName?: string | undefined; startDate?: string | undefined; taxRate?: string | ... 1 more ... | undefined; endDate?: string | undefin...' is not assignable to parameter of type '{ netAmount: string | SQL<unknown> | Placeholder<string, any>; sourceName: string | SQL<unknown> | Placeholder<string, any>; grossAmount: string | SQL<...> | Placeholder<...>; ... 17 more ...; variabilityPercent?: string | ... 3 more ... | undefined; }'.
      Types of property 'sourceName' are incompatible.
        Type 'string | undefined' is not assignable to type 'string | SQL<unknown> | Placeholder<string, any>'.
          Type 'undefined' is not assignable to type 'string | SQL<unknown> | Placeholder<string, any>'.
  Overload 2 of 2, '(values: { netAmount: string | SQL<unknown> | Placeholder<string, any>; sourceName: string | SQL<unknown> | Placeholder<string, any>; grossAmount: string | SQL<...> | Placeholder<...>; ... 17 more ...; variabilityPercent?: string | ... 3 more ... | undefined; }[]): PgInsertBase<...>', gave the following error.
    Argument of type '{ isActive: boolean; userId: string; netAmount: string; grossAmount: string; frequency: string; verified: boolean; incomeType: string; stabilityScore: number; isTaxable: boolean; sourceName?: string | undefined; startDate?: string | undefined; taxRate?: string | ... 1 more ... | undefined; endDate?: string | undefin...' is not assignable to parameter of type '{ netAmount: string | SQL<unknown> | Placeholder<string, any>; sourceName: string | SQL<unknown> | Placeholder<string, any>; grossAmount: string | SQL<...> | Placeholder<...>; ... 17 more ...; variabilityPercent?: string | ... 3 more ... | undefined; }[]'.
      Type '{ isActive: boolean; userId: string; netAmount: string; grossAmount: string; frequency: string; verified: boolean; incomeType: string; stabilityScore: number; isTaxable: boolean; sourceName?: string | undefined; startDate?: string | undefined; taxRate?: string | ... 1 more ... | undefined; endDate?: string | undefin...' is missing the following properties from type '{ netAmount: string | SQL<unknown> | Placeholder<string, any>; sourceName: string | SQL<unknown> | Placeholder<string, any>; grossAmount: string | SQL<...> | Placeholder<...>; ... 17 more ...; variabilityPercent?: string | ... 3 more ... | undefined; }[]': length, pop, push, concat, and 35 more.
server/routes/investable-surplus-routes.ts(140,71): error TS2769: No overload matches this call.
  Overload 1 of 2, '(value: { obligationType: string | SQL<unknown> | Placeholder<string, any>; monthlyAmount: string | SQL<unknown> | Placeholder<string, any>; id?: string | SQL<...> | Placeholder<...> | undefined; ... 17 more ...; paymentHistory?: string | ... 3 more ... | undefined; }): PgInsertBase<...>', gave the following error.
    Argument of type '{ isActive: boolean; userId: string; obligationType: string; monthlyAmount: string; interestRate?: string | number | undefined; startDate?: string | undefined; endDate?: string | undefined; tenureMonths?: number | undefined; institutionName?: string | undefined; totalOutstanding?: string | undefined; creditorName?: ...' is not assignable to parameter of type '{ obligationType: string | SQL<unknown> | Placeholder<string, any>; monthlyAmount: string | SQL<unknown> | Placeholder<string, any>; id?: string | SQL<unknown> | Placeholder<...> | undefined; ... 17 more ...; paymentHistory?: string | ... 3 more ... | undefined; }'.
      Types of property 'interestRate' are incompatible.
        Type 'string | number | undefined' is not assignable to type 'string | SQL<unknown> | Placeholder<string, any> | null | undefined'.
          Type 'number' is not assignable to type 'string | SQL<unknown> | Placeholder<string, any> | null | undefined'.
  Overload 2 of 2, '(values: { obligationType: string | SQL<unknown> | Placeholder<string, any>; monthlyAmount: string | SQL<unknown> | Placeholder<string, any>; id?: string | SQL<...> | Placeholder<...> | undefined; ... 17 more ...; paymentHistory?: string | ... 3 more ... | undefined; }[]): PgInsertBase<...>', gave the following error.
    Argument of type '{ isActive: boolean; userId: string; obligationType: string; monthlyAmount: string; interestRate?: string | number | undefined; startDate?: string | undefined; endDate?: string | undefined; tenureMonths?: number | undefined; institutionName?: string | undefined; totalOutstanding?: string | undefined; creditorName?: ...' is not assignable to parameter of type '{ obligationType: string | SQL<unknown> | Placeholder<string, any>; monthlyAmount: string | SQL<unknown> | Placeholder<string, any>; id?: string | SQL<unknown> | Placeholder<...> | undefined; ... 17 more ...; paymentHistory?: string | ... 3 more ... | undefined; }[]'.
      Type '{ isActive: boolean; userId: string; obligationType: string; monthlyAmount: string; interestRate?: string | number | undefined; startDate?: string | undefined; endDate?: string | undefined; tenureMonths?: number | undefined; institutionName?: string | undefined; totalOutstanding?: string | undefined; creditorName?: ...' is missing the following properties from type '{ obligationType: string | SQL<unknown> | Placeholder<string, any>; monthlyAmount: string | SQL<unknown> | Placeholder<string, any>; id?: string | SQL<unknown> | Placeholder<...> | undefined; ... 17 more ...; paymentHistory?: string | ... 3 more ... | undefined; }[]': length, pop, push, concat, and 35 more.
server/routes/investment-ideas.ts(19,23): error TS2339: Property 'user' does not exist on type 'Session & Partial<SessionData>'.
server/routes/investment-ideas.ts(23,70): error TS2339: Property 'user' does not exist on type 'Session & Partial<SessionData>'.
server/routes/investment-ideas.ts(27,29): error TS2339: Property 'user' does not exist on type 'Session & Partial<SessionData>'.
server/routes/investment-ideas.ts(28,27): error TS2339: Property 'user' does not exist on type 'Session & Partial<SessionData>'.
server/routes/investment-ideas.ts(41,28): error TS2339: Property 'user' does not exist on type 'Session & Partial<SessionData>'.
server/routes/investment-ideas.ts(55,23): error TS2339: Property 'user' does not exist on type 'Session & Partial<SessionData>'.
server/routes/investment-ideas.ts(64,104): error TS2339: Property 'user' does not exist on type 'Session & Partial<SessionData>'.
server/routes/investment-ideas.ts(70,27): error TS2339: Property 'user' does not exist on type 'Session & Partial<SessionData>'.
server/routes/investment-ideas.ts(83,28): error TS2339: Property 'user' does not exist on type 'Session & Partial<SessionData>'.
server/routes/investment-ideas.ts(97,23): error TS2339: Property 'user' does not exist on type 'Session & Partial<SessionData>'.
server/routes/investment-ideas.ts(103,27): error TS2339: Property 'user' does not exist on type 'Session & Partial<SessionData>'.
server/routes/investment-ideas.ts(110,7): error TS2554: Expected 4 arguments, but got 3.
server/routes/investment-ideas.ts(110,44): error TS2339: Property 'user' does not exist on type 'Session & Partial<SessionData>'.
server/routes/investment-ideas.ts(114,29): error TS2339: Property 'user' does not exist on type 'Session & Partial<SessionData>'.
server/routes/investment-ideas.ts(143,23): error TS2339: Property 'user' does not exist on type 'Session & Partial<SessionData>'.
server/routes/investment-ideas.ts(152,37): error TS2339: Property 'user' does not exist on type 'Session & Partial<SessionData>'.
server/routes/investment-ideas.ts(177,23): error TS2339: Property 'user' does not exist on type 'Session & Partial<SessionData>'.
server/routes/investment-ideas.ts(186,37): error TS2339: Property 'user' does not exist on type 'Session & Partial<SessionData>'.
server/routes/investment-ideas.ts(213,23): error TS2339: Property 'user' does not exist on type 'Session & Partial<SessionData>'.
server/routes/investment-ideas.ts(218,46): error TS2339: Property 'user' does not exist on type 'Session & Partial<SessionData>'.
server/routes/investment-ideas.ts(245,23): error TS2339: Property 'user' does not exist on type 'Session & Partial<SessionData>'.
server/routes/investment-ideas.ts(249,70): error TS2339: Property 'user' does not exist on type 'Session & Partial<SessionData>'.
server/routes/investment-ideas.ts(253,29): error TS2339: Property 'user' does not exist on type 'Session & Partial<SessionData>'.
server/routes/investment-ideas.ts(272,23): error TS2339: Property 'user' does not exist on type 'Session & Partial<SessionData>'.
server/routes/investment-ideas.ts(276,62): error TS2339: Property 'user' does not exist on type 'Session & Partial<SessionData>'.
server/routes/investment-ideas.ts(280,29): error TS2339: Property 'user' does not exist on type 'Session & Partial<SessionData>'.
server/routes/investment-ideas.ts(299,23): error TS2339: Property 'user' does not exist on type 'Session & Partial<SessionData>'.
server/routes/investment-ideas.ts(326,23): error TS2339: Property 'user' does not exist on type 'Session & Partial<SessionData>'.
server/routes/investment-ideas.ts(330,65): error TS2339: Property 'user' does not exist on type 'Session & Partial<SessionData>'.
server/routes/investment-ideas.ts(334,29): error TS2339: Property 'user' does not exist on type 'Session & Partial<SessionData>'.
server/routes/investment-ideas.ts(353,23): error TS2339: Property 'user' does not exist on type 'Session & Partial<SessionData>'.
server/routes/investment-ideas.ts(359,27): error TS2339: Property 'user' does not exist on type 'Session & Partial<SessionData>'.
server/routes/investment-ideas.ts(366,7): error TS2554: Expected 4 arguments, but got 3.
server/routes/investment-ideas.ts(366,44): error TS2339: Property 'user' does not exist on type 'Session & Partial<SessionData>'.
server/routes/investment-ideas.ts(370,29): error TS2339: Property 'user' does not exist on type 'Session & Partial<SessionData>'.
server/routes/investment-ideas.ts(398,23): error TS2339: Property 'user' does not exist on type 'Session & Partial<SessionData>'.
server/routes/investment-ideas.ts(403,52): error TS2339: Property 'user' does not exist on type 'Session & Partial<SessionData>'.
server/routes/investment-ideas.ts(456,23): error TS2339: Property 'user' does not exist on type 'Session & Partial<SessionData>'.
server/routes/investment-ideas.ts(460,73): error TS2339: Property 'user' does not exist on type 'Session & Partial<SessionData>'.
server/routes/investment-ideas.ts(483,23): error TS2339: Property 'user' does not exist on type 'Session & Partial<SessionData>'.
server/routes/investment-ideas.ts(518,23): error TS2339: Property 'user' does not exist on type 'Session & Partial<SessionData>'.
server/routes/investment-ideas.ts(527,40): error TS2339: Property 'user' does not exist on type 'Session & Partial<SessionData>'.
server/routes/investment-ideas.ts(555,23): error TS2339: Property 'user' does not exist on type 'Session & Partial<SessionData>'.
server/routes/investment-ideas.ts(560,88): error TS2339: Property 'user' does not exist on type 'Session & Partial<SessionData>'.
server/routes/investment-ideas.ts(564,29): error TS2339: Property 'user' does not exist on type 'Session & Partial<SessionData>'.
server/routes/investment-ideas.ts(583,23): error TS2339: Property 'user' does not exist on type 'Session & Partial<SessionData>'.
server/routes/investment-ideas.ts(589,19): error TS2339: Property 'user' does not exist on type 'Session & Partial<SessionData>'.
server/routes/investment-ideas.ts(595,29): error TS2339: Property 'user' does not exist on type 'Session & Partial<SessionData>'.
server/routes/investment-ideas.ts(614,23): error TS2339: Property 'user' does not exist on type 'Session & Partial<SessionData>'.
server/routes/investment-ideas.ts(618,95): error TS2339: Property 'user' does not exist on type 'Session & Partial<SessionData>'.
server/routes/investment-ideas.ts(622,29): error TS2339: Property 'user' does not exist on type 'Session & Partial<SessionData>'.
server/routes/investment-ideas.ts(641,23): error TS2339: Property 'user' does not exist on type 'Session & Partial<SessionData>'.
server/routes/iris-kfintech-routes.ts(22,7): error TS2322: Type 'Response<any, Record<string, any>>' is not assignable to type 'void'.
server/routes/kyc-admin-support-1.ts(4,10): error TS2300: Duplicate identifier 'eq'.
server/routes/kyc-admin-support-1.ts(6,23): error TS2300: Duplicate identifier 'requireAdmin'.
server/routes/kyc-admin-support-1.ts(11,10): error TS2300: Duplicate identifier 'requireAdmin'.
server/routes/kyc-admin-support-1.ts(12,10): error TS2300: Duplicate identifier 'eq'.
server/routes/kyc-admin-support-1.ts(59,7): error TS2322: Type '"manual_kyc_submission"' is not assignable to type '"transaction" | "admin_action" | "data_access" | "login" | "consent_change" | "profile_update" | "export_data" | "delete_data" | "security_violation"'.
server/routes/kyc-admin-support-1.ts(67,24): error TS2304: Cannot find name 'docEntries'.
server/routes/kyc-admin-support-1.ts(82,7): error TS2322: Type '"manual_kyc_submission_failed"' is not assignable to type '"transaction" | "admin_action" | "data_access" | "login" | "consent_change" | "profile_update" | "export_data" | "delete_data" | "security_violation"'.
server/routes/kyc-admin-support-2.ts(37,7): error TS2353: Object literal may only specify known properties, and 'category' does not exist in type 'Omit<ComplianceEvent, "id" | "timestamp">'.
server/routes/kyc-admin-support-2.ts(72,122): error TS2345: Argument of type 'null' is not assignable to parameter of type 'string | undefined'.
server/routes/kyc-admin-support-2.ts(89,7): error TS2353: Object literal may only specify known properties, and 'category' does not exist in type 'Omit<ComplianceEvent, "id" | "timestamp">'.
server/routes/kyc-admin-support-2.ts(132,95): error TS2345: Argument of type 'null' is not assignable to parameter of type 'string | undefined'.
server/routes/kyc-admin-support-2.ts(149,7): error TS2353: Object literal may only specify known properties, and 'category' does not exist in type 'Omit<ComplianceEvent, "id" | "timestamp">'.
server/routes/kyc-admin-support-2.ts(185,62): error TS2345: Argument of type '{ status: string; limit: number; }' is not assignable to parameter of type 'string'.
server/routes/kyc-admin-support-2.ts(186,33): error TS18048: 'submissions' is possibly 'undefined'.
server/routes/kyc-admin-support-2.ts(186,45): error TS2339: Property 'filter' does not exist on type '{ id: string; companyName: string | null; address: string; createdAt: Date | null; updatedAt: Date | null; documents: unknown; status: string | null; userId: string | null; email: string; ... 29 more ...; submissionChannel: string | null; }'.
server/routes/kyc-admin-support-2.ts(199,51): error TS7006: Parameter 'r' implicitly has an 'any' type.
server/routes/kyc-admin-support-2.ts(343,9): error TS2322: Type 'boolean | null' is not assignable to type 'boolean'.
  Type 'null' is not assignable to type 'boolean'.
server/routes/kyc-admin-support-2.ts(404,100): error TS2339: Property 'fundStatus' does not exist on type 'PgTableWithColumns<{ name: "pms_master"; schema: undefined; columns: { id: PgColumn<{ name: "id"; tableName: "pms_master"; dataType: "string"; columnType: "PgVarchar"; data: string; driverParam: string; notNull: true; hasDefault: true; ... 6 more ...; generated: undefined; }, {}, { ...; }>; ... 37 more ...; updatedA...'.
server/routes/kyc-admin-support-2.ts(416,25): error TS2339: Property 'fundHouseName' does not exist on type '{ id: string; name: string; registrationNo: string | null; strategy: string | null; managerId: string | null; amcName: string | null; style: string | null; marketCapBias: string | null; ... 30 more ...; updatedAt: Date; }'.
server/routes/kyc-admin-support-2.ts(416,46): error TS2339: Property 'sponsor' does not exist on type '{ id: string; name: string; registrationNo: string | null; strategy: string | null; managerId: string | null; amcName: string | null; style: string | null; marketCapBias: string | null; ... 30 more ...; updatedAt: Date; }'.
server/routes/kyc-admin-support-4-1.ts(75,7): error TS2353: Object literal may only specify known properties, and 'estimatedTime' does not exist in type '{ name: string; category: string; serviceType: string; isActive?: boolean | null | undefined; createdBy?: string | null | undefined; description?: string | null | undefined; requiredDocuments?: Json | undefined; estimatedDuration?: number | ... 1 more ... | undefined; steps?: Json | undefined; checklist?: Json | und...'.
server/routes/kyc-admin-support-4-1.ts(88,11): error TS2353: Object literal may only specify known properties, and 'order' does not exist in type '{ title: string; ticketId: string; stepNumber: number; description?: string | null | undefined; documents?: Json | undefined; status?: string | null | undefined; completedAt?: Date | null | undefined; ... 6 more ...; actualTime?: number | ... 1 more ... | undefined; }'.
server/routes/kyc-admin-support-4-1.ts(150,7): error TS2353: Object literal may only specify known properties, and 'order' does not exist in type '{ title: string; ticketId: string; stepNumber: number; description?: string | null | undefined; documents?: Json | undefined; status?: string | null | undefined; completedAt?: Date | null | undefined; ... 6 more ...; actualTime?: number | ... 1 more ... | undefined; }'.
server/routes/kyc-admin-support-4-2.ts(22,9): error TS2353: Object literal may only specify known properties, and 'order' does not exist in type '{ title: string; ticketId: string; stepNumber: number; description?: string | null | undefined; documents?: Json | undefined; status?: string | null | undefined; completedAt?: Date | null | undefined; ... 6 more ...; actualTime?: number | ... 1 more ... | undefined; }'.
server/routes/kyc-admin-support-4-2.ts(22,29): error TS2339: Property 'order' does not exist on type '{ id: string; createdAt: Date | null; updatedAt: Date | null; description: string | null; documents: unknown; status: string | null; completedAt: Date | null; title: string; ... 8 more ...; actualTime: number | null; }'.
server/routes/kyc-admin-support-4-2.ts(24,34): error TS2339: Property 'isRequired' does not exist on type '{ id: string; createdAt: Date | null; updatedAt: Date | null; description: string | null; documents: unknown; status: string | null; completedAt: Date | null; title: string; ... 8 more ...; actualTime: number | null; }'.
server/routes/kyc-admin-support-4-2.ts(69,7): error TS2353: Object literal may only specify known properties, and 'authorId' does not exist in type '{ senderId: string; senderType: string; senderName: string; stepId: string; comment: string; attachments?: Json | undefined; isInternal?: boolean | null | undefined; }'.
server/routes/kyc-admin-support-4-2.ts(326,60): error TS2345: Argument of type '{ isActive: true; createdBy: string; name: string; description: string; category: string; estimatedTime: string; requiredDocuments: string[]; }' is not assignable to parameter of type '{ name: string; category: string; serviceType: string; isActive?: boolean | null | undefined; createdBy?: string | null | undefined; description?: string | null | undefined; requiredDocuments?: Json | undefined; estimatedDuration?: number | ... 1 more ... | undefined; steps?: Json | undefined; checklist?: Json | und...'.
  Property 'serviceType' is missing in type '{ isActive: true; createdBy: string; name: string; description: string; category: string; estimatedTime: string; requiredDocuments: string[]; }' but required in type '{ name: string; category: string; serviceType: string; isActive?: boolean | null | undefined; createdBy?: string | null | undefined; description?: string | null | undefined; requiredDocuments?: Json | undefined; estimatedDuration?: number | ... 1 more ... | undefined; steps?: Json | undefined; checklist?: Json | und...'.
server/routes/kyc-admin-support-4-2.ts(337,11): error TS2353: Object literal may only specify known properties, and 'order' does not exist in type '{ title: string; ticketId: string; stepNumber: number; description?: string | null | undefined; documents?: Json | undefined; status?: string | null | undefined; completedAt?: Date | null | undefined; ... 6 more ...; actualTime?: number | ... 1 more ... | undefined; }'.
server/routes/kyc-engine-routes.ts(222,7): error TS2322: Type 'string' is not assignable to type '"MARKETING" | "KYC_DATA_COLLECTION" | "AADHAAR_VERIFICATION" | "PAN_VERIFICATION" | "CREDIT_CHECK" | "BANK_VERIFICATION" | "DATA_SHARING" | "CKYC_SUBMISSION"'.
server/routes/kyc/index-2-1.ts(249,9): error TS2561: Object literal may only specify known properties, but 'aadhaarVerified' does not exist in type 'Partial<{ id: string; isActive: boolean | null; panNumber: string | null; createdAt: Date | null; updatedAt: Date | null; userId: string | null; completedAt: Date | null; ... 28 more ...; aadhaarVerificationData: unknown; }>'. Did you mean to write 'aadhaarVerifiedAt'?
server/routes/kyc/index-2-1.ts(352,9): error TS2353: Object literal may only specify known properties, and 'status' does not exist in type 'Partial<{ id: string; isActive: boolean | null; panNumber: string | null; createdAt: Date | null; updatedAt: Date | null; userId: string | null; completedAt: Date | null; ... 28 more ...; aadhaarVerificationData: unknown; }>'.
server/routes/kyc/index-2-1.ts(362,11): error TS2353: Object literal may only specify known properties, and 'kycLevel' does not exist in type '{ userId?: string | SQL<unknown> | PgColumn<ColumnBaseConfig<ColumnDataType, string>, {}, {}> | undefined; id?: string | SQL<unknown> | PgColumn<...> | undefined; ... 110 more ...; numberOfDependents?: number | ... 3 more ... | undefined; }'.
server/routes/kyc/index-2-1.ts(367,81): error TS2551: Property 'aadhaarVerified' does not exist on type '{ id: string; isActive: boolean | null; panNumber: string | null; createdAt: Date | null; updatedAt: Date | null; userId: string | null; completedAt: Date | null; ... 28 more ...; aadhaarVerificationData: unknown; }'. Did you mean 'aadhaarVerifiedAt'?
server/routes/kyc/index-2-2.ts(72,20): error TS2339: Property 'ckycFetchedViaAuthBridge' does not exist on type '{ id: string; userId: string; clientType: string | null; entityType: string | null; firstName: string | null; middleName: string | null; lastName: string | null; gender: string | null; ... 104 more ...; updatedAt: Date | null; }'.
server/routes/kyc/index-2-2.ts(72,57): error TS2339: Property 'ckycAuthBridgeResponse' does not exist on type '{ id: string; userId: string; clientType: string | null; entityType: string | null; firstName: string | null; middleName: string | null; lastName: string | null; gender: string | null; ... 104 more ...; updatedAt: Date | null; }'.
server/routes/kyc/index-2-2.ts(87,11): error TS2353: Object literal may only specify known properties, and 'ckycData' does not exist in type 'Partial<{ id: string; isActive: boolean | null; panNumber: string | null; createdAt: Date | null; updatedAt: Date | null; userId: string | null; completedAt: Date | null; ... 28 more ...; aadhaarVerificationData: unknown; }>'.
server/routes/kyc/index-2-2.ts(160,11): error TS2353: Object literal may only specify known properties, and 'ckycData' does not exist in type 'Partial<{ id: string; isActive: boolean | null; panNumber: string | null; createdAt: Date | null; updatedAt: Date | null; userId: string | null; completedAt: Date | null; ... 28 more ...; aadhaarVerificationData: unknown; }>'.
server/routes/kyc/index-2-2.ts(208,13): error TS2561: Object literal may only specify known properties, but 'aadhaarVerified' does not exist in type 'Partial<{ id: string; isActive: boolean | null; panNumber: string | null; createdAt: Date | null; updatedAt: Date | null; userId: string | null; completedAt: Date | null; ... 28 more ...; aadhaarVerificationData: unknown; }>'. Did you mean to write 'aadhaarVerifiedAt'?
server/routes/kyc/index-2-2.ts(336,9): error TS2353: Object literal may only specify known properties, and 'riskProfileData' does not exist in type 'Partial<{ id: string; isActive: boolean | null; panNumber: string | null; createdAt: Date | null; updatedAt: Date | null; userId: string | null; completedAt: Date | null; ... 28 more ...; aadhaarVerificationData: unknown; }>'.
server/routes/kyc/index-2-2.ts(412,9): error TS2353: Object literal may only specify known properties, and 'complianceData' does not exist in type 'Partial<{ id: string; isActive: boolean | null; panNumber: string | null; createdAt: Date | null; updatedAt: Date | null; userId: string | null; completedAt: Date | null; ... 28 more ...; aadhaarVerificationData: unknown; }>'.
server/routes/kyc/index-2-2.ts(430,9): error TS2561: Object literal may only specify known properties, but 'tinNumber' does not exist in type 'Partial<{ id: string; companyName: string | null; address: string | null; password: string; isActive: boolean | null; arnCode: string | null; euinNumber: string | null; panNumber: string | null; ... 122 more ...; shareableProfileEnabled: boolean | null; }>'. Did you mean to write 'euinNumber'?
server/routes/kyc/index-2-2.ts(441,68): error TS2551: Property 'aadhaarVerified' does not exist on type '{ id: string; isActive: boolean | null; panNumber: string | null; createdAt: Date | null; updatedAt: Date | null; userId: string | null; completedAt: Date | null; ... 28 more ...; aadhaarVerificationData: unknown; }'. Did you mean 'aadhaarVerifiedAt'?
server/routes/kyc/index-2-2.ts(448,77): error TS2551: Property 'aadhaarVerified' does not exist on type '{ id: string; isActive: boolean | null; panNumber: string | null; createdAt: Date | null; updatedAt: Date | null; userId: string | null; completedAt: Date | null; ... 28 more ...; aadhaarVerificationData: unknown; }'. Did you mean 'aadhaarVerifiedAt'?
server/routes/kyc/index-2-2.ts(655,22): error TS2339: Property 'panVerifiedViaSandbox' does not exist on type '{ id: string; userId: string; clientType: string | null; entityType: string | null; firstName: string | null; middleName: string | null; lastName: string | null; gender: string | null; ... 104 more ...; updatedAt: Date | null; }'.
server/routes/kyc/index-2-2.ts(656,22): error TS2339: Property 'panSandboxStatus' does not exist on type '{ id: string; userId: string; clientType: string | null; entityType: string | null; firstName: string | null; middleName: string | null; lastName: string | null; gender: string | null; ... 104 more ...; updatedAt: Date | null; }'.
server/routes/kyc/index-2-2.ts(657,22): error TS2339: Property 'panVerifiedViaSmartKyc' does not exist on type '{ id: string; userId: string; clientType: string | null; entityType: string | null; firstName: string | null; middleName: string | null; lastName: string | null; gender: string | null; ... 104 more ...; updatedAt: Date | null; }'.
server/routes/kyc/index-2-2.ts(686,33): error TS2339: Property 'email' does not exist on type '{ id: string; userId: string; clientType: string | null; entityType: string | null; firstName: string | null; middleName: string | null; lastName: string | null; gender: string | null; ... 104 more ...; updatedAt: Date | null; }'.
server/routes/kyc/index-2-2.ts(687,34): error TS2339: Property 'mobile' does not exist on type '{ id: string; userId: string; clientType: string | null; entityType: string | null; firstName: string | null; middleName: string | null; lastName: string | null; gender: string | null; ... 104 more ...; updatedAt: Date | null; }'.
server/routes/kyc/index-3.ts(83,13): error TS2304: Cannot find name 'KYC_FIELD_RULES'.
server/routes/kyc/index-3.ts(85,31): error TS2339: Property 'panVerifiedViaSandbox' does not exist on type '{ id: string; userId: string; clientType: string | null; entityType: string | null; firstName: string | null; middleName: string | null; lastName: string | null; gender: string | null; ... 104 more ...; updatedAt: Date | null; }'.
server/routes/kyc/index-3.ts(85,71): error TS2339: Property 'panSandboxStatus' does not exist on type '{ id: string; userId: string; clientType: string | null; entityType: string | null; firstName: string | null; middleName: string | null; lastName: string | null; gender: string | null; ... 104 more ...; updatedAt: Date | null; }'.
server/routes/kyc/index-3.ts(87,30): error TS2339: Property 'panVerifiedViaSandbox' does not exist on type '{ id: string; userId: string; clientType: string | null; entityType: string | null; firstName: string | null; middleName: string | null; lastName: string | null; gender: string | null; ... 104 more ...; updatedAt: Date | null; }'.
server/routes/kyc/index-3.ts(97,13): error TS2304: Cannot find name 'KYC_FIELD_RULES'.
server/routes/kyc/index-3.ts(128,18): error TS2304: Cannot find name 'KYC_FIELD_RULES'.
server/routes/kyc/index-3.ts(166,18): error TS2304: Cannot find name 'KYC_FIELD_RULES'.
server/routes/kyc/index-3.ts(733,11): error TS2353: Object literal may only specify known properties, and 'amlRiskLevel' does not exist in type '{ userId?: string | SQL<unknown> | PgColumn<ColumnBaseConfig<ColumnDataType, string>, {}, {}> | undefined; id?: string | SQL<unknown> | PgColumn<...> | undefined; ... 110 more ...; numberOfDependents?: number | ... 3 more ... | undefined; }'.
server/routes/kyc/index-4.ts(229,18): error TS2353: Object literal may only specify known properties, and 'aadhaarVerifiedViaSmartKyc' does not exist in type '{ userId?: string | SQL<unknown> | PgColumn<ColumnBaseConfig<ColumnDataType, string>, {}, {}> | undefined; id?: string | SQL<unknown> | PgColumn<...> | undefined; ... 110 more ...; numberOfDependents?: number | ... 3 more ... | undefined; }'.
server/routes/kyc/index-4.ts(273,62): error TS2339: Property 'city' does not exist on type '{ house: string; street: string; landmark: string; locality: string; district: string; state: string; pincode: string; country: string; }'.
server/routes/kyc/index-4.ts(275,64): error TS2339: Property 'zip' does not exist on type '{ house: string; street: string; landmark: string; locality: string; district: string; state: string; pincode: string; country: string; }'.
server/routes/kyc/index-4.ts(365,9): error TS2353: Object literal may only specify known properties, and 'entityType' does not exist in type '{ isActive?: boolean | null | undefined; panNumber?: string | null | undefined; userId?: string | null | undefined; completedAt?: Date | null | undefined; ipAddress?: string | null | undefined; ... 27 more ...; aadhaarVerificationData?: Json | undefined; }'.
server/routes/kyc/index-5.ts(199,33): error TS2339: Property 'kycLevel' does not exist on type '{ id: string; userId: string; clientType: string | null; entityType: string | null; firstName: string | null; middleName: string | null; lastName: string | null; gender: string | null; ... 104 more ...; updatedAt: Date | null; }'.
server/routes/kyc/index-5.ts(199,54): error TS2339: Property 'kycLevel' does not exist on type '{ id: string; userId: string; email: string | null; mobile: string | null; password: string; firstName: string | null; middleName: string | null; lastName: string | null; profileImageUrl: string | null; ... 121 more ...; shareableProfileEnabled: boolean | null; }'.
server/routes/kyc/index-5.ts(200,74): error TS2339: Property 'panVerifiedViaSandbox' does not exist on type '{ id: string; userId: string; clientType: string | null; entityType: string | null; firstName: string | null; middleName: string | null; lastName: string | null; gender: string | null; ... 104 more ...; updatedAt: Date | null; }'.
server/routes/kyc/index-5.ts(201,82): error TS2339: Property 'aadhaarVerifiedViaSmartKyc' does not exist on type '{ id: string; userId: string; clientType: string | null; entityType: string | null; firstName: string | null; middleName: string | null; lastName: string | null; gender: string | null; ... 104 more ...; updatedAt: Date | null; }'.
server/routes/kyc/index-5.ts(214,37): error TS2339: Property 'ckycFetchedViaAuthBridge' does not exist on type '{ id: string; userId: string; clientType: string | null; entityType: string | null; firstName: string | null; middleName: string | null; lastName: string | null; gender: string | null; ... 104 more ...; updatedAt: Date | null; }'.
server/routes/kyc/index-5.ts(218,31): error TS2339: Property 'kycLevelUpgradedAt' does not exist on type '{ id: string; userId: string; clientType: string | null; entityType: string | null; firstName: string | null; middleName: string | null; lastName: string | null; gender: string | null; ... 104 more ...; updatedAt: Date | null; }'.
server/routes/kyc/v2-extensions-1.ts(587,9): error TS2353: Object literal may only specify known properties, and 'sub_agent' does not exist in type 'Record<"client" | "agent" | "partner", string>'.
server/routes/kyc/v2-extensions-2.ts(80,47): error TS2339: Property 'getPacksByUser' does not exist on type 'KycAuditPackService'.
server/routes/kyc/v2-extensions-2.ts(368,37): error TS2769: No overload matches this call.
  Overload 1 of 2, '(value: { purpose: string | SQL<unknown> | Placeholder<string, any>; accessType: string | SQL<unknown> | Placeholder<string, any>; id?: string | SQL<unknown> | Placeholder<...> | undefined; ... 14 more ...; complianceCheckPassed?: boolean | ... 3 more ... | undefined; }): PgInsertBase<...>', gave the following error.
    Object literal may only specify known properties, and 'retentionDays' does not exist in type '{ purpose: string | SQL<unknown> | Placeholder<string, any>; accessType: string | SQL<unknown> | Placeholder<string, any>; id?: string | SQL<unknown> | Placeholder<...> | undefined; ... 14 more ...; complianceCheckPassed?: boolean | ... 3 more ... | undefined; }'.
  Overload 2 of 2, '(values: { purpose: string | SQL<unknown> | Placeholder<string, any>; accessType: string | SQL<unknown> | Placeholder<string, any>; id?: string | SQL<unknown> | Placeholder<...> | undefined; ... 14 more ...; complianceCheckPassed?: boolean | ... 3 more ... | undefined; }[]): PgInsertBase<...>', gave the following error.
    Object literal may only specify known properties, and 'userId' does not exist in type '{ purpose: string | SQL<unknown> | Placeholder<string, any>; accessType: string | SQL<unknown> | Placeholder<string, any>; id?: string | SQL<unknown> | Placeholder<...> | undefined; ... 14 more ...; complianceCheckPassed?: boolean | ... 3 more ... | undefined; }[]'.
server/routes/kyc/v2-extensions-2.ts(411,47): error TS2339: Property 'entityType' does not exist on type 'PgTableWithColumns<{ name: "kyc_verification_sessions"; schema: undefined; columns: { id: PgColumn<{ name: "id"; tableName: "kyc_verification_sessions"; dataType: "string"; columnType: "PgVarchar"; data: string; driverParam: string; ... 8 more ...; generated: undefined; }, {}, { ...; }>; ... 34 more ...; updatedAt: ...'.
server/routes/kyc/v2-extensions-2.ts(512,15): error TS2353: Object literal may only specify known properties, and 'reason' does not exist in type '{ ip?: string | undefined; userAgent?: string | undefined; networkState?: string | undefined; idempotencyKey?: string | undefined; executionId?: string | undefined; sessionId?: string | undefined; requestPath?: string | undefined; requestMethod?: string | undefined; }'.
server/routes/kyc/v2-extensions-2.ts(666,35): error TS2352: Conversion of type 'QueryResult<Record<string, unknown>>' to type 'any[]' may be a mistake because neither type sufficiently overlaps with the other. If this was intentional, convert the expression to 'unknown' first.
  Type 'QueryResult<Record<string, unknown>>' is missing the following properties from type 'any[]': length, pop, push, concat, and 35 more.
server/routes/loans/admin-1.ts(199,11): error TS2769: No overload matches this call.
  Overload 1 of 2, '(value: { email: string | SQL<unknown> | Placeholder<string, any>; firstName: string | SQL<unknown> | Placeholder<string, any>; lastName: string | SQL<unknown> | Placeholder<...>; ... 21 more ...; totalLeadsAssigned?: number | ... 3 more ... | undefined; }): PgInsertBase<...>', gave the following error.
    Object literal may only specify known properties, and 'isActive' does not exist in type '{ email: string | SQL<unknown> | Placeholder<string, any>; firstName: string | SQL<unknown> | Placeholder<string, any>; lastName: string | SQL<unknown> | Placeholder<...>; ... 21 more ...; totalLeadsAssigned?: number | ... 3 more ... | undefined; }'.
  Overload 2 of 2, '(values: { email: string | SQL<unknown> | Placeholder<string, any>; firstName: string | SQL<unknown> | Placeholder<string, any>; lastName: string | SQL<unknown> | Placeholder<...>; ... 21 more ...; totalLeadsAssigned?: number | ... 3 more ... | undefined; }[]): PgInsertBase<...>', gave the following error.
    Object literal may only specify known properties, and 'isActive' does not exist in type '{ email: string | SQL<unknown> | Placeholder<string, any>; firstName: string | SQL<unknown> | Placeholder<string, any>; lastName: string | SQL<unknown> | Placeholder<...>; ... 21 more ...; totalLeadsAssigned?: number | ... 3 more ... | undefined; }[]'.
server/routes/loans/admin-1.ts(235,10): error TS2769: No overload matches this call.
  Overload 1 of 2, '(value: { email: string | SQL<unknown> | Placeholder<string, any>; firstName: string | SQL<unknown> | Placeholder<string, any>; lastName: string | SQL<unknown> | Placeholder<...>; ... 21 more ...; totalLeadsAssigned?: number | ... 3 more ... | undefined; }): PgInsertBase<...>', gave the following error.
    Object literal may only specify known properties, and 'isActive' does not exist in type '{ email: string | SQL<unknown> | Placeholder<string, any>; firstName: string | SQL<unknown> | Placeholder<string, any>; lastName: string | SQL<unknown> | Placeholder<...>; ... 21 more ...; totalLeadsAssigned?: number | ... 3 more ... | undefined; }'.
  Overload 2 of 2, '(values: { email: string | SQL<unknown> | Placeholder<string, any>; firstName: string | SQL<unknown> | Placeholder<string, any>; lastName: string | SQL<unknown> | Placeholder<...>; ... 21 more ...; totalLeadsAssigned?: number | ... 3 more ... | undefined; }[]): PgInsertBase<...>', gave the following error.
    Object literal may only specify known properties, and 'providerId' does not exist in type '{ email: string | SQL<unknown> | Placeholder<string, any>; firstName: string | SQL<unknown> | Placeholder<string, any>; lastName: string | SQL<unknown> | Placeholder<...>; ... 21 more ...; totalLeadsAssigned?: number | ... 3 more ... | undefined; }[]'.
server/routes/loans/admin-1.ts(316,11): error TS2353: Object literal may only specify known properties, and 'isActive' does not exist in type '{ email?: string | SQL<unknown> | PgColumn<ColumnBaseConfig<ColumnDataType, string>, {}, {}> | undefined; firstName?: string | SQL<...> | PgColumn<...> | undefined; ... 22 more ...; totalLeadsAssigned?: number | ... 3 more ... | undefined; }'.
server/routes/loans/admin-2.ts(208,11): error TS2769: No overload matches this call.
  Overload 1 of 2, '(value: { configLevel: string | SQL<unknown> | Placeholder<string, any>; id?: string | SQL<unknown> | Placeholder<string, any> | undefined; isActive?: boolean | SQL<...> | Placeholder<...> | null | undefined; ... 4 more ...; payoutType?: string | ... 3 more ... | undefined; }): PgInsertBase<...>', gave the following error.
    Object literal may only specify known properties, and 'effectiveFrom' does not exist in type '{ configLevel: string | SQL<unknown> | Placeholder<string, any>; id?: string | SQL<unknown> | Placeholder<string, any> | undefined; isActive?: boolean | SQL<...> | Placeholder<...> | null | undefined; ... 4 more ...; payoutType?: string | ... 3 more ... | undefined; }'.
  Overload 2 of 2, '(values: { configLevel: string | SQL<unknown> | Placeholder<string, any>; id?: string | SQL<unknown> | Placeholder<string, any> | undefined; isActive?: boolean | SQL<...> | Placeholder<...> | null | undefined; ... 4 more ...; payoutType?: string | ... 3 more ... | undefined; }[]): PgInsertBase<...>', gave the following error.
    Object literal may only specify known properties, and 'effectiveFrom' does not exist in type '{ configLevel: string | SQL<unknown> | Placeholder<string, any>; id?: string | SQL<unknown> | Placeholder<string, any> | undefined; isActive?: boolean | SQL<...> | Placeholder<...> | null | undefined; ... 4 more ...; payoutType?: string | ... 3 more ... | undefined; }[]'.
server/routes/loans/index-1.ts(89,11): error TS2561: Object literal may only specify known properties, but 'disbursementDetails' does not exist in type 'Partial<{ id: string; createdAt: Date | null; updatedAt: Date | null; interestRate: string | null; documents: unknown; status: string | null; userId: string | null; prospectId: string | null; ... 22 more ...; nextSteps: unknown; }>'. Did you mean to write 'disbursementDate'?
server/routes/loans/index-1.ts(117,41): error TS2551: Property 'checkLoanEligibility' does not exist on type 'ICICIBankAPI'. Did you mean 'getLoanEligibility'?
server/routes/loans/index-1.ts(146,41): error TS2554: Expected 2 arguments, but got 1.
server/routes/loans/index-1.ts(203,37): error TS2551: Property 'upsertCreditProfile' does not exist on type 'DatabaseStorage'. Did you mean 'getCreditProfile'?
server/routes/loans/index-1.ts(404,45): error TS2339: Property 'generateOffers' does not exist on type 'LoanOrchestrator'.
server/routes/loans/index-1.ts(405,21): error TS2551: Property 'saveLoanOffers' does not exist on type 'DatabaseStorage'. Did you mean 'getLoanOffers'?
server/routes/loans/index-1.ts(433,50): error TS2554: Expected 0 arguments, but got 1.
server/routes/loans/index-2.ts(96,39): error TS2551: Property 'getLoanApplicationDocuments' does not exist on type 'DatabaseStorage'. Did you mean 'getApplicationDocuments'?
server/routes/loans/index-2.ts(125,38): error TS2551: Property 'addLoanApplicationDocument' does not exist on type 'DatabaseStorage'. Did you mean 'updateApplicationDocument'?
server/routes/loans/index-2.ts(165,36): error TS2339: Property 'amount' does not exist on type '{ id: string; isActive: boolean | null; createdAt: Date | null; interestRate: string; productId: string; validUntil: Date; approvedAmount: string; tenure: number; eligibilityScore: string; ... 15 more ...; selectedAt: Date | null; }'.
server/routes/loans/index-2.ts(169,35): error TS2339: Property 'providerName' does not exist on type '{ id: string; isActive: boolean | null; createdAt: Date | null; interestRate: string; productId: string; validUntil: Date; approvedAmount: string; tenure: number; eligibilityScore: string; ... 15 more ...; selectedAt: Date | null; }'.
server/routes/m2p-card-routes.ts(293,25): error TS2783: 'success' is specified more than once, so this usage will be overwritten.
server/routes/m2p-card-routes.ts(313,25): error TS2783: 'success' is specified more than once, so this usage will be overwritten.
server/routes/m2p-card-routes.ts(330,25): error TS2783: 'success' is specified more than once, so this usage will be overwritten.
server/routes/m2p-card-routes.ts(374,25): error TS2783: 'success' is specified more than once, so this usage will be overwritten.
server/routes/mca-intelligence-routes-1-1.ts(104,16): error TS2339: Property 'email' does not exist on type 'T'.
server/routes/mca-intelligence-routes-1-1.ts(112,14): error TS2339: Property 'din' does not exist on type 'T'.
server/routes/mca-intelligence-routes-1-1.ts(120,16): error TS2339: Property 'profitAfterTax' does not exist on type 'T'.
server/routes/mca-intelligence-routes-1-1.ts(121,16): error TS2339: Property 'isApproximate' does not exist on type 'T'.
server/routes/mca-intelligence-routes-1-1.ts(128,16): error TS2339: Property 'revenue' does not exist on type 'T'.
server/routes/mca-intelligence-routes-1-1.ts(129,16): error TS2339: Property 'isApproximate' does not exist on type 'T'.
server/routes/mca-intelligence-routes-1-1.ts(137,7): error TS2862: Type 'T' is generic and can only be indexed for reading.
server/routes/mca-intelligence-routes-1-1.ts(168,5): error TS2353: Object literal may only specify known properties, and 'metadata' does not exist in type '{ userId?: string | undefined; userName?: string | undefined; userRole?: string | undefined; queryType: McaQueryType; cin?: string | undefined; companyName?: string | undefined; ... 7 more ...; userAgent?: string | undefined; }'.
server/routes/mca-intelligence-routes-1-2.ts(104,16): error TS2339: Property 'email' does not exist on type 'T'.
server/routes/mca-intelligence-routes-1-2.ts(112,14): error TS2339: Property 'din' does not exist on type 'T'.
server/routes/mca-intelligence-routes-1-2.ts(120,16): error TS2339: Property 'profitAfterTax' does not exist on type 'T'.
server/routes/mca-intelligence-routes-1-2.ts(121,16): error TS2339: Property 'isApproximate' does not exist on type 'T'.
server/routes/mca-intelligence-routes-1-2.ts(128,16): error TS2339: Property 'revenue' does not exist on type 'T'.
server/routes/mca-intelligence-routes-1-2.ts(129,16): error TS2339: Property 'isApproximate' does not exist on type 'T'.
server/routes/mca-intelligence-routes-1-2.ts(137,7): error TS2862: Type 'T' is generic and can only be indexed for reading.
server/routes/mca-intelligence-routes-1-2.ts(168,5): error TS2353: Object literal may only specify known properties, and 'metadata' does not exist in type '{ userId?: string | undefined; userName?: string | undefined; userRole?: string | undefined; queryType: McaQueryType; cin?: string | undefined; companyName?: string | undefined; ... 7 more ...; userAgent?: string | undefined; }'.
server/routes/mca-intelligence-routes-1-2.ts(208,20): error TS2304: Cannot find name 'profitableSchema'.
server/routes/mca-intelligence-routes-1-2.ts(408,7): error TS2322: Type '"risk_assessment"' is not assignable to type 'McaQueryType'.
server/routes/mca-intelligence-routes-2.ts(255,24): error TS18047: 'orderStatus' is possibly 'null'.
server/routes/mca-intelligence-routes-2.ts(256,24): error TS18047: 'orderStatus' is possibly 'null'.
server/routes/mca-intelligence-routes-2.ts(270,15): error TS2353: Object literal may only specify known properties, and 'account_name' does not exist in type '{ account_id: string; amount: number; date?: string | undefined; reference_number?: string | undefined; description?: string | undefined; vendor_id?: string | undefined; is_billable?: boolean | undefined; }'.
server/routes/mca-intelligence-routes-2.ts(295,16): error TS18047: 'orderStatus' is possibly 'null'.
server/routes/mca-intelligence-routes-2.ts(295,56): error TS18047: 'orderStatus' is possibly 'null'.
server/routes/mca-intelligence-routes-2.ts(298,24): error TS18047: 'orderStatus' is possibly 'null'.
server/routes/mca-intelligence-routes-2.ts(300,79): error TS18047: 'orderStatus' is possibly 'null'.
server/routes/mca-intelligence-routes-2.ts(341,20): error TS18047: 'orderStatus' is possibly 'null'.
server/routes/mca-intelligence-routes-2.ts(341,60): error TS18047: 'orderStatus' is possibly 'null'.
server/routes/mca-intelligence-routes-2.ts(345,28): error TS18047: 'orderStatus' is possibly 'null'.
server/routes/mca-intelligence-routes-2.ts(349,66): error TS18047: 'orderStatus' is possibly 'null'.
server/routes/mca-intelligence-routes-3.ts(104,16): error TS2339: Property 'email' does not exist on type 'T'.
server/routes/mca-intelligence-routes-3.ts(112,14): error TS2339: Property 'din' does not exist on type 'T'.
server/routes/mca-intelligence-routes-3.ts(120,16): error TS2339: Property 'profitAfterTax' does not exist on type 'T'.
server/routes/mca-intelligence-routes-3.ts(121,16): error TS2339: Property 'isApproximate' does not exist on type 'T'.
server/routes/mca-intelligence-routes-3.ts(128,16): error TS2339: Property 'revenue' does not exist on type 'T'.
server/routes/mca-intelligence-routes-3.ts(129,16): error TS2339: Property 'isApproximate' does not exist on type 'T'.
server/routes/mca-intelligence-routes-3.ts(137,7): error TS2862: Type 'T' is generic and can only be indexed for reading.
server/routes/mca-intelligence-routes-3.ts(168,5): error TS2353: Object literal may only specify known properties, and 'metadata' does not exist in type '{ userId?: string | undefined; userName?: string | undefined; userRole?: string | undefined; queryType: McaQueryType; cin?: string | undefined; companyName?: string | undefined; ... 7 more ...; userAgent?: string | undefined; }'.
server/routes/mca-intelligence-routes-3.ts(208,25): error TS2304: Cannot find name 'mcaDataCacheService'.
server/routes/mca-intelligence-routes-3.ts(300,7): error TS2304: Cannot find name 'mcaDataCacheService'.
server/routes/mca-intelligence-routes-3.ts(301,7): error TS2304: Cannot find name 'mcaDataCacheService'.
server/routes/mf-monthwise-1-1.ts(246,32): error TS2304: Cannot find name 'fetchMFAPI'.
server/routes/mf-monthwise-1-2.ts(244,32): error TS2304: Cannot find name 'camsApi'.
server/routes/mf-monthwise-1-2.ts(274,34): error TS2304: Cannot find name 'camsApi'.
server/routes/mf-monthwise-1-2.ts(316,28): error TS2304: Cannot find name 'camsApi'.
server/routes/mf-monthwise-1-2.ts(361,28): error TS2304: Cannot find name 'camsApi'.
server/routes/mf-monthwise-1-2.ts(409,28): error TS2304: Cannot find name 'camsApi'.
server/routes/mf-monthwise-1-2.ts(449,32): error TS2304: Cannot find name 'camsApi'.
server/routes/mf-monthwise-1-2.ts(478,28): error TS2304: Cannot find name 'camsApi'.
server/routes/mf-monthwise-2-1.ts(17,29): error TS2304: Cannot find name 'camsApi'.
server/routes/mf-monthwise-2-1.ts(47,29): error TS2304: Cannot find name 'camsApi'.
server/routes/mf-monthwise-2-1.ts(75,32): error TS2304: Cannot find name 'camsApi'.
server/routes/mf-monthwise-2-1.ts(103,31): error TS2304: Cannot find name 'camsApi'.
server/routes/mf-monthwise-2-2.ts(35,13): error TS2304: Cannot find name 'fetchNSDL'.
server/routes/mf-monthwise-2-2.ts(71,13): error TS2304: Cannot find name 'fetchNSDL'.
server/routes/mf-monthwise-2-2.ts(114,13): error TS2304: Cannot find name 'fetchNSDL'.
server/routes/mf-monthwise-2-2.ts(148,13): error TS2304: Cannot find name 'fetchNSDL'.
server/routes/mf-monthwise-2-2.ts(208,13): error TS2304: Cannot find name 'fetchNSDL'.
server/routes/mf-monthwise-2-2.ts(260,13): error TS2304: Cannot find name 'fetchNSDL'.
server/routes/mf-monthwise-2-2.ts(301,13): error TS2304: Cannot find name 'fetchNSDL'.
server/routes/mf-orders-1-1.ts(38,37): error TS2769: No overload matches this call.
  Overload 1 of 2, '(value: { action: string | SQL<unknown> | Placeholder<string, any>; orderId: string | SQL<unknown> | Placeholder<string, any>; actorRole: string | SQL<unknown> | Placeholder<...>; ... 8 more ...; oldStatus?: string | ... 3 more ... | undefined; }): PgInsertBase<...>', gave the following error.
    Object literal may only specify known properties, and 'previousStatus' does not exist in type '{ action: string | SQL<unknown> | Placeholder<string, any>; orderId: string | SQL<unknown> | Placeholder<string, any>; actorRole: string | SQL<unknown> | Placeholder<...>; ... 8 more ...; oldStatus?: string | ... 3 more ... | undefined; }'.
  Overload 2 of 2, '(values: { action: string | SQL<unknown> | Placeholder<string, any>; orderId: string | SQL<unknown> | Placeholder<string, any>; actorRole: string | SQL<unknown> | Placeholder<...>; ... 8 more ...; oldStatus?: string | ... 3 more ... | undefined; }[]): PgInsertBase<...>', gave the following error.
    Object literal may only specify known properties, and 'orderId' does not exist in type '{ action: string | SQL<unknown> | Placeholder<string, any>; orderId: string | SQL<unknown> | Placeholder<string, any>; actorRole: string | SQL<unknown> | Placeholder<...>; ... 8 more ...; oldStatus?: string | ... 3 more ... | undefined; }[]'.
server/routes/mf-orders-1-2.ts(38,37): error TS2769: No overload matches this call.
  Overload 1 of 2, '(value: { action: string | SQL<unknown> | Placeholder<string, any>; orderId: string | SQL<unknown> | Placeholder<string, any>; actorRole: string | SQL<unknown> | Placeholder<...>; ... 8 more ...; oldStatus?: string | ... 3 more ... | undefined; }): PgInsertBase<...>', gave the following error.
    Object literal may only specify known properties, and 'previousStatus' does not exist in type '{ action: string | SQL<unknown> | Placeholder<string, any>; orderId: string | SQL<unknown> | Placeholder<string, any>; actorRole: string | SQL<unknown> | Placeholder<...>; ... 8 more ...; oldStatus?: string | ... 3 more ... | undefined; }'.
  Overload 2 of 2, '(values: { action: string | SQL<unknown> | Placeholder<string, any>; orderId: string | SQL<unknown> | Placeholder<string, any>; actorRole: string | SQL<unknown> | Placeholder<...>; ... 8 more ...; oldStatus?: string | ... 3 more ... | undefined; }[]): PgInsertBase<...>', gave the following error.
    Object literal may only specify known properties, and 'orderId' does not exist in type '{ action: string | SQL<unknown> | Placeholder<string, any>; orderId: string | SQL<unknown> | Placeholder<string, any>; actorRole: string | SQL<unknown> | Placeholder<...>; ... 8 more ...; oldStatus?: string | ... 3 more ... | undefined; }[]'.
server/routes/mf-orders-1-2.ts(63,31): error TS2339: Property 'kycLevel' does not exist on type '{ id: string; userId: string; clientType: string | null; entityType: string | null; firstName: string | null; middleName: string | null; lastName: string | null; gender: string | null; ... 104 more ...; updatedAt: Date | null; }'.
server/routes/mf-orders-1-2.ts(63,59): error TS2339: Property 'kycLevel' does not exist on type '{ id: string; userId: string; clientType: string | null; entityType: string | null; firstName: string | null; middleName: string | null; lastName: string | null; gender: string | null; ... 104 more ...; updatedAt: Date | null; }'.
server/routes/mf-orders-1-2.ts(289,29): error TS2339: Property 'kycLevel' does not exist on type '{ id: string; userId: string; clientType: string | null; entityType: string | null; firstName: string | null; middleName: string | null; lastName: string | null; gender: string | null; ... 104 more ...; updatedAt: Date | null; }'.
server/routes/mf-orders-1-2.ts(289,57): error TS2339: Property 'kycLevel' does not exist on type '{ id: string; userId: string; clientType: string | null; entityType: string | null; firstName: string | null; middleName: string | null; lastName: string | null; gender: string | null; ... 104 more ...; updatedAt: Date | null; }'.
server/routes/mf-orders-2.ts(39,37): error TS2769: No overload matches this call.
  Overload 1 of 2, '(value: { action: string | SQL<unknown> | Placeholder<string, any>; orderId: string | SQL<unknown> | Placeholder<string, any>; actorRole: string | SQL<unknown> | Placeholder<...>; ... 8 more ...; oldStatus?: string | ... 3 more ... | undefined; }): PgInsertBase<...>', gave the following error.
    Object literal may only specify known properties, and 'previousStatus' does not exist in type '{ action: string | SQL<unknown> | Placeholder<string, any>; orderId: string | SQL<unknown> | Placeholder<string, any>; actorRole: string | SQL<unknown> | Placeholder<...>; ... 8 more ...; oldStatus?: string | ... 3 more ... | undefined; }'.
  Overload 2 of 2, '(values: { action: string | SQL<unknown> | Placeholder<string, any>; orderId: string | SQL<unknown> | Placeholder<string, any>; actorRole: string | SQL<unknown> | Placeholder<...>; ... 8 more ...; oldStatus?: string | ... 3 more ... | undefined; }[]): PgInsertBase<...>', gave the following error.
    Object literal may only specify known properties, and 'orderId' does not exist in type '{ action: string | SQL<unknown> | Placeholder<string, any>; orderId: string | SQL<unknown> | Placeholder<string, any>; actorRole: string | SQL<unknown> | Placeholder<...>; ... 8 more ...; oldStatus?: string | ... 3 more ... | undefined; }[]'.
server/routes/mf-orders-2.ts(285,30): error TS2551: Property 'navAppliedDate' does not exist on type '{ id: string; orderReference: string; userId: string; advisorId: string | null; portfolioId: string | null; folioId: string | null; schemeCode: string; schemeName: string; isin: string | null; ... 60 more ...; updatedAt: Date | null; }'. Did you mean 'navApplied'?
server/routes/mf-orders-2.ts(297,29): error TS2339: Property 'option' does not exist on type '{ id: string; orderReference: string; userId: string; advisorId: string | null; portfolioId: string | null; folioId: string | null; schemeCode: string; schemeName: string; isin: string | null; ... 60 more ...; updatedAt: Date | null; }'.
server/routes/mf-orders-2.ts(302,34): error TS2339: Property 'folioNumber' does not exist on type '{ id: string; orderReference: string; userId: string; advisorId: string | null; portfolioId: string | null; folioId: string | null; schemeCode: string; schemeName: string; isin: string | null; ... 60 more ...; updatedAt: Date | null; }'.
server/routes/mf-orders-2.ts(307,26): error TS2339: Property 'stt' does not exist on type '{ id: string; orderReference: string; userId: string; advisorId: string | null; portfolioId: string | null; folioId: string | null; schemeCode: string; schemeName: string; isin: string | null; ... 60 more ...; updatedAt: Date | null; }'.
server/routes/mf-orders-2.ts(308,31): error TS2339: Property 'exitLoad' does not exist on type '{ id: string; orderReference: string; userId: string; advisorId: string | null; portfolioId: string | null; folioId: string | null; schemeCode: string; schemeName: string; isin: string | null; ... 60 more ...; updatedAt: Date | null; }'.
server/routes/mf-orders-2.ts(309,32): error TS2551: Property 'netAmount' does not exist on type '{ id: string; orderReference: string; userId: string; advisorId: string | null; portfolioId: string | null; folioId: string | null; schemeCode: string; schemeName: string; isin: string | null; ... 60 more ...; updatedAt: Date | null; }'. Did you mean 'amount'?
server/routes/mf-orders-2.ts(428,27): error TS2339: Property 'bseOrderNumber' does not exist on type '{ id: string; orderReference: string; userId: string; advisorId: string | null; portfolioId: string | null; folioId: string | null; schemeCode: string; schemeName: string; isin: string | null; ... 60 more ...; updatedAt: Date | null; }'.
server/routes/mf-orders-2.ts(430,23): error TS2339: Property 'executedAt' does not exist on type '{ id: string; orderReference: string; userId: string; advisorId: string | null; portfolioId: string | null; folioId: string | null; schemeCode: string; schemeName: string; isin: string | null; ... 60 more ...; updatedAt: Date | null; }'.
server/routes/mf-orders-2.ts(610,15): error TS2551: Property 'navAppliedDate' does not exist on type '{ id: string; orderReference: string; userId: string; advisorId: string | null; portfolioId: string | null; folioId: string | null; schemeCode: string; schemeName: string; isin: string | null; ... 60 more ...; updatedAt: Date | null; }'. Did you mean 'navApplied'?
server/routes/mf-orders-2.ts(611,47): error TS2551: Property 'navAppliedDate' does not exist on type '{ id: string; orderReference: string; userId: string; advisorId: string | null; portfolioId: string | null; folioId: string | null; schemeCode: string; schemeName: string; isin: string | null; ... 60 more ...; updatedAt: Date | null; }'. Did you mean 'navApplied'?
server/routes/mf-orders-2.ts(678,63): error TS2345: Argument of type 'string[]' is not assignable to parameter of type 'string'.
server/routes/mf-orders-2.ts(709,60): error TS2345: Argument of type 'string[]' is not assignable to parameter of type 'string'.
server/routes/mf-orders-2.ts(727,65): error TS2345: Argument of type 'string[]' is not assignable to parameter of type 'string'.
server/routes/mf-orders-2.ts(738,60): error TS2345: Argument of type 'string[]' is not assignable to parameter of type 'string'.
server/routes/partner/hierarchy-routes-1.ts(10,37): error TS2724: '"../../middleware/roleMiddleware"' has no exported member named 'requirePartnerPortal'. Did you mean 'requireAgentPortal'?
server/routes/partner/hierarchy-routes-2.ts(10,37): error TS2724: '"../../middleware/roleMiddleware"' has no exported member named 'requirePartnerPortal'. Did you mean 'requireAgentPortal'?
server/routes/partner/index-1.ts(172,29): error TS2339: Property 'partner' does not exist on type 'Request<{}, any, any, ParsedQs, Record<string, any>>'.
server/routes/partner/index-1.ts(177,19): error TS2339: Property 'partner' does not exist on type 'Request<{}, any, any, ParsedQs, Record<string, any>>'.
server/routes/partner/index-1.ts(178,28): error TS2339: Property 'partner' does not exist on type 'Request<{}, any, any, ParsedQs, Record<string, any>>'.
server/routes/partner/index-1.ts(179,28): error TS2339: Property 'partner' does not exist on type 'Request<{}, any, any, ParsedQs, Record<string, any>>'.
server/routes/partner/index-1.ts(194,29): error TS2339: Property 'partner' does not exist on type 'Request<{}, any, any, ParsedQs, Record<string, any>>'.
server/routes/partner/index-1.ts(208,49): error TS2339: Property 'partner' does not exist on type 'Request<{ id: string; }, any, any, ParsedQs, Record<string, any>>'.
server/routes/partner/index-1.ts(227,24): error TS2339: Property 'partner' does not exist on type 'Request<{}, any, any, ParsedQs, Record<string, any>>'.
server/routes/partner/index-1.ts(250,49): error TS2339: Property 'partner' does not exist on type 'Request<{ id: string; }, any, any, ParsedQs, Record<string, any>>'.
server/routes/partner/index-1.ts(271,49): error TS2339: Property 'partner' does not exist on type 'Request<{ id: string; }, any, any, ParsedQs, Record<string, any>>'.
server/routes/partner/index-1.ts(293,29): error TS2339: Property 'partner' does not exist on type 'Request<{}, any, any, ParsedQs, Record<string, any>>'.
server/routes/partner/index-1.ts(307,48): error TS2339: Property 'partner' does not exist on type 'Request<{ id: string; }, any, any, ParsedQs, Record<string, any>>'.
server/routes/partner/index-1.ts(325,48): error TS2339: Property 'partner' does not exist on type 'Request<{ id: string; }, any, any, ParsedQs, Record<string, any>>'.
server/routes/partner/index-1.ts(350,48): error TS2339: Property 'partner' does not exist on type 'Request<{ id: string; }, any, any, ParsedQs, Record<string, any>>'.
server/routes/partner/index-1.ts(356,23): error TS2339: Property 'partner' does not exist on type 'Request<{ id: string; }, any, any, ParsedQs, Record<string, any>>'.
server/routes/partner/index-1.ts(358,25): error TS2339: Property 'partner' does not exist on type 'Request<{ id: string; }, any, any, ParsedQs, Record<string, any>>'.
server/routes/partner/index-1.ts(434,63): error TS2345: Argument of type '{ clientName: any; clientEmail: any; clientPhone: any; subject: string; description: string; category: any; priority: string; assignedTo: null; }' is not assignable to parameter of type '{ description: string; category: string; ticketNumber: string; clientName: string; clientEmail: string; subject: string; status?: string | null | undefined; userId?: string | null | undefined; ... 8 more ...; tags?: string[] | ... 1 more ... | undefined; }'.
  Property 'ticketNumber' is missing in type '{ clientName: any; clientEmail: any; clientPhone: any; subject: string; description: string; category: any; priority: string; assignedTo: null; }' but required in type '{ description: string; category: string; ticketNumber: string; clientName: string; clientEmail: string; subject: string; status?: string | null | undefined; userId?: string | null | undefined; ... 8 more ...; tags?: string[] | ... 1 more ... | undefined; }'.
server/routes/payments/index-1.ts(81,11): error TS2322: Type '"payment"' is not assignable to type '"transaction" | "admin_action" | "data_access" | "login" | "consent_change" | "profile_update" | "export_data" | "delete_data" | "security_violation"'.
server/routes/payments/index-1.ts(106,9): error TS2322: Type '"payment"' is not assignable to type '"transaction" | "admin_action" | "data_access" | "login" | "consent_change" | "profile_update" | "export_data" | "delete_data" | "security_violation"'.
server/routes/payments/index-1.ts(188,9): error TS2322: Type 'string | undefined' is not assignable to type 'string'.
  Type 'undefined' is not assignable to type 'string'.
server/routes/payments/index-1.ts(203,9): error TS2322: Type '"payment"' is not assignable to type '"transaction" | "admin_action" | "data_access" | "login" | "consent_change" | "profile_update" | "export_data" | "delete_data" | "security_violation"'.
server/routes/payments/index-1.ts(222,9): error TS2322: Type '"payment"' is not assignable to type '"transaction" | "admin_action" | "data_access" | "login" | "consent_change" | "profile_update" | "export_data" | "delete_data" | "security_violation"'.
server/routes/payments/index-1.ts(261,9): error TS2322: Type '"payment"' is not assignable to type '"transaction" | "admin_action" | "data_access" | "login" | "consent_change" | "profile_update" | "export_data" | "delete_data" | "security_violation"'.
server/routes/payments/index-1.ts(296,11): error TS2322: Type '"security"' is not assignable to type '"transaction" | "admin_action" | "data_access" | "login" | "consent_change" | "profile_update" | "export_data" | "delete_data" | "security_violation"'.
server/routes/payments/index-1.ts(309,11): error TS2322: Type '"security"' is not assignable to type '"transaction" | "admin_action" | "data_access" | "login" | "consent_change" | "profile_update" | "export_data" | "delete_data" | "security_violation"'.
server/routes/payments/index-1.ts(326,11): error TS2322: Type '"security"' is not assignable to type '"transaction" | "admin_action" | "data_access" | "login" | "consent_change" | "profile_update" | "export_data" | "delete_data" | "security_violation"'.
server/routes/payments/index-1.ts(350,9): error TS2322: Type '"payment"' is not assignable to type '"transaction" | "admin_action" | "data_access" | "login" | "consent_change" | "profile_update" | "export_data" | "delete_data" | "security_violation"'.
server/routes/payments/index-1.ts(372,11): error TS2322: Type '"security"' is not assignable to type '"transaction" | "admin_action" | "data_access" | "login" | "consent_change" | "profile_update" | "export_data" | "delete_data" | "security_violation"'.
server/routes/payments/index-1.ts(384,11): error TS2322: Type '"security"' is not assignable to type '"transaction" | "admin_action" | "data_access" | "login" | "consent_change" | "profile_update" | "export_data" | "delete_data" | "security_violation"'.
server/routes/payments/index-1.ts(414,9): error TS2322: Type '"payment"' is not assignable to type '"transaction" | "admin_action" | "data_access" | "login" | "consent_change" | "profile_update" | "export_data" | "delete_data" | "security_violation"'.
server/routes/payments/index-1.ts(503,9): error TS2322: Type '"payment"' is not assignable to type '"transaction" | "admin_action" | "data_access" | "login" | "consent_change" | "profile_update" | "export_data" | "delete_data" | "security_violation"'.
server/routes/payments/index-1.ts(523,9): error TS2322: Type '"payment"' is not assignable to type '"transaction" | "admin_action" | "data_access" | "login" | "consent_change" | "profile_update" | "export_data" | "delete_data" | "security_violation"'.
server/routes/payments/index-1.ts(564,9): error TS2322: Type '"payment"' is not assignable to type '"transaction" | "admin_action" | "data_access" | "login" | "consent_change" | "profile_update" | "export_data" | "delete_data" | "security_violation"'.
server/routes/payments/index-2.ts(138,9): error TS2322: Type '"compliance"' is not assignable to type '"transaction" | "admin_action" | "data_access" | "login" | "consent_change" | "profile_update" | "export_data" | "delete_data" | "security_violation"'.
server/routes/payments/index-2.ts(222,9): error TS2322: Type '"compliance"' is not assignable to type '"transaction" | "admin_action" | "data_access" | "login" | "consent_change" | "profile_update" | "export_data" | "delete_data" | "security_violation"'.
server/routes/pick-of-the-day-1.ts(74,51): error TS18046: 'error' is of type 'unknown'.
server/routes/pick-of-the-day-1.ts(74,73): error TS18046: 'error' is of type 'unknown'.
server/routes/pick-of-the-day-2-1.ts(86,29): error TS2339: Property 'name' does not exist on type 'PgTableWithColumns<{ name: "bond_catalog"; schema: undefined; columns: { id: PgColumn<{ name: "id"; tableName: "bond_catalog"; dataType: "string"; columnType: "PgVarchar"; data: string; driverParam: string; notNull: true; ... 7 more ...; generated: undefined; }, {}, { ...; }>; ... 43 more ...; updatedBy: PgColumn<.....'.
server/routes/pick-of-the-day-2-1.ts(94,29): error TS2339: Property 'name' does not exist on type 'PgTableWithColumns<{ name: "bond_catalog"; schema: undefined; columns: { id: PgColumn<{ name: "id"; tableName: "bond_catalog"; dataType: "string"; columnType: "PgVarchar"; data: string; driverParam: string; notNull: true; ... 7 more ...; generated: undefined; }, {}, { ...; }>; ... 43 more ...; updatedBy: PgColumn<.....'.
server/routes/pick-of-the-day-2-1.ts(156,35): error TS2339: Property 'companyName' does not exist on type 'PgTableWithColumns<{ name: "unlisted_companies"; schema: undefined; columns: { id: PgColumn<{ name: "id"; tableName: "unlisted_companies"; dataType: "string"; columnType: "PgVarchar"; data: string; driverParam: string; ... 8 more ...; generated: undefined; }, {}, { ...; }>; ... 47 more ...; updatedAt: PgColumn<...>;...'.
server/routes/pick-of-the-day-2-1.ts(159,37): error TS2339: Property 'sectorCategory' does not exist on type 'PgTableWithColumns<{ name: "unlisted_companies"; schema: undefined; columns: { id: PgColumn<{ name: "id"; tableName: "unlisted_companies"; dataType: "string"; columnType: "PgVarchar"; data: string; driverParam: string; ... 8 more ...; generated: undefined; }, {}, { ...; }>; ... 47 more ...; updatedAt: PgColumn<...>;...'.
server/routes/pick-of-the-day-2-1.ts(163,35): error TS2339: Property 'companyName' does not exist on type 'PgTableWithColumns<{ name: "unlisted_companies"; schema: undefined; columns: { id: PgColumn<{ name: "id"; tableName: "unlisted_companies"; dataType: "string"; columnType: "PgVarchar"; data: string; driverParam: string; ... 8 more ...; generated: undefined; }, {}, { ...; }>; ... 47 more ...; updatedAt: PgColumn<...>;...'.
server/routes/platform-fees.ts(581,84): error TS2345: Argument of type '"both" | "buy" | "sell"' is not assignable to parameter of type '"buy" | "sell" | undefined'.
  Type '"both"' is not assignable to type '"buy" | "sell" | undefined'.
server/routes/portfolio-compare-ai-sip.ts(214,34): error TS2345: Argument of type 'string | null' is not assignable to parameter of type 'string'.
  Type 'null' is not assignable to type 'string'.
server/routes/portfolio-compare-ai-sip.ts(215,59): error TS2345: Argument of type 'string | null' is not assignable to parameter of type 'string'.
  Type 'null' is not assignable to type 'string'.
server/routes/portfolio-compare-ai-sip.ts(216,60): error TS2345: Argument of type 'string | null' is not assignable to parameter of type 'string'.
  Type 'null' is not assignable to type 'string'.
server/routes/portfolio-compare-ai-sip.ts(236,37): error TS2304: Cannot find name 'aiPortfolioService'.
server/routes/portfolio-compare-ai-sip.ts(328,34): error TS2345: Argument of type 'string | null' is not assignable to parameter of type 'string'.
  Type 'null' is not assignable to type 'string'.
server/routes/portfolio-compare-ai-sip.ts(329,59): error TS2345: Argument of type 'string | null' is not assignable to parameter of type 'string'.
  Type 'null' is not assignable to type 'string'.
server/routes/portfolio-compare-ai-sip.ts(330,60): error TS2345: Argument of type 'string | null' is not assignable to parameter of type 'string'.
  Type 'null' is not assignable to type 'string'.
server/routes/portfolio-compare-ai-sip.ts(350,30): error TS2304: Cannot find name 'aiPortfolioService'.
server/routes/portfolio-core-2-1.ts(162,11): error TS2801: This condition will always return true since this 'Promise<boolean>' is always defined.
server/routes/portfolio-core-2-2.ts(195,21): error TS2353: Object literal may only specify known properties, and 'isStale' does not exist in type '{ symbol: string; lastPrice: number; change: number; pChange: number; }'.
server/routes/portfolio-core-2-2.ts(219,21): error TS2353: Object literal may only specify known properties, and 'isStale' does not exist in type '{ symbol: string; lastPrice: number; change: number; pChange: number; }'.
server/routes/portfolio-core-2-2.ts(254,19): error TS2353: Object literal may only specify known properties, and 'isStale' does not exist in type '{ symbol: string; lastPrice: number; change: number; pChange: number; }'.
server/routes/portfolio-core-2-2.ts(273,17): error TS2353: Object literal may only specify known properties, and 'isStale' does not exist in type '{ symbol: string; lastPrice: number; change: number; pChange: number; }'.
server/routes/portfolio-core-2-2.ts(290,15): error TS2353: Object literal may only specify known properties, and 'isStale' does not exist in type '{ symbol: string; lastPrice: number; change: number; pChange: number; }'.
server/routes/portfolio-import.ts(221,31): error TS2551: Property 'error' does not exist on type 'UnifiedImportResult'. Did you mean 'errors'?
server/routes/portfolio-import.ts(251,13): error TS2322: Type '{ name: any; quantity: any; value: any; type: any; }[]' is not assignable to type '{ name: string; productType: string; quantity: number; currentValue: number; }[]'.
  Type '{ name: any; quantity: any; value: any; type: any; }' is missing the following properties from type '{ name: string; productType: string; quantity: number; currentValue: number; }': productType, currentValue
server/routes/portfolio-import.ts(280,24): error TS2551: Property 'unimportedCount' does not exist on type 'UnifiedImportResult'. Did you mean 'importedCount'?
server/routes/portfolio-import.ts(280,56): error TS2551: Property 'unimportedCount' does not exist on type 'UnifiedImportResult'. Did you mean 'importedCount'?
server/routes/portfolio-import.ts(281,168): error TS2551: Property 'unimportedCount' does not exist on type 'UnifiedImportResult'. Did you mean 'importedCount'?
server/routes/portfolio-import.ts(295,39): error TS2551: Property 'unimportedCount' does not exist on type 'UnifiedImportResult'. Did you mean 'importedCount'?
server/routes/portfolio-import.ts(354,31): error TS2551: Property 'error' does not exist on type 'UnifiedImportResult'. Did you mean 'errors'?
server/routes/portfolio-import.ts(384,13): error TS2322: Type '{ isin: any; symbol: any; name: any; quantity: any; currentValue: any; type: any; }[]' is not assignable to type '{ isin?: string | undefined; symbol?: string | undefined; name: string; productType: string; }[]'.
  Property 'productType' is missing in type '{ isin: any; symbol: any; name: any; quantity: any; currentValue: any; type: any; }' but required in type '{ isin?: string | undefined; symbol?: string | undefined; name: string; productType: string; }'.
server/routes/portfolio-import.ts(748,40): error TS2339: Property 'sourceFileName' does not exist on type '{ id: string; userId: string | null; prospectId: string | null; name: string; totalValue: string | null; cash: string | null; baseCurrency: string | null; isDefault: boolean | null; ... 6 more ...; updatedAt: Date | null; }'.
server/routes/profit-optimized-routes.ts(207,77): error TS2345: Argument of type 'string[]' is not assignable to parameter of type 'string'.
server/routes/profit-optimized-routes.ts(244,79): error TS2345: Argument of type 'string[]' is not assignable to parameter of type 'string'.
server/routes/profit-optimized-routes.ts(274,78): error TS2345: Argument of type 'string[]' is not assignable to parameter of type 'string'.
server/routes/profit-optimized-routes.ts(505,69): error TS2345: Argument of type 'string[]' is not assignable to parameter of type 'string'.
server/routes/profit-optimized-routes.ts(520,69): error TS2345: Argument of type 'string[]' is not assignable to parameter of type 'string'.
server/routes/profit-optimized-routes.ts(534,80): error TS2345: Argument of type 'string[]' is not assignable to parameter of type 'string'.
server/routes/profit-optimized-routes.ts(556,79): error TS2345: Argument of type 'string[]' is not assignable to parameter of type 'string'.
server/routes/profit-optimized-routes.ts(568,75): error TS2345: Argument of type 'string[]' is not assignable to parameter of type 'string'.
server/routes/proposal-esign-routes-1.ts(48,40): error TS2339: Property 'email' does not exist on type 'PgTableWithColumns<{ name: "proposal_esign_participants"; schema: undefined; columns: { id: PgColumn<{ name: "id"; tableName: "proposal_esign_participants"; dataType: "string"; columnType: "PgVarchar"; data: string; ... 9 more ...; generated: undefined; }, {}, { ...; }>; ... 37 more ...; updatedAt: PgColumn<...>; };...'.
server/routes/proposal-esign-routes-2.ts(48,40): error TS2339: Property 'email' does not exist on type 'PgTableWithColumns<{ name: "proposal_esign_participants"; schema: undefined; columns: { id: PgColumn<{ name: "id"; tableName: "proposal_esign_participants"; dataType: "string"; columnType: "PgVarchar"; data: string; ... 9 more ...; generated: undefined; }, {}, { ...; }>; ... 37 more ...; updatedAt: PgColumn<...>; };...'.
server/routes/proposal-esign-routes-2.ts(162,74): error TS2339: Property 'email' does not exist on type '{ id: string; workflowId: string; userId: string | null; externalEmail: string | null; externalName: string | null; externalMobile: string | null; role: string; actionOrder: number | null; ... 30 more ...; updatedAt: Date; }'.
server/routes/proposal-esign-routes-2.ts(220,74): error TS2339: Property 'email' does not exist on type '{ id: string; workflowId: string; userId: string | null; externalEmail: string | null; externalName: string | null; externalMobile: string | null; role: string; actionOrder: number | null; ... 30 more ...; updatedAt: Date; }'.
server/routes/proposal-esign-routes-2.ts(271,71): error TS2339: Property 'email' does not exist on type '{ id: string; workflowId: string; userId: string | null; externalEmail: string | null; externalName: string | null; externalMobile: string | null; role: string; actionOrder: number | null; ... 30 more ...; updatedAt: Date; }'.
server/routes/proposal-esign-routes-2.ts(312,69): error TS2339: Property 'email' does not exist on type '{ id: string; workflowId: string; userId: string | null; externalEmail: string | null; externalName: string | null; externalMobile: string | null; role: string; actionOrder: number | null; ... 30 more ...; updatedAt: Date; }'.
server/routes/proposal-esign-routes-2.ts(418,47): error TS2339: Property 'clientUserId' does not exist on type '{ id: string; shareToken: string; agentId: string; agentName: string | null; agentArnCode: string | null; agentMobile: string | null; agentEmail: string | null; prospectName: string; ... 42 more ...; updatedAt: Date; }'.
server/routes/prospect-proposals-4-2.ts(279,41): error TS2304: Cannot find name 'generateExistingPortfolioAnalysis'.
server/routes/prospect-proposals-4-2.ts(290,81): error TS2339: Property 'aiModelUsed' does not exist on type '{ rationale: string; metrics: { sharpeRatio?: number | undefined; alpha?: number | undefined; beta?: number | undefined; standardDeviation?: number | undefined; maxDrawdown?: number | undefined; ... 18 more ...; irr?: number | undefined; }; exitLoadApplicable?: boolean | undefined; exitLoadPercent?: number | undefin...'.
  Property 'aiModelUsed' does not exist on type '{ rationale: string; metrics: { sharpeRatio?: number | undefined; alpha?: number | undefined; beta?: number | undefined; standardDeviation?: number | undefined; maxDrawdown?: number | undefined; ... 18 more ...; irr?: number | undefined; }; exitLoadApplicable?: boolean | undefined; exitLoadPercent?: number | undefin...'.
server/routes/prospect-proposals-4-3.ts(42,31): error TS2304: Cannot find name 'unifiedPDFParser'.
server/routes/prospect-proposals-4-3.ts(53,26): error TS2304: Cannot find name 'parseHoldingReportPdf'.
server/routes/prospect-proposals-helpers-1.ts(160,32): error TS2339: Property 'fundHouseName' does not exist on type 'PgTableWithColumns<{ name: "pms_master"; schema: undefined; columns: { id: PgColumn<{ name: "id"; tableName: "pms_master"; dataType: "string"; columnType: "PgVarchar"; data: string; driverParam: string; notNull: true; hasDefault: true; ... 6 more ...; generated: undefined; }, {}, { ...; }>; ... 37 more ...; updatedA...'.
server/routes/prospect-proposals-helpers-1.ts(590,17): error TS2304: Cannot find name 'buildStockRationale'.
server/routes/prospect-proposals-helpers-1.ts(597,17): error TS2304: Cannot find name 'buildPMSRationale'.
server/routes/prospect-proposals-helpers-1.ts(603,17): error TS2304: Cannot find name 'buildAIFRationale'.
server/routes/prospect-proposals-helpers-1.ts(609,17): error TS2304: Cannot find name 'buildDefaultRationale'.
server/routes/regulatory-compliance-routes.ts(198,92): error TS2769: No overload matches this call.
  Overload 1 of 4, '(value: string | number | Date): Date', gave the following error.
    Argument of type 'null' is not assignable to parameter of type 'string | number | Date'.
  Overload 2 of 4, '(value: string | number): Date', gave the following error.
    Argument of type 'null' is not assignable to parameter of type 'string | number'.
server/routes/reit-invit-routes-1-2.ts(394,50): error TS2339: Property 'kycTier' does not exist on type '{ id: string; companyName: string | null; address: string | null; password: string; isActive: boolean | null; arnCode: string | null; euinNumber: string | null; panNumber: string | null; ... 122 more ...; shareableProfileEnabled: boolean | null; }'.
server/routes/reit-invit-routes-1-2.ts(395,25): error TS2304: Cannot find name 'KYC_TIER_REQUIREMENTS'.
server/routes/reit-invit-routes-1-2.ts(395,71): error TS2304: Cannot find name 'KYC_TIER_REQUIREMENTS'.
server/routes/reit-invit-routes-1-2.ts(396,22): error TS2304: Cannot find name 'isKycSufficient'.
server/routes/reit-invit-routes-1-2.ts(400,11): error TS2304: Cannot find name 'KYC_TIER_LEVELS'.
server/routes/reit-invit-routes-1-2.ts(460,50): error TS2339: Property 'kycTier' does not exist on type '{ id: string; companyName: string | null; address: string | null; password: string; isActive: boolean | null; arnCode: string | null; euinNumber: string | null; panNumber: string | null; ... 122 more ...; shareableProfileEnabled: boolean | null; }'.
server/routes/reit-invit-routes-1-2.ts(461,25): error TS2304: Cannot find name 'KYC_TIER_REQUIREMENTS'.
server/routes/reit-invit-routes-1-2.ts(463,10): error TS2304: Cannot find name 'isKycSufficient'.
server/routes/reit-invit-routes-1-2.ts(701,22): error TS2339: Property 'capacityMW' does not exist on type '{ id: string; symbol: string; name: string; sponsor: string; manager: string; sector: string; infrastructureType: string; geography: string; totalAssets: number; assetDetails: string; concessionLife: string; ... 26 more ...; isActive: boolean; } | { ...; }'.
  Property 'capacityMW' does not exist on type '{ id: string; symbol: string; name: string; sponsor: string; manager: string; sector: string; infrastructureType: string; geography: string; totalAssets: number; assetDetails: string; concessionLife: string; ... 26 more ...; isActive: boolean; }'.
server/routes/reit-invit-routes-1-2.ts(719,44): error TS2769: No overload matches this call.
  Overload 1 of 2, '(value: { symbol: string | SQL<unknown> | Placeholder<string, any>; name: string | SQL<unknown> | Placeholder<string, any>; sector: string | SQL<unknown> | Placeholder<...>; ... 44 more ...; aiTargetPrice?: string | ... 3 more ... | undefined; }): PgInsertBase<...>', gave the following error.
    Object literal may only specify known properties, and 'dividendYield' does not exist in type '{ symbol: string | SQL<unknown> | Placeholder<string, any>; name: string | SQL<unknown> | Placeholder<string, any>; sector: string | SQL<unknown> | Placeholder<string, any>; ... 44 more ...; aiTargetPrice?: string | ... 3 more ... | undefined; }'.
  Overload 2 of 2, '(values: { symbol: string | SQL<unknown> | Placeholder<string, any>; name: string | SQL<unknown> | Placeholder<string, any>; sector: string | SQL<unknown> | Placeholder<...>; ... 44 more ...; aiTargetPrice?: string | ... 3 more ... | undefined; }[]): PgInsertBase<...>', gave the following error.
    Object literal may only specify known properties, and 'id' does not exist in type '{ symbol: string | SQL<unknown> | Placeholder<string, any>; name: string | SQL<unknown> | Placeholder<string, any>; sector: string | SQL<unknown> | Placeholder<string, any>; ... 44 more ...; aiTargetPrice?: string | ... 3 more ... | undefined; }[]'.
server/routes/reit-invit-routes-2.ts(377,46): error TS2769: No overload matches this call.
  Overload 1 of 2, '(value: { symbol: string | SQL<unknown> | Placeholder<string, any>; name: string | SQL<unknown> | Placeholder<string, any>; sector: string | SQL<unknown> | Placeholder<...>; ... 44 more ...; cashFlowFromOperations?: string | ... 3 more ... | undefined; }): PgInsertBase<...>', gave the following error.
    Object literal may only specify known properties, and 'dividendYield' does not exist in type '{ symbol: string | SQL<unknown> | Placeholder<string, any>; name: string | SQL<unknown> | Placeholder<string, any>; sector: string | SQL<unknown> | Placeholder<string, any>; ... 44 more ...; cashFlowFromOperations?: string | ... 3 more ... | undefined; }'.
  Overload 2 of 2, '(values: { symbol: string | SQL<unknown> | Placeholder<string, any>; name: string | SQL<unknown> | Placeholder<string, any>; sector: string | SQL<unknown> | Placeholder<...>; ... 44 more ...; cashFlowFromOperations?: string | ... 3 more ... | undefined; }[]): PgInsertBase<...>', gave the following error.
    Object literal may only specify known properties, and 'id' does not exist in type '{ symbol: string | SQL<unknown> | Placeholder<string, any>; name: string | SQL<unknown> | Placeholder<string, any>; sector: string | SQL<unknown> | Placeholder<string, any>; ... 44 more ...; cashFlowFromOperations?: string | ... 3 more ... | undefined; }[]'.
server/routes/reit-invit-routes-2.ts(451,14): error TS2353: Object literal may only specify known properties, and 'isPublished' does not exist in type '{ symbol?: string | SQL<unknown> | PgColumn<ColumnBaseConfig<ColumnDataType, string>, {}, {}> | undefined; name?: string | SQL<unknown> | PgColumn<...> | undefined; ... 45 more ...; aiTargetPrice?: string | ... 3 more ... | undefined; }'.
server/routes/reit-invit-routes-2.ts(473,14): error TS2353: Object literal may only specify known properties, and 'isPublished' does not exist in type '{ symbol?: string | SQL<unknown> | PgColumn<ColumnBaseConfig<ColumnDataType, string>, {}, {}> | undefined; name?: string | SQL<unknown> | PgColumn<...> | undefined; ... 45 more ...; cashFlowFromOperations?: string | ... 3 more ... | undefined; }'.
server/routes/reit-invit-routes-2.ts(524,16): error TS2783: 'success' is specified more than once, so this usage will be overwritten.
server/routes/reit-invit-routes-2.ts(535,16): error TS2783: 'success' is specified more than once, so this usage will be overwritten.
server/routes/reports-inline-2-1.ts(140,46): error TS2769: No overload matches this call.
  Overload 1 of 2, '(value: { portfolioId: string | SQL<unknown> | Placeholder<string, any>; quantity: string | SQL<unknown> | Placeholder<string, any>; assetType: string | SQL<...> | Placeholder<...>; ... 15 more ...; returnPercentage?: string | ... 3 more ... | undefined; }): PgInsertBase<...>', gave the following error.
    Object literal may only specify known properties, and 'type' does not exist in type '{ portfolioId: string | SQL<unknown> | Placeholder<string, any>; quantity: string | SQL<unknown> | Placeholder<string, any>; assetType: string | SQL<unknown> | Placeholder<...>; ... 15 more ...; returnPercentage?: string | ... 3 more ... | undefined; }'.
  Overload 2 of 2, '(values: { portfolioId: string | SQL<unknown> | Placeholder<string, any>; quantity: string | SQL<unknown> | Placeholder<string, any>; assetType: string | SQL<...> | Placeholder<...>; ... 15 more ...; returnPercentage?: string | ... 3 more ... | undefined; }[]): PgInsertBase<...>', gave the following error.
    Object literal may only specify known properties, and 'portfolioId' does not exist in type '{ portfolioId: string | SQL<unknown> | Placeholder<string, any>; quantity: string | SQL<unknown> | Placeholder<string, any>; assetType: string | SQL<unknown> | Placeholder<...>; ... 15 more ...; returnPercentage?: string | ... 3 more ... | undefined; }[]'.
server/routes/reports-inline-2-2.ts(48,18): error TS2304: Cannot find name 'asc'.
server/routes/reports-inline-2-2.ts(191,34): error TS2345: Argument of type 'string | number' is not assignable to parameter of type 'string'.
  Type 'number' is not assignable to type 'string'.
server/routes/research-note-routes-1.ts(371,5): error TS2353: Object literal may only specify known properties, and 'keyPoints' does not exist in type 'ReportData & { dataQuality: any; }'.
server/routes/research-note-routes-2.ts(25,24): error TS2304: Cannot find name 'buildReportData'.
server/routes/research-workspace-2.ts(152,8): error TS2769: No overload matches this call.
  Overload 1 of 2, '(value: { name: string | SQL<unknown> | Placeholder<string, any>; createdByAgentId: string | SQL<unknown> | Placeholder<string, any>; universeType: string | SQL<...> | Placeholder<...>; ... 8 more ...; lastRunResults?: number | ... 3 more ... | undefined; }): PgInsertBase<...>', gave the following error.
    Object literal may only specify known properties, and 'screenerType' does not exist in type '{ name: string | SQL<unknown> | Placeholder<string, any>; createdByAgentId: string | SQL<unknown> | Placeholder<string, any>; universeType: string | SQL<...> | Placeholder<...>; ... 8 more ...; lastRunResults?: number | ... 3 more ... | undefined; }'.
  Overload 2 of 2, '(values: { name: string | SQL<unknown> | Placeholder<string, any>; createdByAgentId: string | SQL<unknown> | Placeholder<string, any>; universeType: string | SQL<...> | Placeholder<...>; ... 8 more ...; lastRunResults?: number | ... 3 more ... | undefined; }[]): PgInsertBase<...>', gave the following error.
    Object literal may only specify known properties, and 'name' does not exist in type '{ name: string | SQL<unknown> | Placeholder<string, any>; createdByAgentId: string | SQL<unknown> | Placeholder<string, any>; universeType: string | SQL<...> | Placeholder<...>; ... 8 more ...; lastRunResults?: number | ... 3 more ... | undefined; }[]'.
server/routes/research-workspace-2.ts(539,51): error TS18047: 'lp.return1y' is possibly 'null'.
server/routes/research-workspace-2.ts(543,51): error TS18047: 'lp.sharpeRatio' is possibly 'null'.
server/routes/research-workspace-2.ts(547,51): error TS18047: 'lp.volatility' is possibly 'null'.
server/routes/research-workspace-2.ts(551,51): error TS18047: 'lp.maxDrawdown' is possibly 'null'.
server/routes/risk-profiles-partner-apps-1.ts(100,73): error TS2345: Argument of type 'string | null' is not assignable to parameter of type 'string'.
  Type 'null' is not assignable to type 'string'.
server/routes/risk-profiles-partner-apps-1.ts(117,103): error TS2345: Argument of type 'string | null' is not assignable to parameter of type 'string'.
  Type 'null' is not assignable to type 'string'.
server/routes/risk-profiles-partner-apps-1.ts(262,17): error TS2304: Cannot find name 'sandboxITRService'.
server/routes/risk-profiles-partner-apps-1.ts(297,28): error TS2304: Cannot find name 'DocumentMimeType'.
server/routes/risk-profiles-partner-apps-1.ts(307,28): error TS2304: Cannot find name 'DocumentHint'.
server/routes/risk-profiles-partner-apps-1.ts(310,25): error TS2304: Cannot find name 'DocumentHint'.
server/routes/risk-profiles-partner-apps-1.ts(313,76): error TS2304: Cannot find name 'DocumentMimeType'.
server/routes/risk-profiles-partner-apps-1.ts(357,26): error TS2304: Cannot find name 'sandboxITRService'.
server/routes/risk-profiles-partner-apps-2.ts(29,26): error TS2304: Cannot find name 'sandboxITRService'.
server/routes/risk-profiles-partner-apps-2.ts(62,24): error TS2304: Cannot find name 'sandboxITRService'.
server/routes/risk-profiles-partner-apps-2.ts(68,24): error TS2304: Cannot find name 'sandboxITRService'.
server/routes/risk-profiles-partner-apps-2.ts(74,26): error TS2304: Cannot find name 'sandboxITRService'.
server/routes/risk-profiles-partner-apps-2.ts(76,26): error TS2304: Cannot find name 'sandboxITRService'.
server/routes/risk-profiles-partner-apps-2.ts(79,26): error TS2304: Cannot find name 'sandboxITRService'.
server/routes/risk-profiles-partner-apps-3.ts(34,49): error TS2304: Cannot find name 'UnifiedApplicationData'.
server/routes/risk-profiles-partner-apps-3.ts(126,37): error TS2304: Cannot find name 'UnifiedApplicationData'.
server/routes/risk-profiles-partner-apps-3.ts(172,47): error TS2304: Cannot find name 'UnifiedApplicationData'.
server/routes/sebi-risk-profiling-routes-2.ts(329,73): error TS2345: Argument of type '{ questionId: number; selectedOption: any; score: any; questionCode: string; optionCode: any; }[]' is not assignable to parameter of type 'AnswerInput[]'.
  Property 'optionId' is missing in type '{ questionId: number; selectedOption: any; score: any; questionCode: string; optionCode: any; }' but required in type 'AnswerInput'.
server/routes/sebi-risk-profiling-routes-2.ts(336,7): error TS2345: Argument of type '{ questionId: number; selectedOption: any; score: any; questionCode: string; optionCode: any; }[]' is not assignable to parameter of type 'AnswerInput[]'.
  Property 'optionId' is missing in type '{ questionId: number; selectedOption: any; score: any; questionCode: string; optionCode: any; }' but required in type 'AnswerInput'.
server/routes/sebi-risk-profiling-routes-2.ts(389,25): error TS2551: Property 'productTypeLabel' does not exist on type 'ProductEligibility'. Did you mean 'productLabel'?
server/routes/sip-simulator.ts(5,28): error TS2459: Module '"../services/sebi-audit-service"' declares 'SEBI_AUDIT_ACTION_TYPES' locally, but it is not exported.
server/routes/sip-simulator.ts(27,22): error TS2352: Conversion of type 'ZodEffects<ZodEnum<["6", "12", "24"]>, number, "6" | "12" | "24">' to type 'ZodType<6 | 12 | 24, ZodTypeDef, 6 | 12 | 24>' may be a mistake because neither type sufficiently overlaps with the other. If this was intentional, convert the expression to 'unknown' first.
  Types of property '_input' are incompatible.
    Type '"6" | "12" | "24"' is not comparable to type '6 | 12 | 24'.
      Type '"24"' is not comparable to type '6 | 12 | 24'.
server/routes/stock-exchange.ts(100,44): error TS2339: Property 'data' does not exist on type 'IndexDetails[]'.
server/routes/stock-exchange.ts(103,68): error TS2339: Property 'timestamp' does not exist on type 'IndexDetails[]'.
server/routes/store-aif-pms-1.ts(214,36): error TS2339: Property 'fundStatus' does not exist on type 'PgTableWithColumns<{ name: "pms_master"; schema: undefined; columns: { id: PgColumn<{ name: "id"; tableName: "pms_master"; dataType: "string"; columnType: "PgVarchar"; data: string; driverParam: string; notNull: true; hasDefault: true; ... 6 more ...; generated: undefined; }, {}, { ...; }>; ... 37 more ...; updatedA...'.
server/routes/store-aif-pms-1.ts(229,27): error TS2339: Property 'fundHouseName' does not exist on type 'PgTableWithColumns<{ name: "pms_master"; schema: undefined; columns: { id: PgColumn<{ name: "id"; tableName: "pms_master"; dataType: "string"; columnType: "PgVarchar"; data: string; driverParam: string; notNull: true; hasDefault: true; ... 6 more ...; generated: undefined; }, {}, { ...; }>; ... 37 more ...; updatedA...'.
server/routes/store-aif-pms-2-1.ts(203,29): error TS2339: Property 'fundHouseName' does not exist on type 'PgTableWithColumns<{ name: "pms_master"; schema: undefined; columns: { id: PgColumn<{ name: "id"; tableName: "pms_master"; dataType: "string"; columnType: "PgVarchar"; data: string; driverParam: string; notNull: true; hasDefault: true; ... 6 more ...; generated: undefined; }, {}, { ...; }>; ... 37 more ...; updatedA...'.
server/routes/store-aif-pms-2-1.ts(215,31): error TS2339: Property 'fundHouseName' does not exist on type 'PgTableWithColumns<{ name: "pms_master"; schema: undefined; columns: { id: PgColumn<{ name: "id"; tableName: "pms_master"; dataType: "string"; columnType: "PgVarchar"; data: string; driverParam: string; notNull: true; hasDefault: true; ... 6 more ...; generated: undefined; }, {}, { ...; }>; ... 37 more ...; updatedA...'.
server/routes/store-aif-pms-2-1.ts(285,33): error TS2339: Property 'isActive' does not exist on type 'PgTableWithColumns<{ name: "instrument_master"; schema: undefined; columns: { id: PgColumn<{ name: "id"; tableName: "instrument_master"; dataType: "string"; columnType: "PgVarchar"; data: string; driverParam: string; ... 8 more ...; generated: undefined; }, {}, { ...; }>; ... 35 more ...; updatedAt: PgColumn<...>; }...'.
server/routes/store-aif-pms-2-1.ts(363,23): error TS2339: Property 'fundHouseName' does not exist on type '{ id: string; name: string; registrationNo: string | null; strategy: string | null; managerId: string | null; amcName: string | null; style: string | null; marketCapBias: string | null; ... 30 more ...; updatedAt: Date; }'.
server/routes/store-aif-pms-2-2.ts(91,74): error TS2554: Expected 1 arguments, but got 3.
server/routes/store-aif-pms-2-2.ts(313,72): error TS2554: Expected 1 arguments, but got 3.
server/routes/store-aif-pms-3-2.ts(686,12): error TS2769: No overload matches this call.
  Overload 1 of 2, '(value: { name: string | SQL<unknown> | Placeholder<string, any>; id?: string | SQL<unknown> | Placeholder<string, any> | undefined; createdAt?: SQL<unknown> | Date | Placeholder<...> | undefined; ... 35 more ...; metadata?: unknown; }): PgInsertBase<...>', gave the following error.
    Object literal may only specify known properties, and 'fundHouseName' does not exist in type '{ name: string | SQL<unknown> | Placeholder<string, any>; id?: string | SQL<unknown> | Placeholder<string, any> | undefined; createdAt?: SQL<unknown> | Date | Placeholder<...> | undefined; ... 35 more ...; metadata?: unknown; }'.
  Overload 2 of 2, '(values: { name: string | SQL<unknown> | Placeholder<string, any>; id?: string | SQL<unknown> | Placeholder<string, any> | undefined; createdAt?: SQL<unknown> | Date | Placeholder<...> | undefined; ... 35 more ...; metadata?: unknown; }[]): PgInsertBase<...>', gave the following error.
    Object literal may only specify known properties, and 'name' does not exist in type '{ name: string | SQL<unknown> | Placeholder<string, any>; id?: string | SQL<unknown> | Placeholder<string, any> | undefined; createdAt?: SQL<unknown> | Date | Placeholder<...> | undefined; ... 35 more ...; metadata?: unknown; }[]'.
server/routes/store-aif-pms-4.ts(27,18): error TS2304: Cannot find name 'expressInterestSchema'.
server/routes/store-aif-pms-4.ts(84,18): error TS2304: Cannot find name 'expressInterestSchema'.
server/routes/store-aif-pms-4.ts(213,36): error TS2339: Property 'userId' does not exist on type 'PgTableWithColumns<{ name: "client_portfolio_aif"; schema: undefined; columns: { id: PgColumn<{ name: "id"; tableName: "client_portfolio_aif"; dataType: "string"; columnType: "PgVarchar"; data: string; driverParam: string; ... 8 more ...; generated: undefined; }, {}, { ...; }>; ... 30 more ...; updatedAt: PgColumn<....'.
server/routes/store-aif-pms-4.ts(236,9): error TS2769: No overload matches this call.
  Overload 1 of 2, '(value: { clientId: string | SQL<unknown> | Placeholder<string, any>; aifName: string | SQL<unknown> | Placeholder<string, any>; commitmentAmount: string | SQL<...> | Placeholder<...>; ... 28 more ...; approvedByUserId?: string | ... 3 more ... | undefined; }): PgInsertBase<...>', gave the following error.
    Object literal may only specify known properties, and 'userId' does not exist in type '{ clientId: string | SQL<unknown> | Placeholder<string, any>; aifName: string | SQL<unknown> | Placeholder<string, any>; commitmentAmount: string | SQL<...> | Placeholder<...>; ... 28 more ...; approvedByUserId?: string | ... 3 more ... | undefined; }'.
  Overload 2 of 2, '(values: { clientId: string | SQL<unknown> | Placeholder<string, any>; aifName: string | SQL<unknown> | Placeholder<string, any>; commitmentAmount: string | SQL<...> | Placeholder<...>; ... 28 more ...; approvedByUserId?: string | ... 3 more ... | undefined; }[]): PgInsertBase<...>', gave the following error.
    Object literal may only specify known properties, and 'userId' does not exist in type '{ clientId: string | SQL<unknown> | Placeholder<string, any>; aifName: string | SQL<unknown> | Placeholder<string, any>; commitmentAmount: string | SQL<...> | Placeholder<...>; ... 28 more ...; approvedByUserId?: string | ... 3 more ... | undefined; }[]'.
server/routes/store-aif-pms-4.ts(271,36): error TS2339: Property 'userId' does not exist on type 'PgTableWithColumns<{ name: "client_portfolio_pms"; schema: undefined; columns: { id: PgColumn<{ name: "id"; tableName: "client_portfolio_pms"; dataType: "string"; columnType: "PgVarchar"; data: string; driverParam: string; ... 8 more ...; generated: undefined; }, {}, { ...; }>; ... 29 more ...; updatedAt: PgColumn<....'.
server/routes/store-aif-pms-4.ts(294,9): error TS2769: No overload matches this call.
  Overload 1 of 2, '(value: { clientId: string | SQL<unknown> | Placeholder<string, any>; startDate: string | SQL<unknown> | Placeholder<string, any>; pmsName: string | SQL<unknown> | Placeholder<...>; ... 27 more ...; lastWithdrawalDate?: string | ... 3 more ... | undefined; }): PgInsertBase<...>', gave the following error.
    Object literal may only specify known properties, and 'userId' does not exist in type '{ clientId: string | SQL<unknown> | Placeholder<string, any>; startDate: string | SQL<unknown> | Placeholder<string, any>; pmsName: string | SQL<unknown> | Placeholder<...>; ... 27 more ...; lastWithdrawalDate?: string | ... 3 more ... | undefined; }'.
  Overload 2 of 2, '(values: { clientId: string | SQL<unknown> | Placeholder<string, any>; startDate: string | SQL<unknown> | Placeholder<string, any>; pmsName: string | SQL<unknown> | Placeholder<...>; ... 27 more ...; lastWithdrawalDate?: string | ... 3 more ... | undefined; }[]): PgInsertBase<...>', gave the following error.
    Object literal may only specify known properties, and 'userId' does not exist in type '{ clientId: string | SQL<unknown> | Placeholder<string, any>; startDate: string | SQL<unknown> | Placeholder<string, any>; pmsName: string | SQL<unknown> | Placeholder<...>; ... 27 more ...; lastWithdrawalDate?: string | ... 3 more ... | undefined; }[]'.
server/routes/store-aif-pms-4.ts(329,36): error TS2339: Property 'userId' does not exist on type 'PgTableWithColumns<{ name: "client_portfolio_mld"; schema: undefined; columns: { id: PgColumn<{ name: "id"; tableName: "client_portfolio_mld"; dataType: "string"; columnType: "PgVarchar"; data: string; driverParam: string; ... 8 more ...; generated: undefined; }, {}, { ...; }>; ... 31 more ...; updatedAt: PgColumn<....'.
server/routes/store-aif-pms-4.ts(352,9): error TS2769: No overload matches this call.
  Overload 1 of 2, '(value: { isin: string | SQL<unknown> | Placeholder<string, any>; quantity: string | SQL<unknown> | Placeholder<string, any>; purchaseDate: string | SQL<unknown> | Placeholder<...>; ... 29 more ...; creditRiskExposure?: string | ... 3 more ... | undefined; }): PgInsertBase<...>', gave the following error.
    Object literal may only specify known properties, and 'userId' does not exist in type '{ isin: string | SQL<unknown> | Placeholder<string, any>; quantity: string | SQL<unknown> | Placeholder<string, any>; purchaseDate: string | SQL<unknown> | Placeholder<...>; ... 29 more ...; creditRiskExposure?: string | ... 3 more ... | undefined; }'.
  Overload 2 of 2, '(values: { isin: string | SQL<unknown> | Placeholder<string, any>; quantity: string | SQL<unknown> | Placeholder<string, any>; purchaseDate: string | SQL<unknown> | Placeholder<...>; ... 29 more ...; creditRiskExposure?: string | ... 3 more ... | undefined; }[]): PgInsertBase<...>', gave the following error.
    Object literal may only specify known properties, and 'userId' does not exist in type '{ isin: string | SQL<unknown> | Placeholder<string, any>; quantity: string | SQL<unknown> | Placeholder<string, any>; purchaseDate: string | SQL<unknown> | Placeholder<...>; ... 29 more ...; creditRiskExposure?: string | ... 3 more ... | undefined; }[]'.
server/routes/store-aif-pms-4.ts(440,30): error TS2339: Property 'fundHouseName' does not exist on type 'PgTableWithColumns<{ name: "pms_master"; schema: undefined; columns: { id: PgColumn<{ name: "id"; tableName: "pms_master"; dataType: "string"; columnType: "PgVarchar"; data: string; driverParam: string; notNull: true; hasDefault: true; ... 6 more ...; generated: undefined; }, {}, { ...; }>; ... 37 more ...; updatedA...'.
server/routes/store-aif-pms-4.ts(498,30): error TS2339: Property 'fundHouseName' does not exist on type 'PgTableWithColumns<{ name: "pms_master"; schema: undefined; columns: { id: PgColumn<{ name: "id"; tableName: "pms_master"; dataType: "string"; columnType: "PgVarchar"; data: string; driverParam: string; notNull: true; hasDefault: true; ... 6 more ...; generated: undefined; }, {}, { ...; }>; ... 37 more ...; updatedA...'.
server/routes/store-mld-1.ts(92,29): error TS2304: Cannot find name 'calculateScenarioPayoffs'.
server/routes/store-mld-1.ts(120,23): error TS2304: Cannot find name 'calculateMldAnalytics'.
server/routes/store-mld-1.ts(143,23): error TS2304: Cannot find name 'generateScenarioAnalysis'.
server/routes/store-mld-2.ts(89,21): error TS2352: Conversion of type 'Request<ParamsDictionary, any, any, ParsedQs, Record<string, any>>' to type 'AuthRequest' may be a mistake because neither type sufficiently overlaps with the other. If this was intentional, convert the expression to 'unknown' first.
  Type 'Request<ParamsDictionary, any, any, ParsedQs, Record<string, any>>' is missing the following properties from type 'AuthRequest': cache, credentials, destination, integrity, and 14 more.
server/routes/store-mld-2.ts(138,21): error TS2352: Conversion of type 'Request<ParamsDictionary, any, any, ParsedQs, Record<string, any>>' to type 'AuthRequest' may be a mistake because neither type sufficiently overlaps with the other. If this was intentional, convert the expression to 'unknown' first.
  Type 'Request<ParamsDictionary, any, any, ParsedQs, Record<string, any>>' is missing the following properties from type 'AuthRequest': cache, credentials, destination, integrity, and 14 more.
server/routes/store-mld-2.ts(215,21): error TS2352: Conversion of type 'Request<ParamsDictionary, any, any, ParsedQs, Record<string, any>>' to type 'AuthRequest' may be a mistake because neither type sufficiently overlaps with the other. If this was intentional, convert the expression to 'unknown' first.
  Type 'Request<ParamsDictionary, any, any, ParsedQs, Record<string, any>>' is missing the following properties from type 'AuthRequest': cache, credentials, destination, integrity, and 14 more.
server/routes/store-mld-2.ts(263,21): error TS2352: Conversion of type 'Request<ParamsDictionary, any, any, ParsedQs, Record<string, any>>' to type 'AuthRequest' may be a mistake because neither type sufficiently overlaps with the other. If this was intentional, convert the expression to 'unknown' first.
  Type 'Request<ParamsDictionary, any, any, ParsedQs, Record<string, any>>' is missing the following properties from type 'AuthRequest': cache, credentials, destination, integrity, and 14 more.
server/routes/store-mld-2.ts(329,22): error TS2352: Conversion of type 'Request<ParamsDictionary, any, any, ParsedQs, Record<string, any>>' to type 'AuthRequest' may be a mistake because neither type sufficiently overlaps with the other. If this was intentional, convert the expression to 'unknown' first.
  Type 'Request<ParamsDictionary, any, any, ParsedQs, Record<string, any>>' is missing the following properties from type 'AuthRequest': cache, credentials, destination, integrity, and 14 more.
server/routes/store-mld-2.ts(777,21): error TS2352: Conversion of type 'Request<{ id: string; }, any, any, ParsedQs, Record<string, any>>' to type 'AuthRequest' may be a mistake because neither type sufficiently overlaps with the other. If this was intentional, convert the expression to 'unknown' first.
  Type 'Request<{ id: string; }, any, any, ParsedQs, Record<string, any>>' is missing the following properties from type 'AuthRequest': cache, credentials, destination, integrity, and 14 more.
server/routes/store-mld-2.ts(778,24): error TS2352: Conversion of type 'Request<{ id: string; }, any, any, ParsedQs, Record<string, any>>' to type 'AuthRequest' may be a mistake because neither type sufficiently overlaps with the other. If this was intentional, convert the expression to 'unknown' first.
  Type 'Request<{ id: string; }, any, any, ParsedQs, Record<string, any>>' is missing the following properties from type 'AuthRequest': cache, credentials, destination, integrity, and 14 more.
server/routes/tax-filing-1.ts(55,7): error TS2353: Object literal may only specify known properties, and 'fileName' does not exist in type '{ financialYear: string; documentType: string; originalFileName: string; fileFormat: string; panNumber?: string | null | undefined; userId?: string | null | undefined; prospectId?: string | null | undefined; ... 21 more ...; lastAccessedAt?: Date | ... 1 more ... | undefined; }'.
server/routes/tax-filing-1.ts(67,7): error TS2353: Object literal may only specify known properties, and 'action' does not exist in type '{ documentId: string; actionType: string; userId?: string | null | undefined; ipAddress?: string | null | undefined; userAgent?: string | null | undefined; prospectId?: string | null | undefined; ... 6 more ...; exportFormat?: string | ... 1 more ... | undefined; }'.
server/routes/tax-filing-1.ts(120,7): error TS2353: Object literal may only specify known properties, and 'action' does not exist in type '{ documentId: string; actionType: string; userId?: string | null | undefined; ipAddress?: string | null | undefined; userAgent?: string | null | undefined; prospectId?: string | null | undefined; ... 6 more ...; exportFormat?: string | ... 1 more ... | undefined; }'.
server/routes/tax-filing-1.ts(158,7): error TS2353: Object literal may only specify known properties, and 'action' does not exist in type '{ documentId: string; actionType: string; userId?: string | null | undefined; ipAddress?: string | null | undefined; userAgent?: string | null | undefined; prospectId?: string | null | undefined; ... 6 more ...; exportFormat?: string | ... 1 more ... | undefined; }'.
server/routes/tax-filing-1.ts(379,7): error TS2353: Object literal may only specify known properties, and 'action' does not exist in type '{ documentId: string; actionType: string; userId?: string | null | undefined; ipAddress?: string | null | undefined; userAgent?: string | null | undefined; prospectId?: string | null | undefined; ... 6 more ...; exportFormat?: string | ... 1 more ... | undefined; }'.
server/routes/tax-filing-2.ts(90,7): error TS2353: Object literal may only specify known properties, and 'action' does not exist in type '{ documentId: string; actionType: string; userId?: string | null | undefined; ipAddress?: string | null | undefined; userAgent?: string | null | undefined; prospectId?: string | null | undefined; ... 6 more ...; exportFormat?: string | ... 1 more ... | undefined; }'.
server/routes/tax-filing-2.ts(172,33): error TS2552: Cannot find name 'stcgRateRule'. Did you mean 'ltcgRateRule'?
server/routes/tax-filing-2.ts(196,30): error TS2552: Cannot find name 'stcgRateRule'. Did you mean 'ltcgRateRule'?
server/routes/tax-filing-2.ts(197,32): error TS2552: Cannot find name 'stcgRateRule'. Did you mean 'ltcgRateRule'?
server/routes/unified-portfolio-routes-2.ts(388,41): error TS2551: Property 'lastFetchStatus' does not exist on type '{ id: string; userId: string | null; prospectId: string | null; name: string; totalValue: string | null; cash: string | null; baseCurrency: string | null; isDefault: boolean | null; ... 6 more ...; updatedAt: Date | null; }'. Did you mean 'lastFetchedAt'?
server/routes/unified-portfolio-routes-2.ts(532,43): error TS2551: Property 'lastFetchStatus' does not exist on type '{ id: string; userId: string | null; prospectId: string | null; name: string; totalValue: string | null; cash: string | null; baseCurrency: string | null; isDefault: boolean | null; ... 6 more ...; updatedAt: Date | null; }'. Did you mean 'lastFetchedAt'?
server/routes/unified-proposals-routes.ts(100,46): error TS2339: Property 'productId' does not exist on type 'PgTableWithColumns<{ name: "investment_proposal_items"; schema: undefined; columns: { id: PgColumn<{ name: "id"; tableName: "investment_proposal_items"; dataType: "string"; columnType: "PgVarchar"; data: string; driverParam: string; ... 8 more ...; generated: undefined; }, {}, { ...; }>; ... 34 more ...; updatedAt: ...'.
server/routes/unified-proposals-routes.ts(102,41): error TS2339: Property 'isin' does not exist on type 'PgTableWithColumns<{ name: "investment_proposal_items"; schema: undefined; columns: { id: PgColumn<{ name: "id"; tableName: "investment_proposal_items"; dataType: "string"; columnType: "PgVarchar"; data: string; driverParam: string; ... 8 more ...; generated: undefined; }, {}, { ...; }>; ... 34 more ...; updatedAt: ...'.
server/routes/unified-proposals-routes.ts(103,47): error TS2339: Property 'actionType' does not exist on type 'PgTableWithColumns<{ name: "investment_proposal_items"; schema: undefined; columns: { id: PgColumn<{ name: "id"; tableName: "investment_proposal_items"; dataType: "string"; columnType: "PgVarchar"; data: string; driverParam: string; ... 8 more ...; generated: undefined; }, {}, { ...; }>; ... 34 more ...; updatedAt: ...'.
server/routes/unified-proposals-routes.ts(104,43): error TS2339: Property 'amount' does not exist on type 'PgTableWithColumns<{ name: "investment_proposal_items"; schema: undefined; columns: { id: PgColumn<{ name: "id"; tableName: "investment_proposal_items"; dataType: "string"; columnType: "PgVarchar"; data: string; driverParam: string; ... 8 more ...; generated: undefined; }, {}, { ...; }>; ... 34 more ...; updatedAt: ...'.
server/routes/unified-proposals-routes.ts(105,42): error TS2339: Property 'units' does not exist on type 'PgTableWithColumns<{ name: "investment_proposal_items"; schema: undefined; columns: { id: PgColumn<{ name: "id"; tableName: "investment_proposal_items"; dataType: "string"; columnType: "PgVarchar"; data: string; driverParam: string; ... 8 more ...; generated: undefined; }, {}, { ...; }>; ... 34 more ...; updatedAt: ...'.
server/routes/unified-proposals-routes.ts(106,46): error TS2339: Property 'rationale' does not exist on type 'PgTableWithColumns<{ name: "investment_proposal_items"; schema: undefined; columns: { id: PgColumn<{ name: "id"; tableName: "investment_proposal_items"; dataType: "string"; columnType: "PgVarchar"; data: string; driverParam: string; ... 8 more ...; generated: undefined; }, {}, { ...; }>; ... 34 more ...; updatedAt: ...'.
server/routes/unified-proposals-routes.ts(107,43): error TS2339: Property 'status' does not exist on type 'PgTableWithColumns<{ name: "investment_proposal_items"; schema: undefined; columns: { id: PgColumn<{ name: "id"; tableName: "investment_proposal_items"; dataType: "string"; columnType: "PgVarchar"; data: string; driverParam: string; ... 8 more ...; generated: undefined; }, {}, { ...; }>; ... 34 more ...; updatedAt: ...'.
server/routes/unified-proposals-routes.ts(227,14): error TS2353: Object literal may only specify known properties, and 'status' does not exist in type '{ productName?: string | SQL<unknown> | PgColumn<ColumnBaseConfig<ColumnDataType, string>, {}, {}> | undefined; recommendedAmount?: string | ... 2 more ... | undefined; ... 33 more ...; isAddedToCart?: boolean | ... 3 more ... | undefined; }'.
server/routes/unified-proposals-routes.ts(268,14): error TS2353: Object literal may only specify known properties, and 'status' does not exist in type '{ productName?: string | SQL<unknown> | PgColumn<ColumnBaseConfig<ColumnDataType, string>, {}, {}> | undefined; recommendedAmount?: string | ... 2 more ... | undefined; ... 33 more ...; isAddedToCart?: boolean | ... 3 more ... | undefined; }'.
server/routes/unified-proposals-routes.ts(272,11): error TS2304: Cannot find name 'complianceMonitor'.
server/routes/unified-proposals-routes.ts(275,28): error TS2304: Cannot find name 'proposalId'.
server/routes/unified-proposals-routes.ts(277,19): error TS18004: No value exists in scope for the shorthand property 'proposalId'. Either declare one or provide an initializer.
server/routes/unified-proposals-routes.ts(318,36): error TS2339: Property 'status' does not exist on type 'PgTableWithColumns<{ name: "investment_proposal_items"; schema: undefined; columns: { id: PgColumn<{ name: "id"; tableName: "investment_proposal_items"; dataType: "string"; columnType: "PgVarchar"; data: string; driverParam: string; ... 8 more ...; generated: undefined; }, {}, { ...; }>; ... 34 more ...; updatedAt: ...'.
server/routes/unified-proposals-routes.ts(333,29): error TS2339: Property 'amount' does not exist on type '{ id: string; proposalId: string; productType: string; productCode: string; productName: string; amc: string | null; category: string | null; subCategory: string | null; recommendedAmount: string; ... 26 more ...; updatedAt: Date | null; }'.
server/routes/unified-proposals-routes.ts(339,27): error TS2339: Property 'productId' does not exist on type '{ id: string; proposalId: string; productType: string; productCode: string; productName: string; amc: string | null; category: string | null; subCategory: string | null; recommendedAmount: string; ... 26 more ...; updatedAt: Date | null; }'.
server/routes/unified-proposals-routes.ts(340,22): error TS2339: Property 'isin' does not exist on type '{ id: string; proposalId: string; productType: string; productCode: string; productName: string; amc: string | null; category: string | null; subCategory: string | null; recommendedAmount: string; ... 26 more ...; updatedAt: Date | null; }'.
server/routes/unlisted-1-1.ts(165,18): error TS18048: 'req.user' is possibly 'undefined'.
server/routes/unlisted-11.ts(80,26): error TS2304: Cannot find name 'regulatoryComplianceService'.
server/routes/unlisted-11.ts(97,24): error TS2304: Cannot find name 'regulatoryComplianceService'.
server/routes/unlisted-11.ts(126,26): error TS2304: Cannot find name 'regulatoryComplianceService'.
server/routes/unlisted-11.ts(149,26): error TS2304: Cannot find name 'regulatoryComplianceService'.
server/routes/unlisted-11.ts(173,26): error TS2304: Cannot find name 'regulatoryComplianceService'.
server/routes/unlisted-2-1.ts(157,13): error TS2339: Property 'name' does not exist on type 'CredhiveSearchResult'.
server/routes/unlisted-2-1.ts(161,39): error TS2339: Property 'company_id' does not exist on type 'CredhiveSearchResult'.
server/routes/unlisted-2-1.ts(164,67): error TS2345: Argument of type 'string | null' is not assignable to parameter of type 'string'.
  Type 'null' is not assignable to type 'string'.
server/routes/unlisted-2-1.ts(176,18): error TS18048: 'req.user' is possibly 'undefined'.
server/routes/unlisted-2-1.ts(222,90): error TS2554: Expected 1 arguments, but got 2.
server/routes/unlisted-2-1.ts(223,27): error TS2488: Type '{ success: boolean; data?: any; error?: string | undefined; }' must have a '[Symbol.iterator]()' method that returns an iterator.
server/routes/unlisted-2-1.ts(224,44): error TS2339: Property 'convertFinancialsToDbFormat' does not exist on type 'CredhiveService'.
server/routes/unlisted-2-1.ts(229,46): error TS2339: Property 'getCompanyRatios' does not exist on type 'CredhiveService'.
server/routes/unlisted-2-1.ts(231,44): error TS2339: Property 'convertRatiosToDbFormat' does not exist on type 'CredhiveService'.
server/routes/unlisted-2-1.ts(373,29): error TS2339: Property 'symbol' does not exist on type '{ id: string; name: string; website: string | null; cin: string | null; createdBy: string | null; createdAt: Date | null; updatedAt: Date | null; description: string | null; ... 40 more ...; listedPeers: unknown; }'.
server/routes/unlisted-2-1.ts(376,30): error TS2339: Property 'logoUrl' does not exist on type '{ id: string; name: string; website: string | null; cin: string | null; createdBy: string | null; createdAt: Date | null; updatedAt: Date | null; description: string | null; ... 40 more ...; listedPeers: unknown; }'.
server/routes/unlisted-2-1.ts(377,35): error TS2339: Property 'currentPrice' does not exist on type '{ id: string; name: string; website: string | null; cin: string | null; createdBy: string | null; createdAt: Date | null; updatedAt: Date | null; description: string | null; ... 40 more ...; listedPeers: unknown; }'.
server/routes/unlisted-2-2.ts(316,34): error TS2339: Property 'currentPrice' does not exist on type '{ id: string; name: string; website: string | null; cin: string | null; createdBy: string | null; createdAt: Date | null; updatedAt: Date | null; description: string | null; ... 40 more ...; listedPeers: unknown; }'.
server/routes/unlisted-2-2.ts(317,33): error TS2339: Property 'logoUrl' does not exist on type '{ id: string; name: string; website: string | null; cin: string | null; createdBy: string | null; createdAt: Date | null; updatedAt: Date | null; description: string | null; ... 40 more ...; listedPeers: unknown; }'.
server/routes/unlisted-3.ts(499,82): error TS2339: Property 'symbol' does not exist on type '{ id: string; name: string; website: string | null; cin: string | null; createdBy: string | null; createdAt: Date | null; updatedAt: Date | null; description: string | null; ... 40 more ...; listedPeers: unknown; }'.
server/routes/unlisted-3.ts(532,82): error TS2339: Property 'symbol' does not exist on type '{ id: string; name: string; website: string | null; cin: string | null; createdBy: string | null; createdAt: Date | null; updatedAt: Date | null; description: string | null; ... 40 more ...; listedPeers: unknown; }'.
server/routes/unlisted-5.ts(307,50): error TS18048: 'req.user' is possibly 'undefined'.
server/routes/unlisted-6.ts(475,9): error TS2353: Object literal may only specify known properties, and 'paidUpCapital' does not exist in type 'Partial<{ financialYear: string; companyId: string; id?: string | undefined; createdAt?: Date | null | undefined; updatedAt?: Date | null | undefined; revenue?: string | null | undefined; ... 25 more ...; lockedForAdvisory?: boolean | ... 1 more ... | undefined; }>'.
server/routes/unlisted-6.ts(475,83): error TS2339: Property 'paidUpCapital' does not exist on type '{ id: string; createdAt: Date | null; updatedAt: Date | null; revenue: string | null; confidenceScore: string | null; dataSource: string | null; financialYear: string; ... 24 more ...; lockedForAdvisory: boolean | null; }'.
server/routes/unlisted-6.ts(491,9): error TS2353: Object literal may only specify known properties, and 'paidUpCapital' does not exist in type '{ financialYear: string; companyId: string; id?: string | undefined; createdAt?: Date | null | undefined; updatedAt?: Date | null | undefined; revenue?: string | null | undefined; ... 25 more ...; lockedForAdvisory?: boolean | ... 1 more ... | undefined; }'.
server/routes/unlisted-6.ts(498,19): error TS2551: Property 'createUnlistedAuditLog' does not exist on type 'DatabaseStorage'. Did you mean 'createStoreAuditLog'?
server/routes/unlisted-6.ts(503,18): error TS18048: 'req.user' is possibly 'undefined'.
server/routes/unlisted-6.ts(508,40): error TS18048: 'req.user' is possibly 'undefined'.
server/routes/unlisted-6.ts(589,47): error TS2339: Property 'checkEnrichmentEligibility' does not exist on type 'CredhiveService'.
server/routes/unlisted-6.ts(614,42): error TS2339: Property 'updateCompanyIdentityConfidence' does not exist on type 'CredhiveService'.
server/routes/unlisted-6.ts(640,42): error TS2339: Property 'batchUpdateIdentityConfidence' does not exist on type 'CredhiveService'.
server/routes/unlisted-7-1.ts(76,37): error TS2551: Property 'getUnlistedCompanies' does not exist on type 'DatabaseStorage'. Did you mean 'getAllUnlistedCompanies'?
server/routes/unlisted-7-1.ts(77,47): error TS7006: Parameter 'c' implicitly has an 'any' type.
server/routes/unlisted-7-1.ts(81,14): error TS7006: Parameter 'a' implicitly has an 'any' type.
server/routes/unlisted-7-1.ts(81,17): error TS7006: Parameter 'b' implicitly has an 'any' type.
server/routes/unlisted-7-1.ts(232,28): error TS2339: Property 'companyName' does not exist on type '{ id: string; name: string; website: string | null; cin: string | null; createdBy: string | null; createdAt: Date | null; updatedAt: Date | null; description: string | null; ... 40 more ...; listedPeers: unknown; }'.
server/routes/unlisted-7-2-1-1.ts(164,41): error TS2339: Property 'company_id' does not exist on type 'CredhiveSearchResult'.
server/routes/unlisted-7-2-1-1.ts(394,44): error TS2339: Property 'name' does not exist on type 'CredhiveSearchResult'.
server/routes/unlisted-7-2-1-1.ts(414,129): error TS2339: Property 'name' does not exist on type 'CredhiveSearchResult'.
server/routes/unlisted-7-2-1-1.ts(432,27): error TS2339: Property 'name' does not exist on type 'CredhiveSearchResult'.
server/routes/unlisted-7-2-1-1.ts(432,45): error TS2339: Property 'name' does not exist on type 'CredhiveSearchResult'.
server/routes/unlisted-7-2-1-1.ts(433,80): error TS2339: Property 'name' does not exist on type 'CredhiveSearchResult'.
server/routes/unlisted-7-2-1-1.ts(437,37): error TS2339: Property 'name' does not exist on type 'CredhiveSearchResult'.
server/routes/unlisted-7-2-1-1.ts(440,44): error TS2339: Property 'name' does not exist on type 'CredhiveSearchResult'.
server/routes/unlisted-7-2-1-1.ts(578,31): error TS2339: Property 'sector' does not exist on type '{ success: boolean; data?: any; error?: string | undefined; }'.
server/routes/unlisted-7-2-1-1.ts(579,49): error TS2339: Property 'sector' does not exist on type '{ success: boolean; data?: any; error?: string | undefined; }'.
server/routes/unlisted-7-2-1-1.ts(583,41): error TS2339: Property 'sector' does not exist on type '{ success: boolean; data?: any; error?: string | undefined; }'.
server/routes/unlisted-7-2-1-1.ts(588,31): error TS2339: Property 'industry' does not exist on type '{ success: boolean; data?: any; error?: string | undefined; }'.
server/routes/unlisted-7-2-1-1.ts(589,51): error TS2339: Property 'industry' does not exist on type '{ success: boolean; data?: any; error?: string | undefined; }'.
server/routes/unlisted-7-2-1-1.ts(593,41): error TS2339: Property 'industry' does not exist on type '{ success: boolean; data?: any; error?: string | undefined; }'.
server/routes/unlisted-8-2.ts(229,29): error TS2551: Property 'netWorth' does not exist on type '{ id: string; createdAt: Date | null; updatedAt: Date | null; revenue: string | null; confidenceScore: string | null; dataSource: string | null; financialYear: string; ... 24 more ...; lockedForAdvisory: boolean | null; }'. Did you mean 'networth'?
server/routes/unlisted-8-2.ts(229,62): error TS2551: Property 'netWorth' does not exist on type '{ id: string; createdAt: Date | null; updatedAt: Date | null; revenue: string | null; confidenceScore: string | null; dataSource: string | null; financialYear: string; ... 24 more ...; lockedForAdvisory: boolean | null; }'. Did you mean 'networth'?
server/routes/unlisted-8-2.ts(230,36): error TS2339: Property 'debtEquityRatio' does not exist on type '{ id: string; createdAt: Date | null; updatedAt: Date | null; revenue: string | null; confidenceScore: string | null; dataSource: string | null; financialYear: string; ... 24 more ...; lockedForAdvisory: boolean | null; }'.
server/routes/unlisted-8-2.ts(230,76): error TS2339: Property 'debtEquityRatio' does not exist on type '{ id: string; createdAt: Date | null; updatedAt: Date | null; revenue: string | null; confidenceScore: string | null; dataSource: string | null; financialYear: string; ... 24 more ...; lockedForAdvisory: boolean | null; }'.
server/routes/unlisted-8-2.ts(231,33): error TS2339: Property 'profitMargin' does not exist on type '{ id: string; createdAt: Date | null; updatedAt: Date | null; revenue: string | null; confidenceScore: string | null; dataSource: string | null; financialYear: string; ... 24 more ...; lockedForAdvisory: boolean | null; }'.
server/routes/unlisted-8-2.ts(231,70): error TS2339: Property 'profitMargin' does not exist on type '{ id: string; createdAt: Date | null; updatedAt: Date | null; revenue: string | null; confidenceScore: string | null; dataSource: string | null; financialYear: string; ... 24 more ...; lockedForAdvisory: boolean | null; }'.
server/routes/unlisted-9.ts(109,25): error TS2339: Property 'orderId' does not exist on type 'EscrowPaymentResponse'.
server/routes/unlisted-9.ts(127,27): error TS2339: Property 'orderId' does not exist on type 'EscrowPaymentResponse'.
server/routes/unlisted-9.ts(359,11): error TS2322: Type '"escrow_release_initiated"' is not assignable to type '"payment_initiated" | "deal_created" | "deal_accepted" | "deal_rejected" | "escrow_held" | "escrow_released" | "escrow_refunded" | "transfer_pending" | "transfer_completed"'.
server/routes/unlisted-9.ts(372,13): error TS2353: Object literal may only specify known properties, and 'parties' does not exist in type '{ eventType: string; triggeredBy: string; userId?: string | undefined; dealId?: string | undefined; amount?: number | undefined; currency?: string | undefined; riskIndicators: string[]; riskScore: number; metadata?: Record<...> | undefined; }'.
server/routes/unlisted-9.ts(422,11): error TS2322: Type '"escrow_refund_initiated"' is not assignable to type '"payment_initiated" | "deal_created" | "deal_accepted" | "deal_rejected" | "escrow_held" | "escrow_released" | "escrow_refunded" | "transfer_pending" | "transfer_completed"'.
server/routes/unlisted-9.ts(435,13): error TS2353: Object literal may only specify known properties, and 'parties' does not exist in type '{ eventType: string; triggeredBy: string; userId?: string | undefined; dealId?: string | undefined; amount?: number | undefined; currency?: string | undefined; riskIndicators: string[]; riskScore: number; metadata?: Record<...> | undefined; }'.
server/routes/unlisted-9.ts(481,43): error TS2339: Property 'getObjectEntityUploadURL' does not exist on type 'Storage'.
server/routes/unlisted-9.ts(513,48): error TS2339: Property 'trySetObjectEntityAclPolicy' does not exist on type 'Storage'.
server/routes/us-trading-1-1.ts(437,7): error TS2322: Type 'Response<any, Record<string, any>>' is not assignable to type 'void'.
server/routes/us-trading-1-1.ts(440,25): error TS2322: Type 'Response<any, Record<string, any>>' is not assignable to type 'void'.
server/routes/us-trading-1-1.ts(1010,7): error TS2322: Type 'string' is not assignable to type '"ach" | "wire"'.
server/routes/us-trading-1-1.ts(1013,7): error TS2322: Type 'string' is not assignable to type '"INCOMING" | "OUTGOING"'.
server/routes/us-trading-1-2.ts(382,7): error TS2353: Object literal may only specify known properties, and 'orderId' does not exist in type '{ clientId: string; financialYear: string; amountUsd: string; declarationText: string; declarationHash: string; purposeCode?: string | null | undefined; }'.
server/routes/us-trading-1-2.ts(385,31): error TS2339: Property 'createHash' does not exist on type 'Crypto'.
server/routes/us-trading-3.ts(1045,26): error TS2551: Property 'lastLoginIp' does not exist on type 'PgTableWithColumns<{ name: "users"; schema: undefined; columns: { id: PgColumn<{ name: "id"; tableName: "users"; dataType: "string"; columnType: "PgVarchar"; data: string; driverParam: string; notNull: true; hasDefault: true; ... 6 more ...; generated: undefined; }, {}, { ...; }>; ... 129 more ...; shareableProfileE...'. Did you mean 'lastLoginAt'?
server/routes/us-trading-4.ts(392,16): error TS2783: 'success' is specified more than once, so this usage will be overwritten.
server/routes/user-profile-kyc-1-2.ts(155,47): error TS2345: Argument of type '{ panNumber: any; fullName: any; dateOfBirth: string; }' is not assignable to parameter of type 'CkycVerificationRequest'.
  Property 'userId' is missing in type '{ panNumber: any; fullName: any; dateOfBirth: string; }' but required in type 'CkycVerificationRequest'.
server/routes/user-profile-kyc-1-2.ts(325,24): error TS2345: Argument of type 'string | null' is not assignable to parameter of type 'string'.
  Type 'null' is not assignable to type 'string'.
server/routes/user-profile-kyc-1-2.ts(351,46): error TS2345: Argument of type 'string | null' is not assignable to parameter of type 'string'.
  Type 'null' is not assignable to type 'string'.
server/routes/user-profile-kyc-1-2.ts(422,71): error TS2339: Property 'netWorthAmount' does not exist on type '{ id: string; companyName: string | null; address: string | null; arnCode: string | null; euinNumber: string | null; panNumber: string | null; aadharNumber: string | null; bankAccountNumber: string | null; ... 104 more ...; numberOfDependents: number | null; }'.
server/routes/user-profile-kyc-1-2.ts(423,47): error TS2339: Property 'netWorthAmount' does not exist on type '{ id: string; companyName: string | null; address: string | null; arnCode: string | null; euinNumber: string | null; panNumber: string | null; aadharNumber: string | null; bankAccountNumber: string | null; ... 104 more ...; numberOfDependents: number | null; }'.
server/routes/user-profile-kyc-1-2.ts(600,19): error TS2367: This comparison appears to be unintentional because the types '"none" | "basic" | "enhanced"' and '"full"' have no overlap.
server/routes/user-profile-kyc-1-2.ts(606,19): error TS2367: This comparison appears to be unintentional because the types '"none" | "basic" | "enhanced"' and '"full"' have no overlap.
server/routes/user-profile-kyc-1-2.ts(612,19): error TS2367: This comparison appears to be unintentional because the types '"none" | "basic" | "enhanced"' and '"full"' have no overlap.
server/routes/user-profile-kyc-1-2.ts(614,19): error TS2367: This comparison appears to be unintentional because the types '"none" | "basic" | "enhanced"' and '"full"' have no overlap.
server/routes/user-profile-kyc-1-2.ts(647,38): error TS2339: Property 'videoKycCompleted' does not exist on type '{ id: string; companyName: string | null; address: string | null; arnCode: string | null; euinNumber: string | null; panNumber: string | null; aadharNumber: string | null; bankAccountNumber: string | null; ... 104 more ...; numberOfDependents: number | null; }'.
server/routes/user-profile-kyc-2.ts(170,11): error TS2488: Type 'QueryResult<Record<string, unknown>>' must have a '[Symbol.iterator]()' method that returns an iterator.
server/routes/user-profile-kyc-2.ts(351,7): error TS2353: Object literal may only specify known properties, and 'addressLine1' does not exist in type '{ userId: string; companyName?: string | null | undefined; address?: string | null | undefined; arnCode?: string | null | undefined; euinNumber?: string | null | undefined; panNumber?: string | ... 1 more ... | undefined; ... 103 more ...; numberOfDependents?: number | ... 1 more ... | undefined; }'.
server/routes/webauthn-routes.ts(128,9): error TS2367: This comparison appears to be unintentional because the types '"medium" | "very_high" | "low" | "high"' and '"HIGH"' have no overlap.
server/routes/webauthn-routes.ts(128,41): error TS2367: This comparison appears to be unintentional because the types '"medium" | "very_high" | "low" | "high"' and '"CRITICAL"' have no overlap.
server/routes/zoho-books.ts(612,30): error TS2769: No overload matches this call.
  Overload 1 of 3, '(left: PgColumn<{ name: "id"; tableName: "users"; dataType: "string"; columnType: "PgVarchar"; data: string; driverParam: string; notNull: true; hasDefault: true; isPrimaryKey: true; isAutoincrement: false; ... 4 more ...; generated: undefined; }, {}, { ...; }>, right: string | SQLWrapper): SQL<...>', gave the following error.
    Argument of type 'number' is not assignable to parameter of type 'string | SQLWrapper'.
  Overload 2 of 3, '(left: Aliased<number>, right: number | SQLWrapper): SQL<unknown>', gave the following error.
    Argument of type 'PgColumn<{ name: "id"; tableName: "users"; dataType: "string"; columnType: "PgVarchar"; data: string; driverParam: string; notNull: true; hasDefault: true; isPrimaryKey: true; isAutoincrement: false; ... 4 more ...; generated: undefined; }, {}, { ...; }>' is not assignable to parameter of type 'Aliased<number>'.
      Type 'PgColumn<{ name: "id"; tableName: "users"; dataType: "string"; columnType: "PgVarchar"; data: string; driverParam: string; notNull: true; hasDefault: true; isPrimaryKey: true; isAutoincrement: false; ... 4 more ...; generated: undefined; }, {}, { ...; }>' is missing the following properties from type 'Aliased<number>': sql, fieldAlias
  Overload 3 of 3, '(left: never, right: unknown): SQL<unknown>', gave the following error.
    Argument of type 'PgColumn<{ name: "id"; tableName: "users"; dataType: "string"; columnType: "PgVarchar"; data: string; driverParam: string; notNull: true; hasDefault: true; isPrimaryKey: true; isAutoincrement: false; ... 4 more ...; generated: undefined; }, {}, { ...; }>' is not assignable to parameter of type 'never'.
server/sandbox-itr-service.ts(449,47): error TS2345: Argument of type '{ entityType: "individual" | "company" | "huf" | "partnership_firm" | "llp" | "aop" | "boi" | "cooperative_society" | "local_authority" | "trust" | "political_party" | "institution" | "research_association" | "news_agency"; incomeDetails: { ...; }; deductions: { ...; }; taxPayments: { ...; }; filingDetails: { ...; }...' is not assignable to parameter of type 'TaxCalculationParams'.
  Type '{ entityType: "individual" | "company" | "huf" | "partnership_firm" | "llp" | "aop" | "boi" | "cooperative_society" | "local_authority" | "trust" | "political_party" | "institution" | "research_association" | "news_agency"; incomeDetails: { ...; }; deductions: { ...; }; taxPayments: { ...; }; filingDetails: { ...; }...' is missing the following properties from type 'TaxCalculationParams': personalInfo, bankDetails
server/sandbox-itr-service.ts(541,58): error TS2345: Argument of type '{ entityType: "individual" | "company" | "huf" | "partnership_firm" | "llp" | "aop" | "boi" | "cooperative_society" | "local_authority" | "trust" | "political_party" | "institution" | "research_association" | "news_agency"; incomeDetails: { ...; }; deductions: { ...; }; taxPayments: { ...; }; filingDetails: { ...; }...' is not assignable to parameter of type 'TaxCalculationParams'.
  Type '{ entityType: "individual" | "company" | "huf" | "partnership_firm" | "llp" | "aop" | "boi" | "cooperative_society" | "local_authority" | "trust" | "political_party" | "institution" | "research_association" | "news_agency"; incomeDetails: { ...; }; deductions: { ...; }; taxPayments: { ...; }; filingDetails: { ...; }...' is missing the following properties from type 'TaxCalculationParams': personalInfo, bankDetails
server/sandbox-itr-service.ts(1033,30): error TS2322: Type 'Buffer<ArrayBufferLike>' is not assignable to type 'BlobPart'.
  Type 'Buffer<ArrayBufferLike>' is not assignable to type 'ArrayBufferView<ArrayBuffer>'.
    Types of property 'buffer' are incompatible.
      Type 'ArrayBufferLike' is not assignable to type 'ArrayBuffer'.
        Type 'SharedArrayBuffer' is missing the following properties from type 'ArrayBuffer': resizable, resize, detached, transfer, transferToFixedLength
server/sandbox-itr-service.ts(1083,30): error TS2322: Type 'Buffer<ArrayBufferLike>' is not assignable to type 'BlobPart'.
  Type 'Buffer<ArrayBufferLike>' is not assignable to type 'ArrayBufferView<ArrayBuffer>'.
    Types of property 'buffer' are incompatible.
      Type 'ArrayBufferLike' is not assignable to type 'ArrayBuffer'.
        Type 'SharedArrayBuffer' is missing the following properties from type 'ArrayBuffer': resizable, resize, detached, transfer, transferToFixedLength
server/sandbox-itr-service.ts(1270,7): error TS2322: Type '{ deductorTAN: any; deductorName: any; section: any; amountPaid: number; declarationType: string; }[]' is not assignable to type '{ deductorTAN: string; deductorName: string; section: string; amountPaid: number; declarationType: "15G" | "15H"; }[]'.
  Type '{ deductorTAN: any; deductorName: any; section: any; amountPaid: number; declarationType: string; }' is not assignable to type '{ deductorTAN: string; deductorName: string; section: string; amountPaid: number; declarationType: "15G" | "15H"; }'.
    Types of property 'declarationType' are incompatible.
      Type 'string' is not assignable to type '"15G" | "15H"'.
server/seed-sangram.ts(5,10): error TS2459: Module '"./auth"' declares 'hashPassword' locally, but it is not exported.
server/seed-sangram.ts(41,7): error TS2769: No overload matches this call.
  Overload 1 of 2, '(value: { email: string | SQL<unknown> | Placeholder<string, any>; fullName: string | SQL<unknown> | Placeholder<string, any>; id?: string | SQL<unknown> | Placeholder<...> | undefined; ... 52 more ...; totalClientsAssigned?: number | ... 3 more ... | undefined; }): PgInsertBase<...>', gave the following error.
    Object literal may only specify known properties, and 'agentId' does not exist in type '{ email: string | SQL<unknown> | Placeholder<string, any>; fullName: string | SQL<unknown> | Placeholder<string, any>; id?: string | SQL<unknown> | Placeholder<string, any> | undefined; ... 52 more ...; totalClientsAssigned?: number | ... 3 more ... | undefined; }'.
  Overload 2 of 2, '(values: { email: string | SQL<unknown> | Placeholder<string, any>; fullName: string | SQL<unknown> | Placeholder<string, any>; id?: string | SQL<unknown> | Placeholder<...> | undefined; ... 52 more ...; totalClientsAssigned?: number | ... 3 more ... | undefined; }[]): PgInsertBase<...>', gave the following error.
    Object literal may only specify known properties, and 'agentId' does not exist in type '{ email: string | SQL<unknown> | Placeholder<string, any>; fullName: string | SQL<unknown> | Placeholder<string, any>; id?: string | SQL<unknown> | Placeholder<string, any> | undefined; ... 52 more ...; totalClientsAssigned?: number | ... 3 more ... | undefined; }[]'.
server/services/aa-fiu-service.ts(476,46): error TS2345: Argument of type 'string | null' is not assignable to parameter of type 'string'.
  Type 'null' is not assignable to type 'string'.
server/services/aa-fiu-service.ts(592,11): error TS2345: Argument of type 'string | null' is not assignable to parameter of type 'string'.
  Type 'null' is not assignable to type 'string'.
server/services/activity-insights-service.ts(373,12): error TS2322: Type '"gemini-1.5-flash"' is not assignable to type 'AIModel | undefined'.
server/services/admin-approval-service.ts(18,62): error TS2769: No overload matches this call.
  Overload 1 of 2, '(value: { data: unknown; entityType: string | SQL<unknown> | Placeholder<string, any>; action: string | SQL<unknown> | Placeholder<string, any>; requestedBy: string | SQL<...> | Placeholder<...>; ... 6 more ...; reason?: string | ... 3 more ... | undefined; }): PgInsertBase<...>', gave the following error.
    Type 'number' is not assignable to type 'string | SQL<unknown> | Placeholder<string, any>'.
  Overload 2 of 2, '(values: { data: unknown; entityType: string | SQL<unknown> | Placeholder<string, any>; action: string | SQL<unknown> | Placeholder<string, any>; requestedBy: string | SQL<...> | Placeholder<...>; ... 6 more ...; reason?: string | ... 3 more ... | undefined; }[]): PgInsertBase<...>', gave the following error.
    Object literal may only specify known properties, and 'entityType' does not exist in type '{ data: unknown; entityType: string | SQL<unknown> | Placeholder<string, any>; action: string | SQL<unknown> | Placeholder<string, any>; requestedBy: string | SQL<...> | Placeholder<...>; ... 6 more ...; reason?: string | ... 3 more ... | undefined; }[]'.
server/services/admin-approval-service.ts(40,75): error TS2769: No overload matches this call.
  Overload 1 of 3, '(left: PgColumn<{ name: "id"; tableName: "admin_approval_requests"; dataType: "string"; columnType: "PgVarchar"; data: string; driverParam: string; notNull: true; hasDefault: true; isPrimaryKey: true; ... 5 more ...; generated: undefined; }, {}, { ...; }>, right: string | SQLWrapper): SQL<...>', gave the following error.
    Argument of type 'number' is not assignable to parameter of type 'string | SQLWrapper'.
  Overload 2 of 3, '(left: Aliased<number>, right: number | SQLWrapper): SQL<unknown>', gave the following error.
    Argument of type 'PgColumn<{ name: "id"; tableName: "admin_approval_requests"; dataType: "string"; columnType: "PgVarchar"; data: string; driverParam: string; notNull: true; hasDefault: true; isPrimaryKey: true; isAutoincrement: false; ... 4 more ...; generated: undefined; }, {}, { ...; }>' is not assignable to parameter of type 'Aliased<number>'.
      Type 'PgColumn<{ name: "id"; tableName: "admin_approval_requests"; dataType: "string"; columnType: "PgVarchar"; data: string; driverParam: string; notNull: true; hasDefault: true; isPrimaryKey: true; isAutoincrement: false; ... 4 more ...; generated: undefined; }, {}, { ...; }>' is missing the following properties from type 'Aliased<number>': sql, fieldAlias
  Overload 3 of 3, '(left: never, right: unknown): SQL<unknown>', gave the following error.
    Argument of type 'PgColumn<{ name: "id"; tableName: "admin_approval_requests"; dataType: "string"; columnType: "PgVarchar"; data: string; driverParam: string; notNull: true; hasDefault: true; isPrimaryKey: true; isAutoincrement: false; ... 4 more ...; generated: undefined; }, {}, { ...; }>' is not assignable to parameter of type 'never'.
server/services/admin-approval-service.ts(44,9): error TS2367: This comparison appears to be unintentional because the types 'string' and 'number' have no overlap.
server/services/admin-approval-service.ts(51,9): error TS2353: Object literal may only specify known properties, and 'reviewedBy' does not exist in type '{ data?: unknown; entityType?: string | SQL<unknown> | PgColumn<ColumnBaseConfig<ColumnDataType, string>, {}, {}> | undefined; action?: string | SQL<...> | PgColumn<...> | undefined; ... 7 more ...; reason?: string | ... 3 more ... | undefined; }'.
server/services/admin-approval-service.ts(55,14): error TS2769: No overload matches this call.
  Overload 1 of 3, '(left: PgColumn<{ name: "id"; tableName: "admin_approval_requests"; dataType: "string"; columnType: "PgVarchar"; data: string; driverParam: string; notNull: true; hasDefault: true; isPrimaryKey: true; ... 5 more ...; generated: undefined; }, {}, { ...; }>, right: string | SQLWrapper): SQL<...>', gave the following error.
    Argument of type 'number' is not assignable to parameter of type 'string | SQLWrapper'.
  Overload 2 of 3, '(left: Aliased<number>, right: number | SQLWrapper): SQL<unknown>', gave the following error.
    Argument of type 'PgColumn<{ name: "id"; tableName: "admin_approval_requests"; dataType: "string"; columnType: "PgVarchar"; data: string; driverParam: string; notNull: true; hasDefault: true; isPrimaryKey: true; isAutoincrement: false; ... 4 more ...; generated: undefined; }, {}, { ...; }>' is not assignable to parameter of type 'Aliased<number>'.
      Type 'PgColumn<{ name: "id"; tableName: "admin_approval_requests"; dataType: "string"; columnType: "PgVarchar"; data: string; driverParam: string; notNull: true; hasDefault: true; isPrimaryKey: true; isAutoincrement: false; ... 4 more ...; generated: undefined; }, {}, { ...; }>' is missing the following properties from type 'Aliased<number>': sql, fieldAlias
  Overload 3 of 3, '(left: never, right: unknown): SQL<unknown>', gave the following error.
    Argument of type 'PgColumn<{ name: "id"; tableName: "admin_approval_requests"; dataType: "string"; columnType: "PgVarchar"; data: string; driverParam: string; notNull: true; hasDefault: true; isPrimaryKey: true; isAutoincrement: false; ... 4 more ...; generated: undefined; }, {}, { ...; }>' is not assignable to parameter of type 'never'.
server/services/admin-parallel-notifier.ts(144,33): error TS2551: Property 'sendTextMessage' does not exist on type 'WhatsAppService'. Did you mean 'sendMessage'?
server/services/admin/rbacEngine.ts(47,32): error TS2551: Property 'role' does not exist on type '{ id: string; userId: string; email: string | null; mobile: string | null; password: string; firstName: string | null; middleName: string | null; lastName: string | null; profileImageUrl: string | null; ... 121 more ...; shareableProfileEnabled: boolean | null; }'. Did you mean 'roles'?
server/services/agent-prospect-wizard-service.ts(1446,38): error TS2339: Property 'broadSector' does not exist on type 'PgTableWithColumns<{ name: "pre_ipo_companies"; schema: undefined; columns: { id: PgColumn<{ name: "id"; tableName: "pre_ipo_companies"; dataType: "string"; columnType: "PgVarchar"; data: string; driverParam: string; ... 8 more ...; generated: undefined; }, {}, { ...; }>; ... 35 more ...; updatedAt: PgColumn<...>; }...'.
server/services/agent-prospect-wizard-service.ts(1459,30): error TS2339: Property 'broadSector' does not exist on type 'PgTableWithColumns<{ name: "pre_ipo_companies"; schema: undefined; columns: { id: PgColumn<{ name: "id"; tableName: "pre_ipo_companies"; dataType: "string"; columnType: "PgVarchar"; data: string; driverParam: string; ... 8 more ...; generated: undefined; }, {}, { ...; }>; ... 35 more ...; updatedAt: PgColumn<...>; }...'.
server/services/agent-prospect-wizard-service.ts(1508,33): error TS2339: Property 'broadSector' does not exist on type 'PgTableWithColumns<{ name: "pre_ipo_companies"; schema: undefined; columns: { id: PgColumn<{ name: "id"; tableName: "pre_ipo_companies"; dataType: "string"; columnType: "PgVarchar"; data: string; driverParam: string; ... 8 more ...; generated: undefined; }, {}, { ...; }>; ... 35 more ...; updatedAt: PgColumn<...>; }...'.
server/services/agent-prospect-wizard-service.ts(1515,37): error TS2339: Property 'broadSector' does not exist on type 'PgTableWithColumns<{ name: "pre_ipo_companies"; schema: undefined; columns: { id: PgColumn<{ name: "id"; tableName: "pre_ipo_companies"; dataType: "string"; columnType: "PgVarchar"; data: string; driverParam: string; ... 8 more ...; generated: undefined; }, {}, { ...; }>; ... 35 more ...; updatedAt: PgColumn<...>; }...'.
server/services/agent-prospect-wizard-service.ts(1518,32): error TS2339: Property 'broadSector' does not exist on type 'PgTableWithColumns<{ name: "pre_ipo_companies"; schema: undefined; columns: { id: PgColumn<{ name: "id"; tableName: "pre_ipo_companies"; dataType: "string"; columnType: "PgVarchar"; data: string; driverParam: string; ... 8 more ...; generated: undefined; }, {}, { ...; }>; ... 35 more ...; updatedAt: PgColumn<...>; }...'.
server/services/agent-prospect-wizard-service.ts(1589,31): error TS2339: Property 'broadSector' does not exist on type 'PgTableWithColumns<{ name: "pre_ipo_companies"; schema: undefined; columns: { id: PgColumn<{ name: "id"; tableName: "pre_ipo_companies"; dataType: "string"; columnType: "PgVarchar"; data: string; driverParam: string; ... 8 more ...; generated: undefined; }, {}, { ...; }>; ... 35 more ...; updatedAt: PgColumn<...>; }...'.
server/services/agent-prospect-wizard-service.ts(1604,11): error TS2353: Object literal may only specify known properties, and 'broadSector' does not exist in type '{ companyName?: string | SQL<unknown> | PgColumn<ColumnBaseConfig<ColumnDataType, string>, {}, {}> | undefined; sector?: string | SQL<...> | PgColumn<...> | undefined; ... 34 more ...; investmentDeadline?: SQL<...> | ... 3 more ... | undefined; }'.
server/services/agent-prospect-wizard-service.ts(5591,7): error TS2769: No overload matches this call.
  Overload 2 of 2, '(values: { agentId: string | SQL<unknown> | Placeholder<string, any>; proposalType: string | SQL<unknown> | Placeholder<string, any>; shareToken: string | SQL<...> | Placeholder<...>; ... 47 more ...; analyticsData?: unknown; }[]): PgInsertBase<...>', gave the following error.
    Object literal may only specify known properties, and 'shareToken' does not exist in type '{ agentId: string | SQL<unknown> | Placeholder<string, any>; proposalType: string | SQL<unknown> | Placeholder<string, any>; shareToken: string | SQL<unknown> | Placeholder<...>; ... 47 more ...; analyticsData?: unknown; }[]'.
server/services/ai-commodity-recommendation-service.ts(467,46): error TS2551: Property 'investmentHorizon' does not exist on type '{ id: string; userId: string; clientType: string | null; entityType: string | null; firstName: string | null; middleName: string | null; lastName: string | null; gender: string | null; ... 104 more ...; updatedAt: Date | null; }'. Did you mean 'investmentTimeHorizon'?
server/services/ai-commodity-recommendation-service.ts(468,48): error TS2339: Property 'riskAppetite' does not exist on type '{ id: string; userId: string; clientType: string | null; entityType: string | null; firstName: string | null; middleName: string | null; lastName: string | null; gender: string | null; ... 104 more ...; updatedAt: Date | null; }'.
server/services/ai-commodity-recommendation-service.ts(472,32): error TS2339: Property 'riskAppetite' does not exist on type '{ id: string; userId: string; clientType: string | null; entityType: string | null; firstName: string | null; middleName: string | null; lastName: string | null; gender: string | null; ... 104 more ...; updatedAt: Date | null; }'.
server/services/ai-global-advisory-service.ts(230,30): error TS2339: Property 'currency' does not exist on type 'StockQuote'.
server/services/ai-global-advisory-service.ts(232,58): error TS2551: Property 'getExchangeRate' does not exist on type 'CurrencyExchangeService'. Did you mean 'fetchExchangeRates'?
server/services/ai-global-advisory-service.ts(503,56): error TS2551: Property 'getExchangeRate' does not exist on type 'CurrencyExchangeService'. Did you mean 'fetchExchangeRates'?
server/services/ai-global-advisory-service.ts(591,56): error TS2551: Property 'getExchangeRate' does not exist on type 'CurrencyExchangeService'. Did you mean 'fetchExchangeRates'?
server/services/ai-global-advisory-service.ts(869,85): error TS2551: Property 'getExchangeRate' does not exist on type 'CurrencyExchangeService'. Did you mean 'fetchExchangeRates'?
server/services/ai-global-advisory-service.ts(870,85): error TS2551: Property 'getExchangeRate' does not exist on type 'CurrencyExchangeService'. Did you mean 'fetchExchangeRates'?
server/services/ai-global-advisory-service.ts(907,85): error TS2551: Property 'getExchangeRate' does not exist on type 'CurrencyExchangeService'. Did you mean 'fetchExchangeRates'?
server/services/ai-global-advisory-service.ts(927,76): error TS2551: Property 'getExchangeRate' does not exist on type 'CurrencyExchangeService'. Did you mean 'fetchExchangeRates'?
server/services/ai-global-advisory-service.ts(969,80): error TS2551: Property 'getExchangeRate' does not exist on type 'CurrencyExchangeService'. Did you mean 'fetchExchangeRates'?
server/services/ai-investment-orchestrator-service.ts(154,29): error TS2339: Property 'market_volatility' does not exist on type 'MarketContext'.
server/services/ai-investment-orchestrator-service.ts(793,47): error TS2353: Object literal may only specify known properties, and 'reasoningEffort' does not exist in type 'AIServiceOptions'.
server/services/ai-investment-service.ts(299,22): error TS2339: Property 'fundStatus' does not exist on type 'PgTableWithColumns<{ name: "pms_master"; schema: undefined; columns: { id: PgColumn<{ name: "id"; tableName: "pms_master"; dataType: "string"; columnType: "PgVarchar"; data: string; driverParam: string; notNull: true; hasDefault: true; ... 6 more ...; generated: undefined; }, {}, { ...; }>; ... 37 more ...; updatedA...'.
server/services/ai-investment-service.ts(329,28): error TS2339: Property 'fundHouseName' does not exist on type '{ id: string; name: string; registrationNo: string | null; strategy: string | null; managerId: string | null; amcName: string | null; style: string | null; marketCapBias: string | null; ... 30 more ...; updatedAt: Date; }'.
server/services/ai-investment-service.ts(753,27): error TS2322: Type '{ id: string; portfolioId: string; symbol: string | null; name: string | null; isin: string | null; quantity: string; avgPrice: string | null; currentValue: string | null; investedValue: string | null; ... 9 more ...; updatedAt: Date | null; }[]' is not assignable to type 'PortfolioHolding[]'.
  Type '{ id: string; portfolioId: string; symbol: string | null; name: string | null; isin: string | null; quantity: string; avgPrice: string | null; currentValue: string | null; investedValue: string | null; ... 9 more ...; updatedAt: Date | null; }' is not assignable to type 'PortfolioHolding'.
    Types of property 'symbol' are incompatible.
      Type 'string | null' is not assignable to type 'string'.
        Type 'null' is not assignable to type 'string'.
server/services/ai-ml-scoring-engine.ts(89,14): error TS2769: No overload matches this call.
  Overload 1 of 3, '(column: Aliased<string>, values: SQLWrapper | (string | Placeholder<string, any>)[]): SQL<unknown>', gave the following error.
    Argument of type 'PgColumn<{ name: "status"; tableName: "daily_picks"; dataType: "string"; columnType: "PgEnumColumn"; data: "expired" | "live" | "target_hit" | "stoploss_hit"; driverParam: string; notNull: true; ... 7 more ...; generated: undefined; }, {}, {}>' is not assignable to parameter of type 'Aliased<string>'.
      Type 'PgColumn<{ name: "status"; tableName: "daily_picks"; dataType: "string"; columnType: "PgEnumColumn"; data: "expired" | "live" | "target_hit" | "stoploss_hit"; driverParam: string; notNull: true; ... 7 more ...; generated: undefined; }, {}, {}>' is missing the following properties from type 'Aliased<string>': sql, fieldAlias
  Overload 2 of 3, '(column: PgColumn<{ name: "status"; tableName: "daily_picks"; dataType: "string"; columnType: "PgEnumColumn"; data: "expired" | "live" | "target_hit" | "stoploss_hit"; driverParam: string; notNull: true; ... 7 more ...; generated: undefined; }, {}, {}>, values: SQLWrapper | ("expired" | ... 3 more ... | Placeholder<...>)[]): SQL<...>', gave the following error.
    Argument of type 'string[]' is not assignable to parameter of type 'SQLWrapper | ("expired" | "live" | "target_hit" | "stoploss_hit" | Placeholder<string, any>)[]'.
      Type 'string[]' is not assignable to type '("expired" | "live" | "target_hit" | "stoploss_hit" | Placeholder<string, any>)[]'.
        Type 'string' is not assignable to type '"expired" | "live" | "target_hit" | "stoploss_hit" | Placeholder<string, any>'.
  Overload 3 of 3, '(column: never, values: SQLWrapper | unknown[]): SQL<unknown>', gave the following error.
    Argument of type 'PgColumn<{ name: "status"; tableName: "daily_picks"; dataType: "string"; columnType: "PgEnumColumn"; data: "expired" | "live" | "target_hit" | "stoploss_hit"; driverParam: string; notNull: true; ... 7 more ...; generated: undefined; }, {}, {}>' is not assignable to parameter of type 'never'.
server/services/ai-model-governance.ts(647,46): error TS2339: Property 'id' does not exist on type '{ logId: number; pickId: number | null; predictedReturn: string | null; }'.
server/services/ai-proposal-engine.ts(17,8): error TS2724: '"@shared/schema"' has no exported member named 'PortfolioDiagnostics'. Did you mean 'portfolioDiagnostics'?
server/services/ai-proposal-engine.ts(18,8): error TS2724: '"@shared/schema"' has no exported member named 'AiProposal'. Did you mean 'aiProposals'?
server/services/ai-proposal-engine.ts(19,8): error TS2724: '"@shared/schema"' has no exported member named 'AiProposalItem'. Did you mean 'aiProposalItems'?
server/services/ai-proposal-engine.ts(22,8): error TS2724: '"@shared/schema"' has no exported member named 'InsertAiProposal'. Did you mean 'InsertProposalNote'?
server/services/ai-proposal-engine.ts(23,8): error TS2724: '"@shared/schema"' has no exported member named 'InsertAiProposalItem'. Did you mean 'InsertProposalNote'?
server/services/ai-proposal-engine.ts(24,8): error TS2724: '"@shared/schema"' has no exported member named 'InsertAiAuditLog'. Did you mean 'InsertSebiAuditLog'?
server/services/ai-proposal-engine.ts(486,19): error TS2352: Conversion of type '{ min: number; max: number; target: number; }' to type 'Record<string, { min: number; max: number; target: number; }>' may be a mistake because neither type sufficiently overlaps with the other. If this was intentional, convert the expression to 'unknown' first.
  Property 'min' is incompatible with index signature.
    Type 'number' is not comparable to type '{ min: number; max: number; target: number; }'.
server/services/ai-proposal-engine.ts(764,65): error TS2362: The left-hand side of an arithmetic operation must be of type 'any', 'number', 'bigint' or an enum type.
server/services/ai-recommendation-sync-service.ts(107,24): error TS2339: Property 'fundStatus' does not exist on type 'PgTableWithColumns<{ name: "pms_master"; schema: undefined; columns: { id: PgColumn<{ name: "id"; tableName: "pms_master"; dataType: "string"; columnType: "PgVarchar"; data: string; driverParam: string; notNull: true; hasDefault: true; ... 6 more ...; generated: undefined; }, {}, { ...; }>; ... 37 more ...; updatedA...'.
server/services/ai-recommendation-sync-service.ts(121,24): error TS2339: Property 'fundHouseName' does not exist on type '{ id: string; name: string; registrationNo: string | null; strategy: string | null; managerId: string | null; amcName: string | null; style: string | null; marketCapBias: string | null; ... 30 more ...; updatedAt: Date; }'.
server/services/ai-service.ts(275,92): error TS2554: Expected 5 arguments, but got 6.
server/services/ai-service.ts(441,38): error TS2339: Property 'getGenerativeModel' does not exist on type 'GoogleGenAI'.
server/services/ai-service.ts(498,34): error TS2339: Property 'getGenerativeModel' does not exist on type 'GoogleGenAI'.
server/services/ai-service.ts(577,49): error TS2339: Property 'isGpt52Available' does not exist on type 'AIService'.
server/services/ai-stock-recommendation-service.ts(348,39): error TS2339: Property 'dividendYield' does not exist on type '{ currency?: string | undefined; marketCap?: number | undefined; bookValue?: number | undefined; beta?: number | undefined; startDate?: Date | undefined; displayName?: string | undefined; ... 95 more ...; lastMarket: string; } | ... 6 more ... | { ...; }'.
  Property 'dividendYield' does not exist on type '{ currency?: string | undefined; marketCap?: number | undefined; bookValue?: number | undefined; beta?: number | undefined; startDate?: Date | undefined; displayName?: string | undefined; ... 95 more ...; lastMarket: string; }'.
server/services/ai-stock-recommendation-service.ts(348,61): error TS2339: Property 'dividendYield' does not exist on type '{ currency?: string | undefined; marketCap?: number | undefined; bookValue?: number | undefined; beta?: number | undefined; startDate?: Date | undefined; displayName?: string | undefined; ... 95 more ...; lastMarket: string; } | ... 6 more ... | { ...; }'.
  Property 'dividendYield' does not exist on type '{ currency?: string | undefined; marketCap?: number | undefined; bookValue?: number | undefined; beta?: number | undefined; startDate?: Date | undefined; displayName?: string | undefined; ... 95 more ...; lastMarket: string; }'.
server/services/ai-stock-recommendation-service.ts(567,11): error TS2554: Expected 1-2 arguments, but got 15.
server/services/ai-stock-recommendation-service.ts(592,11): error TS2554: Expected 1 arguments, but got 7.
server/services/ai-stock-recommendation-service.ts(602,67): error TS2551: Property 'calculateEarningsQualityRatio' does not exist on type 'FinancialMetricsCalculator'. Did you mean 'calculateEarningsQuality'?
server/services/ai-stock-recommendation-service.ts(948,63): error TS2322: Type 'string' is not assignable to type '"medium_term" | "short_term" | "intraday" | "long_term" | undefined'.
server/services/ai-stock-recommendation-service.ts(948,76): error TS2322: Type 'string' is not assignable to type '"moderate" | "conservative" | "aggressive" | "very_aggressive" | undefined'.
server/services/ai-xai-engine.ts(388,21): error TS2339: Property 'where' does not exist on type 'Omit<PgSelectBase<"daily_picks", { confidenceScore: PgColumn<{ name: "confidence_score"; tableName: "daily_picks"; dataType: "number"; columnType: "PgInteger"; data: number; driverParam: string | number; ... 8 more ...; generated: undefined; }, {}, {}>; status: PgColumn<...>; }, ... 5 more ..., { ...; }>, "where">'.
server/services/ai-xai-engine.ts(391,11): error TS2769: No overload matches this call.
  Overload 1 of 3, '(left: PgColumn<{ name: "category"; tableName: "daily_picks"; dataType: "string"; columnType: "PgEnumColumn"; data: "unlisted" | "listed_stocks" | "derivatives" | "bonds" | "mutual_funds" | "global_stocks" | "etfs" | "reits_invits" | "fixed_deposits" | "sgb"; ... 9 more ...; generated: undefined; }, {}, {}>, right: SQLWrapper | ... 9 more ... | "sgb"): SQL<...>', gave the following error.
    Argument of type 'string' is not assignable to parameter of type 'SQLWrapper | "unlisted" | "listed_stocks" | "derivatives" | "bonds" | "mutual_funds" | "global_stocks" | "etfs" | "reits_invits" | "fixed_deposits" | "sgb"'.
  Overload 2 of 3, '(left: Aliased<string>, right: string | SQLWrapper): SQL<unknown>', gave the following error.
    Argument of type 'PgColumn<{ name: "category"; tableName: "daily_picks"; dataType: "string"; columnType: "PgEnumColumn"; data: "unlisted" | "listed_stocks" | "derivatives" | "bonds" | "mutual_funds" | "global_stocks" | "etfs" | "reits_invits" | "fixed_deposits" | "sgb"; ... 9 more ...; generated: undefined; }, {}, {}>' is not assignable to parameter of type 'Aliased<string>'.
      Type 'PgColumn<{ name: "category"; tableName: "daily_picks"; dataType: "string"; columnType: "PgEnumColumn"; data: "unlisted" | "listed_stocks" | "derivatives" | "bonds" | "mutual_funds" | "global_stocks" | "etfs" | "reits_invits" | "fixed_deposits" | "sgb"; ... 9 more ...; generated: undefined; }, {}, {}>' is missing the following properties from type 'Aliased<string>': sql, fieldAlias
  Overload 3 of 3, '(left: never, right: unknown): SQL<unknown>', gave the following error.
    Argument of type 'PgColumn<{ name: "category"; tableName: "daily_picks"; dataType: "string"; columnType: "PgEnumColumn"; data: "unlisted" | "listed_stocks" | "derivatives" | "bonds" | "mutual_funds" | "global_stocks" | "etfs" | "reits_invits" | "fixed_deposits" | "sgb"; ... 9 more ...; generated: undefined; }, {}, {}>' is not assignable to parameter of type 'never'.
server/services/ai-xai-engine.ts(642,16): error TS2769: No overload matches this call.
  Overload 1 of 3, '(left: PgColumn<{ name: "category"; tableName: "daily_picks"; dataType: "string"; columnType: "PgEnumColumn"; data: "unlisted" | "listed_stocks" | "derivatives" | "bonds" | "mutual_funds" | "global_stocks" | "etfs" | "reits_invits" | "fixed_deposits" | "sgb"; ... 9 more ...; generated: undefined; }, {}, {}>, right: SQLWrapper | ... 9 more ... | "sgb"): SQL<...>', gave the following error.
    Argument of type 'string' is not assignable to parameter of type 'SQLWrapper | "unlisted" | "listed_stocks" | "derivatives" | "bonds" | "mutual_funds" | "global_stocks" | "etfs" | "reits_invits" | "fixed_deposits" | "sgb"'.
  Overload 2 of 3, '(left: Aliased<string>, right: string | SQLWrapper): SQL<unknown>', gave the following error.
    Argument of type 'PgColumn<{ name: "category"; tableName: "daily_picks"; dataType: "string"; columnType: "PgEnumColumn"; data: "unlisted" | "listed_stocks" | "derivatives" | "bonds" | "mutual_funds" | "global_stocks" | "etfs" | "reits_invits" | "fixed_deposits" | "sgb"; ... 9 more ...; generated: undefined; }, {}, {}>' is not assignable to parameter of type 'Aliased<string>'.
      Type 'PgColumn<{ name: "category"; tableName: "daily_picks"; dataType: "string"; columnType: "PgEnumColumn"; data: "unlisted" | "listed_stocks" | "derivatives" | "bonds" | "mutual_funds" | "global_stocks" | "etfs" | "reits_invits" | "fixed_deposits" | "sgb"; ... 9 more ...; generated: undefined; }, {}, {}>' is missing the following properties from type 'Aliased<string>': sql, fieldAlias
  Overload 3 of 3, '(left: never, right: unknown): SQL<unknown>', gave the following error.
    Argument of type 'PgColumn<{ name: "category"; tableName: "daily_picks"; dataType: "string"; columnType: "PgEnumColumn"; data: "unlisted" | "listed_stocks" | "derivatives" | "bonds" | "mutual_funds" | "global_stocks" | "etfs" | "reits_invits" | "fixed_deposits" | "sgb"; ... 9 more ...; generated: undefined; }, {}, {}>' is not assignable to parameter of type 'never'.
server/services/alert-monitoring-service.ts(62,17): error TS7023: 'checkAllAlerts' implicitly has return type 'any' because it does not have a return type annotation and is referenced directly or indirectly in one of its return expressions.
server/services/alert-monitoring-service.ts(168,9): error TS2345: Argument of type 'string | null' is not assignable to parameter of type 'string'.
  Type 'null' is not assignable to type 'string'.
server/services/alert-monitoring-service.ts(208,65): error TS2345: Argument of type 'string | null' is not assignable to parameter of type 'string'.
  Type 'null' is not assignable to type 'string'.
server/services/alert-monitoring-service.ts(279,14): error TS2769: No overload matches this call.
  Overload 1 of 3, '(left: PgColumn<{ name: "id"; tableName: "users"; dataType: "string"; columnType: "PgVarchar"; data: string; driverParam: string; notNull: true; hasDefault: true; isPrimaryKey: true; isAutoincrement: false; ... 4 more ...; generated: undefined; }, {}, { ...; }>, right: string | SQLWrapper): SQL<...>', gave the following error.
    Argument of type 'string | null' is not assignable to parameter of type 'string | SQLWrapper'.
      Type 'null' is not assignable to type 'string | SQLWrapper'.
  Overload 2 of 3, '(left: Aliased<string | null>, right: string | SQLWrapper | null): SQL<unknown>', gave the following error.
    Argument of type 'PgColumn<{ name: "id"; tableName: "users"; dataType: "string"; columnType: "PgVarchar"; data: string; driverParam: string; notNull: true; hasDefault: true; isPrimaryKey: true; isAutoincrement: false; ... 4 more ...; generated: undefined; }, {}, { ...; }>' is not assignable to parameter of type 'Aliased<string | null>'.
      Type 'PgColumn<{ name: "id"; tableName: "users"; dataType: "string"; columnType: "PgVarchar"; data: string; driverParam: string; notNull: true; hasDefault: true; isPrimaryKey: true; isAutoincrement: false; ... 4 more ...; generated: undefined; }, {}, { ...; }>' is missing the following properties from type 'Aliased<string | null>': sql, fieldAlias
  Overload 3 of 3, '(left: never, right: unknown): SQL<unknown>', gave the following error.
    Argument of type 'PgColumn<{ name: "id"; tableName: "users"; dataType: "string"; columnType: "PgVarchar"; data: string; driverParam: string; notNull: true; hasDefault: true; isPrimaryKey: true; isAutoincrement: false; ... 4 more ...; generated: undefined; }, {}, { ...; }>' is not assignable to parameter of type 'never'.
server/services/alert-monitoring-service.ts(290,16): error TS2769: No overload matches this call.
  Overload 1 of 3, '(left: PgColumn<{ name: "user_id"; tableName: "notification_preferences"; dataType: "string"; columnType: "PgVarchar"; data: string; driverParam: string; notNull: true; hasDefault: false; isPrimaryKey: false; ... 5 more ...; generated: undefined; }, {}, { ...; }>, right: string | SQLWrapper): SQL<...>', gave the following error.
    Argument of type 'string | null' is not assignable to parameter of type 'string | SQLWrapper'.
      Type 'null' is not assignable to type 'string | SQLWrapper'.
  Overload 2 of 3, '(left: Aliased<string | null>, right: string | SQLWrapper | null): SQL<unknown>', gave the following error.
    Argument of type 'PgColumn<{ name: "user_id"; tableName: "notification_preferences"; dataType: "string"; columnType: "PgVarchar"; data: string; driverParam: string; notNull: true; hasDefault: false; isPrimaryKey: false; ... 5 more ...; generated: undefined; }, {}, { ...; }>' is not assignable to parameter of type 'Aliased<string | null>'.
      Type 'PgColumn<{ name: "user_id"; tableName: "notification_preferences"; dataType: "string"; columnType: "PgVarchar"; data: string; driverParam: string; notNull: true; hasDefault: false; isPrimaryKey: false; ... 5 more ...; generated: undefined; }, {}, { ...; }>' is missing the following properties from type 'Aliased<string | null>': sql, fieldAlias
  Overload 3 of 3, '(left: never, right: unknown): SQL<unknown>', gave the following error.
    Argument of type 'PgColumn<{ name: "user_id"; tableName: "notification_preferences"; dataType: "string"; columnType: "PgVarchar"; data: string; driverParam: string; notNull: true; hasDefault: false; isPrimaryKey: false; ... 5 more ...; generated: undefined; }, {}, { ...; }>' is not assignable to parameter of type 'never'.
server/services/alert-monitoring-service.ts(347,39): error TS2339: Property 'sendCustomMessage' does not exist on type 'SMSService'.
server/services/alert-monitoring-service.ts(492,54): error TS2345: Argument of type 'string | null' is not assignable to parameter of type 'string'.
  Type 'null' is not assignable to type 'string'.
server/services/alpaca/alpacaPortfolioSync.ts(19,17): error TS2339: Property 'pan' does not exist on type '{ id: string; userId: string; email: string | null; mobile: string | null; password: string; firstName: string | null; middleName: string | null; lastName: string | null; profileImageUrl: string | null; ... 121 more ...; shareableProfileEnabled: boolean | null; }'.
server/services/alpaca/alpacaPortfolioSync.ts(26,14): error TS2339: Property 'pan' does not exist on type '{ id: string; userId: string; email: string | null; mobile: string | null; password: string; firstName: string | null; middleName: string | null; lastName: string | null; profileImageUrl: string | null; ... 121 more ...; shareableProfileEnabled: boolean | null; }'.
server/services/alpaca/core/alpacaAccountService.ts(11,89): error TS2345: Argument of type 'unknown' is not assignable to parameter of type 'Error | LogContext | undefined'.
server/services/alpaca/core/alpacaMarketDataService.ts(10,34): error TS2339: Property 'getMarketDataUrl' does not exist on type 'AlpacaAuthManager'.
server/services/alpaca/core/alpacaMarketDataService.ts(12,7): error TS2322: Type 'Promise<{ Authorization: string; 'Content-Type': string; }>' is not assignable to type 'AxiosHeaders | Partial<RawAxiosHeaders & { Accept: AxiosHeaderValue; "Content-Length": AxiosHeaderValue; "User-Agent": AxiosHeaderValue; "Content-Encoding": AxiosHeaderValue; Authorization: AxiosHeaderValue; } & { ...; }> | Partial<...> | undefined'.
  Type 'Promise<{ Authorization: string; 'Content-Type': string; }>' is not assignable to type 'Partial<RawAxiosHeaders & { Accept: AxiosHeaderValue; "Content-Length": AxiosHeaderValue; "User-Agent": AxiosHeaderValue; "Content-Encoding": AxiosHeaderValue; Authorization: AxiosHeaderValue; } & { ...; }>'.
    Index signature for type 'string' is missing in type 'Promise<{ Authorization: string; 'Content-Type': string; }>'.
server/services/alpaca/market/candleService.ts(26,77): error TS2345: Argument of type 'unknown' is not assignable to parameter of type 'Error | LogContext | undefined'.
server/services/alpaca/market/quoteService.ts(34,61): error TS2345: Argument of type 'unknown' is not assignable to parameter of type 'Error | LogContext | undefined'.
server/services/alpaca/portfolio/portfolioSync.ts(49,84): error TS2345: Argument of type 'unknown' is not assignable to parameter of type 'Error | LogContext | undefined'.
server/services/alpaca/portfolio/portfolioSync.ts(74,91): error TS2345: Argument of type 'unknown' is not assignable to parameter of type 'Error | LogContext | undefined'.
server/services/alpaca/trading/alpaca-crypto-service.ts(3,17): error TS2459: Module '"../../../../shared/schema"' declares 'alpacaOrders' locally, but it is not exported.
server/services/alpaca/trading/orderManager.ts(3,17): error TS2459: Module '"../../../../shared/schema"' declares 'alpacaOrders' locally, but it is not exported.
server/services/alpaca/trading/orderManager.ts(3,31): error TS2459: Module '"../../../../shared/schema"' declares 'alpacaTradeLogs' locally, but it is not exported.
server/services/alpaca/trading/orderManager.ts(71,9): error TS2353: Object literal may only specify known properties, and 'subtag' does not exist in type 'OrderPayload'.
server/services/alpaca/trading/reconciliationService.ts(2,10): error TS2459: Module '"../../../../shared/schema"' declares 'alpacaOrders' locally, but it is not exported.
server/services/alpaca/trading/reconciliationService.ts(2,24): error TS2459: Module '"../../../../shared/schema"' declares 'alpacaTradeLogs' locally, but it is not exported.
server/services/alpaca/trading/reconciliationService.ts(29,85): error TS2345: Argument of type 'unknown' is not assignable to parameter of type 'Error | LogContext | undefined'.
server/services/alpaca/trading/reconciliationService.ts(42,40): error TS2339: Property 'alpacaOrders' does not exist on type '{ products: RelationalQueryBuilder<ExtractTablesWithRelations<typeof import("/Users/sangrammohanty/Documents/GitHub/FintekPro/shared/schema")>, { tsName: "products"; dbName: "products"; columns: { ...; }; relations: Record<...>; primaryKey: AnyColumn[]; }>; ... 764 more ...; readonly userWishlist: RelationalQueryBui...'.
server/services/alpaca/trading/reconciliationService.ts(61,20): error TS2339: Property 'status' does not exist on type '{}'.
server/services/alpaca/trading/reconciliationService.ts(64,30): error TS2339: Property 'status' does not exist on type '{}'.
server/services/alpaca/trading/reconciliationService.ts(65,33): error TS2339: Property 'filled_qty' does not exist on type '{}'.
server/services/alpaca/trading/reconciliationService.ts(65,53): error TS2339: Property 'filled_qty' does not exist on type '{}'.
server/services/alpaca/trading/reconciliationService.ts(66,38): error TS2339: Property 'filled_avg_price' does not exist on type '{}'.
server/services/alpaca/trading/reconciliationService.ts(66,64): error TS2339: Property 'filled_avg_price' does not exist on type '{}'.
server/services/alpha-suitability-service.ts(34,70): error TS2339: Property 'riskCategory' does not exist on type 'PgTableWithColumns<{ name: "user_profiles"; schema: undefined; columns: { id: PgColumn<{ name: "id"; tableName: "user_profiles"; dataType: "string"; columnType: "PgVarchar"; data: string; driverParam: string; notNull: true; ... 7 more ...; generated: undefined; }, {}, { ...; }>; ... 111 more ...; updatedAt: PgColumn...'.
server/services/alpha-suitability-service.ts(74,122): error TS2339: Property 'getMarketRegimeDetails' does not exist on type 'MarketRegimeDetector'.
server/services/alpha-suitability-service.ts(94,68): error TS2339: Property 'riskCategory' does not exist on type 'PgTableWithColumns<{ name: "user_profiles"; schema: undefined; columns: { id: PgColumn<{ name: "id"; tableName: "user_profiles"; dataType: "string"; columnType: "PgVarchar"; data: string; driverParam: string; notNull: true; ... 7 more ...; generated: undefined; }, {}, { ...; }>; ... 111 more ...; updatedAt: PgColumn...'.
server/services/alpha-suitability-service.ts(104,49): error TS2339: Property 'assetName' does not exist on type '{ id: number; category: "unlisted" | "listed_stocks" | "derivatives" | "bonds" | "mutual_funds" | "global_stocks" | "etfs" | "reits_invits" | "fixed_deposits" | "sgb"; instrumentId: string | null; ... 27 more ...; updatedAt: Date; }'.
server/services/alpha-suitability-service.ts(104,68): error TS2339: Property 'assetClass' does not exist on type '{ id: number; category: "unlisted" | "listed_stocks" | "derivatives" | "bonds" | "mutual_funds" | "global_stocks" | "etfs" | "reits_invits" | "fixed_deposits" | "sgb"; instrumentId: string | null; ... 27 more ...; updatedAt: Date; }'.
server/services/alpha-suitability-service.ts(129,7): error TS2769: No overload matches this call.
  Overload 1 of 2, '(value: { assetClass: string | SQL<unknown> | Placeholder<string, any>; predictionDate: string | SQL<unknown> | Placeholder<string, any>; modelVersion: string | SQL<...> | Placeholder<...>; ... 10 more ...; driftScore?: string | ... 3 more ... | undefined; }): PgInsertBase<...>', gave the following error.
    Object literal may only specify known properties, and 'userId' does not exist in type '{ assetClass: string | SQL<unknown> | Placeholder<string, any>; predictionDate: string | SQL<unknown> | Placeholder<string, any>; modelVersion: string | SQL<...> | Placeholder<...>; ... 10 more ...; driftScore?: string | ... 3 more ... | undefined; }'.
  Overload 2 of 2, '(values: { assetClass: string | SQL<unknown> | Placeholder<string, any>; predictionDate: string | SQL<unknown> | Placeholder<string, any>; modelVersion: string | SQL<...> | Placeholder<...>; ... 10 more ...; driftScore?: string | ... 3 more ... | undefined; }[]): PgInsertBase<...>', gave the following error.
    Object literal may only specify known properties, and 'userId' does not exist in type '{ assetClass: string | SQL<unknown> | Placeholder<string, any>; predictionDate: string | SQL<unknown> | Placeholder<string, any>; modelVersion: string | SQL<...> | Placeholder<...>; ... 10 more ...; driftScore?: string | ... 3 more ... | undefined; }[]'.
server/services/amfi-benchmark-ingestion-service.ts(319,5): error TS2322: Type '{ isin: string | null; schemeName: string | null; amfiBenchmark: string | null; amfiNormalized: string | null; currentMapping: string; currentSource: string | null; currentConfidence: string; }[]' is not assignable to type '{ isin: string; schemeName: string | null; amfiBenchmark: string | null; amfiNormalized: string | null; currentMapping: string | null; currentSource: string | null; currentConfidence: string | null; }[]'.
  Type '{ isin: string | null; schemeName: string | null; amfiBenchmark: string | null; amfiNormalized: string | null; currentMapping: string; currentSource: string | null; currentConfidence: string; }' is not assignable to type '{ isin: string; schemeName: string | null; amfiBenchmark: string | null; amfiNormalized: string | null; currentMapping: string | null; currentSource: string | null; currentConfidence: string | null; }'.
    Types of property 'isin' are incompatible.
      Type 'string | null' is not assignable to type 'string'.
        Type 'null' is not assignable to type 'string'.
server/services/amfi-nav-scheduler.ts(14,20): error TS2503: Cannot find namespace 'cron'.
server/services/api-usage-tracking-service.ts(261,60): error TS2345: Argument of type '{ providerName: string; displayName: string; costPerCall: number; id: number; description: string | null; currency: string | null; isActive: boolean | null; createdAt: Date | null; updatedAt: Date | null; }' is not assignable to parameter of type 'ProviderPricing'.
  Types of property 'description' are incompatible.
    Type 'string | null' is not assignable to type 'string | undefined'.
      Type 'null' is not assignable to type 'string | undefined'.
server/services/audit-integrity-checker.ts(31,20): error TS2503: Cannot find namespace 'cron'.
server/services/audit-integrity-checker.ts(147,9): error TS2353: Object literal may only specify known properties, and 'totalRecords' does not exist in type '{ ip?: string | undefined; userAgent?: string | undefined; networkState?: string | undefined; idempotencyKey?: string | undefined; executionId?: string | undefined; sessionId?: string | undefined; requestPath?: string | undefined; requestMethod?: string | undefined; }'.
server/services/audit-integrity-checker.ts(206,42): error TS18046: 'row.id' is of type 'unknown'.
server/services/auth/alpacaPermissions.ts(1,24): error TS2307: Cannot find module '../../../logger' or its corresponding type declarations.
server/services/auto-kyc-verification-engine.ts(348,38): error TS2561: Object literal may only specify known properties, but 'verifiedAt' does not exist in type '{ ifscCode?: string | SQL<unknown> | PgColumn<ColumnBaseConfig<ColumnDataType, string>, {}, {}> | undefined; bankName?: string | SQL<...> | PgColumn<...> | undefined; ... 25 more ...; regulatoryMetadata?: unknown; }'. Did you mean to write 'isVerified'?
server/services/auto-population-orchestrator.ts(906,27): error TS2339: Property 'message' does not exist on type 'PolicySearchResult'.
server/services/auto-population-orchestrator.ts(1828,57): error TS2339: Property 'hasValidConsent' does not exist on type 'ConsentManagementService'.
server/services/auto-population-orchestrator.ts(1847,31): error TS2551: Property 'fetchInsurancePolicies' does not exist on type 'AutoPopulationOrchestrator'. Did you mean 'storeInsurancePolicies'?
server/services/auto-population-orchestrator.ts(1870,54): error TS2554: Expected 2 arguments, but got 3.
server/services/b2b-webhook-dispatcher.ts(2,20): error TS2307: Cannot find module '../../db' or its corresponding type declarations.
server/services/b2b-webhook-dispatcher.ts(3,28): error TS2307: Cannot find module '../../../shared/schema/b2b' or its corresponding type declarations.
server/services/bank-api-audit-service.ts(131,31): error TS2554: Expected 3 arguments, but got 1.
server/services/bank-api-audit-service.ts(259,25): error TS2339: Property 'eq' does not exist on type '{ id: PgColumn<{ name: "id"; tableName: "bank_api_audit_logs"; dataType: "string"; columnType: "PgVarchar"; data: string; driverParam: string; notNull: true; hasDefault: true; isPrimaryKey: true; isAutoincrement: false; ... 4 more ...; generated: undefined; }, {}, { ...; }>; ... 17 more ...; createdAt: PgColumn<...>...'.
server/services/bank-api-audit-service.ts(260,27): error TS2339: Property 'desc' does not exist on type '{ id: PgColumn<{ name: "id"; tableName: "bank_api_audit_logs"; dataType: "string"; columnType: "PgVarchar"; data: string; driverParam: string; notNull: true; hasDefault: true; isPrimaryKey: true; isAutoincrement: false; ... 4 more ...; generated: undefined; }, {}, { ...; }>; ... 17 more ...; createdAt: PgColumn<...>...'.
server/services/bank-api-audit-service.ts(283,25): error TS2339: Property 'eq' does not exist on type '{ id: PgColumn<{ name: "id"; tableName: "bank_api_audit_logs"; dataType: "string"; columnType: "PgVarchar"; data: string; driverParam: string; notNull: true; hasDefault: true; isPrimaryKey: true; isAutoincrement: false; ... 4 more ...; generated: undefined; }, {}, { ...; }>; ... 17 more ...; createdAt: PgColumn<...>...'.
server/services/bank-api-audit-service.ts(284,27): error TS2339: Property 'desc' does not exist on type '{ id: PgColumn<{ name: "id"; tableName: "bank_api_audit_logs"; dataType: "string"; columnType: "PgVarchar"; data: string; driverParam: string; notNull: true; hasDefault: true; isPrimaryKey: true; isAutoincrement: false; ... 4 more ...; generated: undefined; }, {}, { ...; }>; ... 17 more ...; createdAt: PgColumn<...>...'.
server/services/bank-api-audit-service.ts(305,25): error TS2339: Property 'and' does not exist on type '{ id: PgColumn<{ name: "id"; tableName: "bank_api_audit_logs"; dataType: "string"; columnType: "PgVarchar"; data: string; driverParam: string; notNull: true; hasDefault: true; isPrimaryKey: true; isAutoincrement: false; ... 4 more ...; generated: undefined; }, {}, { ...; }>; ... 17 more ...; createdAt: PgColumn<...>...'.
server/services/bank-api-audit-service.ts(306,12): error TS2339: Property 'eq' does not exist on type '{ id: PgColumn<{ name: "id"; tableName: "bank_api_audit_logs"; dataType: "string"; columnType: "PgVarchar"; data: string; driverParam: string; notNull: true; hasDefault: true; isPrimaryKey: true; isAutoincrement: false; ... 4 more ...; generated: undefined; }, {}, { ...; }>; ... 17 more ...; createdAt: PgColumn<...>...'.
server/services/bank-api-audit-service.ts(307,12): error TS2339: Property 'eq' does not exist on type '{ id: PgColumn<{ name: "id"; tableName: "bank_api_audit_logs"; dataType: "string"; columnType: "PgVarchar"; data: string; driverParam: string; notNull: true; hasDefault: true; isPrimaryKey: true; isAutoincrement: false; ... 4 more ...; generated: undefined; }, {}, { ...; }>; ... 17 more ...; createdAt: PgColumn<...>...'.
server/services/bank-api-audit-service.ts(308,12): error TS2339: Property 'gte' does not exist on type '{ id: PgColumn<{ name: "id"; tableName: "bank_api_audit_logs"; dataType: "string"; columnType: "PgVarchar"; data: string; driverParam: string; notNull: true; hasDefault: true; isPrimaryKey: true; isAutoincrement: false; ... 4 more ...; generated: undefined; }, {}, { ...; }>; ... 17 more ...; createdAt: PgColumn<...>...'.
server/services/bank-connectors/api-connector.ts(59,11): error TS2322: Type 'string' is not assignable to type 'number'.
server/services/bank-connectors/api-connector.ts(76,11): error TS2322: Type 'string' is not assignable to type 'number'.
server/services/bank-connectors/application-to-canonical.ts(47,5): error TS2322: Type 'string | null' is not assignable to type 'string'.
  Type 'null' is not assignable to type 'string'.
server/services/bank-connectors/application-to-canonical.ts(94,29): error TS2339: Property 'collateralType' does not exist on type '{ id: string; companyName: string | null; dsaCode: string | null; createdAt: Date | null; updatedAt: Date | null; status: "draft" | "submitted" | "rejected" | "expired" | ... 6 more ... | "withdrawn"; ... 71 more ...; slaBreachedAt: Date | null; }'.
server/services/bank-connectors/application-to-canonical.ts(95,25): error TS2339: Property 'collateralType' does not exist on type '{ id: string; companyName: string | null; dsaCode: string | null; createdAt: Date | null; updatedAt: Date | null; status: "draft" | "submitted" | "rejected" | "expired" | ... 6 more ... | "withdrawn"; ... 71 more ...; slaBreachedAt: Date | null; }'.
server/services/bank-connectors/application-to-canonical.ts(96,37): error TS2339: Property 'collateralValue' does not exist on type '{ id: string; companyName: string | null; dsaCode: string | null; createdAt: Date | null; updatedAt: Date | null; status: "draft" | "submitted" | "rejected" | "expired" | ... 6 more ... | "withdrawn"; ... 71 more ...; slaBreachedAt: Date | null; }'.
server/services/bank-connectors/application-to-canonical.ts(97,32): error TS2339: Property 'collateralDescription' does not exist on type '{ id: string; companyName: string | null; dsaCode: string | null; createdAt: Date | null; updatedAt: Date | null; status: "draft" | "submitted" | "rejected" | "expired" | ... 6 more ... | "withdrawn"; ... 71 more ...; slaBreachedAt: Date | null; }'.
server/services/bank-connectors/base-connector.ts(4,35): error TS2305: Module '"../bank-api-rate-limiter"' has no exported member 'BankOperationType'.
server/services/bank-connectors/base-connector.ts(53,21): error TS2339: Property 'environment' does not exist on type '{ id: string; isActive: boolean | null; createdAt: Date | null; updatedAt: Date | null; priority: number | null; bankName: string; lastSyncAt: Date | null; apiEndpoint: string | null; ... 20 more ...; avgResponseTime: number | null; }'.
server/services/bank-connectors/base-connector.ts(54,26): error TS2339: Property 'environment' does not exist on type '{ id: string; isActive: boolean | null; createdAt: Date | null; updatedAt: Date | null; priority: number | null; bankName: string; lastSyncAt: Date | null; apiEndpoint: string | null; ... 20 more ...; avgResponseTime: number | null; }'.
server/services/bank-connectors/base-connector.ts(61,52): error TS2339: Property 'getValidToken' does not exist on type 'BankTokenManagementService'.
server/services/bank-connectors/base-connector.ts(64,61): error TS2551: Property 'getCredentials' does not exist on type 'BankCredentialsVaultService'. Did you mean 'getCredential'?
server/services/bank-connectors/base-connector.ts(74,45): error TS2339: Property 'checkRateLimit' does not exist on type 'BankAPIRateLimiter'.
server/services/bse-benchmark-service.ts(49,3): error TS2322: Type 'null' is not assignable to type 'string'.
server/services/bse-benchmark-service.ts(50,3): error TS2322: Type 'null' is not assignable to type 'string'.
server/services/bse-star-cas-service.ts(289,51): error TS2554: Expected 1 arguments, but got 2.
server/services/bse-star-cas-service.ts(615,51): error TS2554: Expected 1 arguments, but got 2.
server/services/cache-refresh-scheduler.ts(19,3): error TS2305: Module '"@shared/schema"' has no exported member 'aifSchemes'.
server/services/cache-refresh-scheduler.ts(20,3): error TS2305: Module '"@shared/schema"' has no exported member 'pmsSchemes'.
server/services/cache-refresh-scheduler.ts(431,42): error TS2339: Property 'avgCost' does not exist on type '{ id: string; portfolioId: string; symbol: string | null; name: string | null; isin: string | null; quantity: string; avgPrice: string | null; currentValue: string | null; investedValue: string | null; ... 9 more ...; updatedAt: Date | null; }'.
server/services/cache-refresh-scheduler.ts(432,47): error TS2339: Property 'currentPrice' does not exist on type '{ id: string; portfolioId: string; symbol: string | null; name: string | null; isin: string | null; quantity: string; avgPrice: string | null; currentValue: string | null; investedValue: string | null; ... 9 more ...; updatedAt: Date | null; }'.
server/services/cache-refresh-scheduler.ts(432,71): error TS2339: Property 'avgCost' does not exist on type '{ id: string; portfolioId: string; symbol: string | null; name: string | null; isin: string | null; quantity: string; avgPrice: string | null; currentValue: string | null; investedValue: string | null; ... 9 more ...; updatedAt: Date | null; }'.
server/services/cached-verification-service.ts(201,51): error TS2339: Property 'getMCACompanyDetails' does not exist on type 'SandboxKYCService'.
server/services/capital-gains-calculator.ts(129,40): error TS2339: Property 'currentPrice' does not exist on type '{ id: string; portfolioId: string; symbol: string | null; name: string | null; isin: string | null; quantity: string; avgPrice: string | null; currentValue: string | null; investedValue: string | null; ... 9 more ...; updatedAt: Date | null; }'.
server/services/capital-gains-calculator.ts(129,74): error TS2339: Property 'currentPrice' does not exist on type '{ id: string; portfolioId: string; symbol: string | null; name: string | null; isin: string | null; quantity: string; avgPrice: string | null; currentValue: string | null; investedValue: string | null; ... 9 more ...; updatedAt: Date | null; }'.
server/services/capital-gains-calculator.ts(174,9): error TS2322: Type '{ symbol: string | null; quantity: number; avgPrice: number; currentPrice: number; priceSource: "market" | "estimate"; holdingPeriodDays: number; type: "STCG" | "LTCG"; unrealizedGain: number; unrealizedTax: number; }[]' is not assignable to type '{ symbol: string; quantity: number; avgPrice: number; currentPrice: number; priceSource: "market" | "estimate"; holdingPeriodDays: number; type: "STCG" | "LTCG"; unrealizedGain: number; unrealizedTax: number; }[]'.
  Type '{ symbol: string | null; quantity: number; avgPrice: number; currentPrice: number; priceSource: "market" | "estimate"; holdingPeriodDays: number; type: "STCG" | "LTCG"; unrealizedGain: number; unrealizedTax: number; }' is not assignable to type '{ symbol: string; quantity: number; avgPrice: number; currentPrice: number; priceSource: "market" | "estimate"; holdingPeriodDays: number; type: "STCG" | "LTCG"; unrealizedGain: number; unrealizedTax: number; }'.
    Types of property 'symbol' are incompatible.
      Type 'string | null' is not assignable to type 'string'.
        Type 'null' is not assignable to type 'string'.
server/services/cashfree-pan-service.ts(135,13): error TS2353: Object literal may only specify known properties, and 'dobMatch' does not exist in type '{ pan: string; type: "Individual" | "Business"; registeredName: string; nameProvided: string; nameMatchScore: number; nameMatchResult: string; aadhaarSeedingStatus?: "N" | "Y" | undefined; aadhaarSeedingStatusDesc?: string | undefined; panStatus: "VALID" | "INVALID"; lastUpdatedAt: string; referenceId: number; }'.
server/services/cashfree-vrs-service.ts(64,16): error TS2352: Conversion of type 'VRSHeaders' to type 'Record<string, string>' may be a mistake because neither type sufficiently overlaps with the other. If this was intentional, convert the expression to 'unknown' first.
  Index signature for type 'string' is missing in type 'VRSHeaders'.
server/services/ckyc-audit-service.ts(370,7): error TS2322: Type 'string | null' is not assignable to type 'string'.
  Type 'null' is not assignable to type 'string'.
server/services/ckyc-deferred-service.ts(275,7): error TS2345: Argument of type 'string | null' is not assignable to parameter of type 'string'.
  Type 'null' is not assignable to type 'string'.
server/services/ckyc-deferred-service.ts(287,9): error TS2345: Argument of type 'string | null' is not assignable to parameter of type 'string'.
  Type 'null' is not assignable to type 'string'.
server/services/ckyc-deferred-service.ts(301,9): error TS2345: Argument of type 'string | null' is not assignable to parameter of type 'string'.
  Type 'null' is not assignable to type 'string'.
server/services/ckyc-deferred-service.ts(367,7): error TS2322: Type 'string | null' is not assignable to type 'string'.
  Type 'null' is not assignable to type 'string'.
server/services/ckyc-orchestrator-service.ts(1,41): error TS2459: Module '"./ckyc-provider-resolution-service"' declares 'ProviderResolutionResult' locally, but it is not exported.
server/services/ckyc-orchestrator-service.ts(49,60): error TS2551: Property 'resolveProvider' does not exist on type 'CkycProviderResolutionService'. Did you mean 'resolveCkycProvider'?
server/services/ckyc-orchestrator-service.ts(84,65): error TS2769: No overload matches this call.
  Overload 1 of 2, '(value: { panNumber: string | SQL<unknown> | Placeholder<string, any>; deferralCode: string | SQL<unknown> | Placeholder<string, any>; slaDeadline: SQL<unknown> | Date | Placeholder<...>; ... 22 more ...; escalatedTo?: string | ... 3 more ... | undefined; }): PgInsertBase<...>', gave the following error.
    Object literal may only specify known properties, and 'agingBucket' does not exist in type '{ panNumber: string | SQL<unknown> | Placeholder<string, any>; deferralCode: string | SQL<unknown> | Placeholder<string, any>; slaDeadline: SQL<unknown> | Date | Placeholder<...>; ... 22 more ...; escalatedTo?: string | ... 3 more ... | undefined; }'.
  Overload 2 of 2, '(values: { panNumber: string | SQL<unknown> | Placeholder<string, any>; deferralCode: string | SQL<unknown> | Placeholder<string, any>; slaDeadline: SQL<unknown> | Date | Placeholder<...>; ... 22 more ...; escalatedTo?: string | ... 3 more ... | undefined; }[]): PgInsertBase<...>', gave the following error.
    Object literal may only specify known properties, and 'userId' does not exist in type '{ panNumber: string | SQL<unknown> | Placeholder<string, any>; deferralCode: string | SQL<unknown> | Placeholder<string, any>; slaDeadline: SQL<unknown> | Date | Placeholder<...>; ... 22 more ...; escalatedTo?: string | ... 3 more ... | undefined; }[]'.
server/services/ckyc-provider-resolution-service.ts(169,12): error TS2678: Type '"sandbox"' is not comparable to type 'CkycProviderCode'.
server/services/ckyc-provider-resolution-service.ts(172,12): error TS2678: Type '"offline_aadhaar"' is not comparable to type 'CkycProviderCode'.
server/services/ckyc-sla-escalation-service.ts(59,20): error TS2503: Cannot find namespace 'cron'.
server/services/ckyc-sla-escalation-service.ts(80,7): error TS2353: Object literal may only specify known properties, and 'scheduled' does not exist in type 'TaskOptions'.
server/services/client-fee-mode-service.ts(381,9): error TS2741: Property 'where' is missing in type 'Omit<import("/Users/sangrammohanty/Documents/GitHub/FintekPro/node_modules/drizzle-orm/pg-core/query-builders/select").PgSelectBase<"fee_mode_audit_log", { id: import("/Users/sangrammohanty/Documents/GitHub/FintekPro/node_modules/drizzle-orm/pg-core/columns/common").PgColumn<{ name: "id"; tableName: "fee_mode_audit_...' but required in type 'Omit<import("/Users/sangrammohanty/Documents/GitHub/FintekPro/node_modules/drizzle-orm/pg-core/query-builders/select").PgSelectBase<"fee_mode_audit_log", { id: import("/Users/sangrammohanty/Documents/GitHub/FintekPro/node_modules/drizzle-orm/pg-core/columns/common").PgColumn<{ name: "id"; tableName: "fee_mode_audit_...'.
server/services/client-money-segregation-service.ts(534,41): error TS2683: 'this' implicitly has type 'any' because it does not have a type annotation.
server/services/company-data-refresh-scheduler.ts(208,10): error TS2554: Expected 1 arguments, but got 2.
server/services/compliance-audit-pack-service.ts(37,34): error TS2339: Property 'isActive' does not exist on type 'PgTableWithColumns<{ name: "platform_config"; schema: undefined; columns: { id: PgColumn<{ name: "id"; tableName: "platform_config"; dataType: "string"; columnType: "PgVarchar"; data: string; driverParam: string; notNull: true; ... 7 more ...; generated: undefined; }, {}, { ...; }>; ... 11 more ...; createdAt: PgCol...'.
server/services/compliance-audit-pack-service.ts(41,17): error TS2339: Property 'configKey' does not exist on type '{ id: string; caPlatformFeePct: string | null; caReferralBonusPct: string | null; defaultCommissionStrategy: string | null; autoApproveCommissionsBelow: string | null; isCaMarketplaceActive: boolean | null; ... 6 more ...; createdAt: Date; }'.
server/services/compliance-audit-pack-service.ts(41,34): error TS2339: Property 'configValue' does not exist on type '{ id: string; caPlatformFeePct: string | null; caReferralBonusPct: string | null; defaultCommissionStrategy: string | null; autoApproveCommissionsBelow: string | null; isCaMarketplaceActive: boolean | null; ... 6 more ...; createdAt: Date; }'.
server/services/compliance-audit-pack-service.ts(55,27): error TS2339: Property 'riskProfile' does not exist on type '{ id: string; userId: string; email: string | null; mobile: string | null; password: string; firstName: string | null; middleName: string | null; lastName: string | null; profileImageUrl: string | null; ... 121 more ...; shareableProfileEnabled: boolean | null; }'.
server/services/compliance/riskEngine.ts(1,24): error TS2307: Cannot find module '../../../logger' or its corresponding type declarations.
server/services/compliance/tradeAuditLogger.ts(1,24): error TS2307: Cannot find module '../../../logger' or its corresponding type declarations.
server/services/compliance/tradeAuditLogger.ts(2,20): error TS2307: Cannot find module '../../../db' or its corresponding type declarations.
server/services/consent-audit-service.ts(106,12): error TS2352: Conversion of type 'Record<string, unknown>[]' to type 'ConsentSummary[]' may be a mistake because neither type sufficiently overlaps with the other. If this was intentional, convert the expression to 'unknown' first.
  Type 'Record<string, unknown>' is missing the following properties from type 'ConsentSummary': consentType, currentStatus, lastUpdated, version
server/services/credhive-service.ts(252,9): error TS2322: Type 'CredhiveProfileResponse' is not assignable to type '{ success: true; data: CredhiveCompanyProfile; }'.
  Types of property 'success' are incompatible.
    Type 'boolean' is not assignable to type 'true'.
server/services/data-enrichment-service.ts(119,11): error TS2741: Property 'admin' is missing in type '{ credhive: number; mca: number; nse: number; bse: number; nse_bse: number; finnhub: number; google_finance: number; yahoo: number; manual: number; }' but required in type 'Record<DataSource, number>'.
server/services/data-enrichment-service.ts(1047,13): error TS18047: 'cinLookup' is possibly 'null'.
server/services/data-enrichment-service.ts(1048,27): error TS18047: 'cinLookup' is possibly 'null'.
server/services/data-enrichment-service.ts(1049,106): error TS18047: 'cinLookup' is possibly 'null'.
server/services/data-enrichment-service.ts(1049,139): error TS18047: 'cinLookup' is possibly 'null'.
server/services/data-enrichment-service.ts(1063,27): error TS18047: 'cinLookup' is possibly 'null'.
server/services/data-enrichment-service.ts(1064,86): error TS18047: 'cinLookup' is possibly 'null'.
server/services/data-enrichment-service.ts(1074,27): error TS18047: 'cinLookup' is possibly 'null'.
server/services/data-enrichment-service.ts(1243,17): error TS2339: Property 'symbol' does not exist on type '{ id: string; name: string; website: string | null; cin: string | null; createdBy: string | null; createdAt: Date | null; updatedAt: Date | null; description: string | null; ... 40 more ...; listedPeers: unknown; }'.
server/services/data-enrichment-service.ts(1253,67): error TS2339: Property 'symbol' does not exist on type '{ id: string; name: string; website: string | null; cin: string | null; createdBy: string | null; createdAt: Date | null; updatedAt: Date | null; description: string | null; ... 40 more ...; listedPeers: unknown; }'.
server/services/data-enrichment-service.ts(1360,17): error TS2339: Property 'symbol' does not exist on type '{ id: string; name: string; website: string | null; cin: string | null; createdBy: string | null; createdAt: Date | null; updatedAt: Date | null; description: string | null; ... 40 more ...; listedPeers: unknown; }'.
server/services/data-enrichment-service.ts(1362,49): error TS2339: Property 'symbol' does not exist on type '{ id: string; name: string; website: string | null; cin: string | null; createdBy: string | null; createdAt: Date | null; updatedAt: Date | null; description: string | null; ... 40 more ...; listedPeers: unknown; }'.
server/services/data-enrichment-service.ts(1403,17): error TS2339: Property 'symbol' does not exist on type '{ id: string; name: string; website: string | null; cin: string | null; createdBy: string | null; createdAt: Date | null; updatedAt: Date | null; description: string | null; ... 40 more ...; listedPeers: unknown; }'.
server/services/data-enrichment-service.ts(1413,71): error TS2339: Property 'symbol' does not exist on type '{ id: string; name: string; website: string | null; cin: string | null; createdBy: string | null; createdAt: Date | null; updatedAt: Date | null; description: string | null; ... 40 more ...; listedPeers: unknown; }'.
server/services/data-enrichment-service.ts(1414,79): error TS2345: Argument of type 'string | null' is not assignable to parameter of type 'string | undefined'.
  Type 'null' is not assignable to type 'string | undefined'.
server/services/data-erasure-service.ts(68,7): error TS2769: No overload matches this call.
  Overload 1 of 2, '(value: { entityType: string | SQL<unknown> | Placeholder<string, any>; action: string | SQL<unknown> | Placeholder<string, any>; entityId: string | SQL<unknown> | Placeholder<...>; ... 13 more ...; isImmutable?: boolean | ... 3 more ... | undefined; }): PgInsertBase<...>', gave the following error.
    Object literal may only specify known properties, and 'userId' does not exist in type '{ entityType: string | SQL<unknown> | Placeholder<string, any>; action: string | SQL<unknown> | Placeholder<string, any>; entityId: string | SQL<unknown> | Placeholder<...>; ... 13 more ...; isImmutable?: boolean | ... 3 more ... | undefined; }'.
  Overload 2 of 2, '(values: { entityType: string | SQL<unknown> | Placeholder<string, any>; action: string | SQL<unknown> | Placeholder<string, any>; entityId: string | SQL<unknown> | Placeholder<...>; ... 13 more ...; isImmutable?: boolean | ... 3 more ... | undefined; }[]): PgInsertBase<...>', gave the following error.
    Object literal may only specify known properties, and 'userId' does not exist in type '{ entityType: string | SQL<unknown> | Placeholder<string, any>; action: string | SQL<unknown> | Placeholder<string, any>; entityId: string | SQL<unknown> | Placeholder<...>; ... 13 more ...; isImmutable?: boolean | ... 3 more ... | undefined; }[]'.
server/services/data-erasure-service.ts(117,80): error TS2551: Property 'bankAccountNumber' does not exist on type '{ id: string; userId: string | null; prospectId: string | null; createdByAgentId: string | null; bankName: string; accountNumber: string; ifscCode: string; branchName: string | null; ... 19 more ...; updatedAt: Date | null; }'. Did you mean 'accountNumber'?
server/services/data-erasure-service.ts(202,9): error TS2561: Object literal may only specify known properties, but 'bankAccountNumber' does not exist in type '{ ifscCode?: string | SQL<unknown> | PgColumn<ColumnBaseConfig<ColumnDataType, string>, {}, {}> | undefined; bankName?: string | SQL<...> | PgColumn<...> | undefined; ... 25 more ...; regulatoryMetadata?: unknown; }'. Did you mean to write 'accountNumber'?
server/services/demat-compliance-service.ts(399,9): error TS2322: Type 'boolean | null' is not assignable to type 'boolean'.
  Type 'null' is not assignable to type 'boolean'.
server/services/demographic-protection-service.ts(116,36): error TS2769: No overload matches this call.
  Overload 1 of 2, '(value: { panNumber: string | SQL<unknown> | Placeholder<string, any>; firstName: string | SQL<unknown> | Placeholder<string, any>; lastName: string | SQL<unknown> | Placeholder<...>; ... 40 more ...; digilockerVerified?: boolean | ... 3 more ... | undefined; }): PgInsertBase<...>', gave the following error.
    Object literal may only specify known properties, and 'remarks' does not exist in type '{ panNumber: string | SQL<unknown> | Placeholder<string, any>; firstName: string | SQL<unknown> | Placeholder<string, any>; lastName: string | SQL<unknown> | Placeholder<...>; ... 40 more ...; digilockerVerified?: boolean | ... 3 more ... | undefined; }'.
  Overload 2 of 2, '(values: { panNumber: string | SQL<unknown> | Placeholder<string, any>; firstName: string | SQL<unknown> | Placeholder<string, any>; lastName: string | SQL<unknown> | Placeholder<...>; ... 40 more ...; digilockerVerified?: boolean | ... 3 more ... | undefined; }[]): PgInsertBase<...>', gave the following error.
    Object literal may only specify known properties, and 'userId' does not exist in type '{ panNumber: string | SQL<unknown> | Placeholder<string, any>; firstName: string | SQL<unknown> | Placeholder<string, any>; lastName: string | SQL<unknown> | Placeholder<...>; ... 40 more ...; digilockerVerified?: boolean | ... 3 more ... | undefined; }[]'.
server/services/demographic-protection-service.ts(209,36): error TS2769: No overload matches this call.
  Overload 1 of 2, '(value: { panNumber: string | SQL<unknown> | Placeholder<string, any>; firstName: string | SQL<unknown> | Placeholder<string, any>; lastName: string | SQL<unknown> | Placeholder<...>; ... 40 more ...; digilockerVerified?: boolean | ... 3 more ... | undefined; }): PgInsertBase<...>', gave the following error.
    Object literal may only specify known properties, and 'remarks' does not exist in type '{ panNumber: string | SQL<unknown> | Placeholder<string, any>; firstName: string | SQL<unknown> | Placeholder<string, any>; lastName: string | SQL<unknown> | Placeholder<...>; ... 40 more ...; digilockerVerified?: boolean | ... 3 more ... | undefined; }'.
  Overload 2 of 2, '(values: { panNumber: string | SQL<unknown> | Placeholder<string, any>; firstName: string | SQL<unknown> | Placeholder<string, any>; lastName: string | SQL<unknown> | Placeholder<...>; ... 40 more ...; digilockerVerified?: boolean | ... 3 more ... | undefined; }[]): PgInsertBase<...>', gave the following error.
    Object literal may only specify known properties, and 'userId' does not exist in type '{ panNumber: string | SQL<unknown> | Placeholder<string, any>; firstName: string | SQL<unknown> | Placeholder<string, any>; lastName: string | SQL<unknown> | Placeholder<...>; ... 40 more ...; digilockerVerified?: boolean | ... 3 more ... | undefined; }[]'.
server/services/demographic-protection-service.ts(307,24): error TS2339: Property 'remarks' does not exist on type '{ id: string; panNumber: string; createdAt: Date | null; updatedAt: Date | null; status: string | null; userId: string | null; firstName: string; middleName: string | null; ... 35 more ...; digilockerVerified: boolean | null; }'.
server/services/digilockerService.ts(61,9): error TS7023: 'initializeDigiLockerApp' implicitly has return type 'any' because it does not have a return type annotation and is referenced directly or indirectly in one of its return expressions.
server/services/dis-verification-service.ts(178,7): error TS2322: Type '"compliance"' is not assignable to type '"transaction" | "admin_action" | "data_access" | "login" | "consent_change" | "profile_update" | "export_data" | "delete_data" | "security_violation"'.
server/services/dis-verification-service.ts(233,7): error TS2322: Type '"compliance"' is not assignable to type '"transaction" | "admin_action" | "data_access" | "login" | "consent_change" | "profile_update" | "export_data" | "delete_data" | "security_violation"'.
server/services/dlm-ai-compliance-service.ts(299,21): error TS2339: Property 'where' does not exist on type 'Omit<PgSelectBase<"document_ai_reviews", { id: PgColumn<{ name: "id"; tableName: "document_ai_reviews"; dataType: "string"; columnType: "PgVarchar"; data: string; driverParam: string; notNull: true; hasDefault: true; ... 6 more ...; generated: undefined; }, {}, { ...; }>; ... 23 more ...; processingTime: PgColumn<.....'.
server/services/dlm-workflow-service.ts(625,21): error TS2339: Property 'where' does not exist on type 'Omit<PgSelectBase<"document_comments", { id: PgColumn<{ name: "id"; tableName: "document_comments"; dataType: "string"; columnType: "PgVarchar"; data: string; driverParam: string; notNull: true; hasDefault: true; ... 6 more ...; generated: undefined; }, {}, { ...; }>; ... 18 more ...; updatedAt: PgColumn<...>; }, .....'.
server/services/document-upload-service.ts(238,47): error TS2339: Property 'parseObjectPath' does not exist on type 'DocumentUploadService'.
server/services/dsa-loan-service.ts(725,39): error TS2339: Property 'minIncome' does not exist on type '{ id: string; bankCode: string; loanType: string; ruleName: string; minCreditScore: number | null; maxCreditScore: number | null; minMonthlyIncome: string | null; minAnnualIncome: string | null; ... 11 more ...; updatedAt: Date | null; }'.
server/services/dsa-loan-service.ts(766,47): error TS2339: Property 'bankConnectorId' does not exist on type '{ id: string; applicationId: string; bankCode: string; routingStrategy: string | null; routingPriority: number | null; routingMode: "manual" | "auto" | null; submittedAt: Date | null; ... 24 more ...; updatedAt: Date | null; }'.
server/services/dsa-loan-service.ts(772,39): error TS2339: Property 'config' does not exist on type '{ id: string; bankCode: string; bankName: string; connectorType: "email" | "webhook" | "api" | "sftp" | "portal"; apiEndpoint: string | null; sftpHost: string | null; sftpPort: number | null; ... 21 more ...; updatedAt: Date | null; }'.
server/services/dsa-loan-service.ts(773,44): error TS2339: Property 'config' does not exist on type '{ id: string; bankCode: string; bankName: string; connectorType: "email" | "webhook" | "api" | "sftp" | "portal"; apiEndpoint: string | null; sftpHost: string | null; sftpPort: number | null; ... 21 more ...; updatedAt: Date | null; }'.
server/services/dsa-loan-service.ts(789,30): error TS2339: Property 'config' does not exist on type '{ id: string; bankCode: string; bankName: string; connectorType: "email" | "webhook" | "api" | "sftp" | "portal"; apiEndpoint: string | null; sftpHost: string | null; sftpPort: number | null; ... 21 more ...; updatedAt: Date | null; }'.
server/services/dsa-loan-service.ts(791,34): error TS2339: Property 'config' does not exist on type '{ id: string; bankCode: string; bankName: string; connectorType: "email" | "webhook" | "api" | "sftp" | "portal"; apiEndpoint: string | null; sftpHost: string | null; sftpPort: number | null; ... 21 more ...; updatedAt: Date | null; }'.
server/services/dsa-loan-service.ts(792,33): error TS2339: Property 'config' does not exist on type '{ id: string; bankCode: string; bankName: string; connectorType: "email" | "webhook" | "api" | "sftp" | "portal"; apiEndpoint: string | null; sftpHost: string | null; sftpPort: number | null; ... 21 more ...; updatedAt: Date | null; }'.
server/services/dsa-loan-service.ts(811,37): error TS2339: Property 'config' does not exist on type '{ id: string; bankCode: string; bankName: string; connectorType: "email" | "webhook" | "api" | "sftp" | "portal"; apiEndpoint: string | null; sftpHost: string | null; sftpPort: number | null; ... 21 more ...; updatedAt: Date | null; }'.
server/services/dsa-loan-service.ts(813,34): error TS2339: Property 'config' does not exist on type '{ id: string; bankCode: string; bankName: string; connectorType: "email" | "webhook" | "api" | "sftp" | "portal"; apiEndpoint: string | null; sftpHost: string | null; sftpPort: number | null; ... 21 more ...; updatedAt: Date | null; }'.
server/services/dsa-loan-service.ts(814,31): error TS2339: Property 'config' does not exist on type '{ id: string; bankCode: string; bankName: string; connectorType: "email" | "webhook" | "api" | "sftp" | "portal"; apiEndpoint: string | null; sftpHost: string | null; sftpPort: number | null; ... 21 more ...; updatedAt: Date | null; }'.
server/services/dsa-loan-service.ts(815,30): error TS2339: Property 'config' does not exist on type '{ id: string; bankCode: string; bankName: string; connectorType: "email" | "webhook" | "api" | "sftp" | "portal"; apiEndpoint: string | null; sftpHost: string | null; sftpPort: number | null; ... 21 more ...; updatedAt: Date | null; }'.
server/services/dsa-loan-service.ts(825,23): error TS2339: Property 'config' does not exist on type '{ id: string; bankCode: string; bankName: string; connectorType: "email" | "webhook" | "api" | "sftp" | "portal"; apiEndpoint: string | null; sftpHost: string | null; sftpPort: number | null; ... 21 more ...; updatedAt: Date | null; }'.
server/services/dsa-loan-service.ts(826,24): error TS2339: Property 'config' does not exist on type '{ id: string; bankCode: string; bankName: string; connectorType: "email" | "webhook" | "api" | "sftp" | "portal"; apiEndpoint: string | null; sftpHost: string | null; sftpPort: number | null; ... 21 more ...; updatedAt: Date | null; }'.
server/services/dsa-loan-service.ts(827,24): error TS2339: Property 'config' does not exist on type '{ id: string; bankCode: string; bankName: string; connectorType: "email" | "webhook" | "api" | "sftp" | "portal"; apiEndpoint: string | null; sftpHost: string | null; sftpPort: number | null; ... 21 more ...; updatedAt: Date | null; }'.
server/services/dsa-loan-service.ts(862,43): error TS2339: Property 'runEligibilityCheck' does not exist on type 'DsaLoanService'.
server/services/dsa-loan-service.ts(865,7): error TS7006: Parameter 'r' implicitly has an 'any' type.
server/services/dsa-loan-service.ts(876,58): error TS7006: Parameter 'result' implicitly has an 'any' type.
server/services/dsc-token-esign-service.ts(275,38): error TS2769: No overload matches this call.
  Overload 1 of 2, '(value: { documentType: string | SQL<unknown> | Placeholder<string, any>; documentName: string | SQL<unknown> | Placeholder<string, any>; transactionId: string | ... 1 more ... | Placeholder<...>; ... 26 more ...; dscCrlStatus?: string | ... 3 more ... | undefined; }): PgInsertBase<...>', gave the following error.
    Object literal may only specify known properties, and 'documentUrl' does not exist in type '{ documentType: string | SQL<unknown> | Placeholder<string, any>; documentName: string | SQL<unknown> | Placeholder<string, any>; transactionId: string | SQL<...> | Placeholder<...>; ... 26 more ...; dscCrlStatus?: string | ... 3 more ... | undefined; }'.
  Overload 2 of 2, '(values: { documentType: string | SQL<unknown> | Placeholder<string, any>; documentName: string | SQL<unknown> | Placeholder<string, any>; transactionId: string | ... 1 more ... | Placeholder<...>; ... 26 more ...; dscCrlStatus?: string | ... 3 more ... | undefined; }[]): PgInsertBase<...>', gave the following error.
    Object literal may only specify known properties, and 'id' does not exist in type '{ documentType: string | SQL<unknown> | Placeholder<string, any>; documentName: string | SQL<unknown> | Placeholder<string, any>; transactionId: string | SQL<...> | Placeholder<...>; ... 26 more ...; dscCrlStatus?: string | ... 3 more ... | undefined; }[]'.
server/services/dsc-token-esign-service.ts(378,24): error TS2339: Property 'expiresAt' does not exist on type '{ id: string; userId: string | null; prospectId: string | null; createdByAgentId: string | null; transactionId: string; documentType: string; documentName: string; documentHash: string; ... 21 more ...; createdAt: Date | null; }'.
server/services/dsc-token-esign-service.ts(378,72): error TS2339: Property 'expiresAt' does not exist on type '{ id: string; userId: string | null; prospectId: string | null; createdByAgentId: string | null; transactionId: string; documentType: string; documentName: string; documentHash: string; ... 21 more ...; createdAt: Date | null; }'.
server/services/dsc-token-esign-service.ts(394,11): error TS2345: Argument of type 'string | null' is not assignable to parameter of type 'string'.
  Type 'null' is not assignable to type 'string'.
server/services/dsc-token-esign-service.ts(406,38): error TS2339: Property 'dscTokenInfo' does not exist on type '{ id: string; userId: string | null; prospectId: string | null; createdByAgentId: string | null; transactionId: string; documentType: string; documentName: string; documentHash: string; ... 21 more ...; createdAt: Date | null; }'.
server/services/dsc-token-esign-service.ts(408,42): error TS2769: No overload matches this call.
  Overload 1 of 2, '(value: { documentType: string | SQL<unknown> | Placeholder<string, any>; documentName: string | SQL<unknown> | Placeholder<string, any>; transactionId: string | ... 1 more ... | Placeholder<...>; ... 15 more ...; signatureAlgorithm?: string | ... 3 more ... | undefined; }): PgInsertBase<...>', gave the following error.
    Object literal may only specify known properties, and 'dscCertificateClass' does not exist in type '{ documentType: string | SQL<unknown> | Placeholder<string, any>; documentName: string | SQL<unknown> | Placeholder<string, any>; transactionId: string | SQL<...> | Placeholder<...>; ... 15 more ...; signatureAlgorithm?: string | ... 3 more ... | undefined; }'.
  Overload 2 of 2, '(values: { documentType: string | SQL<unknown> | Placeholder<string, any>; documentName: string | SQL<unknown> | Placeholder<string, any>; transactionId: string | ... 1 more ... | Placeholder<...>; ... 15 more ...; signatureAlgorithm?: string | ... 3 more ... | undefined; }[]): PgInsertBase<...>', gave the following error.
    Object literal may only specify known properties, and 'id' does not exist in type '{ documentType: string | SQL<unknown> | Placeholder<string, any>; documentName: string | SQL<unknown> | Placeholder<string, any>; transactionId: string | SQL<...> | Placeholder<...>; ... 15 more ...; signatureAlgorithm?: string | ... 3 more ... | undefined; }[]'.
server/services/dsc-token-esign-service.ts(439,11): error TS2353: Object literal may only specify known properties, and 'completedAt' does not exist in type '{ documentType?: string | SQL<unknown> | PgColumn<ColumnBaseConfig<ColumnDataType, string>, {}, {}> | undefined; documentName?: string | ... 2 more ... | undefined; ... 27 more ...; dscCrlStatus?: string | ... 3 more ... | undefined; }'.
server/services/dsc-token-esign-service.ts(451,9): error TS2345: Argument of type 'string | null' is not assignable to parameter of type 'string'.
  Type 'null' is not assignable to type 'string'.
server/services/dsc-token-esign-service.ts(532,36): error TS2339: Property 'dscTokenInfo' does not exist on type '{ id: string; userId: string | null; prospectId: string | null; createdByAgentId: string | null; transactionId: string; documentType: string; documentName: string; documentHash: string; ... 21 more ...; createdAt: Date | null; }'.
server/services/dsc-token-esign-service.ts(539,33): error TS2339: Property 'completedAt' does not exist on type '{ id: string; userId: string | null; prospectId: string | null; createdByAgentId: string | null; transactionId: string; documentType: string; documentName: string; documentHash: string; ... 21 more ...; createdAt: Date | null; }'.
server/services/dsc-token-esign-service.ts(540,35): error TS2339: Property 'certificateId' does not exist on type '{ id: string; userId: string | null; prospectId: string | null; createdByAgentId: string | null; transactionId: string; documentType: string; documentName: string; documentHash: string; ... 21 more ...; createdAt: Date | null; }'.
server/services/dsc-token-esign-service.ts(546,37): error TS2339: Property 'dscSigningMethod' does not exist on type '{ id: string; userId: string | null; prospectId: string | null; createdByAgentId: string | null; transactionId: string; documentType: string; documentName: string; documentHash: string; ... 21 more ...; createdAt: Date | null; }'.
server/services/dsc-token-esign-service.ts(569,11): error TS2353: Object literal may only specify known properties, and 'errorMessage' does not exist in type '{ documentType?: string | SQL<unknown> | PgColumn<ColumnBaseConfig<ColumnDataType, string>, {}, {}> | undefined; documentName?: string | ... 2 more ... | undefined; ... 27 more ...; dscCrlStatus?: string | ... 3 more ... | undefined; }'.
server/services/eligibility-matrix-service.ts(2,32): error TS2724: '"@shared/schema"' has no exported member named 'InsertBankEligibilityRules'. Did you mean 'InsertLoanEligibilityRule'?
server/services/error-digest-service.ts(43,53): error TS2769: No overload matches this call.
  Overload 1 of 4, '(value: string | number | Date): Date', gave the following error.
    Argument of type 'Date | null' is not assignable to parameter of type 'string | number | Date'.
      Type 'null' is not assignable to type 'string | number | Date'.
  Overload 2 of 4, '(value: string | number): Date', gave the following error.
    Argument of type 'Date | null' is not assignable to parameter of type 'string | number'.
      Type 'null' is not assignable to type 'string | number'.
server/services/error-digest-service.ts(127,20): error TS2551: Property 'role' does not exist on type 'PgTableWithColumns<{ name: "users"; schema: undefined; columns: { id: PgColumn<{ name: "id"; tableName: "users"; dataType: "string"; columnType: "PgVarchar"; data: string; driverParam: string; notNull: true; hasDefault: true; ... 6 more ...; generated: undefined; }, {}, { ...; }>; ... 129 more ...; shareableProfileE...'. Did you mean 'roles'?
server/services/error-tracking-service.ts(425,31): error TS2322: Type '"gemini-1.5-flash"' is not assignable to type 'AIModel | undefined'.
server/services/error-tracking-service.ts(489,31): error TS2322: Type '"gemini-1.5-flash"' is not assignable to type 'AIModel | undefined'.
server/services/error-tracking-service.ts(576,45): error TS2769: No overload matches this call.
  Overload 1 of 4, '(value: string | number | Date): Date', gave the following error.
    Argument of type 'Date | null' is not assignable to parameter of type 'string | number | Date'.
      Type 'null' is not assignable to type 'string | number | Date'.
  Overload 2 of 4, '(value: string | number): Date', gave the following error.
    Argument of type 'Date | null' is not assignable to parameter of type 'string | number'.
      Type 'null' is not assignable to type 'string | number'.
server/services/escrow-maker-checker.ts(243,24): error TS2345: Argument of type 'number | "0"' is not assignable to parameter of type 'string'.
  Type 'number' is not assignable to type 'string'.
server/services/escrow-maker-checker.ts(244,18): error TS2339: Property 'isin' does not exist on type '{ id: string; companyName: string | null; createdAt: Date | null; updatedAt: Date | null; status: string; completedAt: Date | null; totalValue: string; quantity: number; ... 46 more ...; cancellationReason: string | null; }'.
server/services/escrow-maker-checker.ts(245,18): error TS2339: Property 'buyerDematAccount' does not exist on type '{ id: string; companyName: string | null; createdAt: Date | null; updatedAt: Date | null; status: string; completedAt: Date | null; totalValue: string; quantity: number; ... 46 more ...; cancellationReason: string | null; }'.
server/services/escrow-maker-checker.ts(292,13): error TS2322: Type '"escrow_release_attempt_dual_approved" | "escrow_refund_attempt_dual_approved"' is not assignable to type '"payment_initiated" | "deal_created" | "deal_accepted" | "deal_rejected" | "escrow_held" | "escrow_released" | "escrow_refunded" | "transfer_pending" | "transfer_completed"'.
  Type '"escrow_release_attempt_dual_approved"' is not assignable to type '"payment_initiated" | "deal_created" | "deal_accepted" | "deal_rejected" | "escrow_held" | "escrow_released" | "escrow_refunded" | "transfer_pending" | "transfer_completed"'.
server/services/escrow-maker-checker.ts(318,15): error TS2353: Object literal may only specify known properties, and 'parties' does not exist in type '{ eventType: string; triggeredBy: string; userId?: string | undefined; dealId?: string | undefined; amount?: number | undefined; currency?: string | undefined; riskIndicators: string[]; riskScore: number; metadata?: Record<...> | undefined; }'.
server/services/escrow-maker-checker.ts(390,13): error TS2322: Type '"escrow_released_dual_approved" | "escrow_refunded_dual_approved" | "escrow_release_failed_dual_approved" | "escrow_refund_failed_dual_approved"' is not assignable to type '"payment_initiated" | "deal_created" | "deal_accepted" | "deal_rejected" | "escrow_held" | "escrow_released" | "escrow_refunded" | "transfer_pending" | "transfer_completed"'.
  Type '"escrow_released_dual_approved"' is not assignable to type '"payment_initiated" | "deal_created" | "deal_accepted" | "deal_rejected" | "escrow_held" | "escrow_released" | "escrow_refunded" | "transfer_pending" | "transfer_completed"'.
server/services/escrow-maker-checker.ts(416,15): error TS2353: Object literal may only specify known properties, and 'parties' does not exist in type '{ eventType: string; triggeredBy: string; userId?: string | undefined; dealId?: string | undefined; amount?: number | undefined; currency?: string | undefined; riskIndicators: string[]; riskScore: number; metadata?: Record<...> | undefined; }'.
server/services/esign-ai-analysis-service.ts(92,16): error TS2339: Property 'model' does not exist on type 'ESignAIAnalysisService'.
server/services/exchange-filings-service.ts(294,7): error TS2322: Type 'Date | null' is not assignable to type 'Date | undefined'.
  Type 'null' is not assignable to type 'Date | undefined'.
server/services/exchange-filings-service.ts(570,22): error TS2322: Type '"healthy"' is not assignable to type '"unhealthy"'.
server/services/exchange-filings-service.ts(577,22): error TS2322: Type '"healthy"' is not assignable to type '"unhealthy"'.
server/services/exit-load-sync-scheduler.ts(14,20): error TS2503: Cannot find namespace 'cron'.
server/services/external-remittance-service.ts(150,9): error TS2322: Type '"compliance"' is not assignable to type '"transaction" | "admin_action" | "data_access" | "login" | "consent_change" | "profile_update" | "export_data" | "delete_data" | "security_violation"'.
server/services/external-remittance-service.ts(272,9): error TS2322: Type '"compliance"' is not assignable to type '"transaction" | "admin_action" | "data_access" | "login" | "consent_change" | "profile_update" | "export_data" | "delete_data" | "security_violation"'.
server/services/external-remittance-service.ts(335,11): error TS2322: Type '"compliance"' is not assignable to type '"transaction" | "admin_action" | "data_access" | "login" | "consent_change" | "profile_update" | "export_data" | "delete_data" | "security_violation"'.
server/services/external-remittance-service.ts(379,11): error TS2322: Type '"compliance"' is not assignable to type '"transaction" | "admin_action" | "data_access" | "login" | "consent_change" | "profile_update" | "export_data" | "delete_data" | "security_violation"'.
server/services/fail-orchestrator.ts(79,79): error TS2339: Property 'reason' does not exist on type '{ confidence_score: number; model_version: string; recommendation: string; factors_considered: string[]; timestamp?: string | undefined; } | { message: string; reason: string; fallback?: boolean | undefined; }'.
  Property 'reason' does not exist on type '{ confidence_score: number; model_version: string; recommendation: string; factors_considered: string[]; timestamp?: string | undefined; }'.
server/services/fail-orchestrator.ts(132,69): error TS2353: Object literal may only specify known properties, and 'configKey' does not exist in type 'SQL<unknown> | ((aliases: { configKey: PgColumn<{ name: "config_key"; tableName: "fail_system_state"; dataType: "string"; columnType: "PgVarchar"; data: string; driverParam: string; notNull: true; hasDefault: false; ... 6 more ...; generated: undefined; }, {}, { ...; }>; isGloballyDisabled: PgColumn<...>; lastTrigge...'.
server/services/fee-calculator-service.ts(255,53): error TS2322: Type '"both"' is not assignable to type '"buy" | "sell"'.
server/services/fema-compliance-service.ts(814,25): error TS2345: Argument of type '"lrs_transaction"' is not assignable to parameter of type '"transaction" | "purpose_validation" | "lrs_check" | "tcs_calc" | "a2_form" | "ad_certificate"'.
server/services/fema-compliance-service.ts(840,25): error TS2345: Argument of type '"lrs_transaction"' is not assignable to parameter of type '"transaction" | "purpose_validation" | "lrs_check" | "tcs_calc" | "a2_form" | "ad_certificate"'.
server/services/filing-scheduler-service.ts(121,21): error TS2769: No overload matches this call.
  Overload 1 of 2, '(intervalId: string | number | Timeout | undefined): void', gave the following error.
    Argument of type 'Timer' is not assignable to parameter of type 'string | number | Timeout | undefined'.
      Property '[Symbol.dispose]' is missing in type 'Timer' but required in type 'Timeout'.
  Overload 2 of 2, '(id: number | undefined): void', gave the following error.
    Argument of type 'Timer' is not assignable to parameter of type 'number'.
server/services/filing-scheduler-service.ts(485,21): error TS2769: No overload matches this call.
  Overload 1 of 2, '(intervalId: string | number | Timeout | undefined): void', gave the following error.
    Argument of type 'Timer' is not assignable to parameter of type 'string | number | Timeout | undefined'.
      Property '[Symbol.dispose]' is missing in type 'Timer' but required in type 'Timeout'.
  Overload 2 of 2, '(id: number | undefined): void', gave the following error.
    Argument of type 'Timer' is not assignable to parameter of type 'number'.
server/services/financial-calculations.ts(220,5): error TS2739: Type 'Promise<XIRRResult>' is missing the following properties from type 'XIRRResult': xirr, xirrPercentage, success
server/services/financial-metrics-refresh-scheduler.ts(40,30): error TS2503: Cannot find namespace 'cron'.
server/services/financial-metrics-refresh-scheduler.ts(41,25): error TS2503: Cannot find namespace 'cron'.
server/services/financial-metrics-refresh-service.ts(114,44): error TS2339: Property 'cin' does not exist on type 'PgTableWithColumns<{ name: "company_financials"; schema: undefined; columns: { id: PgColumn<{ name: "id"; tableName: "company_financials"; dataType: "string"; columnType: "PgVarchar"; data: string; driverParam: string; ... 8 more ...; generated: undefined; }, {}, { ...; }>; ... 30 more ...; updatedAt: PgColumn<...>;...'.
server/services/financial-metrics-refresh-service.ts(115,49): error TS2339: Property 'fiscalYear' does not exist on type 'PgTableWithColumns<{ name: "company_financials"; schema: undefined; columns: { id: PgColumn<{ name: "id"; tableName: "company_financials"; dataType: "string"; columnType: "PgVarchar"; data: string; driverParam: string; ... 8 more ...; generated: undefined; }, {}, { ...; }>; ... 30 more ...; updatedAt: PgColumn<...>;...'.
server/services/financial-metrics-refresh-service.ts(126,53): error TS2551: Property 'netWorth' does not exist on type '{ id: string; createdAt: Date | null; updatedAt: Date | null; revenue: string | null; confidenceScore: string | null; dataSource: string | null; financialYear: string; ... 24 more ...; lockedForAdvisory: boolean | null; }'. Did you mean 'networth'?
server/services/financial-metrics-refresh-service.ts(127,51): error TS2339: Property 'borrowings' does not exist on type '{ id: string; createdAt: Date | null; updatedAt: Date | null; revenue: string | null; confidenceScore: string | null; dataSource: string | null; financialYear: string; ... 24 more ...; lockedForAdvisory: boolean | null; }'.
server/services/fintekpro-rating-service.ts(415,40): error TS2551: Property 'returns1y' does not exist on type '{ id: string; symbol: string; isin: string | null; bseCode: string | null; nseCode: string | null; companyName: string; cin: string | null; companyPan: string | null; sector: string | null; ... 50 more ...; createdAt: Date | null; }'. Did you mean 'returns1Y'?
server/services/fintekpro-rating-service.ts(416,40): error TS2551: Property 'returns3y' does not exist on type '{ id: string; symbol: string; isin: string | null; bseCode: string | null; nseCode: string | null; companyName: string; cin: string | null; companyPan: string | null; sector: string | null; ... 50 more ...; createdAt: Date | null; }'. Did you mean 'returns3Y'?
server/services/fintekpro-rating-service.ts(418,83): error TS2339: Property 'debtToEquity' does not exist on type '{ id: string; symbol: string; isin: string | null; bseCode: string | null; nseCode: string | null; companyName: string; cin: string | null; companyPan: string | null; sector: string | null; ... 50 more ...; createdAt: Date | null; }'.
server/services/fintekpro-rating-service.ts(428,79): error TS2339: Property 'avgVolume' does not exist on type '{ id: string; symbol: string; isin: string | null; bseCode: string | null; nseCode: string | null; companyName: string; cin: string | null; companyPan: string | null; sector: string | null; ... 50 more ...; createdAt: Date | null; }'.
server/services/fintekpro-rating-service.ts(641,50): error TS2339: Property 'issuerName' does not exist on type '{ id: string; isin: string; securityCode: string | null; bondName: string; issuer: string; bondType: string; faceValue: string | null; couponType: string; couponRate: string | null; couponFrequency: string | null; ... 56 more ...; createdAt: Date | null; }'.
server/services/fintekpro-rating-service.ts(677,20): error TS2339: Property 'issuerName' does not exist on type '{ id: string; isin: string; securityCode: string | null; bondName: string; issuer: string; bondType: string; faceValue: string | null; couponType: string; couponRate: string | null; couponFrequency: string | null; ... 56 more ...; createdAt: Date | null; }'.
server/services/fintekpro-rating-service.ts(686,88): error TS2339: Property 'issuerName' does not exist on type '{ id: string; isin: string; securityCode: string | null; bondName: string; issuer: string; bondType: string; faceValue: string | null; couponType: string; couponRate: string | null; couponFrequency: string | null; ... 56 more ...; createdAt: Date | null; }'.
server/services/fintekpro-rating-service.ts(792,32): error TS2551: Property 'returns1y' does not exist on type 'PgTableWithColumns<{ name: "listed_stocks"; schema: undefined; columns: { id: PgColumn<{ name: "id"; tableName: "listed_stocks"; dataType: "string"; columnType: "PgVarchar"; data: string; driverParam: string; notNull: true; ... 7 more ...; generated: undefined; }, {}, { ...; }>; ... 58 more ...; createdAt: PgColumn<...'. Did you mean 'returns1Y'?
server/services/fintekpro-rating-service.ts(956,35): error TS2554: Expected 1-2 arguments, but got 15.
server/services/fintekpro-rating-service.ts(971,27): error TS2554: Expected 1 arguments, but got 7.
server/services/fintekpro-rating-service.ts(977,67): error TS2551: Property 'calculateEarningsQualityRatio' does not exist on type 'FinancialMetricsCalculator'. Did you mean 'calculateEarningsQuality'?
server/services/firm-inventory-sync-service.ts(178,13): error TS2353: Object literal may only specify known properties, and 'item_id' does not exist in type '{ name: string; description?: string | undefined; rate: number; quantity: number; account_id?: string | undefined; tax_id?: string | undefined; }'.
server/services/fixed-income-marketplace.ts(452,11): error TS2769: No overload matches this call.
  Overload 1 of 3, '(left: PgColumn<{ name: "user_id"; tableName: "bond_holdings"; dataType: "string"; columnType: "PgVarchar"; data: string; driverParam: string; notNull: false; hasDefault: false; isPrimaryKey: false; isAutoincrement: false; ... 4 more ...; generated: undefined; }, {}, { ...; }>, right: string | SQLWrapper): SQL<...>', gave the following error.
    Argument of type 'string | null' is not assignable to parameter of type 'string | SQLWrapper'.
      Type 'null' is not assignable to type 'string | SQLWrapper'.
  Overload 2 of 3, '(left: Aliased<string | null>, right: string | SQLWrapper | null): SQL<unknown>', gave the following error.
    Argument of type 'PgColumn<{ name: "user_id"; tableName: "bond_holdings"; dataType: "string"; columnType: "PgVarchar"; data: string; driverParam: string; notNull: false; hasDefault: false; isPrimaryKey: false; isAutoincrement: false; ... 4 more ...; generated: undefined; }, {}, { ...; }>' is not assignable to parameter of type 'Aliased<string | null>'.
      Type 'PgColumn<{ name: "user_id"; tableName: "bond_holdings"; dataType: "string"; columnType: "PgVarchar"; data: string; driverParam: string; notNull: false; hasDefault: false; isPrimaryKey: false; isAutoincrement: false; ... 4 more ...; generated: undefined; }, {}, { ...; }>' is missing the following properties from type 'Aliased<string | null>': sql, fieldAlias
  Overload 3 of 3, '(left: never, right: unknown): SQL<unknown>', gave the following error.
    Argument of type 'PgColumn<{ name: "user_id"; tableName: "bond_holdings"; dataType: "string"; columnType: "PgVarchar"; data: string; driverParam: string; notNull: false; hasDefault: false; isPrimaryKey: false; isAutoincrement: false; ... 4 more ...; generated: undefined; }, {}, { ...; }>' is not assignable to parameter of type 'never'.
server/services/fixed-income-marketplace.ts(494,7): error TS2322: Type 'string | null' is not assignable to type 'string'.
  Type 'null' is not assignable to type 'string'.
server/services/fixed-income-status-engine.ts(106,57): error TS2345: Argument of type 'string | null' is not assignable to parameter of type 'Date | null'.
  Type 'string' is not assignable to type 'Date'.
server/services/fund-comparison-service.ts(98,50): error TS18046: 'error' is of type 'unknown'.
server/services/fund-comparison-service.ts(419,38): error TS2554: Expected 1 arguments, but got 0.
server/services/global-advisory-service.ts(43,3): error TS2322: Type 'boolean | null' is not assignable to type 'boolean'.
  Type 'null' is not assignable to type 'boolean'.
server/services/global-advisory-service.ts(193,40): error TS2339: Property 'marketCode' does not exist on type 'PgTableWithColumns<{ name: "global_advisory_acknowledgments"; schema: undefined; columns: { id: PgColumn<{ name: "id"; tableName: "global_advisory_acknowledgments"; dataType: "string"; columnType: "PgVarchar"; data: string; ... 9 more ...; generated: undefined; }, {}, { ...; }>; ... 6 more ...; acknowledgedAt: PgCol...'.
server/services/global-advisory-service.ts(195,40): error TS2339: Property 'isRevoked' does not exist on type 'PgTableWithColumns<{ name: "global_advisory_acknowledgments"; schema: undefined; columns: { id: PgColumn<{ name: "id"; tableName: "global_advisory_acknowledgments"; dataType: "string"; columnType: "PgVarchar"; data: string; ... 9 more ...; generated: undefined; }, {}, { ...; }>; ... 6 more ...; acknowledgedAt: PgCol...'.
server/services/global-advisory-service.ts(201,11): error TS2339: Property 'expiresAt' does not exist on type '{ id: string; userId: string; sessionId: string | null; acknowledgmentType: string; acknowledgmentText: string; ipAddress: string | null; userAgent: string | null; acknowledgedAt: Date | null; }'.
server/services/global-advisory-service.ts(201,37): error TS2339: Property 'expiresAt' does not exist on type '{ id: string; userId: string; sessionId: string | null; acknowledgmentType: string; acknowledgmentText: string; ipAddress: string | null; userAgent: string | null; acknowledgedAt: Date | null; }'.
server/services/global-advisory-service.ts(215,6): error TS2769: No overload matches this call.
  Overload 1 of 2, '(value: { userId: string | SQL<unknown> | Placeholder<string, any>; acknowledgmentType: string | SQL<unknown> | Placeholder<string, any>; acknowledgmentText: string | ... 1 more ... | Placeholder<...>; ... 4 more ...; sessionId?: string | ... 3 more ... | undefined; }): PgInsertBase<...>', gave the following error.
    Object literal may only specify known properties, and 'marketCode' does not exist in type '{ userId: string | SQL<unknown> | Placeholder<string, any>; acknowledgmentType: string | SQL<unknown> | Placeholder<string, any>; acknowledgmentText: string | ... 1 more ... | Placeholder<...>; ... 4 more ...; sessionId?: string | ... 3 more ... | undefined; }'.
  Overload 2 of 2, '(values: { userId: string | SQL<unknown> | Placeholder<string, any>; acknowledgmentType: string | SQL<unknown> | Placeholder<string, any>; acknowledgmentText: string | ... 1 more ... | Placeholder<...>; ... 4 more ...; sessionId?: string | ... 3 more ... | undefined; }[]): PgInsertBase<...>', gave the following error.
    Object literal may only specify known properties, and 'userId' does not exist in type '{ userId: string | SQL<unknown> | Placeholder<string, any>; acknowledgmentType: string | SQL<unknown> | Placeholder<string, any>; acknowledgmentText: string | ... 1 more ... | Placeholder<...>; ... 4 more ...; sessionId?: string | ... 3 more ... | undefined; }[]'.
server/services/global-advisory-service.ts(278,7): error TS2769: No overload matches this call.
  Overload 1 of 2, '(value: { action: string | SQL<unknown> | Placeholder<string, any>; actorRole: string | SQL<unknown> | Placeholder<string, any>; id?: string | SQL<unknown> | Placeholder<...> | undefined; ... 5 more ...; timestamp?: SQL<...> | ... 3 more ... | undefined; }): PgInsertBase<...>', gave the following error.
    Object literal may only specify known properties, and 'checksumHash' does not exist in type '{ action: string | SQL<unknown> | Placeholder<string, any>; actorRole: string | SQL<unknown> | Placeholder<string, any>; id?: string | SQL<unknown> | Placeholder<string, any> | undefined; ... 5 more ...; timestamp?: SQL<...> | ... 3 more ... | undefined; }'.
  Overload 2 of 2, '(values: { action: string | SQL<unknown> | Placeholder<string, any>; actorRole: string | SQL<unknown> | Placeholder<string, any>; id?: string | SQL<unknown> | Placeholder<...> | undefined; ... 5 more ...; timestamp?: SQL<...> | ... 3 more ... | undefined; }[]): PgInsertBase<...>', gave the following error.
    Object literal may only specify known properties, and 'checksumHash' does not exist in type '{ action: string | SQL<unknown> | Placeholder<string, any>; actorRole: string | SQL<unknown> | Placeholder<string, any>; id?: string | SQL<unknown> | Placeholder<string, any> | undefined; ... 5 more ...; timestamp?: SQL<...> | ... 3 more ... | undefined; }[]'.
server/services/global-advisory-service.ts(297,69): error TS2339: Property 'marketCode' does not exist on type 'PgTableWithColumns<{ name: "global_advisory_audit_log"; schema: undefined; columns: { id: PgColumn<{ name: "id"; tableName: "global_advisory_audit_log"; dataType: "string"; columnType: "PgVarchar"; data: string; driverParam: string; ... 8 more ...; generated: undefined; }, {}, { ...; }>; ... 7 more ...; timestamp: P...'.
server/services/global-advisory-service.ts(298,68): error TS2339: Property 'eventType' does not exist on type 'PgTableWithColumns<{ name: "global_advisory_audit_log"; schema: undefined; columns: { id: PgColumn<{ name: "id"; tableName: "global_advisory_audit_log"; dataType: "string"; columnType: "PgVarchar"; data: string; driverParam: string; ... 8 more ...; generated: undefined; }, {}, { ...; }>; ... 7 more ...; timestamp: P...'.
server/services/global-advisory-service.ts(299,71): error TS2339: Property 'eventTimestamp' does not exist on type 'PgTableWithColumns<{ name: "global_advisory_audit_log"; schema: undefined; columns: { id: PgColumn<{ name: "id"; tableName: "global_advisory_audit_log"; dataType: "string"; columnType: "PgVarchar"; data: string; driverParam: string; ... 8 more ...; generated: undefined; }, {}, { ...; }>; ... 7 more ...; timestamp: P...'.
server/services/global-advisory-service.ts(300,69): error TS2339: Property 'eventTimestamp' does not exist on type 'PgTableWithColumns<{ name: "global_advisory_audit_log"; schema: undefined; columns: { id: PgColumn<{ name: "id"; tableName: "global_advisory_audit_log"; dataType: "string"; columnType: "PgVarchar"; data: string; driverParam: string; ... 8 more ...; generated: undefined; }, {}, { ...; }>; ... 7 more ...; timestamp: P...'.
server/services/global-advisory-service.ts(306,52): error TS2339: Property 'eventTimestamp' does not exist on type 'PgTableWithColumns<{ name: "global_advisory_audit_log"; schema: undefined; columns: { id: PgColumn<{ name: "id"; tableName: "global_advisory_audit_log"; dataType: "string"; columnType: "PgVarchar"; data: string; driverParam: string; ... 8 more ...; generated: undefined; }, {}, { ...; }>; ... 7 more ...; timestamp: P...'.
server/services/global-advisory-service.ts(407,7): error TS2322: Type 'boolean | null' is not assignable to type 'boolean'.
  Type 'null' is not assignable to type 'boolean'.
server/services/global-advisory-service.ts(447,5): error TS2322: Type 'boolean | null' is not assignable to type 'boolean'.
  Type 'null' is not assignable to type 'boolean'.
server/services/global-advisory-service.ts(449,5): error TS2322: Type 'boolean | null' is not assignable to type 'boolean'.
  Type 'null' is not assignable to type 'boolean'.
server/services/goal-benchmark-mapper.ts(71,13): error TS2769: No overload matches this call.
  Overload 1 of 3, '(left: PgColumn<{ name: "horizon_years_min"; tableName: "goal_benchmark_mapping"; dataType: "number"; columnType: "PgInteger"; data: number; driverParam: string | number; notNull: false; hasDefault: true; ... 6 more ...; generated: undefined; }, {}, {}>, right: number | SQLWrapper): SQL<...>', gave the following error.
    Argument of type 'number | null | undefined' is not assignable to parameter of type 'number | SQLWrapper'.
      Type 'undefined' is not assignable to type 'number | SQLWrapper'.
  Overload 2 of 3, '(left: Aliased<number | null | undefined>, right: number | SQLWrapper | null | undefined): SQL<unknown>', gave the following error.
    Argument of type 'PgColumn<{ name: "horizon_years_min"; tableName: "goal_benchmark_mapping"; dataType: "number"; columnType: "PgInteger"; data: number; driverParam: string | number; notNull: false; hasDefault: true; ... 6 more ...; generated: undefined; }, {}, {}>' is not assignable to parameter of type 'Aliased<number | null | undefined>'.
      Type 'PgColumn<{ name: "horizon_years_min"; tableName: "goal_benchmark_mapping"; dataType: "number"; columnType: "PgInteger"; data: number; driverParam: string | number; notNull: false; hasDefault: true; ... 6 more ...; generated: undefined; }, {}, {}>' is missing the following properties from type 'Aliased<number | null | undefined>': sql, fieldAlias
  Overload 3 of 3, '(left: never, right: unknown): SQL<unknown>', gave the following error.
    Argument of type 'PgColumn<{ name: "horizon_years_min"; tableName: "goal_benchmark_mapping"; dataType: "number"; columnType: "PgInteger"; data: number; driverParam: string | number; notNull: false; hasDefault: true; ... 6 more ...; generated: undefined; }, {}, {}>' is not assignable to parameter of type 'never'.
server/services/goal-benchmark-mapper.ts(112,9): error TS2322: Type 'string | null' is not assignable to type 'string'.
  Type 'null' is not assignable to type 'string'.
server/services/goal-benchmark-mapper.ts(113,9): error TS2322: Type 'string | null' is not assignable to type 'string'.
  Type 'null' is not assignable to type 'string'.
server/services/goal-planning-engine.ts(377,43): error TS2339: Property 'currentValue' does not exist on type '{ id: string; isActive: boolean | null; createdAt: Date | null; updatedAt: Date | null; userId: string | null; isin: string | null; prospectId: string | null; createdByAgentId: string | null; ... 6 more ...; allocationPercentage: string | null; }'.
server/services/goal-planning-engine.ts(453,29): error TS2339: Property 'currentValue' does not exist on type '{ id: string; isActive: boolean | null; createdAt: Date | null; updatedAt: Date | null; userId: string | null; isin: string | null; prospectId: string | null; createdByAgentId: string | null; ... 6 more ...; allocationPercentage: string | null; }'.
server/services/golden-pricing/GoldenPricingEngine.ts(565,81): error TS2304: Cannot find name 'GoldenPrice'.
server/services/historical-nav-service.ts(754,40): error TS2683: 'this' implicitly has type 'any' because it does not have a type annotation.
server/services/icai-verification-service.ts(428,18): error TS2352: Conversion of type 'QueryResult<Record<string, unknown>>' to type 'any[]' may be a mistake because neither type sufficiently overlaps with the other. If this was intentional, convert the expression to 'unknown' first.
  Type 'QueryResult<Record<string, unknown>>' is missing the following properties from type 'any[]': length, pop, push, concat, and 35 more.
server/services/improvement-features-service.ts(437,34): error TS2339: Property 'goalName' does not exist on type 'PgTableWithColumns<{ name: "financial_goals"; schema: undefined; columns: { id: PgColumn<{ name: "id"; tableName: "financial_goals"; dataType: "string"; columnType: "PgVarchar"; data: string; driverParam: string; notNull: true; ... 7 more ...; generated: undefined; }, {}, { ...; }>; ... 32 more ...; updatedAt: PgCol...'.
server/services/improvement-features-service.ts(445,36): error TS2339: Property 'goalName' does not exist on type 'PgTableWithColumns<{ name: "financial_goals"; schema: undefined; columns: { id: PgColumn<{ name: "id"; tableName: "financial_goals"; dataType: "string"; columnType: "PgVarchar"; data: string; driverParam: string; notNull: true; ... 7 more ...; generated: undefined; }, {}, { ...; }>; ... 32 more ...; updatedAt: PgCol...'.
server/services/improvement-features-service.ts(457,35): error TS2339: Property 'instrumentSymbol' does not exist on type 'PgTableWithColumns<{ name: "unified_orders"; schema: undefined; columns: { id: PgColumn<{ name: "id"; tableName: "unified_orders"; dataType: "string"; columnType: "PgVarchar"; data: string; driverParam: string; notNull: true; ... 7 more ...; generated: undefined; }, {}, { ...; }>; ... 42 more ...; cancelledAt: PgCol...'.
server/services/improvement-features-service.ts(466,37): error TS2339: Property 'instrumentSymbol' does not exist on type 'PgTableWithColumns<{ name: "unified_orders"; schema: undefined; columns: { id: PgColumn<{ name: "id"; tableName: "unified_orders"; dataType: "string"; columnType: "PgVarchar"; data: string; driverParam: string; notNull: true; ... 7 more ...; generated: undefined; }, {}, { ...; }>; ... 42 more ...; cancelledAt: PgCol...'.
server/services/improvement-features-service.ts(467,37): error TS2339: Property 'instrumentName' does not exist on type 'PgTableWithColumns<{ name: "unified_orders"; schema: undefined; columns: { id: PgColumn<{ name: "id"; tableName: "unified_orders"; dataType: "string"; columnType: "PgVarchar"; data: string; driverParam: string; notNull: true; ... 7 more ...; generated: undefined; }, {}, { ...; }>; ... 42 more ...; cancelledAt: PgCol...'.
server/services/instrument-search-service.ts(211,38): error TS2339: Property 'issuerName' does not exist on type 'PgTableWithColumns<{ name: "corporate_bonds"; schema: undefined; columns: { id: PgColumn<{ name: "id"; tableName: "corporate_bonds"; dataType: "string"; columnType: "PgVarchar"; data: string; driverParam: string; notNull: true; ... 7 more ...; generated: undefined; }, {}, { ...; }>; ... 65 more ...; createdAt: PgCol...'.
server/services/instrument-search-service.ts(221,34): error TS2339: Property 'issuerName' does not exist on type 'PgTableWithColumns<{ name: "corporate_bonds"; schema: undefined; columns: { id: PgColumn<{ name: "id"; tableName: "corporate_bonds"; dataType: "string"; columnType: "PgVarchar"; data: string; driverParam: string; notNull: true; ... 7 more ...; generated: undefined; }, {}, { ...; }>; ... 65 more ...; createdAt: PgCol...'.
server/services/intrinsic-value-calculator.ts(436,9): error TS18047: 'totalDebt' is possibly 'null'.
server/services/intrinsic-value-calculator.ts(436,26): error TS18047: 'interestExpense' is possibly 'null'.
server/services/intrinsic-value-calculator.ts(437,21): error TS18047: 'interestExpense' is possibly 'null'.
server/services/intrinsic-value-calculator.ts(437,39): error TS18047: 'totalDebt' is possibly 'null'.
server/services/intrinsic-value-calculator.ts(440,24): error TS18047: 'marketCap' is possibly 'null'.
server/services/intrinsic-value-calculator.ts(440,36): error TS18047: 'totalDebt' is possibly 'null'.
server/services/intrinsic-value-calculator.ts(445,26): error TS18047: 'marketCap' is possibly 'null'.
server/services/intrinsic-value-calculator.ts(446,24): error TS18047: 'totalDebt' is possibly 'null'.
server/services/intrinsic-value-calculator.ts(774,68): error TS2345: Argument of type 'number | null' is not assignable to parameter of type 'number | undefined'.
  Type 'null' is not assignable to type 'number | undefined'.
server/services/intrinsic-value-calculator.ts(870,41): error TS2339: Property 'sharesOutstanding' does not exist on type '{ id: string; name: string; cin: string | null; isin: string | null; sector: string | null; industry: string | null; rocState: string | null; incorporationDate: string | null; paidUpCapital: string | null; ... 39 more ...; updatedAt: Date | null; }'.
server/services/intrinsic-value-calculator.ts(870,76): error TS2339: Property 'sharesOutstanding' does not exist on type '{ id: string; name: string; cin: string | null; isin: string | null; sector: string | null; industry: string | null; rocState: string | null; incorporationDate: string | null; paidUpCapital: string | null; ... 39 more ...; updatedAt: Date | null; }'.
server/services/intrinsic-value-calculator.ts(871,36): error TS2339: Property 'lastPrice' does not exist on type '{ id: string; name: string; cin: string | null; isin: string | null; sector: string | null; industry: string | null; rocState: string | null; incorporationDate: string | null; paidUpCapital: string | null; ... 39 more ...; updatedAt: Date | null; }'.
server/services/intrinsic-value-calculator.ts(871,63): error TS2339: Property 'lastPrice' does not exist on type '{ id: string; name: string; cin: string | null; isin: string | null; sector: string | null; industry: string | null; rocState: string | null; incorporationDate: string | null; paidUpCapital: string | null; ... 39 more ...; updatedAt: Date | null; }'.
server/services/intrinsic-value-calculator.ts(938,48): error TS2339: Property 'fiscalYear' does not exist on type 'PgTableWithColumns<{ name: "company_financials"; schema: undefined; columns: { id: PgColumn<{ name: "id"; tableName: "company_financials"; dataType: "string"; columnType: "PgVarchar"; data: string; driverParam: string; ... 8 more ...; generated: undefined; }, {}, { ...; }>; ... 30 more ...; updatedAt: PgColumn<...>;...'.
server/services/intrinsic-value-calculator.ts(945,48): error TS2339: Property 'fiscalYear' does not exist on type 'PgTableWithColumns<{ name: "company_financials"; schema: undefined; columns: { id: PgColumn<{ name: "id"; tableName: "company_financials"; dataType: "string"; columnType: "PgVarchar"; data: string; driverParam: string; ... 8 more ...; generated: undefined; }, {}, { ...; }>; ... 30 more ...; updatedAt: PgColumn<...>;...'.
server/services/investment-agreement-generator.ts(66,44): error TS2339: Property 'prospectId' does not exist on type '{ id: string; shareToken: string; agentId: string; agentName: string | null; agentArnCode: string | null; agentMobile: string | null; agentEmail: string | null; prospectName: string; ... 42 more ...; updatedAt: Date; }'.
server/services/investment-agreement-generator.ts(73,43): error TS2339: Property 'recommendedProducts' does not exist on type '{ id: string; shareToken: string; agentId: string; agentName: string | null; agentArnCode: string | null; agentMobile: string | null; agentEmail: string | null; prospectName: string; ... 42 more ...; updatedAt: Date; }'.
server/services/investment-agreement-generator.ts(83,33): error TS2339: Property 'name' does not exist on type '{ id: string; cin: string | null; companyName: string; registrationNumber: string | null; primaryEmail: string | null; primaryMobile: string | null; website: string | null; address: string | null; ... 66 more ...; updatedAt: Date | null; }'.
server/services/investment-agreement-generator.ts(92,33): error TS2339: Property 'pan' does not exist on type '{ id: string; cin: string | null; companyName: string; registrationNumber: string | null; primaryEmail: string | null; primaryMobile: string | null; website: string | null; address: string | null; ... 66 more ...; updatedAt: Date | null; }'.
server/services/investment-agreement-generator.ts(101,33): error TS2339: Property 'email' does not exist on type '{ id: string; cin: string | null; companyName: string; registrationNumber: string | null; primaryEmail: string | null; primaryMobile: string | null; website: string | null; address: string | null; ... 66 more ...; updatedAt: Date | null; }'.
server/services/investment-agreement-generator.ts(110,33): error TS2339: Property 'mobile' does not exist on type '{ id: string; cin: string | null; companyName: string; registrationNumber: string | null; primaryEmail: string | null; primaryMobile: string | null; website: string | null; address: string | null; ... 66 more ...; updatedAt: Date | null; }'.
server/services/investment-cache-service.ts(615,9): error TS2488: Type 'QueryResult<Record<string, unknown>>' must have a '[Symbol.iterator]()' method that returns an iterator.
server/services/investment-cache-service.ts(623,9): error TS2488: Type 'QueryResult<Record<string, unknown>>' must have a '[Symbol.iterator]()' method that returns an iterator.
server/services/investment-cache-service.ts(630,9): error TS2488: Type 'QueryResult<Record<string, unknown>>' must have a '[Symbol.iterator]()' method that returns an iterator.
server/services/investment-cache-service.ts(638,9): error TS2488: Type 'QueryResult<Record<string, unknown>>' must have a '[Symbol.iterator]()' method that returns an iterator.
server/services/investment-cache-service.ts(645,9): error TS2488: Type 'QueryResult<Record<string, unknown>>' must have a '[Symbol.iterator]()' method that returns an iterator.
server/services/investment-data-cache.ts(146,12): error TS2678: Type '"NCD"' is not comparable to type 'UnifiedProductType'.
server/services/investment-data-cache.ts(147,12): error TS2678: Type '"SGB"' is not comparable to type 'UnifiedProductType'.
server/services/investment-data-cache.ts(148,12): error TS2678: Type '"GSEC"' is not comparable to type 'UnifiedProductType'.
server/services/investment-data-cache.ts(164,12): error TS2678: Type '"FD"' is not comparable to type 'UnifiedProductType'.
server/services/investment-data-cache.ts(385,36): error TS7006: Parameter 'fund' implicitly has an 'any' type.
server/services/investment-data-cache.ts(414,7): error TS2322: Type '"amfi"' is not assignable to type '"issuer" | "exchange" | "store" | "admin"'.
server/services/investment-data-cache.ts(446,7): error TS2322: Type '"nse"' is not assignable to type '"issuer" | "exchange" | "store" | "admin"'.
server/services/iris-portfolio-sync-service.ts(228,50): error TS2551: Property 'getExchangeRate' does not exist on type 'CurrencyExchangeService'. Did you mean 'fetchExchangeRates'?
server/services/isin-intelligence-service.ts(291,5): error TS2739: Type '{ isin: string; prefix: "INF"; instrumentFamily: string; instrumentType: string; assetClass: string; subAssetClass: string; primaryRegulator: "SEBI"; secondaryRegulator: null; issuerType: string; ... 4 more ...; confidence: number; }' is missing the following properties from type 'ISINDetectionResult': region, country, exchange, marketType
server/services/isin-intelligence-service.ts(751,12): error TS2769: No overload matches this call.
  Overload 1 of 2, '(value: { name: string | SQL<unknown> | Placeholder<string, any>; isin: string | SQL<unknown> | Placeholder<string, any>; assetClass: string | SQL<unknown> | Placeholder<...>; ... 33 more ...; hasEquityFlag?: boolean | ... 3 more ... | undefined; }): PgInsertBase<...>', gave the following error.
    Object literal may only specify known properties, and 'firstSeenAt' does not exist in type '{ name: string | SQL<unknown> | Placeholder<string, any>; isin: string | SQL<unknown> | Placeholder<string, any>; assetClass: string | SQL<unknown> | Placeholder<...>; ... 33 more ...; hasEquityFlag?: boolean | ... 3 more ... | undefined; }'.
  Overload 2 of 2, '(values: { name: string | SQL<unknown> | Placeholder<string, any>; isin: string | SQL<unknown> | Placeholder<string, any>; assetClass: string | SQL<unknown> | Placeholder<...>; ... 33 more ...; hasEquityFlag?: boolean | ... 3 more ... | undefined; }[]): PgInsertBase<...>', gave the following error.
    Object literal may only specify known properties, and 'issuer' does not exist in type '{ name: string | SQL<unknown> | Placeholder<string, any>; isin: string | SQL<unknown> | Placeholder<string, any>; assetClass: string | SQL<unknown> | Placeholder<...>; ... 33 more ...; hasEquityFlag?: boolean | ... 3 more ... | undefined; }[]'.
server/services/knowledge-hub-service.ts(449,34): error TS2551: Property 'certificationLevel' does not exist on type 'PgTableWithColumns<{ name: "agent_certifications"; schema: undefined; columns: { id: PgColumn<{ name: "id"; tableName: "agent_certifications"; dataType: "string"; columnType: "PgVarchar"; data: string; driverParam: string; ... 8 more ...; generated: undefined; }, {}, { ...; }>; ... 17 more ...; updatedAt: PgColumn<....'. Did you mean 'certificationType'?
server/services/knowledge-hub-service.ts(506,9): error TS2353: Object literal may only specify known properties, and 'usageCount' does not exist in type '{ category?: string | SQL<unknown> | PgColumn<ColumnBaseConfig<ColumnDataType, string>, {}, {}> | undefined; title?: string | SQL<unknown> | PgColumn<...> | undefined; ... 13 more ...; applicableScenarios?: unknown; }'.
server/services/knowledge-hub-service.ts(506,48): error TS2339: Property 'usageCount' does not exist on type 'PgTableWithColumns<{ name: "explanation_templates"; schema: undefined; columns: { id: PgColumn<{ name: "id"; tableName: "explanation_templates"; dataType: "string"; columnType: "PgVarchar"; data: string; driverParam: string; ... 8 more ...; generated: undefined; }, {}, { ...; }>; ... 14 more ...; createdAt: PgColumn...'.
server/services/knowledge-hub-service.ts(514,15): error TS2339: Property 'GoogleGenerativeAI' does not exist on type 'typeof import("/Users/sangrammohanty/Documents/GitHub/FintekPro/node_modules/@google/genai/dist/genai")'.
server/services/kyc-completion-service.ts(172,33): error TS2339: Property 'mobileNumber' does not exist on type '{ id: string; companyName: string | null; address: string | null; password: string; isActive: boolean | null; arnCode: string | null; euinNumber: string | null; panNumber: string | null; ... 122 more ...; shareableProfileEnabled: boolean | null; }'.
server/services/kyc-completion-service.ts(174,46): error TS2339: Property 'mobileNumber' does not exist on type '{ id: string; companyName: string | null; address: string | null; password: string; isActive: boolean | null; arnCode: string | null; euinNumber: string | null; panNumber: string | null; ... 122 more ...; shareableProfileEnabled: boolean | null; }'.
server/services/kyc-completion-service.ts(247,13): error TS2561: Object literal may only specify known properties, but 'lastFetchStatus' does not exist in type '{ name?: string | SQL<unknown> | PgColumn<ColumnBaseConfig<ColumnDataType, string>, {}, {}> | undefined; id?: string | SQL<unknown> | PgColumn<...> | undefined; ... 12 more ...; lastFetchedAt?: SQL<...> | ... 3 more ... | undefined; }'. Did you mean to write 'lastFetchedAt'?
server/services/kyc-completion-service.ts(267,13): error TS2561: Object literal may only specify known properties, but 'lastFetchStatus' does not exist in type '{ name?: string | SQL<unknown> | PgColumn<ColumnBaseConfig<ColumnDataType, string>, {}, {}> | undefined; id?: string | SQL<unknown> | PgColumn<...> | undefined; ... 12 more ...; lastFetchedAt?: SQL<...> | ... 3 more ... | undefined; }'. Did you mean to write 'lastFetchedAt'?
server/services/kyc-completion-service.ts(283,13): error TS2561: Object literal may only specify known properties, but 'lastFetchStatus' does not exist in type '{ name?: string | SQL<unknown> | PgColumn<ColumnBaseConfig<ColumnDataType, string>, {}, {}> | undefined; id?: string | SQL<unknown> | PgColumn<...> | undefined; ... 12 more ...; lastFetchedAt?: SQL<...> | ... 3 more ... | undefined; }'. Did you mean to write 'lastFetchedAt'?
server/services/kyc-completion-service.ts(301,22): error TS2339: Property 'mobileNumber' does not exist on type '{ id: string; companyName: string | null; address: string | null; password: string; isActive: boolean | null; arnCode: string | null; euinNumber: string | null; panNumber: string | null; ... 122 more ...; shareableProfileEnabled: boolean | null; }'.
server/services/kyc-completion-service.ts(326,13): error TS2561: Object literal may only specify known properties, but 'lastFetchStatus' does not exist in type '{ name?: string | SQL<unknown> | PgColumn<ColumnBaseConfig<ColumnDataType, string>, {}, {}> | undefined; id?: string | SQL<unknown> | PgColumn<...> | undefined; ... 12 more ...; lastFetchedAt?: SQL<...> | ... 3 more ... | undefined; }'. Did you mean to write 'lastFetchedAt'?
server/services/kyc-completion-service.ts(342,13): error TS2561: Object literal may only specify known properties, but 'lastFetchStatus' does not exist in type '{ name?: string | SQL<unknown> | PgColumn<ColumnBaseConfig<ColumnDataType, string>, {}, {}> | undefined; id?: string | SQL<unknown> | PgColumn<...> | undefined; ... 12 more ...; lastFetchedAt?: SQL<...> | ... 3 more ... | undefined; }'. Did you mean to write 'lastFetchedAt'?
server/services/kyc-completion-service.ts(369,14): error TS2769: No overload matches this call.
  Overload 1 of 2, '(value: { name: string | SQL<unknown> | Placeholder<string, any>; id?: string | SQL<unknown> | Placeholder<string, any> | undefined; isVerified?: boolean | SQL<...> | Placeholder<...> | null | undefined; ... 11 more ...; lastFetchedAt?: SQL<...> | ... 3 more ... | undefined; }): PgInsertBase<...>', gave the following error.
    Object literal may only specify known properties, but 'lastFetchStatus' does not exist in type '{ name: string | SQL<unknown> | Placeholder<string, any>; id?: string | SQL<unknown> | Placeholder<string, any> | undefined; isVerified?: boolean | SQL<unknown> | Placeholder<...> | null | undefined; ... 11 more ...; lastFetchedAt?: SQL<...> | ... 3 more ... | undefined; }'. Did you mean to write 'lastFetchedAt'?
  Overload 2 of 2, '(values: { name: string | SQL<unknown> | Placeholder<string, any>; id?: string | SQL<unknown> | Placeholder<string, any> | undefined; isVerified?: boolean | SQL<...> | Placeholder<...> | null | undefined; ... 11 more ...; lastFetchedAt?: SQL<...> | ... 3 more ... | undefined; }[]): PgInsertBase<...>', gave the following error.
    Object literal may only specify known properties, and 'userId' does not exist in type '{ name: string | SQL<unknown> | Placeholder<string, any>; id?: string | SQL<unknown> | Placeholder<string, any> | undefined; isVerified?: boolean | SQL<unknown> | Placeholder<...> | null | undefined; ... 11 more ...; lastFetchedAt?: SQL<...> | ... 3 more ... | undefined; }[]'.
server/services/kyc-completion-service.ts(405,15): error TS2561: Object literal may only specify known properties, but 'lastFetchStatus' does not exist in type '{ name?: string | SQL<unknown> | PgColumn<ColumnBaseConfig<ColumnDataType, string>, {}, {}> | undefined; id?: string | SQL<unknown> | PgColumn<...> | undefined; ... 12 more ...; lastFetchedAt?: SQL<...> | ... 3 more ... | undefined; }'. Did you mean to write 'lastFetchedAt'?
server/services/kyc-completion-service.ts(627,75): error TS2339: Property 'source' does not exist on type 'DematTransactionResponse'.
server/services/kyc-completion-service.ts(651,48): error TS2339: Property 'source' does not exist on type 'DematTransactionResponse'.
server/services/kyc-completion-service.ts(686,32): error TS2339: Property 'tds' does not exist on type 'DematTransaction'.
server/services/kyc-completion-service.ts(711,13): error TS2561: Object literal may only specify known properties, but 'lastFetchStatus' does not exist in type '{ name?: string | SQL<unknown> | PgColumn<ColumnBaseConfig<ColumnDataType, string>, {}, {}> | undefined; id?: string | SQL<unknown> | PgColumn<...> | undefined; ... 12 more ...; lastFetchedAt?: SQL<...> | ... 3 more ... | undefined; }'. Did you mean to write 'lastFetchedAt'?
server/services/kyc-lrs-monitor-service.ts(108,21): error TS2353: Object literal may only specify known properties, and 'totalUsd' does not exist in type '{ ip?: string | undefined; userAgent?: string | undefined; networkState?: string | undefined; idempotencyKey?: string | undefined; executionId?: string | undefined; sessionId?: string | undefined; requestPath?: string | undefined; requestMethod?: string | undefined; }'.
server/services/kyc-maker-checker-service.ts(68,9): error TS2769: No overload matches this call.
  Overload 1 of 2, '(value: { purpose: string | SQL<unknown> | Placeholder<string, any>; accessType: string | SQL<unknown> | Placeholder<string, any>; id?: string | SQL<unknown> | Placeholder<...> | undefined; ... 14 more ...; complianceCheckPassed?: boolean | ... 3 more ... | undefined; }): PgInsertBase<...>', gave the following error.
    Object literal may only specify known properties, and 'sessionId' does not exist in type '{ purpose: string | SQL<unknown> | Placeholder<string, any>; accessType: string | SQL<unknown> | Placeholder<string, any>; id?: string | SQL<unknown> | Placeholder<...> | undefined; ... 14 more ...; complianceCheckPassed?: boolean | ... 3 more ... | undefined; }'.
  Overload 2 of 2, '(values: { purpose: string | SQL<unknown> | Placeholder<string, any>; accessType: string | SQL<unknown> | Placeholder<string, any>; id?: string | SQL<unknown> | Placeholder<...> | undefined; ... 14 more ...; complianceCheckPassed?: boolean | ... 3 more ... | undefined; }[]): PgInsertBase<...>', gave the following error.
    Object literal may only specify known properties, and 'sessionId' does not exist in type '{ purpose: string | SQL<unknown> | Placeholder<string, any>; accessType: string | SQL<unknown> | Placeholder<string, any>; id?: string | SQL<unknown> | Placeholder<...> | undefined; ... 14 more ...; complianceCheckPassed?: boolean | ... 3 more ... | undefined; }[]'.
server/services/kyc-maker-checker-service.ts(117,9): error TS2769: No overload matches this call.
  Overload 1 of 2, '(value: { purpose: string | SQL<unknown> | Placeholder<string, any>; accessType: string | SQL<unknown> | Placeholder<string, any>; id?: string | SQL<unknown> | Placeholder<...> | undefined; ... 14 more ...; complianceCheckPassed?: boolean | ... 3 more ... | undefined; }): PgInsertBase<...>', gave the following error.
    Object literal may only specify known properties, and 'sessionId' does not exist in type '{ purpose: string | SQL<unknown> | Placeholder<string, any>; accessType: string | SQL<unknown> | Placeholder<string, any>; id?: string | SQL<unknown> | Placeholder<...> | undefined; ... 14 more ...; complianceCheckPassed?: boolean | ... 3 more ... | undefined; }'.
  Overload 2 of 2, '(values: { purpose: string | SQL<unknown> | Placeholder<string, any>; accessType: string | SQL<unknown> | Placeholder<string, any>; id?: string | SQL<unknown> | Placeholder<...> | undefined; ... 14 more ...; complianceCheckPassed?: boolean | ... 3 more ... | undefined; }[]): PgInsertBase<...>', gave the following error.
    Object literal may only specify known properties, and 'sessionId' does not exist in type '{ purpose: string | SQL<unknown> | Placeholder<string, any>; accessType: string | SQL<unknown> | Placeholder<string, any>; id?: string | SQL<unknown> | Placeholder<...> | undefined; ... 14 more ...; complianceCheckPassed?: boolean | ... 3 more ... | undefined; }[]'.
server/services/kyc-maker-checker-service.ts(169,9): error TS2769: No overload matches this call.
  Overload 1 of 2, '(value: { purpose: string | SQL<unknown> | Placeholder<string, any>; accessType: string | SQL<unknown> | Placeholder<string, any>; id?: string | SQL<unknown> | Placeholder<...> | undefined; ... 14 more ...; complianceCheckPassed?: boolean | ... 3 more ... | undefined; }): PgInsertBase<...>', gave the following error.
    Object literal may only specify known properties, and 'sessionId' does not exist in type '{ purpose: string | SQL<unknown> | Placeholder<string, any>; accessType: string | SQL<unknown> | Placeholder<string, any>; id?: string | SQL<unknown> | Placeholder<...> | undefined; ... 14 more ...; complianceCheckPassed?: boolean | ... 3 more ... | undefined; }'.
  Overload 2 of 2, '(values: { purpose: string | SQL<unknown> | Placeholder<string, any>; accessType: string | SQL<unknown> | Placeholder<string, any>; id?: string | SQL<unknown> | Placeholder<...> | undefined; ... 14 more ...; complianceCheckPassed?: boolean | ... 3 more ... | undefined; }[]): PgInsertBase<...>', gave the following error.
    Object literal may only specify known properties, and 'sessionId' does not exist in type '{ purpose: string | SQL<unknown> | Placeholder<string, any>; accessType: string | SQL<unknown> | Placeholder<string, any>; id?: string | SQL<unknown> | Placeholder<...> | undefined; ... 14 more ...; complianceCheckPassed?: boolean | ... 3 more ... | undefined; }[]'.
server/services/kyc-orchestration-engine.ts(344,49): error TS2345: Argument of type '{ panNumber: any; fullName: any; dateOfBirth: any; }' is not assignable to parameter of type 'CkycVerificationRequest'.
  Property 'userId' is missing in type '{ panNumber: any; fullName: any; dateOfBirth: any; }' but required in type 'CkycVerificationRequest'.
server/services/kyc-orchestration-engine.ts(629,49): error TS2345: Argument of type '{ panNumber: any; fullName: any; dateOfBirth: any; }' is not assignable to parameter of type 'CkycVerificationRequest'.
  Property 'userId' is missing in type '{ panNumber: any; fullName: any; dateOfBirth: any; }' but required in type 'CkycVerificationRequest'.
server/services/kyc-orchestration-engine.ts(698,22): error TS2339: Property 'valid' does not exist on type 'GSTINDetails'.
server/services/kyc-orchestration-engine.ts(705,35): error TS2339: Property 'legalName' does not exist on type 'GSTINDetails'.
server/services/kyc-orchestration-engine.ts(707,42): error TS2339: Property 'registrationDate' does not exist on type 'GSTINDetails'.
server/services/kyc-orchestration-engine.ts(708,32): error TS2339: Property 'status' does not exist on type 'GSTINDetails'.
server/services/kyc-orchestration-engine.ts(710,33): error TS2339: Property 'principalAddress' does not exist on type 'GSTINDetails'.
server/services/kyc-orchestration-engine.ts(717,34): error TS2339: Property 'message' does not exist on type 'GSTINDetails'.
server/services/kyc-orchestration-engine.ts(734,39): error TS2339: Property 'getCompanyByCIN' does not exist on type 'SandboxKYCService'.
server/services/kyc-orchestration-engine.ts(735,39): error TS2339: Property 'searchMCACompany' does not exist on type 'SandboxKYCService'.
server/services/kyc-orchestrator-service.ts(177,18): error TS2339: Property 'panVerifiedViaSandbox' does not exist on type '{ id: string; userId: string; clientType: string | null; entityType: string | null; firstName: string | null; middleName: string | null; lastName: string | null; gender: string | null; ... 104 more ...; updatedAt: Date | null; }'.
server/services/kyc-orchestrator-service.ts(187,18): error TS2339: Property 'ckycFetchedViaAuthBridge' does not exist on type '{ id: string; userId: string; clientType: string | null; entityType: string | null; firstName: string | null; middleName: string | null; lastName: string | null; gender: string | null; ... 104 more ...; updatedAt: Date | null; }'.
server/services/kyc-orchestrator-service.ts(187,55): error TS2339: Property 'ckycAuthBridgeStatus' does not exist on type '{ id: string; userId: string; clientType: string | null; entityType: string | null; firstName: string | null; middleName: string | null; lastName: string | null; gender: string | null; ... 104 more ...; updatedAt: Date | null; }'.
server/services/kyc-orchestrator-service.ts(194,18): error TS2339: Property 'aadhaarVerifiedViaSmartKyc' does not exist on type '{ id: string; userId: string; clientType: string | null; entityType: string | null; firstName: string | null; middleName: string | null; lastName: string | null; gender: string | null; ... 104 more ...; updatedAt: Date | null; }'.
server/services/kyc-orchestrator-service.ts(199,40): error TS2339: Property 'kycLevel' does not exist on type '{ id: string; userId: string; clientType: string | null; entityType: string | null; firstName: string | null; middleName: string | null; lastName: string | null; gender: string | null; ... 104 more ...; updatedAt: Date | null; }'.
server/services/kyc-orchestrator-service.ts(222,55): error TS2769: No overload matches this call.
  Overload 1 of 2, '(value: { id?: string | SQL<unknown> | Placeholder<string, any> | undefined; isActive?: boolean | SQL<unknown> | Placeholder<string, any> | null | undefined; ... 33 more ...; aadhaarVerificationData?: unknown; }): PgInsertBase<...>', gave the following error.
    Object literal may only specify known properties, and 'entityType' does not exist in type '{ id?: string | SQL<unknown> | Placeholder<string, any> | undefined; isActive?: boolean | SQL<unknown> | Placeholder<string, any> | null | undefined; panNumber?: string | ... 3 more ... | undefined; ... 32 more ...; aadhaarVerificationData?: unknown; }'.
  Overload 2 of 2, '(values: { id?: string | SQL<unknown> | Placeholder<string, any> | undefined; isActive?: boolean | SQL<unknown> | Placeholder<string, any> | null | undefined; ... 33 more ...; aadhaarVerificationData?: unknown; }[]): PgInsertBase<...>', gave the following error.
    Object literal may only specify known properties, and 'id' does not exist in type '{ id?: string | SQL<unknown> | Placeholder<string, any> | undefined; isActive?: boolean | SQL<unknown> | Placeholder<string, any> | null | undefined; panNumber?: string | ... 3 more ... | undefined; ... 32 more ...; aadhaarVerificationData?: unknown; }[]'.
server/services/kyc-portfolio-migration-service.ts(133,43): error TS2769: No overload matches this call.
  Overload 1 of 2, '(value: { expiresAt: SQL<unknown> | Date | Placeholder<string, any>; dataSource: string | SQL<unknown> | Placeholder<string, any>; consentGiven: boolean | SQL<...> | Placeholder<...>; ... 17 more ...; regulatoryCompliance?: unknown; }): PgInsertBase<...>', gave the following error.
    Argument of type '{ userId: any; dataSource: "all" | "mutual_funds" | "bank" | "demat"; provider: string; consentGiven: boolean; consentPurpose: string; consentText: string; ipAddress: string | undefined; userAgent: string | undefined; }' is not assignable to parameter of type '{ expiresAt: SQL<unknown> | Date | Placeholder<string, any>; dataSource: string | SQL<unknown> | Placeholder<string, any>; consentGiven: boolean | SQL<...> | Placeholder<...>; ... 17 more ...; regulatoryCompliance?: unknown; }'.
      Property 'expiresAt' is missing in type '{ userId: any; dataSource: "all" | "mutual_funds" | "bank" | "demat"; provider: string; consentGiven: boolean; consentPurpose: string; consentText: string; ipAddress: string | undefined; userAgent: string | undefined; }' but required in type '{ expiresAt: SQL<unknown> | Date | Placeholder<string, any>; dataSource: string | SQL<unknown> | Placeholder<string, any>; consentGiven: boolean | SQL<...> | Placeholder<...>; ... 17 more ...; regulatoryCompliance?: unknown; }'.
  Overload 2 of 2, '(values: { expiresAt: SQL<unknown> | Date | Placeholder<string, any>; dataSource: string | SQL<unknown> | Placeholder<string, any>; consentGiven: boolean | SQL<...> | Placeholder<...>; ... 17 more ...; regulatoryCompliance?: unknown; }[]): PgInsertBase<...>', gave the following error.
    Object literal may only specify known properties, and 'userId' does not exist in type '{ expiresAt: SQL<unknown> | Date | Placeholder<string, any>; dataSource: string | SQL<unknown> | Placeholder<string, any>; consentGiven: boolean | SQL<...> | Placeholder<...>; ... 17 more ...; regulatoryCompliance?: unknown; }[]'.
server/services/kyc-portfolio-migration-service.ts(213,9): error TS2353: Object literal may only specify known properties, and 'avgCostPerUnit' does not exist in type '{ symbol: string; portfolioId: string; dataSource: string; assetType: string; holdingDate: string; assetName: string; kycStatus?: string | null | undefined; interestRate?: string | null | undefined; ... 39 more ...; advisorArnCode?: string | ... 1 more ... | undefined; }'.
server/services/kyc-portfolio-migration-service.ts(320,15): error TS2353: Object literal may only specify known properties, and 'unrealizedGainLoss' does not exist in type '{ symbol?: string | SQL<unknown> | PgColumn<ColumnBaseConfig<ColumnDataType, string>, {}, {}> | undefined; portfolioId?: string | SQL<...> | PgColumn<...> | undefined; ... 49 more ...; advisorArnCode?: string | ... 3 more ... | undefined; }'.
server/services/kyc-portfolio-migration-service.ts(328,46): error TS2769: No overload matches this call.
  Overload 1 of 2, '(value: { symbol: string | SQL<unknown> | Placeholder<string, any>; portfolioId: string | SQL<unknown> | Placeholder<string, any>; dataSource: string | SQL<...> | Placeholder<...>; ... 48 more ...; advisorArnCode?: string | ... 3 more ... | undefined; }): PgInsertBase<...>', gave the following error.
    Object literal may only specify known properties, and 'avgCostPerUnit' does not exist in type '{ symbol: string | SQL<unknown> | Placeholder<string, any>; portfolioId: string | SQL<unknown> | Placeholder<string, any>; dataSource: string | SQL<unknown> | Placeholder<...>; ... 48 more ...; advisorArnCode?: string | ... 3 more ... | undefined; }'.
  Overload 2 of 2, '(values: { symbol: string | SQL<unknown> | Placeholder<string, any>; portfolioId: string | SQL<unknown> | Placeholder<string, any>; dataSource: string | SQL<...> | Placeholder<...>; ... 48 more ...; advisorArnCode?: string | ... 3 more ... | undefined; }[]): PgInsertBase<...>', gave the following error.
    Object literal may only specify known properties, and 'portfolioId' does not exist in type '{ symbol: string | SQL<unknown> | Placeholder<string, any>; portfolioId: string | SQL<unknown> | Placeholder<string, any>; dataSource: string | SQL<unknown> | Placeholder<...>; ... 48 more ...; advisorArnCode?: string | ... 3 more ... | undefined; }[]'.
server/services/kyc-rejection-service.ts(64,9): error TS2769: No overload matches this call.
  Overload 1 of 2, '(value: { purpose: string | SQL<unknown> | Placeholder<string, any>; accessType: string | SQL<unknown> | Placeholder<string, any>; id?: string | SQL<unknown> | Placeholder<...> | undefined; ... 14 more ...; complianceCheckPassed?: boolean | ... 3 more ... | undefined; }): PgInsertBase<...>', gave the following error.
    Object literal may only specify known properties, and 'sessionId' does not exist in type '{ purpose: string | SQL<unknown> | Placeholder<string, any>; accessType: string | SQL<unknown> | Placeholder<string, any>; id?: string | SQL<unknown> | Placeholder<...> | undefined; ... 14 more ...; complianceCheckPassed?: boolean | ... 3 more ... | undefined; }'.
  Overload 2 of 2, '(values: { purpose: string | SQL<unknown> | Placeholder<string, any>; accessType: string | SQL<unknown> | Placeholder<string, any>; id?: string | SQL<unknown> | Placeholder<...> | undefined; ... 14 more ...; complianceCheckPassed?: boolean | ... 3 more ... | undefined; }[]): PgInsertBase<...>', gave the following error.
    Object literal may only specify known properties, and 'sessionId' does not exist in type '{ purpose: string | SQL<unknown> | Placeholder<string, any>; accessType: string | SQL<unknown> | Placeholder<string, any>; id?: string | SQL<unknown> | Placeholder<...> | undefined; ... 14 more ...; complianceCheckPassed?: boolean | ... 3 more ... | undefined; }[]'.
server/services/kyc-rejection-service.ts(127,9): error TS2769: No overload matches this call.
  Overload 1 of 2, '(value: { purpose: string | SQL<unknown> | Placeholder<string, any>; accessType: string | SQL<unknown> | Placeholder<string, any>; id?: string | SQL<unknown> | Placeholder<...> | undefined; ... 14 more ...; complianceCheckPassed?: boolean | ... 3 more ... | undefined; }): PgInsertBase<...>', gave the following error.
    Object literal may only specify known properties, and 'sessionId' does not exist in type '{ purpose: string | SQL<unknown> | Placeholder<string, any>; accessType: string | SQL<unknown> | Placeholder<string, any>; id?: string | SQL<unknown> | Placeholder<...> | undefined; ... 14 more ...; complianceCheckPassed?: boolean | ... 3 more ... | undefined; }'.
  Overload 2 of 2, '(values: { purpose: string | SQL<unknown> | Placeholder<string, any>; accessType: string | SQL<unknown> | Placeholder<string, any>; id?: string | SQL<unknown> | Placeholder<...> | undefined; ... 14 more ...; complianceCheckPassed?: boolean | ... 3 more ... | undefined; }[]): PgInsertBase<...>', gave the following error.
    Object literal may only specify known properties, and 'sessionId' does not exist in type '{ purpose: string | SQL<unknown> | Placeholder<string, any>; accessType: string | SQL<unknown> | Placeholder<string, any>; id?: string | SQL<unknown> | Placeholder<...> | undefined; ... 14 more ...; complianceCheckPassed?: boolean | ... 3 more ... | undefined; }[]'.
server/services/kyc-rejection-service.ts(170,9): error TS2769: No overload matches this call.
  Overload 1 of 2, '(value: { purpose: string | SQL<unknown> | Placeholder<string, any>; accessType: string | SQL<unknown> | Placeholder<string, any>; id?: string | SQL<unknown> | Placeholder<...> | undefined; ... 14 more ...; complianceCheckPassed?: boolean | ... 3 more ... | undefined; }): PgInsertBase<...>', gave the following error.
    Object literal may only specify known properties, and 'sessionId' does not exist in type '{ purpose: string | SQL<unknown> | Placeholder<string, any>; accessType: string | SQL<unknown> | Placeholder<string, any>; id?: string | SQL<unknown> | Placeholder<...> | undefined; ... 14 more ...; complianceCheckPassed?: boolean | ... 3 more ... | undefined; }'.
  Overload 2 of 2, '(values: { purpose: string | SQL<unknown> | Placeholder<string, any>; accessType: string | SQL<unknown> | Placeholder<string, any>; id?: string | SQL<unknown> | Placeholder<...> | undefined; ... 14 more ...; complianceCheckPassed?: boolean | ... 3 more ... | undefined; }[]): PgInsertBase<...>', gave the following error.
    Object literal may only specify known properties, and 'sessionId' does not exist in type '{ purpose: string | SQL<unknown> | Placeholder<string, any>; accessType: string | SQL<unknown> | Placeholder<string, any>; id?: string | SQL<unknown> | Placeholder<...> | undefined; ... 14 more ...; complianceCheckPassed?: boolean | ... 3 more ... | undefined; }[]'.
server/services/kyc-reuse-token-service.ts(189,39): error TS2769: No overload matches this call.
  Overload 1 of 2, '(value: { expiresAt: SQL<unknown> | Date | Placeholder<string, any>; tokenId: string | SQL<unknown> | Placeholder<string, any>; encryptedJwtPayload: string | ... 1 more ... | Placeholder<...>; ... 12 more ...; issuedAt?: SQL<...> | ... 3 more ... | undefined; }): PgInsertBase<...>', gave the following error.
    Object literal may only specify known properties, and 'maxUsageLimit' does not exist in type '{ expiresAt: SQL<unknown> | Date | Placeholder<string, any>; tokenId: string | SQL<unknown> | Placeholder<string, any>; encryptedJwtPayload: string | SQL<...> | Placeholder<...>; ... 12 more ...; issuedAt?: SQL<...> | ... 3 more ... | undefined; }'.
  Overload 2 of 2, '(values: { expiresAt: SQL<unknown> | Date | Placeholder<string, any>; tokenId: string | SQL<unknown> | Placeholder<string, any>; encryptedJwtPayload: string | ... 1 more ... | Placeholder<...>; ... 12 more ...; issuedAt?: SQL<...> | ... 3 more ... | undefined; }[]): PgInsertBase<...>', gave the following error.
    Object literal may only specify known properties, and 'tokenId' does not exist in type '{ expiresAt: SQL<unknown> | Date | Placeholder<string, any>; tokenId: string | SQL<unknown> | Placeholder<string, any>; encryptedJwtPayload: string | SQL<...> | Placeholder<...>; ... 12 more ...; issuedAt?: SQL<...> | ... 3 more ... | undefined; }[]'.
server/services/kyc-reuse-token-service.ts(280,23): error TS2339: Property 'maxUsageLimit' does not exist on type '{ id: string; tokenId: string; userId: string | null; prospectId: string | null; createdByAgentId: string | null; encryptedJwtPayload: string; jwtSignature: string; tokenPurpose: string | null; ... 7 more ...; expiresAt: Date; }'.
server/services/kyc-reuse-token-service.ts(280,53): error TS2339: Property 'usageCount' does not exist on type '{ id: string; tokenId: string; userId: string | null; prospectId: string | null; createdByAgentId: string | null; encryptedJwtPayload: string; jwtSignature: string; tokenPurpose: string | null; ... 7 more ...; expiresAt: Date; }'.
server/services/kyc-reuse-token-service.ts(280,85): error TS2339: Property 'maxUsageLimit' does not exist on type '{ id: string; tokenId: string; userId: string | null; prospectId: string | null; createdByAgentId: string | null; encryptedJwtPayload: string; jwtSignature: string; tokenPurpose: string | null; ... 7 more ...; expiresAt: Date; }'.
server/services/kyc-reuse-token-service.ts(305,11): error TS2353: Object literal may only specify known properties, and 'usageCount' does not exist in type '{ expiresAt?: SQL<unknown> | Date | PgColumn<ColumnBaseConfig<ColumnDataType, string>, {}, {}> | undefined; tokenId?: string | SQL<...> | PgColumn<...> | undefined; ... 13 more ...; issuedAt?: SQL<...> | ... 3 more ... | undefined; }'.
server/services/kyc-reuse-token-service.ts(305,36): error TS2339: Property 'usageCount' does not exist on type '{ id: string; tokenId: string; userId: string | null; prospectId: string | null; createdByAgentId: string | null; encryptedJwtPayload: string; jwtSignature: string; tokenPurpose: string | null; ... 7 more ...; expiresAt: Date; }'.
server/services/kyc-upgrade-notification-service.ts(87,47): error TS2339: Property 'panVerifiedViaSandbox' does not exist on type 'PgTableWithColumns<{ name: "user_profiles"; schema: undefined; columns: { id: PgColumn<{ name: "id"; tableName: "user_profiles"; dataType: "string"; columnType: "PgVarchar"; data: string; driverParam: string; notNull: true; ... 7 more ...; generated: undefined; }, {}, { ...; }>; ... 111 more ...; updatedAt: PgColumn...'.
server/services/kyc-upgrade-notification-service.ts(89,34): error TS2339: Property 'kycLevel' does not exist on type 'PgTableWithColumns<{ name: "user_profiles"; schema: undefined; columns: { id: PgColumn<{ name: "id"; tableName: "user_profiles"; dataType: "string"; columnType: "PgVarchar"; data: string; driverParam: string; notNull: true; ... 7 more ...; generated: undefined; }, {}, { ...; }>; ... 111 more ...; updatedAt: PgColumn...'.
server/services/kyc-upgrade-notification-service.ts(91,52): error TS2339: Property 'aadhaarVerifiedViaSmartKyc' does not exist on type 'PgTableWithColumns<{ name: "user_profiles"; schema: undefined; columns: { id: PgColumn<{ name: "id"; tableName: "user_profiles"; dataType: "string"; columnType: "PgVarchar"; data: string; driverParam: string; notNull: true; ... 7 more ...; generated: undefined; }, {}, { ...; }>; ... 111 more ...; updatedAt: PgColumn...'.
server/services/kyc-upgrade-notification-service.ts(92,50): error TS2339: Property 'ckycFetchedViaAuthBridge' does not exist on type 'PgTableWithColumns<{ name: "user_profiles"; schema: undefined; columns: { id: PgColumn<{ name: "id"; tableName: "user_profiles"; dataType: "string"; columnType: "PgVarchar"; data: string; driverParam: string; notNull: true; ... 7 more ...; generated: undefined; }, {}, { ...; }>; ... 111 more ...; updatedAt: PgColumn...'.
server/services/kyc-upgrade-notification-service.ts(93,46): error TS2339: Property 'ckycAuthBridgeStatus' does not exist on type 'PgTableWithColumns<{ name: "user_profiles"; schema: undefined; columns: { id: PgColumn<{ name: "id"; tableName: "user_profiles"; dataType: "string"; columnType: "PgVarchar"; data: string; driverParam: string; notNull: true; ... 7 more ...; generated: undefined; }, {}, { ...; }>; ... 111 more ...; updatedAt: PgColumn...'.
server/services/kyc-upgrade-notification-service.ts(333,37): error TS2339: Property 'sendSMS' does not exist on type 'TwilioVerifyService'.
server/services/kyc-upgrade-notification-service.ts(400,51): error TS2345: Argument of type 'string | null' is not assignable to parameter of type 'string'.
  Type 'null' is not assignable to type 'string'.
server/services/kyc-upgrade-notification-service.ts(414,15): error TS2769: No overload matches this call.
  Overload 1 of 3, '(left: PgColumn<{ name: "user_id"; tableName: "kyc_upgrade_reminders"; dataType: "string"; columnType: "PgVarchar"; data: string; driverParam: string; notNull: false; hasDefault: false; isPrimaryKey: false; ... 5 more ...; generated: undefined; }, {}, { ...; }>, right: string | SQLWrapper): SQL<...>', gave the following error.
    Argument of type 'string | null' is not assignable to parameter of type 'string | SQLWrapper'.
      Type 'null' is not assignable to type 'string | SQLWrapper'.
  Overload 2 of 3, '(left: Aliased<string | null>, right: string | SQLWrapper | null): SQL<unknown>', gave the following error.
    Argument of type 'PgColumn<{ name: "user_id"; tableName: "kyc_upgrade_reminders"; dataType: "string"; columnType: "PgVarchar"; data: string; driverParam: string; notNull: false; hasDefault: false; isPrimaryKey: false; ... 5 more ...; generated: undefined; }, {}, { ...; }>' is not assignable to parameter of type 'Aliased<string | null>'.
      Type 'PgColumn<{ name: "user_id"; tableName: "kyc_upgrade_reminders"; dataType: "string"; columnType: "PgVarchar"; data: string; driverParam: string; notNull: false; hasDefault: false; isPrimaryKey: false; ... 5 more ...; generated: undefined; }, {}, { ...; }>' is missing the following properties from type 'Aliased<string | null>': sql, fieldAlias
  Overload 3 of 3, '(left: never, right: unknown): SQL<unknown>', gave the following error.
    Argument of type 'PgColumn<{ name: "user_id"; tableName: "kyc_upgrade_reminders"; dataType: "string"; columnType: "PgVarchar"; data: string; driverParam: string; notNull: false; hasDefault: false; isPrimaryKey: false; ... 5 more ...; generated: undefined; }, {}, { ...; }>' is not assignable to parameter of type 'never'.
server/services/kyc-upgrade-notification-service.ts(423,48): error TS2345: Argument of type 'string | null' is not assignable to parameter of type 'string'.
  Type 'null' is not assignable to type 'string'.
server/services/kyc-video-service.ts(83,9): error TS2769: No overload matches this call.
  Overload 1 of 2, '(value: { purpose: string | SQL<unknown> | Placeholder<string, any>; accessType: string | SQL<unknown> | Placeholder<string, any>; id?: string | SQL<unknown> | Placeholder<...> | undefined; ... 14 more ...; complianceCheckPassed?: boolean | ... 3 more ... | undefined; }): PgInsertBase<...>', gave the following error.
    Object literal may only specify known properties, and 'sessionId' does not exist in type '{ purpose: string | SQL<unknown> | Placeholder<string, any>; accessType: string | SQL<unknown> | Placeholder<string, any>; id?: string | SQL<unknown> | Placeholder<...> | undefined; ... 14 more ...; complianceCheckPassed?: boolean | ... 3 more ... | undefined; }'.
  Overload 2 of 2, '(values: { purpose: string | SQL<unknown> | Placeholder<string, any>; accessType: string | SQL<unknown> | Placeholder<string, any>; id?: string | SQL<unknown> | Placeholder<...> | undefined; ... 14 more ...; complianceCheckPassed?: boolean | ... 3 more ... | undefined; }[]): PgInsertBase<...>', gave the following error.
    Object literal may only specify known properties, and 'sessionId' does not exist in type '{ purpose: string | SQL<unknown> | Placeholder<string, any>; accessType: string | SQL<unknown> | Placeholder<string, any>; id?: string | SQL<unknown> | Placeholder<...> | undefined; ... 14 more ...; complianceCheckPassed?: boolean | ... 3 more ... | undefined; }[]'.
server/services/kyc-video-service.ts(151,21): error TS2339: Property 'isHighRiskCustomer' does not exist on type '{ id: string; userId: string; clientType: string | null; entityType: string | null; firstName: string | null; middleName: string | null; lastName: string | null; gender: string | null; ... 104 more ...; updatedAt: Date | null; }'.
server/services/kyc-video-service.ts(152,21): error TS2339: Property 'investorType' does not exist on type '{ id: string; userId: string; clientType: string | null; entityType: string | null; firstName: string | null; middleName: string | null; lastName: string | null; gender: string | null; ... 104 more ...; updatedAt: Date | null; }'.
server/services/kyc-video-service.ts(163,15): error TS2353: Object literal may only specify known properties, and 'videoKycCompleted' does not exist in type '{ userId?: string | SQL<unknown> | PgColumn<ColumnBaseConfig<ColumnDataType, string>, {}, {}> | undefined; id?: string | SQL<unknown> | PgColumn<...> | undefined; ... 110 more ...; numberOfDependents?: number | ... 3 more ... | undefined; }'.
server/services/kyc-video-service.ts(164,46): error TS2339: Property 'videoKycCompletedDate' does not exist on type '{ id: string; userId: string; clientType: string | null; entityType: string | null; firstName: string | null; middleName: string | null; lastName: string | null; gender: string | null; ... 104 more ...; updatedAt: Date | null; }'.
server/services/kyc-video-service.ts(174,9): error TS2769: No overload matches this call.
  Overload 1 of 2, '(value: { purpose: string | SQL<unknown> | Placeholder<string, any>; accessType: string | SQL<unknown> | Placeholder<string, any>; id?: string | SQL<unknown> | Placeholder<...> | undefined; ... 14 more ...; complianceCheckPassed?: boolean | ... 3 more ... | undefined; }): PgInsertBase<...>', gave the following error.
    Object literal may only specify known properties, and 'sessionId' does not exist in type '{ purpose: string | SQL<unknown> | Placeholder<string, any>; accessType: string | SQL<unknown> | Placeholder<string, any>; id?: string | SQL<unknown> | Placeholder<...> | undefined; ... 14 more ...; complianceCheckPassed?: boolean | ... 3 more ... | undefined; }'.
  Overload 2 of 2, '(values: { purpose: string | SQL<unknown> | Placeholder<string, any>; accessType: string | SQL<unknown> | Placeholder<string, any>; id?: string | SQL<unknown> | Placeholder<...> | undefined; ... 14 more ...; complianceCheckPassed?: boolean | ... 3 more ... | undefined; }[]): PgInsertBase<...>', gave the following error.
    Object literal may only specify known properties, and 'sessionId' does not exist in type '{ purpose: string | SQL<unknown> | Placeholder<string, any>; accessType: string | SQL<unknown> | Placeholder<string, any>; id?: string | SQL<unknown> | Placeholder<...> | undefined; ... 14 more ...; complianceCheckPassed?: boolean | ... 3 more ... | undefined; }[]'.
server/services/kyc-workflow-orchestrator.ts(441,39): error TS2769: No overload matches this call.
  Overload 1 of 2, '(value: { partnerId: string | SQL<unknown> | Placeholder<string, any>; userId: string | SQL<unknown> | Placeholder<string, any>; purpose: string | SQL<unknown> | Placeholder<...>; ... 14 more ...; consentSignature?: string | ... 3 more ... | undefined; }): PgInsertBase<...>', gave the following error.
    Argument of type '{ userId: string; consentType: string; consentGiven: true; consentText: string; purpose: string; ipAddress: string | undefined; userAgent: string | undefined; consentSignature: string; expiresAt: null; }' is not assignable to parameter of type '{ partnerId: string | SQL<unknown> | Placeholder<string, any>; userId: string | SQL<unknown> | Placeholder<string, any>; purpose: string | SQL<unknown> | Placeholder<...>; ... 14 more ...; consentSignature?: string | ... 3 more ... | undefined; }'.
      Type '{ userId: string; consentType: string; consentGiven: true; consentText: string; purpose: string; ipAddress: string | undefined; userAgent: string | undefined; consentSignature: string; expiresAt: null; }' is missing the following properties from type '{ partnerId: string | SQL<unknown> | Placeholder<string, any>; userId: string | SQL<unknown> | Placeholder<string, any>; purpose: string | SQL<unknown> | Placeholder<...>; ... 14 more ...; consentSignature?: string | ... 3 more ... | undefined; }': partnerId, dataShared
  Overload 2 of 2, '(values: { partnerId: string | SQL<unknown> | Placeholder<string, any>; userId: string | SQL<unknown> | Placeholder<string, any>; purpose: string | SQL<unknown> | Placeholder<...>; ... 14 more ...; consentSignature?: string | ... 3 more ... | undefined; }[]): PgInsertBase<...>', gave the following error.
    Object literal may only specify known properties, and 'userId' does not exist in type '{ partnerId: string | SQL<unknown> | Placeholder<string, any>; userId: string | SQL<unknown> | Placeholder<string, any>; purpose: string | SQL<unknown> | Placeholder<...>; ... 14 more ...; consentSignature?: string | ... 3 more ... | undefined; }[]'.
server/services/kyc-workflow-orchestrator.ts(783,25): error TS2339: Property 'ckycKinNumber' does not exist on type '{ id: string; userId: string; encryptedFullName: string | null; encryptedDateOfBirth: string | null; encryptedGender: string | null; encryptedFatherName: string | null; encryptedAddress: string | null; ... 29 more ...; updatedAt: Date | null; }'.
server/services/kyc-workflow-orchestrator.ts(797,39): error TS2339: Property 'panTokenized' does not exist on type '{ id: string; userId: string; encryptedFullName: string | null; encryptedDateOfBirth: string | null; encryptedGender: string | null; encryptedFatherName: string | null; encryptedAddress: string | null; ... 29 more ...; updatedAt: Date | null; }'.
server/services/kyc-workflow-orchestrator.ts(798,40): error TS2339: Property 'ckycKinNumber' does not exist on type '{ id: string; userId: string; encryptedFullName: string | null; encryptedDateOfBirth: string | null; encryptedGender: string | null; encryptedFatherName: string | null; encryptedAddress: string | null; ... 29 more ...; updatedAt: Date | null; }'.
server/services/listing-transition-service.ts(345,34): error TS2339: Property 'instrumentType' does not exist on type 'PgTableWithColumns<{ name: "portfolio_holdings"; schema: undefined; columns: { id: PgColumn<{ name: "id"; tableName: "portfolio_holdings"; dataType: "string"; columnType: "PgVarchar"; data: string; driverParam: string; ... 8 more ...; generated: undefined; }, {}, { ...; }>; ... 17 more ...; updatedAt: PgColumn<...>;...'.
server/services/listing-transition-service.ts(346,34): error TS2339: Property 'instrumentId' does not exist on type 'PgTableWithColumns<{ name: "portfolio_holdings"; schema: undefined; columns: { id: PgColumn<{ name: "id"; tableName: "portfolio_holdings"; dataType: "string"; columnType: "PgVarchar"; data: string; driverParam: string; ... 8 more ...; generated: undefined; }, {}, { ...; }>; ... 17 more ...; updatedAt: PgColumn<...>;...'.
server/services/listing-transition-service.ts(354,15): error TS2353: Object literal may only specify known properties, and 'instrumentType' does not exist in type '{ portfolioId?: string | SQL<unknown> | PgColumn<ColumnBaseConfig<ColumnDataType, string>, {}, {}> | undefined; quantity?: string | SQL<...> | PgColumn<...> | undefined; ... 16 more ...; returnPercentage?: string | ... 3 more ... | undefined; }'.
server/services/listing-transition-service.ts(386,35): error TS2339: Property 'userId' does not exist on type 'PgTableWithColumns<{ name: "portfolio_holdings"; schema: undefined; columns: { id: PgColumn<{ name: "id"; tableName: "portfolio_holdings"; dataType: "string"; columnType: "PgVarchar"; data: string; driverParam: string; ... 8 more ...; generated: undefined; }, {}, { ...; }>; ... 17 more ...; updatedAt: PgColumn<...>;...'.
server/services/listing-transition-service.ts(389,37): error TS2339: Property 'instrumentId' does not exist on type 'PgTableWithColumns<{ name: "portfolio_holdings"; schema: undefined; columns: { id: PgColumn<{ name: "id"; tableName: "portfolio_holdings"; dataType: "string"; columnType: "PgVarchar"; data: string; driverParam: string; ... 8 more ...; generated: undefined; }, {}, { ...; }>; ... 17 more ...; updatedAt: PgColumn<...>;...'.
server/services/live-mf-data-service.ts(309,40): error TS2769: No overload matches this call.
  Overload 1 of 2, '(value: { schemeCode: string | SQL<unknown> | Placeholder<string, any>; schemeName: string | SQL<unknown> | Placeholder<string, any>; id?: string | SQL<unknown> | Placeholder<...> | undefined; ... 55 more ...; folioNature?: string | ... 3 more ... | undefined; }): PgInsertBase<...>', gave the following error.
    Object literal may only specify known properties, but 'subCategory' does not exist in type '{ schemeCode: string | SQL<unknown> | Placeholder<string, any>; schemeName: string | SQL<unknown> | Placeholder<string, any>; id?: string | SQL<unknown> | Placeholder<...> | undefined; ... 55 more ...; folioNature?: string | ... 3 more ... | undefined; }'. Did you mean to write 'category'?
  Overload 2 of 2, '(values: { schemeCode: string | SQL<unknown> | Placeholder<string, any>; schemeName: string | SQL<unknown> | Placeholder<string, any>; id?: string | SQL<unknown> | Placeholder<...> | undefined; ... 55 more ...; folioNature?: string | ... 3 more ... | undefined; }[]): PgInsertBase<...>', gave the following error.
    Object literal may only specify known properties, and 'schemeCode' does not exist in type '{ schemeCode: string | SQL<unknown> | Placeholder<string, any>; schemeName: string | SQL<unknown> | Placeholder<string, any>; id?: string | SQL<unknown> | Placeholder<...> | undefined; ... 55 more ...; folioNature?: string | ... 3 more ... | undefined; }[]'.
server/services/lot-tax-calculator-service.ts(30,87): error TS2322: Type '"gold_silver"' is not assignable to type 'TaxAssetClass'.
server/services/master-dsa-claim-service.ts(65,54): error TS2769: No overload matches this call.
  Overload 1 of 2, '(value: { partnerId: string | SQL<unknown> | Placeholder<string, any>; agentId: string | SQL<unknown> | Placeholder<string, any>; financierName: string | SQL<...> | Placeholder<...>; ... 23 more ...; disputedAt?: SQL<...> | ... 3 more ... | undefined; }): PgInsertBase<...>', gave the following error.
    Object literal may only specify known properties, and 'emailSubject' does not exist in type '{ partnerId: string | SQL<unknown> | Placeholder<string, any>; agentId: string | SQL<unknown> | Placeholder<string, any>; financierName: string | SQL<unknown> | Placeholder<...>; ... 23 more ...; disputedAt?: SQL<...> | ... 3 more ... | undefined; }'.
  Overload 2 of 2, '(values: { partnerId: string | SQL<unknown> | Placeholder<string, any>; agentId: string | SQL<unknown> | Placeholder<string, any>; financierName: string | SQL<...> | Placeholder<...>; ... 23 more ...; disputedAt?: SQL<...> | ... 3 more ... | undefined; }[]): PgInsertBase<...>', gave the following error.
    Object literal may only specify known properties, and 'payoutClaimId' does not exist in type '{ partnerId: string | SQL<unknown> | Placeholder<string, any>; agentId: string | SQL<unknown> | Placeholder<string, any>; financierName: string | SQL<unknown> | Placeholder<...>; ... 23 more ...; disputedAt?: SQL<...> | ... 3 more ... | undefined; }[]'.
server/services/master-dsa-claim-service.ts(234,16): error TS2339: Property 'masterDsaEmail' does not exist on type '{ dsaClaimId: string; payoutClaimId: string; leadId: string; agentId: string; partnerId: string; financierName: string; disbursementAmount: string; disbursementDate: string; loanAccountNumber: string | null; ... 17 more ...; updatedAt: Date; }'.
server/services/master-dsa-claim-service.ts(240,17): error TS2339: Property 'masterDsaEmail' does not exist on type '{ dsaClaimId: string; payoutClaimId: string; leadId: string; agentId: string; partnerId: string; financierName: string; disbursementAmount: string; disbursementDate: string; loanAccountNumber: string | null; ... 17 more ...; updatedAt: Date; }'.
server/services/master-dsa-claim-service.ts(241,22): error TS2339: Property 'emailSubject' does not exist on type '{ dsaClaimId: string; payoutClaimId: string; leadId: string; agentId: string; partnerId: string; financierName: string; disbursementAmount: string; disbursementDate: string; loanAccountNumber: string | null; ... 17 more ...; updatedAt: Date; }'.
server/services/master-dsa-claim-service.ts(242,90): error TS2339: Property 'emailBody' does not exist on type '{ dsaClaimId: string; payoutClaimId: string; leadId: string; agentId: string; partnerId: string; financierName: string; disbursementAmount: string; disbursementDate: string; loanAccountNumber: string | null; ... 17 more ...; updatedAt: Date; }'.
server/services/master-dsa-claim-service.ts(243,19): error TS2339: Property 'emailBody' does not exist on type '{ dsaClaimId: string; payoutClaimId: string; leadId: string; agentId: string; partnerId: string; financierName: string; disbursementAmount: string; disbursementDate: string; loanAccountNumber: string | null; ... 17 more ...; updatedAt: Date; }'.
server/services/master-dsa-claim-service.ts(264,63): error TS2339: Property 'masterDsaEmail' does not exist on type '{ dsaClaimId: string; payoutClaimId: string; leadId: string; agentId: string; partnerId: string; financierName: string; disbursementAmount: string; disbursementDate: string; loanAccountNumber: string | null; ... 17 more ...; updatedAt: Date; }'.
server/services/mca-data-cache-service.ts(118,15): error TS2561: Object literal may only specify known properties, but 'companySubCategory' does not exist in type 'Partial<MCACompanyMasterData>'. Did you mean to write 'companySubcategory'?
server/services/mca-data-cache-service.ts(369,34): error TS2551: Property 'companySubCategory' does not exist on type 'Partial<MCACompanyMasterData>'. Did you mean 'companySubcategory'?
server/services/mca-data-cache-service.ts(370,28): error TS2339: Property 'companyClass' does not exist on type 'Partial<MCACompanyMasterData>'.
server/services/mca-data-cache-service.ts(371,33): error TS2339: Property 'incorporationDate' does not exist on type 'Partial<MCACompanyMasterData>'.
server/services/mca-data-cache-service.ts(373,21): error TS2551: Property 'email' does not exist on type 'Partial<MCACompanyMasterData>'. Did you mean 'emailId'?
server/services/mca-data-cache-service.ts(387,16): error TS2345: Argument of type '{ cin: string; companyName: string; companyStatus: string; companyCategory: string; companySubCategory: any; companyClass: any; incorporationDate: any; registeredAddress: string; email: any; ... 5 more ...; sourceAttribution: string; }' is not assignable to parameter of type '{ companyName?: string | SQL<unknown> | PgColumn<ColumnBaseConfig<ColumnDataType, string>, {}, {}> | undefined; cin?: string | SQL<...> | PgColumn<...> | undefined; ... 17 more ...; sourceAttribution?: string | ... 3 more ... | undefined; }'.
  Types of property 'paidUpCapital' are incompatible.
    Type 'string | number' is not assignable to type 'string | SQL<unknown> | PgColumn<ColumnBaseConfig<ColumnDataType, string>, {}, {}> | null | undefined'.
      Type 'number' is not assignable to type 'string | SQL<unknown> | PgColumn<ColumnBaseConfig<ColumnDataType, string>, {}, {}> | null | undefined'.
server/services/mca-data-cache-service.ts(392,43): error TS2769: No overload matches this call.
  Overload 1 of 2, '(value: { companyName: string | SQL<unknown> | Placeholder<string, any>; cin: string | SQL<unknown> | Placeholder<string, any>; createdAt?: SQL<unknown> | Date | Placeholder<...> | undefined; ... 16 more ...; sourceAttribution?: string | ... 3 more ... | undefined; }): PgInsertBase<...>', gave the following error.
    Argument of type '{ createdAt: Date; cin: string; companyName: string; companyStatus: string; companyCategory: string; companySubCategory: any; companyClass: any; incorporationDate: any; registeredAddress: string; ... 6 more ...; sourceAttribution: string; }' is not assignable to parameter of type '{ companyName: string | SQL<unknown> | Placeholder<string, any>; cin: string | SQL<unknown> | Placeholder<string, any>; createdAt?: SQL<unknown> | Date | Placeholder<...> | undefined; ... 16 more ...; sourceAttribution?: string | ... 3 more ... | undefined; }'.
      Types of property 'paidUpCapital' are incompatible.
        Type 'string | number' is not assignable to type 'string | SQL<unknown> | Placeholder<string, any> | null | undefined'.
          Type 'number' is not assignable to type 'string | SQL<unknown> | Placeholder<string, any> | null | undefined'.
  Overload 2 of 2, '(values: { companyName: string | SQL<unknown> | Placeholder<string, any>; cin: string | SQL<unknown> | Placeholder<string, any>; createdAt?: SQL<unknown> | Date | Placeholder<...> | undefined; ... 16 more ...; sourceAttribution?: string | ... 3 more ... | undefined; }[]): PgInsertBase<...>', gave the following error.
    Object literal may only specify known properties, and 'createdAt' does not exist in type '{ companyName: string | SQL<unknown> | Placeholder<string, any>; cin: string | SQL<unknown> | Placeholder<string, any>; createdAt?: SQL<unknown> | Date | Placeholder<...> | undefined; ... 16 more ...; sourceAttribution?: string | ... 3 more ... | undefined; }[]'.
server/services/mca-data-cache-service.ts(599,49): error TS2769: No overload matches this call.
  Overload 1 of 2, '(value: { cin: string | SQL<unknown> | Placeholder<string, any>; financialYear: string | SQL<unknown> | Placeholder<string, any>; reportingDate: string | SQL<...> | Placeholder<...>; ... 25 more ...; isLatest?: boolean | ... 3 more ... | undefined; }): PgInsertBase<...>', gave the following error.
    Argument of type '{ createdAt: Date; cin: string; financialYear: string; promoterHolding: string | null; publicHolding: string | null; institutionalHolding: string | null; foreignHolding: string | null; source: string; derivedBy: string | undefined; updatedAt: Date; }' is not assignable to parameter of type '{ cin: string | SQL<unknown> | Placeholder<string, any>; financialYear: string | SQL<unknown> | Placeholder<string, any>; reportingDate: string | SQL<unknown> | Placeholder<...>; ... 25 more ...; isLatest?: boolean | ... 3 more ... | undefined; }'.
      Property 'reportingDate' is missing in type '{ createdAt: Date; cin: string; financialYear: string; promoterHolding: string | null; publicHolding: string | null; institutionalHolding: string | null; foreignHolding: string | null; source: string; derivedBy: string | undefined; updatedAt: Date; }' but required in type '{ cin: string | SQL<unknown> | Placeholder<string, any>; financialYear: string | SQL<unknown> | Placeholder<string, any>; reportingDate: string | SQL<unknown> | Placeholder<...>; ... 25 more ...; isLatest?: boolean | ... 3 more ... | undefined; }'.
  Overload 2 of 2, '(values: { cin: string | SQL<unknown> | Placeholder<string, any>; financialYear: string | SQL<unknown> | Placeholder<string, any>; reportingDate: string | SQL<...> | Placeholder<...>; ... 25 more ...; isLatest?: boolean | ... 3 more ... | undefined; }[]): PgInsertBase<...>', gave the following error.
    Object literal may only specify known properties, and 'createdAt' does not exist in type '{ cin: string | SQL<unknown> | Placeholder<string, any>; financialYear: string | SQL<unknown> | Placeholder<string, any>; reportingDate: string | SQL<unknown> | Placeholder<...>; ... 25 more ...; isLatest?: boolean | ... 3 more ... | undefined; }[]'.
server/services/mca-direct-payment-service.ts(227,66): error TS2554: Expected 0-1 arguments, but got 2.
server/services/mca-direct-payment-service.ts(229,44): error TS2339: Property 'findOrCreateContact' does not exist on type 'Promise<ZohoBooksService | null>'.
server/services/mca-direct-payment-service.ts(237,42): error TS2339: Property 'createExpense' does not exist on type 'Promise<ZohoBooksService | null>'.
server/services/mca-intelligence-service.ts(218,7): error TS2322: Type '{ id: string; userId: string | undefined; userName: string | undefined; userRole: string | undefined; queryType: string; cin: string | undefined; actionTaken: string | undefined; responseSummary: string | undefined; success: boolean; createdAt: string; }[]' is not assignable to type '{ id: number; userId?: string | undefined; userName?: string | undefined; userRole?: string | undefined; queryType: string; cin?: string | undefined; actionTaken?: string | undefined; responseSummary?: string | undefined; success: boolean; createdAt: string; }[]'.
  Type '{ id: string; userId: string | undefined; userName: string | undefined; userRole: string | undefined; queryType: string; cin: string | undefined; actionTaken: string | undefined; responseSummary: string | undefined; success: boolean; createdAt: string; }' is not assignable to type '{ id: number; userId?: string | undefined; userName?: string | undefined; userRole?: string | undefined; queryType: string; cin?: string | undefined; actionTaken?: string | undefined; responseSummary?: string | undefined; success: boolean; createdAt: string; }'.
    Types of property 'id' are incompatible.
      Type 'string' is not assignable to type 'number'.
server/services/mca-intelligence-service.ts(916,59): error TS2339: Property 'getFullYear' does not exist on type 'string'.
server/services/mca-intelligence-service.ts(1029,9): error TS2322: Type 'undefined' is not assignable to type 'string'.
server/services/mca-intelligence-service.ts(1046,51): error TS2551: Property 'toISOString' does not exist on type 'string'. Did you mean 'toString'?
server/services/mca-intelligence-service.ts(1518,7): error TS2353: Object literal may only specify known properties, and 'apiRequestsThisMonth' does not exist in type '{ totalCompanies: number; totalFilings: number; totalQueries: number; profitableCompanies: number; walletBalance: number; recentQueries: { id: string; companyName: string | null; cin: string | null; ... 12 more ...; resultCount: number | null; }[]; }'.
server/services/mca-intelligence-service.ts(1857,68): error TS2339: Property 'createdAt' does not exist on type '{ id: string; cin: string; financialYear: string; revenue: string | null; profitBeforeTax: string | null; profitAfterTax: string | null; netWorth: string | null; totalAssets: string | null; ... 12 more ...; notes: string | null; }'.
server/services/meeting-notification-service.ts(318,39): error TS2339: Property 'sendSMS' does not exist on type 'SMSService'.
server/services/mf-batch-credential-validator.ts(65,9): error TS2322: Type '"compliance"' is not assignable to type '"transaction" | "admin_action" | "data_access" | "login" | "consent_change" | "profile_update" | "export_data" | "delete_data" | "security_violation"'.
server/services/mf-batch-credential-validator.ts(173,7): error TS2322: Type '"compliance"' is not assignable to type '"transaction" | "admin_action" | "data_access" | "login" | "consent_change" | "profile_update" | "export_data" | "delete_data" | "security_violation"'.
server/services/mf-comprehensive-enrichment-service.ts(612,47): error TS7006: Parameter 'fund' implicitly has an 'any' type.
server/services/mf-returns-scheduler.ts(250,15): error TS2322: Type '"database"' is not assignable to type '"live" | "mfapi"'.
server/services/moneycontrol-scraper.ts(426,27): error TS2339: Property 'pan' does not exist on type 'MCACompanyMasterData'.
server/services/moneycontrol-scraper.ts(428,41): error TS2339: Property 'incorporationDate' does not exist on type 'MCACompanyMasterData'.
server/services/moneycontrol-scraper.ts(429,13): error TS2322: Type 'number | null' is not assignable to type 'string | null'.
  Type 'number' is not assignable to type 'string'.
server/services/moneycontrol-scraper.ts(430,13): error TS2322: Type 'number | null' is not assignable to type 'string | null'.
  Type 'number' is not assignable to type 'string'.
server/services/moneycontrol-scraper.ts(431,30): error TS2339: Property 'status' does not exist on type 'MCACompanyMasterData'.
server/services/moneycontrol-scraper.ts(446,9): error TS2353: Object literal may only specify known properties, and 'companyName' does not exist in type '{ name: string; website?: string | null | undefined; cin?: string | null | undefined; createdBy?: string | null | undefined; description?: string | null | undefined; status?: string | undefined; ... 39 more ...; listedPeers?: Json | undefined; }'.
server/services/mpal/adapters/irisAdapter.ts(3,37): error TS2307: Cannot find module '../../irisKfintechService' or its corresponding type declarations.
server/services/mpal/events/webhookDispatcher.ts(2,36): error TS2307: Cannot find module '../../../iris/irisWebhookHandler' or its corresponding type declarations.
server/services/mpal/events/webhookDispatcher.ts(3,38): error TS2307: Cannot find module '../../../alpaca/core/alpacaWebhookHandler' or its corresponding type declarations.
server/services/multisource-mf-service.ts(278,9): error TS2322: Type '{ provenance: { primarySource: any; sourceChain: string[]; lastRefreshed: string; dataVersion: string; dataSource: "CACHED_DB"; freshnessScore: "old" | "fresh" | "stale"; }; id?: string | undefined; ... 44 more ...; beta?: number | undefined; }[]' is not assignable to type 'FundExtended[]'.
  Type '{ provenance: { primarySource: any; sourceChain: string[]; lastRefreshed: string; dataVersion: string; dataSource: "CACHED_DB"; freshnessScore: "old" | "fresh" | "stale"; }; id?: string; historicalData?: NAVRecord[]; ... 43 more ...; beta?: number; }' is not assignable to type 'FundExtended'.
    Types of property 'provenance' are incompatible.
      Type '{ primarySource: any; sourceChain: string[]; lastRefreshed: string; dataVersion: string; dataSource: "CACHED_DB"; freshnessScore: "old" | "fresh" | "stale"; }' is missing the following properties from type 'Provenance': timestamp, isAuthentic
server/services/multisource-mf-service.ts(760,7): error TS2353: Object literal may only specify known properties, and 'isinDiv' does not exist in type 'FundExtended'.
server/services/multisource-mf-service.ts(1066,9): error TS2322: Type '"equity" | "debt" | "hybrid" | "commodity" | "alternative"' is not assignable to type '"equity" | "debt" | "hybrid" | undefined'.
  Type '"commodity"' is not assignable to type '"equity" | "debt" | "hybrid" | undefined'.
server/services/multisource-mf-service.ts(1074,9): error TS2322: Type '"calculated" | "database" | "ai_enhanced" | "ml_enhanced"' is not assignable to type '"manual" | "api" | "calculated" | undefined'.
  Type '"database"' is not assignable to type '"manual" | "api" | "calculated" | undefined'.
server/services/multisource-mf-service.ts(1263,85): error TS2339: Property 'sip' does not exist on type 'string'.
server/services/multisource-mf-service.ts(1264,93): error TS2339: Property 'lumpsum' does not exist on type 'string'.
server/services/mutual-fund-metrics-service.ts(292,14): error TS2352: Conversion of type 'Record<string, unknown>[]' to type 'AuditLogEntry[]' may be a mistake because neither type sufficiently overlaps with the other. If this was intentional, convert the expression to 'unknown' first.
  Type 'Record<string, unknown>' is missing the following properties from type 'AuditLogEntry': schemeCode, schemeName, calculationType, navStart, and 7 more.
server/services/mutual-fund-metrics-service.ts(433,7): error TS2741: Property 'where' is missing in type 'Omit<PgSelectBase<"mutual_funds", { schemeCode: PgColumn<{ name: "scheme_code"; tableName: "mutual_funds"; dataType: "string"; columnType: "PgText"; data: string; driverParam: string; notNull: true; hasDefault: false; ... 6 more ...; generated: undefined; }, {}, {}>; }, ... 5 more ..., { ...; }>, "limit" | "where">' but required in type 'Omit<PgSelectBase<"mutual_funds", { schemeCode: PgColumn<{ name: "scheme_code"; tableName: "mutual_funds"; dataType: "string"; columnType: "PgText"; data: string; driverParam: string; notNull: true; hasDefault: false; ... 6 more ...; generated: undefined; }, {}, {}>; }, ... 5 more ..., { ...; }>, "limit">'.
server/services/nominee-grievance-service.ts(36,44): error TS2339: Property 'nomineeOptOut' does not exist on type 'PgTableWithColumns<{ name: "user_profiles"; schema: undefined; columns: { id: PgColumn<{ name: "id"; tableName: "user_profiles"; dataType: "string"; columnType: "PgVarchar"; data: string; driverParam: string; notNull: true; ... 7 more ...; generated: undefined; }, {}, { ...; }>; ... 111 more ...; updatedAt: PgColumn...'.
server/services/nominee-grievance-service.ts(37,43): error TS2339: Property 'nomineeCount' does not exist on type 'PgTableWithColumns<{ name: "user_profiles"; schema: undefined; columns: { id: PgColumn<{ name: "id"; tableName: "user_profiles"; dataType: "string"; columnType: "PgVarchar"; data: string; driverParam: string; notNull: true; ... 7 more ...; generated: undefined; }, {}, { ...; }>; ... 111 more ...; updatedAt: PgColumn...'.
server/services/nominee-grievance-service.ts(79,9): error TS2353: Object literal may only specify known properties, and 'nomineeOptOut' does not exist in type '{ userId?: string | SQL<unknown> | PgColumn<ColumnBaseConfig<ColumnDataType, string>, {}, {}> | undefined; id?: string | SQL<unknown> | PgColumn<...> | undefined; ... 110 more ...; numberOfDependents?: number | ... 3 more ... | undefined; }'.
server/services/nominee-grievance-service.ts(133,46): error TS2769: No overload matches this call.
  Overload 1 of 2, '(value: { description: string | SQL<unknown> | Placeholder<string, any>; category: string | SQL<unknown> | Placeholder<string, any>; ticketNumber: string | SQL<...> | Placeholder<...>; ... 16 more ...; tags?: string[] | ... 3 more ... | undefined; }): PgInsertBase<...>', gave the following error.
    Object literal may only specify known properties, and 'relatedOrderId' does not exist in type '{ description: string | SQL<unknown> | Placeholder<string, any>; category: string | SQL<unknown> | Placeholder<string, any>; ticketNumber: string | SQL<...> | Placeholder<...>; ... 16 more ...; tags?: string[] | ... 3 more ... | undefined; }'.
  Overload 2 of 2, '(values: { description: string | SQL<unknown> | Placeholder<string, any>; category: string | SQL<unknown> | Placeholder<string, any>; ticketNumber: string | SQL<...> | Placeholder<...>; ... 16 more ...; tags?: string[] | ... 3 more ... | undefined; }[]): PgInsertBase<...>', gave the following error.
    Object literal may only specify known properties, and 'id' does not exist in type '{ description: string | SQL<unknown> | Placeholder<string, any>; category: string | SQL<unknown> | Placeholder<string, any>; ticketNumber: string | SQL<...> | Placeholder<...>; ... 16 more ...; tags?: string[] | ... 3 more ... | undefined; }[]'.
server/services/nsdl-isin-service.ts(459,13): error TS2322: Type '{ status: any; registeredAddress: string; incorporationDate: any; authorizedCapital: number; paidUpCapital: number; pan: any; } | undefined' is not assignable to type '{ status?: string | undefined; registeredAddress?: string | undefined; incorporationDate?: string | undefined; authorizedCapital?: string | undefined; paidUpCapital?: string | undefined; pan?: string | undefined; } | undefined'.
  Type '{ status: any; registeredAddress: string; incorporationDate: any; authorizedCapital: number; paidUpCapital: number; pan: any; }' is not assignable to type '{ status?: string | undefined; registeredAddress?: string | undefined; incorporationDate?: string | undefined; authorizedCapital?: string | undefined; paidUpCapital?: string | undefined; pan?: string | undefined; }'.
    Types of property 'authorizedCapital' are incompatible.
      Type 'number' is not assignable to type 'string'.
server/services/nsdl-isin-service.ts(460,32): error TS2339: Property 'status' does not exist on type 'MCACompanyMasterData'.
server/services/nsdl-isin-service.ts(462,43): error TS2339: Property 'incorporationDate' does not exist on type 'MCACompanyMasterData'.
server/services/nsdl-isin-service.ts(465,29): error TS2339: Property 'pan' does not exist on type 'MCACompanyMasterData'.
server/services/offline-aadhaar-service.ts(141,49): error TS2554: Expected 1 arguments, but got 2.
server/services/onboarding/investorSync.ts(23,17): error TS2339: Property 'pan' does not exist on type '{ id: string; userId: string; email: string | null; mobile: string | null; password: string; firstName: string | null; middleName: string | null; lastName: string | null; profileImageUrl: string | null; ... 121 more ...; shareableProfileEnabled: boolean | null; }'.
server/services/onboarding/investorSync.ts(29,19): error TS2339: Property 'pan' does not exist on type '{ id: string; userId: string; email: string | null; mobile: string | null; password: string; firstName: string | null; middleName: string | null; lastName: string | null; profileImageUrl: string | null; ... 121 more ...; shareableProfileEnabled: boolean | null; }'.
server/services/onboarding/investorSync.ts(30,20): error TS2339: Property 'name' does not exist on type '{ id: string; userId: string; email: string | null; mobile: string | null; password: string; firstName: string | null; middleName: string | null; lastName: string | null; profileImageUrl: string | null; ... 121 more ...; shareableProfileEnabled: boolean | null; }'.
server/services/onboarding/kycEngine.ts(3,10): error TS2724: '"../kyc-central-hub-service"' has no exported member named 'kycCentralHubService'. Did you mean 'KycCentralHubService'?
server/services/onboarding/kycEngine.ts(4,10): error TS2724: '"../ckyc-provider-adapter"' has no exported member named 'ckycProviderAdapter'. Did you mean 'ICkycProviderAdapter'?
server/services/order-audit-hook.ts(105,13): error TS2353: Object literal may only specify known properties, and 'mandateId' does not exist in type '{ ip?: string | undefined; userAgent?: string | undefined; networkState?: string | undefined; idempotencyKey?: string | undefined; executionId?: string | undefined; sessionId?: string | undefined; requestPath?: string | undefined; requestMethod?: string | undefined; }'.
server/services/order-retention-service.ts(157,7): error TS2322: Type 'string | null' is not assignable to type 'string'.
  Type 'null' is not assignable to type 'string'.
server/services/order-retention-service.ts(225,7): error TS2322: Type 'string | null' is not assignable to type 'string'.
  Type 'null' is not assignable to type 'string'.
server/services/order-retention-service.ts(320,51): error TS2345: Argument of type '{}' is not assignable to parameter of type 'string'.
server/services/order-retention-service.ts(496,50): error TS2345: Argument of type '{}' is not assignable to parameter of type 'string'.
server/services/order-retention-service.ts(542,57): error TS2345: Argument of type '{}' is not assignable to parameter of type 'string'.
server/services/overlap-intelligence-engine.ts(455,58): error TS2551: Property 'subCategory' does not exist on type '{ id: string; schemeCode: string; schemeName: string; category: string | null; fundHouse: string | null; nav: string | null; change: string | null; changePercent: string | null; expenseRatio: string | null; ... 49 more ...; lastUpdated: Date | null; }'. Did you mean 'category'?
server/services/overlap-intelligence-engine.ts(475,9): error TS2345: Argument of type 'string | null' is not assignable to parameter of type 'string'.
  Type 'null' is not assignable to type 'string'.
server/services/overlap-intelligence-engine.ts(486,73): error TS2345: Argument of type '{ mfIsin: string | null; name: string; portfolioWeight: number; currentValue?: number | undefined; category?: string | undefined; expenseRatio?: number | undefined; sharpeRatio?: number | undefined; }[]' is not assignable to parameter of type 'PortfolioFund[]'.
  Type '{ mfIsin: string | null; name: string; portfolioWeight: number; currentValue?: number; category?: string; expenseRatio?: number; sharpeRatio?: number; }' is not assignable to type 'PortfolioFund'.
    Types of property 'mfIsin' are incompatible.
      Type 'string | null' is not assignable to type 'string'.
        Type 'null' is not assignable to type 'string'.
server/services/overlap-intelligence-engine.ts(489,11): error TS2322: Type 'string | null' is not assignable to type 'string'.
  Type 'null' is not assignable to type 'string'.
server/services/payment-webhook-retry-service.ts(386,11): error TS2353: Object literal may only specify known properties, and 'failureReason' does not exist in type '{ amount?: string | SQL<unknown> | PgColumn<ColumnBaseConfig<ColumnDataType, string>, {}, {}> | undefined; productName?: string | SQL<...> | PgColumn<...> | undefined; ... 41 more ...; executionError?: string | ... 3 more ... | undefined; }'.
server/services/pmla-audit-service.ts(513,5): error TS2322: Type '{ eventId: any; eventType: PMLAEventType; eventCategory: PMLAEventCategory; userId: string | null; transactionId: any; amount: any; currency: any; description: any; ... 11 more ...; checksum: any; }[]' is not assignable to type 'PMLAAuditEvent[]'.
  Type '{ eventId: any; eventType: PMLAEventType; eventCategory: PMLAEventCategory; userId: string | null; transactionId: any; amount: any; currency: any; description: any; riskScore: any; riskLevel: "low" | "medium" | "high" | "critical"; ... 9 more ...; checksum: any; }' is not assignable to type 'PMLAAuditEvent'.
    Types of property 'userId' are incompatible.
      Type 'string | null' is not assignable to type 'string'.
        Type 'null' is not assignable to type 'string'.
server/services/pmla-audit-service.ts(514,46): error TS2345: Argument of type '{}' is not assignable to parameter of type 'string'.
server/services/pms-nav-sync-scheduler.ts(96,34): error TS2339: Property 'fundHouseName' does not exist on type 'PgTableWithColumns<{ name: "pms_master"; schema: undefined; columns: { id: PgColumn<{ name: "id"; tableName: "pms_master"; dataType: "string"; columnType: "PgVarchar"; data: string; driverParam: string; notNull: true; hasDefault: true; ... 6 more ...; generated: undefined; }, {}, { ...; }>; ... 37 more ...; updatedA...'.
server/services/portfolio-analytics-data-service.ts(297,51): error TS2345: Argument of type 'boolean | undefined' is not assignable to parameter of type 'boolean'.
  Type 'undefined' is not assignable to type 'boolean'.
server/services/portfolio-analytics-data-service.ts(311,46): error TS2345: Argument of type 'boolean | undefined' is not assignable to parameter of type 'boolean'.
  Type 'undefined' is not assignable to type 'boolean'.
server/services/portfolio-analytics-data-service.ts(543,78): error TS2339: Property 'value' does not exist on type 'PromiseSettledResult<any>'.
  Property 'value' does not exist on type 'PromiseRejectedResult'.
server/services/portfolio-analytics-data-service.ts(544,78): error TS2339: Property 'value' does not exist on type 'PromiseSettledResult<any>'.
  Property 'value' does not exist on type 'PromiseRejectedResult'.
server/services/portfolio-comparison-service.ts(2,44): error TS2724: '"@shared/schema"' has no exported member named 'InsertPortfolioComparison'. Did you mean 'portfolioComparisons'?
server/services/portfolio-comparison-service.ts(152,42): error TS2345: Argument of type '{ id: string; name: string; isVerified: boolean | null; createdAt: Date | null; updatedAt: Date | null; userId: string | null; prospectId: string | null; totalValue: string | null; ... 6 more ...; lastFetchedAt: Date | null; } | undefined' is not assignable to parameter of type '{ id: string; name: string; isVerified: boolean | null; createdAt: Date | null; updatedAt: Date | null; userId: string | null; prospectId: string | null; totalValue: string | null; ... 6 more ...; lastFetchedAt: Date | null; }'.
  Type 'undefined' is not assignable to type '{ id: string; name: string; isVerified: boolean | null; createdAt: Date | null; updatedAt: Date | null; userId: string | null; prospectId: string | null; totalValue: string | null; ... 6 more ...; lastFetchedAt: Date | null; }'.
server/services/portfolio-comparison-service.ts(261,7): error TS2353: Object literal may only specify known properties, and 'dataStatus' does not exist in type 'PortfolioMetrics'.
server/services/portfolio-storage-service.ts(72,11): error TS2353: Object literal may only specify known properties, and 'sourceFileName' does not exist in type '{ name?: string | SQL<unknown> | PgColumn<ColumnBaseConfig<ColumnDataType, string>, {}, {}> | undefined; id?: string | SQL<unknown> | PgColumn<...> | undefined; ... 12 more ...; lastFetchedAt?: SQL<...> | ... 3 more ... | undefined; }'.
server/services/portfolio-storage-service.ts(80,10): error TS2769: No overload matches this call.
  Overload 1 of 2, '(value: { name: string | SQL<unknown> | Placeholder<string, any>; id?: string | SQL<unknown> | Placeholder<string, any> | undefined; isVerified?: boolean | SQL<...> | Placeholder<...> | null | undefined; ... 11 more ...; lastFetchedAt?: SQL<...> | ... 3 more ... | undefined; }): PgInsertBase<...>', gave the following error.
    Object literal may only specify known properties, and 'sourceFileName' does not exist in type '{ name: string | SQL<unknown> | Placeholder<string, any>; id?: string | SQL<unknown> | Placeholder<string, any> | undefined; isVerified?: boolean | SQL<unknown> | Placeholder<...> | null | undefined; ... 11 more ...; lastFetchedAt?: SQL<...> | ... 3 more ... | undefined; }'.
  Overload 2 of 2, '(values: { name: string | SQL<unknown> | Placeholder<string, any>; id?: string | SQL<unknown> | Placeholder<string, any> | undefined; isVerified?: boolean | SQL<...> | Placeholder<...> | null | undefined; ... 11 more ...; lastFetchedAt?: SQL<...> | ... 3 more ... | undefined; }[]): PgInsertBase<...>', gave the following error.
    Object literal may only specify known properties, and 'id' does not exist in type '{ name: string | SQL<unknown> | Placeholder<string, any>; id?: string | SQL<unknown> | Placeholder<string, any> | undefined; isVerified?: boolean | SQL<unknown> | Placeholder<...> | null | undefined; ... 11 more ...; lastFetchedAt?: SQL<...> | ... 3 more ... | undefined; }[]'.
server/services/portfolio-storage-service.ts(180,11): error TS2353: Object literal may only specify known properties, and 'sourceFileName' does not exist in type '{ name?: string | SQL<unknown> | PgColumn<ColumnBaseConfig<ColumnDataType, string>, {}, {}> | undefined; id?: string | SQL<unknown> | PgColumn<...> | undefined; ... 12 more ...; lastFetchedAt?: SQL<...> | ... 3 more ... | undefined; }'.
server/services/portfolio-storage-service.ts(188,10): error TS2769: No overload matches this call.
  Overload 1 of 2, '(value: { name: string | SQL<unknown> | Placeholder<string, any>; id?: string | SQL<unknown> | Placeholder<string, any> | undefined; isVerified?: boolean | SQL<...> | Placeholder<...> | null | undefined; ... 11 more ...; lastFetchedAt?: SQL<...> | ... 3 more ... | undefined; }): PgInsertBase<...>', gave the following error.
    Object literal may only specify known properties, and 'sourceFileName' does not exist in type '{ name: string | SQL<unknown> | Placeholder<string, any>; id?: string | SQL<unknown> | Placeholder<string, any> | undefined; isVerified?: boolean | SQL<unknown> | Placeholder<...> | null | undefined; ... 11 more ...; lastFetchedAt?: SQL<...> | ... 3 more ... | undefined; }'.
  Overload 2 of 2, '(values: { name: string | SQL<unknown> | Placeholder<string, any>; id?: string | SQL<unknown> | Placeholder<string, any> | undefined; isVerified?: boolean | SQL<...> | Placeholder<...> | null | undefined; ... 11 more ...; lastFetchedAt?: SQL<...> | ... 3 more ... | undefined; }[]): PgInsertBase<...>', gave the following error.
    Object literal may only specify known properties, and 'id' does not exist in type '{ name: string | SQL<unknown> | Placeholder<string, any>; id?: string | SQL<unknown> | Placeholder<string, any> | undefined; isVerified?: boolean | SQL<unknown> | Placeholder<...> | null | undefined; ... 11 more ...; lastFetchedAt?: SQL<...> | ... 3 more ... | undefined; }[]'.
server/services/portfolio-storage-service.ts(368,9): error TS2322: Type '{ uploadedAt: string; fileName: string | undefined; fileType: string; parsedHoldings: { name: string; quantity: number; value: number; type: AssetType; }[]; totalValue: number; parsingStatus: string; allocation: AllocationBreakdown; confidenceScore: number | undefined; }' is not assignable to type 'SQL<unknown> | PgColumn<ColumnBaseConfig<ColumnDataType, string>, {}, {}> | { uploadedAt: string; fileName: string; fileType: string; parsedHoldings: { ...; }[]; totalValue: number; } | null | undefined'.
  Type '{ uploadedAt: string; fileName: string | undefined; fileType: string; parsedHoldings: { name: string; quantity: number; value: number; type: AssetType; }[]; totalValue: number; parsingStatus: string; allocation: AllocationBreakdown; confidenceScore: number | undefined; }' is not assignable to type '{ uploadedAt: string; fileName: string; fileType: string; parsedHoldings: { name: string; productType: string; quantity: number; currentValue: number; }[]; totalValue: number; }'.
    Types of property 'fileName' are incompatible.
      Type 'string | undefined' is not assignable to type 'string'.
        Type 'undefined' is not assignable to type 'string'.
server/services/profile/financialProfileEngine.ts(76,80): error TS2345: Argument of type 'unknown' is not assignable to parameter of type 'Error | LogContext | undefined'.
server/services/proposal-capital-gains-service.ts(450,30): error TS2339: Property 'includes' does not exist on type 'string | number | symbol'.
  Property 'includes' does not exist on type 'number'.
server/services/proposal-capital-gains-service.ts(666,11): error TS2353: Object literal may only specify known properties, and 'amount' does not exist in type 'ExitLoadLookupParams'.
server/services/proposal-capital-gains-service.ts(777,84): error TS2345: Argument of type 'string | number | symbol' is not assignable to parameter of type 'string'.
  Type 'number' is not assignable to type 'string'.
server/services/proposal-capital-gains-service.ts(892,95): error TS2345: Argument of type 'string | number | symbol' is not assignable to parameter of type 'string'.
  Type 'number' is not assignable to type 'string'.
server/services/proposal-capital-gains-service.ts(1178,42): error TS2345: Argument of type 'string | number | symbol' is not assignable to parameter of type 'string'.
  Type 'number' is not assignable to type 'string'.
server/services/proposal-esign-workflow-service.ts(581,94): error TS2339: Property 'name' does not exist on type '{ id: string; userId: string; email: string | null; mobile: string | null; password: string; firstName: string | null; middleName: string | null; lastName: string | null; profileImageUrl: string | null; ... 121 more ...; shareableProfileEnabled: boolean | null; }'.
server/services/proposal-esign-workflow-service.ts(829,45): error TS2769: No overload matches this call.
  Overload 1 of 2, '(value: { description: string | SQL<unknown> | Placeholder<string, any>; action: string | SQL<unknown> | Placeholder<string, any>; actionCategory: string | SQL<...> | Placeholder<...>; ... 16 more ...; geoLocation?: SQL<...> | ... 3 more ... | undefined; }): PgInsertBase<...>', gave the following error.
    Argument of type '{ description: string; metadata?: Json | undefined; action: string; ipAddress?: string | null | undefined; userAgent?: string | null | undefined; actorId?: string | null | undefined; ... 11 more ...; workflowId: string; }' is not assignable to parameter of type '{ description: string | SQL<unknown> | Placeholder<string, any>; action: string | SQL<unknown> | Placeholder<string, any>; actionCategory: string | SQL<...> | Placeholder<...>; ... 16 more ...; geoLocation?: SQL<...> | ... 3 more ... | undefined; }'.
      Types of property 'geoLocation' are incompatible.
        Type '{ city?: unknown; country?: unknown; } | null | undefined' is not assignable to type 'SQL<unknown> | { country?: string | undefined; city?: string | undefined; } | Placeholder<string, any> | null | undefined'.
          Type '{ city?: unknown; country?: unknown; }' is not assignable to type 'SQL<unknown> | { country?: string | undefined; city?: string | undefined; } | Placeholder<string, any> | null | undefined'.
            Type '{ city?: unknown; country?: unknown; }' is not assignable to type '{ country?: string | undefined; city?: string | undefined; }'.
              Types of property 'country' are incompatible.
                Type 'unknown' is not assignable to type 'string | undefined'.
  Overload 2 of 2, '(values: { description: string | SQL<unknown> | Placeholder<string, any>; action: string | SQL<unknown> | Placeholder<string, any>; actionCategory: string | SQL<...> | Placeholder<...>; ... 16 more ...; geoLocation?: SQL<...> | ... 3 more ... | undefined; }[]): PgInsertBase<...>', gave the following error.
    Object literal may only specify known properties, and 'workflowId' does not exist in type '{ description: string | SQL<unknown> | Placeholder<string, any>; action: string | SQL<unknown> | Placeholder<string, any>; actionCategory: string | SQL<...> | Placeholder<...>; ... 16 more ...; geoLocation?: SQL<...> | ... 3 more ... | undefined; }[]'.
server/services/proposal-flow-gatekeeper.ts(389,49): error TS2769: No overload matches this call.
  Overload 1 of 2, '(value: { agentId: string | SQL<unknown> | Placeholder<string, any>; actionType: string | SQL<unknown> | Placeholder<string, any>; actionCategory: string | SQL<...> | Placeholder<...>; ... 28 more ...; archiveLocation?: string | ... 3 more ... | undefined; }): PgInsertBase<...>', gave the following error.
    Object literal may only specify known properties, and 'complianceRelevant' does not exist in type '{ agentId: string | SQL<unknown> | Placeholder<string, any>; actionType: string | SQL<unknown> | Placeholder<string, any>; actionCategory: string | SQL<...> | Placeholder<...>; ... 28 more ...; archiveLocation?: string | ... 3 more ... | undefined; }'.
  Overload 2 of 2, '(values: { agentId: string | SQL<unknown> | Placeholder<string, any>; actionType: string | SQL<unknown> | Placeholder<string, any>; actionCategory: string | SQL<...> | Placeholder<...>; ... 28 more ...; archiveLocation?: string | ... 3 more ... | undefined; }[]): PgInsertBase<...>', gave the following error.
    Object literal may only specify known properties, and 'agentId' does not exist in type '{ agentId: string | SQL<unknown> | Placeholder<string, any>; actionType: string | SQL<unknown> | Placeholder<string, any>; actionCategory: string | SQL<...> | Placeholder<...>; ... 28 more ...; archiveLocation?: string | ... 3 more ... | undefined; }[]'.
server/services/proposal-orchestrator.ts(69,47): error TS2769: No overload matches this call.
  Overload 1 of 2, '(value: { agentId: string | SQL<unknown> | Placeholder<string, any>; actionType: string | SQL<unknown> | Placeholder<string, any>; actionCategory: string | SQL<...> | Placeholder<...>; ... 28 more ...; archiveLocation?: string | ... 3 more ... | undefined; }): PgInsertBase<...>', gave the following error.
    Object literal may only specify known properties, but 'suitabilityCheckPassed' does not exist in type '{ agentId: string | SQL<unknown> | Placeholder<string, any>; actionType: string | SQL<unknown> | Placeholder<string, any>; actionCategory: string | SQL<...> | Placeholder<...>; ... 28 more ...; archiveLocation?: string | ... 3 more ... | undefined; }'. Did you mean to write 'suitabilityPassed'?
  Overload 2 of 2, '(values: { agentId: string | SQL<unknown> | Placeholder<string, any>; actionType: string | SQL<unknown> | Placeholder<string, any>; actionCategory: string | SQL<...> | Placeholder<...>; ... 28 more ...; archiveLocation?: string | ... 3 more ... | undefined; }[]): PgInsertBase<...>', gave the following error.
    Object literal may only specify known properties, and 'id' does not exist in type '{ agentId: string | SQL<unknown> | Placeholder<string, any>; actionType: string | SQL<unknown> | Placeholder<string, any>; actionCategory: string | SQL<...> | Placeholder<...>; ... 28 more ...; archiveLocation?: string | ... 3 more ... | undefined; }[]'.
server/services/proposal-orchestrator.ts(265,40): error TS2769: No overload matches this call.
  Overload 1 of 2, '(value: { agentId: string | SQL<unknown> | Placeholder<string, any>; clientId: string | SQL<unknown> | Placeholder<string, any>; checkType: string | SQL<unknown> | Placeholder<...>; ... 16 more ...; productEligibilityCheck?: unknown; }): PgInsertBase<...>', gave the following error.
    Object literal may only specify known properties, and 'regulatoryComplianceCheck' does not exist in type '{ agentId: string | SQL<unknown> | Placeholder<string, any>; clientId: string | SQL<unknown> | Placeholder<string, any>; checkType: string | SQL<unknown> | Placeholder<...>; ... 16 more ...; productEligibilityCheck?: unknown; }'.
  Overload 2 of 2, '(values: { agentId: string | SQL<unknown> | Placeholder<string, any>; clientId: string | SQL<unknown> | Placeholder<string, any>; checkType: string | SQL<unknown> | Placeholder<...>; ... 16 more ...; productEligibilityCheck?: unknown; }[]): PgInsertBase<...>', gave the following error.
    Object literal may only specify known properties, and 'id' does not exist in type '{ agentId: string | SQL<unknown> | Placeholder<string, any>; clientId: string | SQL<unknown> | Placeholder<string, any>; checkType: string | SQL<unknown> | Placeholder<...>; ... 16 more ...; productEligibilityCheck?: unknown; }[]'.
server/services/proposal-orchestrator.ts(468,48): error TS2769: No overload matches this call.
  Overload 1 of 2, '(value: { productName: string | SQL<unknown> | Placeholder<string, any>; recommendedAmount: string | SQL<unknown> | Placeholder<string, any>; productType: string | ... 1 more ... | Placeholder<...>; ... 32 more ...; isAddedToCart?: boolean | ... 3 more ... | undefined; }): PgInsertBase<...>', gave the following error.
    Object literal may only specify known properties, and 'rationale' does not exist in type '{ productName: string | SQL<unknown> | Placeholder<string, any>; recommendedAmount: string | SQL<unknown> | Placeholder<string, any>; productType: string | SQL<...> | Placeholder<...>; ... 32 more ...; isAddedToCart?: boolean | ... 3 more ... | undefined; }'.
  Overload 2 of 2, '(values: { productName: string | SQL<unknown> | Placeholder<string, any>; recommendedAmount: string | SQL<unknown> | Placeholder<string, any>; productType: string | ... 1 more ... | Placeholder<...>; ... 32 more ...; isAddedToCart?: boolean | ... 3 more ... | undefined; }[]): PgInsertBase<...>', gave the following error.
    Object literal may only specify known properties, and 'proposalId' does not exist in type '{ productName: string | SQL<unknown> | Placeholder<string, any>; recommendedAmount: string | SQL<unknown> | Placeholder<string, any>; productType: string | SQL<...> | Placeholder<...>; ... 32 more ...; isAddedToCart?: boolean | ... 3 more ... | undefined; }[]'.
server/services/proposal-verdict-normalizer.ts(98,7): error TS2353: Object literal may only specify known properties, and 'updatedAt' does not exist in type 'Partial<{ instrumentType: string; instrumentName: string; proposalId: string; verdict: string; changePercent?: string | null | undefined; currentValue?: string | null | undefined; capitalGainsType?: string | ... 1 more ... | undefined; ... 9 more ...; agentOverridden?: boolean | ... 1 more ... | undefined; }>'.
server/services/proposal-verdict-normalizer.ts(303,23): error TS2304: Cannot find name 'agentComplianceAuditLogs'.
server/services/prospect-portfolio-sync-service.ts(114,17): error TS2339: Property 'broker' does not exist on type '{ id: string; portfolioId: string; symbol: string | null; name: string | null; isin: string | null; quantity: string; avgPrice: string | null; currentValue: string | null; investedValue: string | null; ... 9 more ...; updatedAt: Date | null; }'.
server/services/prospect-portfolio-sync-service.ts(115,26): error TS2339: Property 'confidenceScore' does not exist on type '{ id: string; portfolioId: string; symbol: string | null; name: string | null; isin: string | null; quantity: string; avgPrice: string | null; currentValue: string | null; investedValue: string | null; ... 9 more ...; updatedAt: Date | null; }'.
server/services/prospect-scoring-engine.ts(63,62): error TS2339: Property 'associated_cins' does not exist on type 'CredhiveDirector'.
server/services/prospect-scoring-engine.ts(64,19): error TS2339: Property 'associated_cins' does not exist on type 'CredhiveDirector'.
server/services/protean-esign-service.ts(120,38): error TS2769: No overload matches this call.
  Overload 1 of 2, '(value: { documentType: string | SQL<unknown> | Placeholder<string, any>; documentName: string | SQL<unknown> | Placeholder<string, any>; transactionId: string | ... 1 more ... | Placeholder<...>; ... 26 more ...; dscCrlStatus?: string | ... 3 more ... | undefined; }): PgInsertBase<...>', gave the following error.
    Object literal may only specify known properties, and 'documentUrl' does not exist in type '{ documentType: string | SQL<unknown> | Placeholder<string, any>; documentName: string | SQL<unknown> | Placeholder<string, any>; transactionId: string | SQL<...> | Placeholder<...>; ... 26 more ...; dscCrlStatus?: string | ... 3 more ... | undefined; }'.
  Overload 2 of 2, '(values: { documentType: string | SQL<unknown> | Placeholder<string, any>; documentName: string | SQL<unknown> | Placeholder<string, any>; transactionId: string | ... 1 more ... | Placeholder<...>; ... 26 more ...; dscCrlStatus?: string | ... 3 more ... | undefined; }[]): PgInsertBase<...>', gave the following error.
    Object literal may only specify known properties, and 'id' does not exist in type '{ documentType: string | SQL<unknown> | Placeholder<string, any>; documentName: string | SQL<unknown> | Placeholder<string, any>; transactionId: string | SQL<...> | Placeholder<...>; ... 26 more ...; dscCrlStatus?: string | ... 3 more ... | undefined; }[]'.
server/services/protean-esign-service.ts(174,11): error TS2353: Object literal may only specify known properties, and 'apiResponse' does not exist in type '{ documentType?: string | SQL<unknown> | PgColumn<ColumnBaseConfig<ColumnDataType, string>, {}, {}> | undefined; documentName?: string | ... 2 more ... | undefined; ... 27 more ...; dscCrlStatus?: string | ... 3 more ... | undefined; }'.
server/services/protean-esign-service.ts(192,34): error TS2353: Object literal may only specify known properties, and 'errorMessage' does not exist in type '{ documentType?: string | SQL<unknown> | PgColumn<ColumnBaseConfig<ColumnDataType, string>, {}, {}> | undefined; documentName?: string | ... 2 more ... | undefined; ... 27 more ...; dscCrlStatus?: string | ... 3 more ... | undefined; }'.
server/services/protean-esign-service.ts(221,24): error TS2339: Property 'expiresAt' does not exist on type '{ id: string; userId: string | null; prospectId: string | null; createdByAgentId: string | null; transactionId: string; documentType: string; documentName: string; documentHash: string; ... 21 more ...; createdAt: Date | null; }'.
server/services/protean-esign-service.ts(221,72): error TS2339: Property 'expiresAt' does not exist on type '{ id: string; userId: string | null; prospectId: string | null; createdByAgentId: string | null; transactionId: string; documentType: string; documentName: string; documentHash: string; ... 21 more ...; createdAt: Date | null; }'.
server/services/protean-esign-service.ts(246,45): error TS2339: Property 'aadhaarMasked' does not exist on type '{ id: string; userId: string | null; prospectId: string | null; createdByAgentId: string | null; transactionId: string; documentType: string; documentName: string; documentHash: string; ... 21 more ...; createdAt: Date | null; }'.
server/services/protean-esign-service.ts(258,13): error TS2353: Object literal may only specify known properties, and 'completedAt' does not exist in type '{ documentType?: string | SQL<unknown> | PgColumn<ColumnBaseConfig<ColumnDataType, string>, {}, {}> | undefined; documentName?: string | ... 2 more ... | undefined; ... 27 more ...; dscCrlStatus?: string | ... 3 more ... | undefined; }'.
server/services/protean-esign-service.ts(271,41): error TS2339: Property 'aadhaarMasked' does not exist on type '{ id: string; userId: string | null; prospectId: string | null; createdByAgentId: string | null; transactionId: string; documentType: string; documentName: string; documentHash: string; ... 21 more ...; createdAt: Date | null; }'.
server/services/protean-esign-service.ts(307,13): error TS2353: Object literal may only specify known properties, and 'otpSentAt' does not exist in type '{ documentType?: string | SQL<unknown> | PgColumn<ColumnBaseConfig<ColumnDataType, string>, {}, {}> | undefined; documentName?: string | ... 2 more ... | undefined; ... 27 more ...; dscCrlStatus?: string | ... 3 more ... | undefined; }'.
server/services/protean-esign-service.ts(350,33): error TS2339: Property 'completedAt' does not exist on type '{ id: string; userId: string | null; prospectId: string | null; createdByAgentId: string | null; transactionId: string; documentType: string; documentName: string; documentHash: string; ... 21 more ...; createdAt: Date | null; }'.
server/services/protean-esign-service.ts(351,35): error TS2339: Property 'certificateId' does not exist on type '{ id: string; userId: string | null; prospectId: string | null; createdByAgentId: string | null; transactionId: string; documentType: string; documentName: string; documentHash: string; ... 21 more ...; createdAt: Date | null; }'.
server/services/quant/quant-orchestrator.ts(416,7): error TS2322: Type '{ category: any; breachProbability: any; predictedDrift: any; predictedDriftDirection: "OVERWEIGHT" | "UNDERWEIGHT" | "STABLE"; timeToBreachDays: any; confidence: any; features: {}; triggerPreemptive: boolean; }[]' is not assignable to type 'DriftPrediction[]'.
  Type '{ category: any; breachProbability: any; predictedDrift: any; predictedDriftDirection: "OVERWEIGHT" | "UNDERWEIGHT" | "STABLE"; timeToBreachDays: any; confidence: any; features: {}; triggerPreemptive: boolean; }' is not assignable to type 'DriftPrediction'.
    Types of property 'features' are incompatible.
      Type '{}' is missing the following properties from type 'DriftFeatures': category, currentWeight, targetWeight, currentDrift, and 7 more.
server/services/realized-gains-aggregation-service.ts(369,56): error TS2339: Property 'getHistoricalNAV' does not exist on type 'ProposalCapitalGainsService'.
server/services/rebalancing-engine.ts(624,34): error TS2339: Property 'trades' does not exist on type 'Promise<RebalanceAnalysis>'.
server/services/rebalancing-engine.ts(712,38): error TS2339: Property 'trades' does not exist on type 'Promise<RebalanceAnalysis>'.
server/services/rebalancing-engine.ts(775,22): error TS2339: Property 'driftAnalysis' does not exist on type 'Promise<RebalanceAnalysis>'.
server/services/rebalancing-engine.ts(778,22): error TS2339: Property 'driftAnalysis' does not exist on type 'Promise<RebalanceAnalysis>'.
server/services/rebalancing-engine.ts(781,22): error TS2339: Property 'trades' does not exist on type 'Promise<RebalanceAnalysis>'.
server/services/rebalancing-engine.ts(781,34): error TS7006: Parameter 't' implicitly has an 'any' type.
server/services/rebalancing-engine.ts(788,5): error TS2739: Type 'RebalanceAnalysis' is missing the following properties from type 'AIEnhancedRebalanceResult': aiEnhanced, aiRecommendations, marketInsights
server/services/rebalancing/index.ts(28,11): error TS2304: Cannot find name 'marketRegimeDetector'.
server/services/rebalancing/index.ts(68,9): error TS2559: Type 'RebalancePlan' has no properties in common with type 'Partial<{ confidence_score: number; model_version: string; recommendation: string; factors_considered: string[]; timestamp?: string | undefined; }>'.
server/services/rebalancing/index.ts(69,9): error TS2739: Type '{ risk_profile: "medium"; investment_horizon: "long"; }' is missing the following properties from type '{ kyc_status: "pending" | "none" | "rejected" | "verified"; investment_horizon: "medium" | "unknown" | "short" | "long"; risk_profile: "medium" | "unknown" | "low" | "high"; user_segment: "retail" | ... 2 more ... | "unknown"; }': kyc_status, user_segment
server/services/recommendation-products-service.ts(86,5): error TS2322: Type '{ name: string; amc: string; category: string; sector: string | null; returns1Y: string; returns3Y: string; returns5Y: string | null; risk: string; productType: string; ticker: string | null; ... 7 more ...; investmentThesis: string | null; }[]' is not assignable to type 'RecommendationProductData[]'.
  Type '{ name: string; amc: string; category: string; sector: string | null; returns1Y: string; returns3Y: string; returns5Y: string | null; risk: string; productType: string; ticker: string | null; ... 7 more ...; investmentThesis: string | null; }' is not assignable to type 'RecommendationProductData'.
    Types of property 'sector' are incompatible.
      Type 'string | null' is not assignable to type 'string | undefined'.
        Type 'null' is not assignable to type 'string | undefined'.
server/services/recommendation-products-service.ts(123,9): error TS2322: Type 'string | null' is not assignable to type 'string | undefined'.
  Type 'null' is not assignable to type 'string | undefined'.
server/services/recommendation-products-service.ts(126,9): error TS2322: Type 'string | null' is not assignable to type 'string | undefined'.
  Type 'null' is not assignable to type 'string | undefined'.
server/services/recommendation-products-service.ts(129,9): error TS2322: Type 'string | null' is not assignable to type 'string | undefined'.
  Type 'null' is not assignable to type 'string | undefined'.
server/services/recommendation-products-service.ts(130,9): error TS2322: Type 'string | null' is not assignable to type 'string | undefined'.
  Type 'null' is not assignable to type 'string | undefined'.
server/services/recommendation-products-service.ts(132,9): error TS2322: Type 'boolean | null' is not assignable to type 'boolean | undefined'.
  Type 'null' is not assignable to type 'boolean | undefined'.
server/services/recommendation-products-service.ts(133,9): error TS2322: Type 'string | null' is not assignable to type 'string | undefined'.
  Type 'null' is not assignable to type 'string | undefined'.
server/services/recommendation-products-service.ts(136,9): error TS2322: Type 'string | null' is not assignable to type 'string | undefined'.
  Type 'null' is not assignable to type 'string | undefined'.
server/services/recommendation-products-service.ts(137,9): error TS2322: Type 'string | null' is not assignable to type 'string | undefined'.
  Type 'null' is not assignable to type 'string | undefined'.
server/services/regulatory-framework-service.ts(114,57): error TS2339: Property 'netWorthAmount' does not exist on type '{ id: string; userId: string; clientType: string | null; entityType: string | null; firstName: string | null; middleName: string | null; lastName: string | null; gender: string | null; ... 104 more ...; updatedAt: Date | null; }'.
server/services/regulatory-framework-service.ts(114,104): error TS2339: Property 'netWorthAmount' does not exist on type '{ id: string; userId: string; clientType: string | null; entityType: string | null; firstName: string | null; middleName: string | null; lastName: string | null; gender: string | null; ... 104 more ...; updatedAt: Date | null; }'.
server/services/regulatory-framework-service.ts(269,9): error TS2353: Object literal may only specify known properties, and 'investorType' does not exist in type '{ userId?: string | SQL<unknown> | PgColumn<ColumnBaseConfig<ColumnDataType, string>, {}, {}> | undefined; id?: string | SQL<unknown> | PgColumn<...> | undefined; ... 110 more ...; numberOfDependents?: number | ... 3 more ... | undefined; }'.
server/services/regulatory-reporting-service.ts(101,13): error TS2322: Type 'string | null' is not assignable to type 'string | undefined'.
  Type 'null' is not assignable to type 'string | undefined'.
server/services/reminder-scheduler.ts(317,74): error TS2345: Argument of type 'string | null' is not assignable to parameter of type 'string'.
  Type 'null' is not assignable to type 'string'.
server/services/reports/report-orchestrator.ts(72,16): error TS2769: No overload matches this call.
  Overload 1 of 3, '(left: PgColumn<{ name: "id"; tableName: "users"; dataType: "string"; columnType: "PgVarchar"; data: string; driverParam: string; notNull: true; hasDefault: true; isPrimaryKey: true; isAutoincrement: false; ... 4 more ...; generated: undefined; }, {}, { ...; }>, right: string | SQLWrapper): SQL<...>', gave the following error.
    Argument of type 'string | null' is not assignable to parameter of type 'string | SQLWrapper'.
      Type 'null' is not assignable to type 'string | SQLWrapper'.
  Overload 2 of 3, '(left: Aliased<string | null>, right: string | SQLWrapper | null): SQL<unknown>', gave the following error.
    Argument of type 'PgColumn<{ name: "id"; tableName: "users"; dataType: "string"; columnType: "PgVarchar"; data: string; driverParam: string; notNull: true; hasDefault: true; isPrimaryKey: true; isAutoincrement: false; ... 4 more ...; generated: undefined; }, {}, { ...; }>' is not assignable to parameter of type 'Aliased<string | null>'.
      Type 'PgColumn<{ name: "id"; tableName: "users"; dataType: "string"; columnType: "PgVarchar"; data: string; driverParam: string; notNull: true; hasDefault: true; isPrimaryKey: true; isAutoincrement: false; ... 4 more ...; generated: undefined; }, {}, { ...; }>' is missing the following properties from type 'Aliased<string | null>': sql, fieldAlias
  Overload 3 of 3, '(left: never, right: unknown): SQL<unknown>', gave the following error.
    Argument of type 'PgColumn<{ name: "id"; tableName: "users"; dataType: "string"; columnType: "PgVarchar"; data: string; driverParam: string; notNull: true; hasDefault: true; isPrimaryKey: true; isAutoincrement: false; ... 4 more ...; generated: undefined; }, {}, { ...; }>' is not assignable to parameter of type 'never'.
server/services/return-forecasting-engine.ts(546,7): error TS2322: Type 'Promise<IRRResult> | { irr: number; xirr: number; }' is not assignable to type 'IRRResult'.
  Type 'Promise<IRRResult>' is missing the following properties from type 'IRRResult': irr, xirr
server/services/return-forecasting-engine.ts(550,7): error TS2740: Type 'Promise<ForwardProjection[]>' is missing the following properties from type 'ForwardProjection[]': length, pop, push, concat, and 35 more.
server/services/revenue/revenueEngine.ts(1,24): error TS2307: Cannot find module '../../../logger' or its corresponding type declarations.
server/services/screener/enrichment-service.ts(141,54): error TS2769: No overload matches this call.
  Overload 1 of 2, '(value: { symbol: string | SQL<unknown> | Placeholder<string, any>; id?: string | SQL<unknown> | Placeholder<string, any> | undefined; createdAt?: SQL<unknown> | Date | Placeholder<...> | null | undefined; ... 36 more ...; return2y?: string | ... 3 more ... | undefined; }): PgInsertBase<...>', gave the following error.
    Argument of type 'Record<string, any>' is not assignable to parameter of type '{ symbol: string | SQL<unknown> | Placeholder<string, any>; id?: string | SQL<unknown> | Placeholder<string, any> | undefined; createdAt?: SQL<unknown> | Date | Placeholder<...> | null | undefined; ... 36 more ...; return2y?: string | ... 3 more ... | undefined; }'.
      Property 'symbol' is missing in type 'Record<string, any>' but required in type '{ symbol: string | SQL<unknown> | Placeholder<string, any>; id?: string | SQL<unknown> | Placeholder<string, any> | undefined; createdAt?: SQL<unknown> | Date | Placeholder<...> | null | undefined; ... 36 more ...; return2y?: string | ... 3 more ... | undefined; }'.
  Overload 2 of 2, '(values: { symbol: string | SQL<unknown> | Placeholder<string, any>; id?: string | SQL<unknown> | Placeholder<string, any> | undefined; createdAt?: SQL<unknown> | Date | Placeholder<...> | null | undefined; ... 36 more ...; return2y?: string | ... 3 more ... | undefined; }[]): PgInsertBase<...>', gave the following error.
    Argument of type 'Record<string, any>' is not assignable to parameter of type '{ symbol: string | SQL<unknown> | Placeholder<string, any>; id?: string | SQL<unknown> | Placeholder<string, any> | undefined; createdAt?: SQL<unknown> | Date | Placeholder<...> | null | undefined; ... 36 more ...; return2y?: string | ... 3 more ... | undefined; }[]'.
      Type 'Record<string, any>' is missing the following properties from type '{ symbol: string | SQL<unknown> | Placeholder<string, any>; id?: string | SQL<unknown> | Placeholder<string, any> | undefined; createdAt?: SQL<unknown> | Date | Placeholder<...> | null | undefined; ... 36 more ...; return2y?: string | ... 3 more ... | undefined; }[]': length, pop, push, concat, and 35 more.
server/services/sebi-compliance-service.ts(1020,49): error TS2339: Property 'includes' does not exist on type '{}'.
server/services/sebi-risk-scoring-service.ts(29,3): error TS2724: '"@shared/schema"' has no exported member named 'SebiProductSuitabilityMatrix'. Did you mean 'sebiProductSuitabilityMatrix'?
server/services/sebi-risk-scoring-service.ts(30,3): error TS2724: '"@shared/schema"' has no exported member named 'SebiAiRiskRecommendation'. Did you mean 'sebiAiRiskRecommendations'?
server/services/sebi-risk-scoring-service.ts(32,3): error TS2724: '"@shared/schema"' has no exported member named 'InsertSebiRiskAuditLog'. Did you mean 'InsertSebiAuditLog'?
server/services/sebi-risk-scoring-service.ts(1125,43): error TS2339: Property 'status' does not exist on type 'PgTableWithColumns<{ name: "sebi_questionnaire_versions"; schema: undefined; columns: { id: PgColumn<{ name: "id"; tableName: "sebi_questionnaire_versions"; dataType: "string"; columnType: "PgVarchar"; data: string; ... 9 more ...; generated: undefined; }, {}, { ...; }>; ... 9 more ...; updatedAt: PgColumn<...>; }; ...'.
server/services/sebi-risk-scoring-service.ts(1130,71): error TS2769: No overload matches this call.
  Overload 1 of 2, '(value: { effectiveFrom: SQL<unknown> | Date | Placeholder<string, any>; versionNumber: string | SQL<unknown> | Placeholder<string, any>; id?: string | SQL<...> | Placeholder<...> | undefined; ... 7 more ...; changeLog?: string | ... 3 more ... | undefined; }): PgInsertBase<...>', gave the following error.
    Object literal may only specify known properties, and 'status' does not exist in type '{ effectiveFrom: SQL<unknown> | Date | Placeholder<string, any>; versionNumber: string | SQL<unknown> | Placeholder<string, any>; id?: string | SQL<...> | Placeholder<...> | undefined; ... 7 more ...; changeLog?: string | ... 3 more ... | undefined; }'.
  Overload 2 of 2, '(values: { effectiveFrom: SQL<unknown> | Date | Placeholder<string, any>; versionNumber: string | SQL<unknown> | Placeholder<string, any>; id?: string | SQL<...> | Placeholder<...> | undefined; ... 7 more ...; changeLog?: string | ... 3 more ... | undefined; }[]): PgInsertBase<...>', gave the following error.
    Object literal may only specify known properties, and 'versionNumber' does not exist in type '{ effectiveFrom: SQL<unknown> | Date | Placeholder<string, any>; versionNumber: string | SQL<unknown> | Placeholder<string, any>; id?: string | SQL<...> | Placeholder<...> | undefined; ... 7 more ...; changeLog?: string | ... 3 more ... | undefined; }[]'.
server/services/sebi-risk-scoring-service.ts(1185,68): error TS2769: No overload matches this call.
  Overload 1 of 2, '(value: { questionType: string | SQL<unknown> | Placeholder<string, any>; categoryId: string | SQL<unknown> | Placeholder<string, any>; sortOrder: number | SQL<...> | Placeholder<...>; ... 7 more ...; helpText?: string | ... 3 more ... | undefined; }): PgInsertBase<...>', gave the following error.
    Argument of type '{ categoryId: string; questionCode: string; questionText: string; questionType: string; helpText: string | undefined; isMandatory: boolean; sortOrder: number; isActive: true; }' is not assignable to parameter of type '{ questionType: string | SQL<unknown> | Placeholder<string, any>; categoryId: string | SQL<unknown> | Placeholder<string, any>; sortOrder: number | SQL<...> | Placeholder<...>; ... 7 more ...; helpText?: string | ... 3 more ... | undefined; }'.
      Property 'versionId' is missing in type '{ categoryId: string; questionCode: string; questionText: string; questionType: string; helpText: string | undefined; isMandatory: boolean; sortOrder: number; isActive: true; }' but required in type '{ questionType: string | SQL<unknown> | Placeholder<string, any>; categoryId: string | SQL<unknown> | Placeholder<string, any>; sortOrder: number | SQL<...> | Placeholder<...>; ... 7 more ...; helpText?: string | ... 3 more ... | undefined; }'.
  Overload 2 of 2, '(values: { questionType: string | SQL<unknown> | Placeholder<string, any>; categoryId: string | SQL<unknown> | Placeholder<string, any>; sortOrder: number | SQL<...> | Placeholder<...>; ... 7 more ...; helpText?: string | ... 3 more ... | undefined; }[]): PgInsertBase<...>', gave the following error.
    Object literal may only specify known properties, and 'categoryId' does not exist in type '{ questionType: string | SQL<unknown> | Placeholder<string, any>; categoryId: string | SQL<unknown> | Placeholder<string, any>; sortOrder: number | SQL<...> | Placeholder<...>; ... 7 more ...; helpText?: string | ... 3 more ... | undefined; }[]'.
server/services/signal-orchestrator.ts(227,43): error TS2345: Argument of type '"BUY" | "SELL" | "SWITCH" | "HOLD" | "REDUCE" | "INCREASE" | "PROFIT_BOOK" | "TAX_LOSS_HARVEST" | "HOLD_COST_FILTER" | "HOLD_RISK_LIMIT"' is not assignable to parameter of type '"BUY" | "SELL" | "SWITCH" | "HOLD" | "NONE" | "REDUCE" | "INCREASE" | "HOLD_COST_FILTER" | "HOLD_RISK_LIMIT"'.
  Type '"PROFIT_BOOK"' is not assignable to type '"BUY" | "SELL" | "SWITCH" | "HOLD" | "NONE" | "REDUCE" | "INCREASE" | "HOLD_COST_FILTER" | "HOLD_RISK_LIMIT"'.
server/services/signal-orchestrator.ts(249,44): error TS2345: Argument of type '"BUY" | "SELL" | "SWITCH" | "HOLD" | "REDUCE" | "INCREASE" | "PROFIT_BOOK" | "TAX_LOSS_HARVEST" | "HOLD_COST_FILTER" | "HOLD_RISK_LIMIT"' is not assignable to parameter of type '"BUY" | "SELL" | "SWITCH" | "HOLD" | "NONE" | "REDUCE" | "INCREASE" | "HOLD_COST_FILTER" | "HOLD_RISK_LIMIT"'.
  Type '"PROFIT_BOOK"' is not assignable to type '"BUY" | "SELL" | "SWITCH" | "HOLD" | "NONE" | "REDUCE" | "INCREASE" | "HOLD_COST_FILTER" | "HOLD_RISK_LIMIT"'.
server/services/signal-orchestrator.ts(445,7): error TS2322: Type '"BUY" | "SELL" | "SWITCH" | "HOLD" | "REDUCE" | "INCREASE" | "PROFIT_BOOK" | "TAX_LOSS_HARVEST" | "HOLD_COST_FILTER" | "HOLD_RISK_LIMIT"' is not assignable to type '"BUY" | "SELL" | "SWITCH" | "HOLD" | "REDUCE" | "INCREASE" | "HOLD_COST_FILTER" | "HOLD_RISK_LIMIT" | undefined'.
  Type '"PROFIT_BOOK"' is not assignable to type '"BUY" | "SELL" | "SWITCH" | "HOLD" | "REDUCE" | "INCREASE" | "HOLD_COST_FILTER" | "HOLD_RISK_LIMIT" | undefined'.
server/services/signal-orchestrator.ts(468,7): error TS2322: Type '"BUY" | "SELL" | "SWITCH" | "HOLD" | "REDUCE" | "INCREASE" | "PROFIT_BOOK" | "TAX_LOSS_HARVEST" | "HOLD_COST_FILTER" | "HOLD_RISK_LIMIT"' is not assignable to type '"BUY" | "SELL" | "SWITCH" | "HOLD" | "REDUCE" | "INCREASE" | "HOLD_COST_FILTER" | "HOLD_RISK_LIMIT" | undefined'.
  Type '"PROFIT_BOOK"' is not assignable to type '"BUY" | "SELL" | "SWITCH" | "HOLD" | "REDUCE" | "INCREASE" | "HOLD_COST_FILTER" | "HOLD_RISK_LIMIT" | undefined'.
server/services/sms-marketing-service.ts(298,45): error TS2769: No overload matches this call.
  Overload 1 of 2, '(value: { campaignId: string | SQL<unknown> | Placeholder<string, any>; id?: string | SQL<unknown> | Placeholder<string, any> | undefined; createdAt?: SQL<unknown> | Date | Placeholder<...> | null | undefined; ... 7 more ...; clickedAt?: SQL<...> | ... 3 more ... | undefined; }): PgInsertBase<...>', gave the following error.
    Object literal may only specify known properties, and 'sentAt' does not exist in type '{ campaignId: string | SQL<unknown> | Placeholder<string, any>; id?: string | SQL<unknown> | Placeholder<string, any> | undefined; createdAt?: SQL<unknown> | Date | Placeholder<...> | null | undefined; ... 7 more ...; clickedAt?: SQL<...> | ... 3 more ... | undefined; }'.
  Overload 2 of 2, '(values: { campaignId: string | SQL<unknown> | Placeholder<string, any>; id?: string | SQL<unknown> | Placeholder<string, any> | undefined; createdAt?: SQL<unknown> | Date | Placeholder<...> | null | undefined; ... 7 more ...; clickedAt?: SQL<...> | ... 3 more ... | undefined; }[]): PgInsertBase<...>', gave the following error.
    Object literal may only specify known properties, and 'campaignId' does not exist in type '{ campaignId: string | SQL<unknown> | Placeholder<string, any>; id?: string | SQL<unknown> | Placeholder<string, any> | undefined; createdAt?: SQL<unknown> | Date | Placeholder<...> | null | undefined; ... 7 more ...; clickedAt?: SQL<...> | ... 3 more ... | undefined; }[]'.
server/services/social/referralService.ts(1,24): error TS2307: Cannot find module '../logger' or its corresponding type declarations.
server/services/stock-enrichment-service.ts(200,59): error TS2339: Property 'getStockData' does not exist on type 'ExchangeStockService'.
server/services/stock-metrics-service.ts(19,24): error TS2724: '"@shared/schema"' has no exported member named 'stockFinancialAuditLog'. Did you mean 'financialAuditLog'?
server/services/subscription-service.ts(216,42): error TS2769: No overload matches this call.
  Overload 1 of 2, '(value: { userId: string | SQL<unknown> | Placeholder<string, any>; planTier: string | SQL<unknown> | Placeholder<string, any>; billingCycle: string | SQL<unknown> | Placeholder<...>; ... 10 more ...; startsAt?: SQL<...> | ... 3 more ... | undefined; }): PgInsertBase<...>', gave the following error.
    Object literal may only specify known properties, and 'metadata' does not exist in type '{ userId: string | SQL<unknown> | Placeholder<string, any>; planTier: string | SQL<unknown> | Placeholder<string, any>; billingCycle: string | SQL<unknown> | Placeholder<...>; ... 10 more ...; startsAt?: SQL<...> | ... 3 more ... | undefined; }'.
  Overload 2 of 2, '(values: { userId: string | SQL<unknown> | Placeholder<string, any>; planTier: string | SQL<unknown> | Placeholder<string, any>; billingCycle: string | SQL<unknown> | Placeholder<...>; ... 10 more ...; startsAt?: SQL<...> | ... 3 more ... | undefined; }[]): PgInsertBase<...>', gave the following error.
    Object literal may only specify known properties, and 'userId' does not exist in type '{ userId: string | SQL<unknown> | Placeholder<string, any>; planTier: string | SQL<unknown> | Placeholder<string, any>; billingCycle: string | SQL<unknown> | Placeholder<...>; ... 10 more ...; startsAt?: SQL<...> | ... 3 more ... | undefined; }[]'.
server/services/subscription-service.ts(297,9): error TS2488: Type 'QueryResult<Record<string, unknown>>' must have a '[Symbol.iterator]()' method that returns an iterator.
server/services/tax-orchestrator.ts(236,9): error TS2353: Object literal may only specify known properties, and 'fixHint' does not exist in type '{ id: string; createdAt: Date | null; message: string; details: string | null; resolvedAt: Date | null; severity: string; field: string | null; sessionId: string; isResolved: boolean | null; suggestedAction: string | null; section: string; }'.
server/services/tax-orchestrator.ts(250,9): error TS2353: Object literal may only specify known properties, and 'fixHint' does not exist in type '{ id: string; createdAt: Date | null; message: string; details: string | null; resolvedAt: Date | null; severity: string; field: string | null; sessionId: string; isResolved: boolean | null; suggestedAction: string | null; section: string; }'.
server/services/tax-orchestrator.ts(356,11): error TS2739: Type '{ id: `${string}-${string}-${string}-${string}-${string}`; sessionId: string; acknowledgmentNumber: string; receiptNumber: string; filingDate: Date; itrForm: string; taxRegime: string; totalIncome: string; ... 11 more ...; updatedAt: Date; }' is missing the following properties from type '{ id: string; createdAt: Date | null; updatedAt: Date | null; status: string; verificationDate: Date | null; taxRegime: string; totalIncome: string | null; taxPayable: string | null; ... 14 more ...; itrVUrl: string | null; }': zohoInvoiceId, zohoSyncedAt, zohoSyncStatus
server/services/tax-regime-config.ts(152,10): error TS2304: Cannot find name 'DEBT_PROVISIONAL_NOTE'.
server/services/transaction-automation-engine.ts(184,52): error TS2339: Property 'createOrder' does not exist on type 'AlpacaBrokerService'.
server/services/transaction-automation-engine.ts(202,17): error TS2339: Property 'bseUccService' does not exist on type 'typeof import("/Users/sangrammohanty/Documents/GitHub/FintekPro/server/services/bse-ucc-service")'.
server/services/transaction-automation-engine.ts(249,38): error TS2339: Property 'partnerId' does not exist on type 'PgTableWithColumns<{ name: "commission_config"; schema: undefined; columns: { configId: PgColumn<{ name: "config_id"; tableName: "commission_config"; dataType: "string"; columnType: "PgVarchar"; data: string; driverParam: string; ... 8 more ...; generated: undefined; }, {}, { ...; }>; ... 6 more ...; createdAt: PgCo...'.
server/services/transaction-automation-engine.ts(254,37): error TS2339: Property 'commissionRate' does not exist on type '{ configId: string; productType: string; agentPct: string; platformPct: string; uplineIncentivePct: string; minResidualThreshold: string; isActive: boolean | null; createdAt: Date | null; }'.
server/services/transaction-automation-engine.ts(256,67): error TS2339: Property 'businessName' does not exist on type 'PgTableWithColumns<{ name: "partners"; schema: undefined; columns: { id: PgColumn<{ name: "id"; tableName: "partners"; dataType: "string"; columnType: "PgVarchar"; data: string; driverParam: string; notNull: true; hasDefault: true; ... 6 more ...; generated: undefined; }, {}, { ...; }>; ... 76 more ...; updatedAt: P...'.
server/services/transaction-automation-engine.ts(258,37): error TS2339: Property 'userId' does not exist on type 'PgTableWithColumns<{ name: "partners"; schema: undefined; columns: { id: PgColumn<{ name: "id"; tableName: "partners"; dataType: "string"; columnType: "PgVarchar"; data: string; driverParam: string; notNull: true; hasDefault: true; ... 6 more ...; generated: undefined; }, {}, { ...; }>; ... 76 more ...; updatedAt: P...'.
server/services/transactions/transactionOrchestrator.ts(20,17): error TS2339: Property 'pan' does not exist on type '{ id: string; userId: string; email: string | null; mobile: string | null; password: string; firstName: string | null; middleName: string | null; lastName: string | null; profileImageUrl: string | null; ... 121 more ...; shareableProfileEnabled: boolean | null; }'.
server/services/transactions/transactionOrchestrator.ts(43,19): error TS2339: Property 'pan' does not exist on type '{ id: string; userId: string; email: string | null; mobile: string | null; password: string; firstName: string | null; middleName: string | null; lastName: string | null; profileImageUrl: string | null; ... 121 more ...; shareableProfileEnabled: boolean | null; }'.
server/services/truthscreen-esign-service.ts(117,38): error TS2769: No overload matches this call.
  Overload 1 of 2, '(value: { documentType: string | SQL<unknown> | Placeholder<string, any>; documentName: string | SQL<unknown> | Placeholder<string, any>; transactionId: string | ... 1 more ... | Placeholder<...>; ... 26 more ...; dscCrlStatus?: string | ... 3 more ... | undefined; }): PgInsertBase<...>', gave the following error.
    Object literal may only specify known properties, and 'documentUrl' does not exist in type '{ documentType: string | SQL<unknown> | Placeholder<string, any>; documentName: string | SQL<unknown> | Placeholder<string, any>; transactionId: string | SQL<...> | Placeholder<...>; ... 26 more ...; dscCrlStatus?: string | ... 3 more ... | undefined; }'.
  Overload 2 of 2, '(values: { documentType: string | SQL<unknown> | Placeholder<string, any>; documentName: string | SQL<unknown> | Placeholder<string, any>; transactionId: string | ... 1 more ... | Placeholder<...>; ... 26 more ...; dscCrlStatus?: string | ... 3 more ... | undefined; }[]): PgInsertBase<...>', gave the following error.
    Object literal may only specify known properties, and 'id' does not exist in type '{ documentType: string | SQL<unknown> | Placeholder<string, any>; documentName: string | SQL<unknown> | Placeholder<string, any>; transactionId: string | SQL<...> | Placeholder<...>; ... 26 more ...; dscCrlStatus?: string | ... 3 more ... | undefined; }[]'.
server/services/truthscreen-esign-service.ts(235,11): error TS2353: Object literal may only specify known properties, and 'apiResponse' does not exist in type '{ documentType?: string | SQL<unknown> | PgColumn<ColumnBaseConfig<ColumnDataType, string>, {}, {}> | undefined; documentName?: string | ... 2 more ... | undefined; ... 27 more ...; dscCrlStatus?: string | ... 3 more ... | undefined; }'.
server/services/truthscreen-esign-service.ts(259,34): error TS2353: Object literal may only specify known properties, and 'errorMessage' does not exist in type '{ documentType?: string | SQL<unknown> | PgColumn<ColumnBaseConfig<ColumnDataType, string>, {}, {}> | undefined; documentName?: string | ... 2 more ... | undefined; ... 27 more ...; dscCrlStatus?: string | ... 3 more ... | undefined; }'.
server/services/truthscreen-esign-service.ts(320,13): error TS2353: Object literal may only specify known properties, and 'completedAt' does not exist in type '{ documentType?: string | SQL<unknown> | PgColumn<ColumnBaseConfig<ColumnDataType, string>, {}, {}> | undefined; documentName?: string | ... 2 more ... | undefined; ... 27 more ...; dscCrlStatus?: string | ... 3 more ... | undefined; }'.
server/services/truthscreen-esign-service.ts(344,51): error TS2339: Property 'aadhaarMasked' does not exist on type '{ id: string; userId: string | null; prospectId: string | null; createdByAgentId: string | null; transactionId: string; documentType: string; documentName: string; documentHash: string; ... 21 more ...; createdAt: Date | null; }'.
server/services/truthscreen-esign-service.ts(419,33): error TS2339: Property 'completedAt' does not exist on type '{ id: string; userId: string | null; prospectId: string | null; createdByAgentId: string | null; transactionId: string; documentType: string; documentName: string; documentHash: string; ... 21 more ...; createdAt: Date | null; }'.
server/services/truthscreen-esign-service.ts(420,35): error TS2339: Property 'certificateId' does not exist on type '{ id: string; userId: string | null; prospectId: string | null; createdByAgentId: string | null; transactionId: string; documentType: string; documentName: string; documentHash: string; ... 21 more ...; createdAt: Date | null; }'.
server/services/truthscreen-esign-service.ts(466,43): error TS2339: Property 'aadhaarMasked' does not exist on type '{ id: string; userId: string | null; prospectId: string | null; createdByAgentId: string | null; transactionId: string; documentType: string; documentName: string; documentHash: string; ... 21 more ...; createdAt: Date | null; }'.
server/services/truthscreen-esign-service.ts(475,37): error TS2353: Object literal may only specify known properties, and 'completedAt' does not exist in type '{ documentType?: string | SQL<unknown> | PgColumn<ColumnBaseConfig<ColumnDataType, string>, {}, {}> | undefined; documentName?: string | ... 2 more ... | undefined; ... 27 more ...; dscCrlStatus?: string | ... 3 more ... | undefined; }'.
server/services/truthscreen-esign-service.ts(486,39): error TS2339: Property 'aadhaarMasked' does not exist on type '{ id: string; userId: string | null; prospectId: string | null; createdByAgentId: string | null; transactionId: string; documentType: string; documentName: string; documentHash: string; ... 21 more ...; createdAt: Date | null; }'.
server/services/truthscreen-esign-service.ts(506,39): error TS2339: Property 'aadhaarMasked' does not exist on type '{ id: string; userId: string | null; prospectId: string | null; createdByAgentId: string | null; transactionId: string; documentType: string; documentName: string; documentHash: string; ... 21 more ...; createdAt: Date | null; }'.
server/services/twilio-webhook-service.ts(671,34): error TS2339: Property 'assignedAgentId' does not exist on type 'PgTableWithColumns<{ name: "users"; schema: undefined; columns: { id: PgColumn<{ name: "id"; tableName: "users"; dataType: "string"; columnType: "PgVarchar"; data: string; driverParam: string; notNull: true; hasDefault: true; ... 6 more ...; generated: undefined; }, {}, { ...; }>; ... 129 more ...; shareableProfileE...'.
server/services/unified-advisory-service.ts(178,49): error TS2339: Property 'netWorthAmount' does not exist on type '{ id: string; userId: string; clientType: string | null; entityType: string | null; firstName: string | null; middleName: string | null; lastName: string | null; gender: string | null; ... 104 more ...; updatedAt: Date | null; }'.
server/services/unified-advisory-service.ts(277,67): error TS2769: No overload matches this call.
  Overload 1 of 3, '(left: PgColumn<{ name: "symbol"; tableName: "market_data"; dataType: "string"; columnType: "PgText"; data: string; driverParam: string; notNull: true; hasDefault: false; isPrimaryKey: false; isAutoincrement: false; ... 4 more ...; generated: undefined; }, {}, {}>, right: string | SQLWrapper): SQL<...>', gave the following error.
    Argument of type 'string | null' is not assignable to parameter of type 'string | SQLWrapper'.
      Type 'null' is not assignable to type 'string | SQLWrapper'.
  Overload 2 of 3, '(left: Aliased<string | null>, right: string | SQLWrapper | null): SQL<unknown>', gave the following error.
    Argument of type 'PgColumn<{ name: "symbol"; tableName: "market_data"; dataType: "string"; columnType: "PgText"; data: string; driverParam: string; notNull: true; hasDefault: false; isPrimaryKey: false; isAutoincrement: false; ... 4 more ...; generated: undefined; }, {}, {}>' is not assignable to parameter of type 'Aliased<string | null>'.
      Type 'PgColumn<{ name: "symbol"; tableName: "market_data"; dataType: "string"; columnType: "PgText"; data: string; driverParam: string; notNull: true; hasDefault: false; isPrimaryKey: false; isAutoincrement: false; ... 4 more ...; generated: undefined; }, {}, {}>' is missing the following properties from type 'Aliased<string | null>': sql, fieldAlias
  Overload 3 of 3, '(left: never, right: unknown): SQL<unknown>', gave the following error.
    Argument of type 'PgColumn<{ name: "symbol"; tableName: "market_data"; dataType: "string"; columnType: "PgText"; data: string; driverParam: string; notNull: true; hasDefault: false; isPrimaryKey: false; isAutoincrement: false; ... 4 more ...; generated: undefined; }, {}, {}>' is not assignable to parameter of type 'never'.
server/services/unified-advisory-service.ts(286,31): error TS2322: Type 'string | null' is not assignable to type 'string'.
  Type 'null' is not assignable to type 'string'.
server/services/unified-advisory-service.ts(286,55): error TS2322: Type 'string | null' is not assignable to type 'string'.
  Type 'null' is not assignable to type 'string'.
server/services/unified-advisory-service.ts(661,41): error TS2551: Property 'return3Y' does not exist on type 'PgTableWithColumns<{ name: "mutual_fund_metrics"; schema: undefined; columns: { id: PgColumn<{ name: "id"; tableName: "mutual_fund_metrics"; dataType: "number"; columnType: "PgSerial"; data: number; driverParam: number; ... 8 more ...; generated: undefined; }, {}, {}>; ... 49 more ...; createdAt: PgColumn<...>; }; d...'. Did you mean 'return3y'?
server/services/unified-advisory-service.ts(844,48): error TS2769: No overload matches this call.
  Overload 1 of 2, '(value: { productName: string | SQL<unknown> | Placeholder<string, any>; recommendedAmount: string | SQL<unknown> | Placeholder<string, any>; productType: string | ... 1 more ... | Placeholder<...>; ... 32 more ...; isAddedToCart?: boolean | ... 3 more ... | undefined; }): PgInsertBase<...>', gave the following error.
    Object literal may only specify known properties, and 'rationale' does not exist in type '{ productName: string | SQL<unknown> | Placeholder<string, any>; recommendedAmount: string | SQL<unknown> | Placeholder<string, any>; productType: string | SQL<...> | Placeholder<...>; ... 32 more ...; isAddedToCart?: boolean | ... 3 more ... | undefined; }'.
  Overload 2 of 2, '(values: { productName: string | SQL<unknown> | Placeholder<string, any>; recommendedAmount: string | SQL<unknown> | Placeholder<string, any>; productType: string | ... 1 more ... | Placeholder<...>; ... 32 more ...; isAddedToCart?: boolean | ... 3 more ... | undefined; }[]): PgInsertBase<...>', gave the following error.
    Object literal may only specify known properties, and 'proposalId' does not exist in type '{ productName: string | SQL<unknown> | Placeholder<string, any>; recommendedAmount: string | SQL<unknown> | Placeholder<string, any>; productType: string | SQL<...> | Placeholder<...>; ... 32 more ...; isAddedToCart?: boolean | ... 3 more ... | undefined; }[]'.
server/services/unified-ai-recommendation-engine.ts(336,7): error TS2740: Type '{ cacheHit: true; }' is missing the following properties from type 'ProductAnalysis': productId, productName, category, overallScore, and 20 more.
server/services/unified-ai-recommendation-engine.ts(1039,11): error TS2322: Type 'number' is not assignable to type 'string'.
server/services/unified-ai-recommendation-engine.ts(1040,11): error TS2322: Type 'number' is not assignable to type 'string'.
server/services/unified-ai-recommendation-engine.ts(1041,11): error TS2322: Type 'number' is not assignable to type 'string'.
server/services/unified-ai-recommendation-engine.ts(1358,11): error TS2322: Type '"groq"' is not assignable to type '"fallback" | "gemini" | "openai"'.
server/services/unified-data-cache-service.ts(161,7): error TS2322: Type '{} | null' is not assignable to type 'string | null'.
  Type '{}' is not assignable to type 'string'.
server/services/unified-data-cache-service.ts(234,7): error TS2322: Type '{} | null' is not assignable to type 'string | null'.
  Type '{}' is not assignable to type 'string'.
server/services/unified-data-cache-service.ts(334,7): error TS2322: Type '{} | null' is not assignable to type 'string | null'.
  Type '{}' is not assignable to type 'string'.
server/services/unified-data-cache-service.ts(424,7): error TS2322: Type '{} | null' is not assignable to type 'string | null'.
  Type '{}' is not assignable to type 'string'.
server/services/unified-data-cache-service.ts(510,35): error TS2345: Argument of type '{}' is not assignable to parameter of type 'string'.
server/services/unified-data-cache-service.ts(511,34): error TS2345: Argument of type '{}' is not assignable to parameter of type 'string'.
server/services/unified-data-cache-service.ts(514,42): error TS2345: Argument of type '{}' is not assignable to parameter of type 'string'.
server/services/unified-data-cache-service.ts(516,27): error TS2345: Argument of type '{}' is not assignable to parameter of type 'string'.
server/services/unified-data-cache-service.ts(517,29): error TS2345: Argument of type '{}' is not assignable to parameter of type 'string'.
server/services/unified-data-cache-service.ts(520,27): error TS2345: Argument of type '{}' is not assignable to parameter of type 'string'.
server/services/unified-data-cache-service.ts(521,29): error TS2345: Argument of type '{}' is not assignable to parameter of type 'string'.
server/services/unified-data-cache-service.ts(524,27): error TS2345: Argument of type '{}' is not assignable to parameter of type 'string'.
server/services/unified-data-cache-service.ts(525,29): error TS2345: Argument of type '{}' is not assignable to parameter of type 'string'.
server/services/unified-data-cache-service.ts(531,40): error TS2345: Argument of type '{}' is not assignable to parameter of type 'string'.
server/services/unified-esign-service.ts(81,11): error TS2322: Type 'Map<"truthscreen" | "user_signature" | "protean" | "emudhra" | "cvl" | "dsc_token", { provider: "truthscreen"; displayName: string; description: string; pricingPerSign: number; pricingCurrency: string; isActive: true; isConfigured: false; features: string[]; environment: "sandbox"; } | ... 4 more ... | { ...; }>' is not assignable to type 'Map<ESignProvider, ESignProviderConfig>'.
  Type '{ provider: "truthscreen"; displayName: string; description: string; pricingPerSign: number; pricingCurrency: string; isActive: true; isConfigured: false; features: string[]; environment: "sandbox"; } | ... 4 more ... | { ...; }' is not assignable to type 'ESignProviderConfig'.
    Type '{ provider: "protean-esign"; displayName: string; description: string; pricingPerSign: number; pricingCurrency: string; isActive: false; isConfigured: false; features: string[]; environment: "sandbox"; }' is not assignable to type 'ESignProviderConfig'.
      Types of property 'provider' are incompatible.
        Type '"protean-esign"' is not assignable to type 'ESignProvider'.
server/services/unified-esign-service.ts(372,36): error TS2322: Type '"protean-esign"' is not assignable to type 'ESignProvider'.
server/services/unified-esign-service.ts(402,36): error TS2322: Type '"protean-esign"' is not assignable to type 'ESignProvider'.
server/services/unified-esign-service.ts(420,36): error TS2322: Type '"protean-esign"' is not assignable to type 'ESignProvider'.
server/services/unified-esign-service.ts(446,36): error TS2322: Type '"protean-esign"' is not assignable to type 'ESignProvider'.
server/services/unified-esign-service.ts(483,9): error TS2322: Type '"protean-esign"' is not assignable to type 'ESignProvider'.
server/services/unified-esign-service.ts(554,38): error TS2339: Property 'completedAt' does not exist on type 'PgTableWithColumns<{ name: "esign_requests"; schema: undefined; columns: { id: PgColumn<{ name: "id"; tableName: "esign_requests"; dataType: "string"; columnType: "PgVarchar"; data: string; driverParam: string; notNull: true; ... 7 more ...; generated: undefined; }, {}, { ...; }>; ... 28 more ...; createdAt: PgColum...'.
server/services/unified-esign-service.ts(558,38): error TS2339: Property 'signerEmail' does not exist on type 'PgTableWithColumns<{ name: "esign_requests"; schema: undefined; columns: { id: PgColumn<{ name: "id"; tableName: "esign_requests"; dataType: "string"; columnType: "PgVarchar"; data: string; driverParam: string; notNull: true; ... 7 more ...; generated: undefined; }, {}, { ...; }>; ... 28 more ...; createdAt: PgColum...'.
server/services/unified-esign-service.ts(571,47): error TS2345: Argument of type 'string' is not assignable to parameter of type 'number'.
server/services/unified-esign-service.ts(581,45): error TS2345: Argument of type 'string' is not assignable to parameter of type 'number'.
server/services/unified-holdings-reader-service.ts(327,22): error TS2339: Property 'avgCostPerUnit' does not exist on type '{ symbol: string; id: string; kycStatus: string | null; createdAt: Date | null; updatedAt: Date | null; interestRate: string | null; userId: string | null; nomineeDetails: unknown; ... 43 more ...; advisorArnCode: string | null; }'.
server/services/unified-holdings-reader-service.ts(327,48): error TS2339: Property 'avgCostPerUnit' does not exist on type '{ symbol: string; id: string; kycStatus: string | null; createdAt: Date | null; updatedAt: Date | null; interestRate: string | null; userId: string | null; nomineeDetails: unknown; ... 43 more ...; advisorArnCode: string | null; }'.
server/services/unified-holdings-reader-service.ts(331,25): error TS2339: Property 'unrealizedGainLoss' does not exist on type '{ symbol: string; id: string; kycStatus: string | null; createdAt: Date | null; updatedAt: Date | null; interestRate: string | null; userId: string | null; nomineeDetails: unknown; ... 43 more ...; advisorArnCode: string | null; }'.
server/services/unified-holdings-reader-service.ts(331,55): error TS2339: Property 'unrealizedGainLoss' does not exist on type '{ symbol: string; id: string; kycStatus: string | null; createdAt: Date | null; updatedAt: Date | null; interestRate: string | null; userId: string | null; nomineeDetails: unknown; ... 43 more ...; advisorArnCode: string | null; }'.
server/services/unified-holdings-reader-service.ts(332,32): error TS2339: Property 'unrealizedGainLossPercent' does not exist on type '{ symbol: string; id: string; kycStatus: string | null; createdAt: Date | null; updatedAt: Date | null; interestRate: string | null; userId: string | null; nomineeDetails: unknown; ... 43 more ...; advisorArnCode: string | null; }'.
server/services/unified-holdings-reader-service.ts(332,69): error TS2339: Property 'unrealizedGainLossPercent' does not exist on type '{ symbol: string; id: string; kycStatus: string | null; createdAt: Date | null; updatedAt: Date | null; interestRate: string | null; userId: string | null; nomineeDetails: unknown; ... 43 more ...; advisorArnCode: string | null; }'.
server/services/unified-payment-gateway.ts(243,14): error TS2352: Conversion of type 'Record<string, unknown>' to type 'UnifiedOrderResponse' may be a mistake because neither type sufficiently overlaps with the other. If this was intentional, convert the expression to 'unknown' first.
  Type 'Record<string, unknown>' is missing the following properties from type 'UnifiedOrderResponse': success, gateway
server/services/unified-portfolio-import-service.ts(72,9): error TS2322: Type '{ id: `${string}-${string}-${string}-${string}-${string}`; isin: string; schemeName: string; folioNumber: string | undefined; units: number; investedValue: number; currentValue: number; nav: number; unrealizedGain: number; ... 5 more ...; lots: { ...; }[] | undefined; }[]' is not assignable to type 'UnifiedHolding[]'.
  Type '{ id: `${string}-${string}-${string}-${string}-${string}`; isin: string; schemeName: string; folioNumber: string | undefined; units: number; investedValue: number; currentValue: number; nav: number; unrealizedGain: number; ... 5 more ...; lots: { ...; }[] | undefined; }' is missing the following properties from type 'UnifiedHolding': name, quantity
server/services/unified-portfolio-import-service.ts(263,37): error TS2554: Expected 2 arguments, but got 1.
server/services/unified-portfolio-import-service.ts(480,78): error TS2339: Property 'split' does not exist on type 'never'.
server/services/unified-portfolio-import-service.ts(738,5): error TS2322: Type '(UnifiedHolding | { category: string | undefined; assetType: AssetType; fundHouse: string | undefined; amcName: string | undefined; schemeCode: string | undefined; ... 40 more ...; firstPurchaseDate?: string | undefined; } | { ...; })[]' is not assignable to type 'UnifiedHolding[]'.
  Type 'UnifiedHolding | { category: string | undefined; assetType: AssetType; fundHouse: string | undefined; amcName: string | undefined; schemeCode: string | undefined; ... 40 more ...; firstPurchaseDate?: string | undefined; } | { ...; }' is not assignable to type 'UnifiedHolding'.
    Type '{ category: string | undefined; assetType: AssetType; fundHouse: string | undefined; amcName: string | undefined; schemeCode: string | undefined; currentNav: number | undefined; ... 39 more ...; firstPurchaseDate?: string; }' is not assignable to type 'UnifiedHolding'.
      Types of property 'planType' are incompatible.
        Type 'string | undefined' is not assignable to type '"Regular" | "Direct" | undefined'.
          Type 'string' is not assignable to type '"Regular" | "Direct" | undefined'.
server/services/unified-portfolio-import-service.ts(752,26): error TS2304: Cannot find name 'AssetType'.
server/services/unified-portfolio-import-service.ts(898,36): error TS2304: Cannot find name 'AssetType'.
server/services/unified-portfolio-import-service.ts(927,20): error TS2304: Cannot find name 'AssetType'.
server/services/unified-portfolio-import-service.ts(966,7): error TS2353: Object literal may only specify known properties, and 'source' does not exist in type 'UnifiedHolding'.
server/services/unified-portfolio-import-service.ts(983,64): error TS2339: Property 'enrichWithISIN' does not exist on type 'HoldingNormalizationService'.
server/services/unified-portfolio-import-service.ts(988,60): error TS2304: Cannot find name 'AssetType'.
server/services/unified-portfolio-import-service.ts(1019,26): error TS2304: Cannot find name 'AssetType'.
server/services/unified-portfolio-import-service.ts(1030,32): error TS2345: Argument of type 'Buffer<ArrayBufferLike>' is not assignable to parameter of type 'Buffer'.
  Type 'Buffer<ArrayBufferLike>' is missing the following properties from type 'Buffer': maxByteLength, resizable, resize, detached, and 2 more.
server/services/unlisted-eligibility.ts(63,49): error TS2339: Property 'riskCategory' does not exist on type '{ id: string; companyName: string | null; address: string | null; arnCode: string | null; euinNumber: string | null; panNumber: string | null; aadharNumber: string | null; bankAccountNumber: string | null; ... 104 more ...; numberOfDependents: number | null; }'.
server/services/unlisted-eligibility.ts(203,18): error TS2339: Property 'panVerifiedViaSandbox' does not exist on type '{ id: string; companyName: string | null; address: string | null; arnCode: string | null; euinNumber: string | null; panNumber: string | null; aadharNumber: string | null; bankAccountNumber: string | null; ... 104 more ...; numberOfDependents: number | null; }'.
server/services/unlisted-escrow-service.ts(201,20): error TS2304: Cannot find name 'and'.
server/services/unlisted-escrow-service.ts(202,18): error TS2304: Cannot find name 'unlistedInvestorTracking'.
server/services/unlisted-escrow-service.ts(203,18): error TS2304: Cannot find name 'unlistedInvestorTracking'.
server/services/unlisted-regulatory-compliance-service.ts(343,35): error TS2339: Property 'status' does not exist on type 'MCACompanyMasterData'.
server/services/unlisted-regulatory-compliance-service.ts(345,32): error TS2339: Property 'listedStatus' does not exist on type 'MCACompanyMasterData'.
server/services/unlisted-regulatory-compliance-service.ts(346,32): error TS2339: Property 'exchangeListing' does not exist on type 'MCACompanyMasterData'.
server/services/unlisted-regulatory-compliance-service.ts(350,25): error TS2339: Property 'status' does not exist on type 'MCACompanyMasterData'.
server/services/unlisted-regulatory-compliance-service.ts(352,30): error TS2339: Property 'listingDate' does not exist on type 'MCACompanyMasterData'.
server/services/unlisted-regulatory-compliance-service.ts(352,61): error TS2339: Property 'listingDate' does not exist on type 'MCACompanyMasterData'.
server/services/unlisted-regulatory-compliance-service.ts(405,13): error TS2353: Object literal may only specify known properties, and 'tradingEnabled' does not exist in type '{ name?: string | SQL<unknown> | PgColumn<ColumnBaseConfig<ColumnDataType, string>, {}, {}> | undefined; id?: string | SQL<unknown> | PgColumn<...> | undefined; ... 46 more ...; listedPeers?: unknown; }'.
server/services/unlisted-regulatory-compliance-service.ts(782,35): error TS2339: Property 'tradingEnabled' does not exist on type 'PgTableWithColumns<{ name: "unlisted_companies"; schema: undefined; columns: { id: PgColumn<{ name: "id"; tableName: "unlisted_companies"; dataType: "string"; columnType: "PgVarchar"; data: string; driverParam: string; ... 8 more ...; generated: undefined; }, {}, { ...; }>; ... 47 more ...; updatedAt: PgColumn<...>;...'.
server/services/unlisted-stock-metrics-service.ts(104,47): error TS2339: Property 'currentPrice' does not exist on type '{ id: string; name: string; cin: string | null; isin: string | null; sector: string | null; industry: string | null; rocState: string | null; incorporationDate: string | null; paidUpCapital: string | null; ... 39 more ...; updatedAt: Date | null; }'.
server/services/user-signature-esign-service.ts(250,38): error TS2769: No overload matches this call.
  Overload 1 of 2, '(value: { documentType: string | SQL<unknown> | Placeholder<string, any>; documentName: string | SQL<unknown> | Placeholder<string, any>; transactionId: string | ... 1 more ... | Placeholder<...>; ... 26 more ...; dscCrlStatus?: string | ... 3 more ... | undefined; }): PgInsertBase<...>', gave the following error.
    Type 'number' is not assignable to type 'string | SQL<unknown> | Placeholder<string, any> | null | undefined'.
  Overload 2 of 2, '(values: { documentType: string | SQL<unknown> | Placeholder<string, any>; documentName: string | SQL<unknown> | Placeholder<string, any>; transactionId: string | ... 1 more ... | Placeholder<...>; ... 26 more ...; dscCrlStatus?: string | ... 3 more ... | undefined; }[]): PgInsertBase<...>', gave the following error.
    Object literal may only specify known properties, and 'transactionId' does not exist in type '{ documentType: string | SQL<unknown> | Placeholder<string, any>; documentName: string | SQL<unknown> | Placeholder<string, any>; transactionId: string | SQL<...> | Placeholder<...>; ... 26 more ...; dscCrlStatus?: string | ... 3 more ... | undefined; }[]'.
server/services/user-signature-esign-service.ts(327,30): error TS2339: Property 'completedAt' does not exist on type '{ id: string; userId: string | null; prospectId: string | null; createdByAgentId: string | null; transactionId: string; documentType: string; documentName: string; documentHash: string; ... 21 more ...; createdAt: Date | null; }'.
server/services/vendor-adapters/credhive.adapter.ts(152,9): error TS2322: Type 'Director[]' is not assignable to type '{ name: string; din?: string | undefined; designation?: string | undefined; }[]'.
  Type 'Director' is not assignable to type '{ name: string; din?: string | undefined; designation?: string | undefined; }'.
    Types of property 'din' are incompatible.
      Type 'string | null | undefined' is not assignable to type 'string | undefined'.
        Type 'null' is not assignable to type 'string | undefined'.
server/services/verified-kyc-profile-service.ts(67,14): error TS2339: Property 'panVerifiedViaSmartKyc' does not exist on type '{ id: string; companyName: string | null; address: string | null; arnCode: string | null; euinNumber: string | null; panNumber: string | null; aadharNumber: string | null; bankAccountNumber: string | null; ... 104 more ...; numberOfDependents: number | null; }'.
server/services/verified-kyc-profile-service.ts(76,14): error TS2339: Property 'aadhaarVerifiedViaSmartKyc' does not exist on type '{ id: string; companyName: string | null; address: string | null; arnCode: string | null; euinNumber: string | null; panNumber: string | null; aadharNumber: string | null; bankAccountNumber: string | null; ... 104 more ...; numberOfDependents: number | null; }'.
server/services/w8-w9-form-service.ts(88,20): error TS2322: Type 'Map<string, { country: string; dividendRate: number; interestRate: number; royaltyRate: number; capitalGainsExempt: true; treatyArticles: { dividends: string; interest: string; royalties: string; capitalGains: string; general?: undefined; }; } | { ...; } | { ...; } | { ...; }>' is not assignable to type 'Map<string, TaxTreatyInfo>'.
  Type '{ country: string; dividendRate: number; interestRate: number; royaltyRate: number; capitalGainsExempt: true; treatyArticles: { dividends: string; interest: string; royalties: string; capitalGains: string; general?: undefined; }; } | { ...; } | { ...; } | { ...; }' is not assignable to type 'TaxTreatyInfo'.
    Type '{ country: string; dividendRate: number; interestRate: number; royaltyRate: number; capitalGainsExempt: true; treatyArticles: { dividends: string; interest: string; royalties: string; capitalGains: string; general?: undefined; }; }' is not assignable to type 'TaxTreatyInfo'.
      Types of property 'treatyArticles' are incompatible.
        Type '{ dividends: string; interest: string; royalties: string; capitalGains: string; general?: undefined; }' is not assignable to type '{ [key: string]: string; }'.
          Property 'general' is incompatible with index signature.
            Type 'undefined' is not assignable to type 'string'.
server/services/webauthn-service.ts(10,8): error TS2307: Cannot find module '@simplewebauthn/types' or its corresponding type declarations.
server/services/webauthn-service.ts(159,37): error TS2345: Argument of type 'string' is not assignable to parameter of type 'Uint8Array<ArrayBufferLike>'.
server/services/webauthn-service.ts(264,11): error TS2322: Type 'Uint8Array<ArrayBufferLike>' is not assignable to type 'Uint8Array<ArrayBuffer>'.
  Type 'ArrayBufferLike' is not assignable to type 'ArrayBuffer'.
    Type 'SharedArrayBuffer' is missing the following properties from type 'ArrayBuffer': resizable, resize, detached, transfer, transferToFixedLength
server/services/whatsapp-marketing-service.ts(420,45): error TS2769: No overload matches this call.
  Overload 1 of 2, '(value: { campaignId: string | SQL<unknown> | Placeholder<string, any>; id?: string | SQL<unknown> | Placeholder<string, any> | undefined; createdAt?: SQL<unknown> | Date | Placeholder<...> | null | undefined; ... 7 more ...; clickedAt?: SQL<...> | ... 3 more ... | undefined; }): PgInsertBase<...>', gave the following error.
    Object literal may only specify known properties, and 'mobile' does not exist in type '{ campaignId: string | SQL<unknown> | Placeholder<string, any>; id?: string | SQL<unknown> | Placeholder<string, any> | undefined; createdAt?: SQL<unknown> | Date | Placeholder<...> | null | undefined; ... 7 more ...; clickedAt?: SQL<...> | ... 3 more ... | undefined; }'.
  Overload 2 of 2, '(values: { campaignId: string | SQL<unknown> | Placeholder<string, any>; id?: string | SQL<unknown> | Placeholder<string, any> | undefined; createdAt?: SQL<unknown> | Date | Placeholder<...> | null | undefined; ... 7 more ...; clickedAt?: SQL<...> | ... 3 more ... | undefined; }[]): PgInsertBase<...>', gave the following error.
    Object literal may only specify known properties, and 'campaignId' does not exist in type '{ campaignId: string | SQL<unknown> | Placeholder<string, any>; id?: string | SQL<unknown> | Placeholder<string, any> | undefined; createdAt?: SQL<unknown> | Date | Placeholder<...> | null | undefined; ... 7 more ...; clickedAt?: SQL<...> | ... 3 more ... | undefined; }[]'.
server/services/zoho-transaction-sync-service.ts(173,16): error TS2769: No overload matches this call.
  Overload 1 of 3, '(left: PgColumn<{ name: "id"; tableName: "users"; dataType: "string"; columnType: "PgVarchar"; data: string; driverParam: string; notNull: true; hasDefault: true; isPrimaryKey: true; isAutoincrement: false; ... 4 more ...; generated: undefined; }, {}, { ...; }>, right: string | SQLWrapper): SQL<...>', gave the following error.
    Argument of type 'string | null' is not assignable to parameter of type 'string | SQLWrapper'.
      Type 'null' is not assignable to type 'string | SQLWrapper'.
  Overload 2 of 3, '(left: Aliased<string | null>, right: string | SQLWrapper | null): SQL<unknown>', gave the following error.
    Argument of type 'PgColumn<{ name: "id"; tableName: "users"; dataType: "string"; columnType: "PgVarchar"; data: string; driverParam: string; notNull: true; hasDefault: true; isPrimaryKey: true; isAutoincrement: false; ... 4 more ...; generated: undefined; }, {}, { ...; }>' is not assignable to parameter of type 'Aliased<string | null>'.
      Type 'PgColumn<{ name: "id"; tableName: "users"; dataType: "string"; columnType: "PgVarchar"; data: string; driverParam: string; notNull: true; hasDefault: true; isPrimaryKey: true; isAutoincrement: false; ... 4 more ...; generated: undefined; }, {}, { ...; }>' is missing the following properties from type 'Aliased<string | null>': sql, fieldAlias
  Overload 3 of 3, '(left: never, right: unknown): SQL<unknown>', gave the following error.
    Argument of type 'PgColumn<{ name: "id"; tableName: "users"; dataType: "string"; columnType: "PgVarchar"; data: string; driverParam: string; notNull: true; hasDefault: true; isPrimaryKey: true; isAutoincrement: false; ... 4 more ...; generated: undefined; }, {}, { ...; }>' is not assignable to parameter of type 'never'.
server/services/zoho-transaction-sync-service.ts(623,19): error TS2741: Property 'syncType' is missing in type '{ success: false; productType: "mutual_fund"; transactionId: string; error: string; }' but required in type 'TransactionSyncResult'.
server/services/zoho-transaction-sync-service.ts(655,32): error TS2339: Property 'status' does not exist on type 'PgTableWithColumns<{ name: "bond_orders"; schema: undefined; columns: { id: PgColumn<{ name: "id"; tableName: "bond_orders"; dataType: "string"; columnType: "PgVarchar"; data: string; driverParam: string; notNull: true; ... 7 more ...; generated: undefined; }, {}, { ...; }>; ... 49 more ...; createdAt: PgColumn<...>...'.
server/services/zoho-transaction-sync-service.ts(671,41): error TS2339: Property 'zohoSyncedAt' does not exist on type 'PgTableWithColumns<{ name: "ipo_applications"; schema: undefined; columns: { id: PgColumn<{ name: "id"; tableName: "ipo_applications"; dataType: "string"; columnType: "PgVarchar"; data: string; driverParam: string; notNull: true; ... 7 more ...; generated: undefined; }, {}, { ...; }>; ... 14 more ...; createdAt: PgC...'.
server/services/zoho-transaction-sync-service.ts(672,46): error TS2339: Property 'status' does not exist on type 'PgTableWithColumns<{ name: "ipo_applications"; schema: undefined; columns: { id: PgColumn<{ name: "id"; tableName: "ipo_applications"; dataType: "string"; columnType: "PgVarchar"; data: string; driverParam: string; notNull: true; ... 7 more ...; generated: undefined; }, {}, { ...; }>; ... 14 more ...; createdAt: PgC...'.
server/services/zoho-transaction-sync-service.ts(673,38): error TS2339: Property 'appliedAt' does not exist on type 'PgTableWithColumns<{ name: "ipo_applications"; schema: undefined; columns: { id: PgColumn<{ name: "id"; tableName: "ipo_applications"; dataType: "string"; columnType: "PgVarchar"; data: string; driverParam: string; notNull: true; ... 7 more ...; generated: undefined; }, {}, { ...; }>; ... 14 more ...; createdAt: PgC...'.
server/services/zoho-transaction-sync-service.ts(675,46): error TS2339: Property 'appliedAt' does not exist on type 'PgTableWithColumns<{ name: "ipo_applications"; schema: undefined; columns: { id: PgColumn<{ name: "id"; tableName: "ipo_applications"; dataType: "string"; columnType: "PgVarchar"; data: string; driverParam: string; notNull: true; ... 7 more ...; generated: undefined; }, {}, { ...; }>; ... 14 more ...; createdAt: PgC...'.
server/services/zoho-transaction-sync-service.ts(1148,52): error TS2551: Property 'transactionId' does not exist on type 'PgTableWithColumns<{ name: "partner_commissions"; schema: undefined; columns: { id: PgColumn<{ name: "id"; tableName: "partner_commissions"; dataType: "string"; columnType: "PgVarchar"; data: string; driverParam: string; ... 8 more ...; generated: undefined; }, {}, { ...; }>; ... 23 more ...; updatedAt: PgColumn<......'. Did you mean 'transactionDate'?
server/services/zoho-transaction-sync-service.ts(1154,49): error TS2339: Property 'zohoBillId' does not exist on type 'PgTableWithColumns<{ name: "partner_commissions"; schema: undefined; columns: { id: PgColumn<{ name: "id"; tableName: "partner_commissions"; dataType: "string"; columnType: "PgVarchar"; data: string; driverParam: string; ... 8 more ...; generated: undefined; }, {}, { ...; }>; ... 23 more ...; updatedAt: PgColumn<......'.
server/services/zoho-transaction-sync-service.ts(1221,43): error TS2339: Property 'userId' does not exist on type '{ id: string; sessionId: string; acknowledgmentNumber: string | null; receiptNumber: string | null; filingDate: Date; itrForm: string; taxRegime: string; totalIncome: string | null; ... 14 more ...; updatedAt: Date | null; }'.
server/services/zoho-transaction-sync-service.ts(1228,63): error TS2339: Property 'itrFormType' does not exist on type '{ id: string; sessionId: string; acknowledgmentNumber: string | null; receiptNumber: string | null; filingDate: Date; itrForm: string; taxRegime: string; totalIncome: string | null; ... 14 more ...; updatedAt: Date | null; }'.
server/services/zoho-transaction-sync-service.ts(1237,51): error TS2339: Property 'itrFormType' does not exist on type '{ id: string; sessionId: string; acknowledgmentNumber: string | null; receiptNumber: string | null; filingDate: Date; itrForm: string; taxRegime: string; totalIncome: string | null; ... 14 more ...; updatedAt: Date | null; }'.
server/services/zoho-transaction-sync-service.ts(1238,53): error TS2339: Property 'assessmentYear' does not exist on type '{ id: string; sessionId: string; acknowledgmentNumber: string | null; receiptNumber: string | null; filingDate: Date; itrForm: string; taxRegime: string; totalIncome: string | null; ... 14 more ...; updatedAt: Date | null; }'.
server/services/zoho-transaction-sync-service.ts(1243,38): error TS2339: Property 'itrFormType' does not exist on type '{ id: string; sessionId: string; acknowledgmentNumber: string | null; receiptNumber: string | null; filingDate: Date; itrForm: string; taxRegime: string; totalIncome: string | null; ... 14 more ...; updatedAt: Date | null; }'.
server/services/zoho-transaction-sync-service.ts(1243,66): error TS2339: Property 'panNumber' does not exist on type '{ id: string; sessionId: string; acknowledgmentNumber: string | null; receiptNumber: string | null; filingDate: Date; itrForm: string; taxRegime: string; totalIncome: string | null; ... 14 more ...; updatedAt: Date | null; }'.
server/services/zoho-transaction-sync-service.ts(1246,62): error TS2345: Argument of type '{ customer_name: string | null; line_items: { name: string; description: string; rate: number; quantity: number; }[]; reference_number: string; notes: string; }' is not assignable to parameter of type '{ customer_id?: string | undefined; customer_name?: string | undefined; reference_number?: string | undefined; date: string; due_date?: string | undefined; line_items: { item_id?: string | undefined; ... 4 more ...; tax_id?: string | undefined; }[]; notes?: string | undefined; terms?: string | undefined; discount?: ...'.
  Property 'date' is missing in type '{ customer_name: string | null; line_items: { name: string; description: string; rate: number; quantity: number; }[]; reference_number: string; notes: string; }' but required in type '{ customer_id?: string | undefined; customer_name?: string | undefined; reference_number?: string | undefined; date: string; due_date?: string | undefined; line_items: { item_id?: string | undefined; ... 4 more ...; tax_id?: string | undefined; }[]; notes?: string | undefined; terms?: string | undefined; discount?: ...'.
server/services/zoho-transaction-sync-service.ts(1307,40): error TS2362: The left-hand side of an arithmetic operation must be of type 'any', 'number', 'bigint' or an enum type.
server/services/zoho-transaction-sync-service.ts(1325,62): error TS2345: Argument of type '{ customer_name: string | null; line_items: { name: string; description: string; rate: number; quantity: number; }[]; reference_number: string; notes: string; }' is not assignable to parameter of type '{ customer_id?: string | undefined; customer_name?: string | undefined; reference_number?: string | undefined; date: string; due_date?: string | undefined; line_items: { item_id?: string | undefined; ... 4 more ...; tax_id?: string | undefined; }[]; notes?: string | undefined; terms?: string | undefined; discount?: ...'.
  Property 'date' is missing in type '{ customer_name: string | null; line_items: { name: string; description: string; rate: number; quantity: number; }[]; reference_number: string; notes: string; }' but required in type '{ customer_id?: string | undefined; customer_name?: string | undefined; reference_number?: string | undefined; date: string; due_date?: string | undefined; line_items: { item_id?: string | undefined; ... 4 more ...; tax_id?: string | undefined; }[]; notes?: string | undefined; terms?: string | undefined; discount?: ...'.
server/services/zoho-transaction-sync-service.ts(1330,82): error TS2769: No overload matches this call.
  Overload 1 of 3, '(left: PgColumn<{ name: "id"; tableName: "users"; dataType: "string"; columnType: "PgVarchar"; data: string; driverParam: string; notNull: true; hasDefault: true; isPrimaryKey: true; isAutoincrement: false; ... 4 more ...; generated: undefined; }, {}, { ...; }>, right: string | SQLWrapper): SQL<...>', gave the following error.
    Argument of type 'number' is not assignable to parameter of type 'string | SQLWrapper'.
  Overload 2 of 3, '(left: Aliased<number>, right: number | SQLWrapper): SQL<unknown>', gave the following error.
    Argument of type 'PgColumn<{ name: "id"; tableName: "users"; dataType: "string"; columnType: "PgVarchar"; data: string; driverParam: string; notNull: true; hasDefault: true; isPrimaryKey: true; isAutoincrement: false; ... 4 more ...; generated: undefined; }, {}, { ...; }>' is not assignable to parameter of type 'Aliased<number>'.
      Type 'PgColumn<{ name: "id"; tableName: "users"; dataType: "string"; columnType: "PgVarchar"; data: string; driverParam: string; notNull: true; hasDefault: true; isPrimaryKey: true; isAutoincrement: false; ... 4 more ...; generated: undefined; }, {}, { ...; }>' is missing the following properties from type 'Aliased<number>': sql, fieldAlias
  Overload 3 of 3, '(left: never, right: unknown): SQL<unknown>', gave the following error.
    Argument of type 'PgColumn<{ name: "id"; tableName: "users"; dataType: "string"; columnType: "PgVarchar"; data: string; driverParam: string; notNull: true; hasDefault: true; isPrimaryKey: true; isAutoincrement: false; ... 4 more ...; generated: undefined; }, {}, { ...; }>' is not assignable to parameter of type 'never'.
server/services/zoho-transaction-sync-service.ts(1345,56): error TS2345: Argument of type '{ vendor_name: string | null; line_items: { name: string; description: string; rate: number; quantity: number; }[]; reference_number: string; notes: string; }' is not assignable to parameter of type '{ vendor_id?: string | undefined; vendor_name?: string | undefined; reference_number?: string | undefined; date: string; due_date?: string | undefined; line_items: { name: string; description?: string | undefined; rate: number; quantity: number; account_id?: string | undefined; tax_id?: string | undefined; }[]; note...'.
  Property 'date' is missing in type '{ vendor_name: string | null; line_items: { name: string; description: string; rate: number; quantity: number; }[]; reference_number: string; notes: string; }' but required in type '{ vendor_id?: string | undefined; vendor_name?: string | undefined; reference_number?: string | undefined; date: string; due_date?: string | undefined; line_items: { name: string; description?: string | undefined; rate: number; quantity: number; account_id?: string | undefined; tax_id?: string | undefined; }[]; note...'.
server/services/zoho-transaction-sync-service.ts(1453,30): error TS2339: Property 'bill' does not exist on type 'ZohoBooksBill'.
server/smart-investment-service.ts(424,38): error TS2345: Argument of type 'string | null' is not assignable to parameter of type 'string'.
  Type 'null' is not assignable to type 'string'.
server/smart-investment-service.ts(431,38): error TS2345: Argument of type 'string | null' is not assignable to parameter of type 'string'.
  Type 'null' is not assignable to type 'string'.
server/stakeholder-routes.ts(201,13): error TS2339: Property 'hashPassword' does not exist on type 'typeof import("/Users/sangrammohanty/Documents/GitHub/FintekPro/server/auth")'.
server/stakeholder-routes.ts(242,15): error TS2339: Property 'hashPassword' does not exist on type 'typeof import("/Users/sangrammohanty/Documents/GitHub/FintekPro/server/auth")'.
server/stakeholder-routes.ts(334,45): error TS2551: Property 'verificationStatus' does not exist on type 'PgTableWithColumns<{ name: "customer_care_agents"; schema: undefined; columns: { id: PgColumn<{ name: "id"; tableName: "customer_care_agents"; dataType: "string"; columnType: "PgVarchar"; data: string; driverParam: string; ... 8 more ...; generated: undefined; }, {}, { ...; }>; ... 54 more ...; updatedAt: PgColumn<....'. Did you mean 'arnVerificationStatus'?
server/stakeholder-routes.ts(336,45): error TS2551: Property 'verificationStatus' does not exist on type 'PgTableWithColumns<{ name: "customer_care_agents"; schema: undefined; columns: { id: PgColumn<{ name: "id"; tableName: "customer_care_agents"; dataType: "string"; columnType: "PgVarchar"; data: string; driverParam: string; ... 8 more ...; generated: undefined; }, {}, { ...; }>; ... 54 more ...; updatedAt: PgColumn<....'. Did you mean 'arnVerificationStatus'?
server/stakeholder-routes.ts(354,34): error TS2551: Property 'verificationStatus' does not exist on type 'PgTableWithColumns<{ name: "customer_care_agents"; schema: undefined; columns: { id: PgColumn<{ name: "id"; tableName: "customer_care_agents"; dataType: "string"; columnType: "PgVarchar"; data: string; driverParam: string; ... 8 more ...; generated: undefined; }, {}, { ...; }>; ... 54 more ...; updatedAt: PgColumn<....'. Did you mean 'arnVerificationStatus'?
server/stakeholder-routes.ts(355,51): error TS2551: Property 'verificationStatus' does not exist on type 'PgTableWithColumns<{ name: "customer_care_agents"; schema: undefined; columns: { id: PgColumn<{ name: "id"; tableName: "customer_care_agents"; dataType: "string"; columnType: "PgVarchar"; data: string; driverParam: string; ... 8 more ...; generated: undefined; }, {}, { ...; }>; ... 54 more ...; updatedAt: PgColumn<....'. Did you mean 'arnVerificationStatus'?
server/stakeholder-routes.ts(406,60): error TS2769: No overload matches this call.
  Overload 1 of 2, '(value: { email: string | SQL<unknown> | Placeholder<string, any>; fullName: string | SQL<unknown> | Placeholder<string, any>; id?: string | SQL<unknown> | Placeholder<...> | undefined; ... 52 more ...; totalClientsAssigned?: number | ... 3 more ... | undefined; }): PgInsertBase<...>', gave the following error.
    Object literal may only specify known properties, but 'verificationStatus' does not exist in type '{ email: string | SQL<unknown> | Placeholder<string, any>; fullName: string | SQL<unknown> | Placeholder<string, any>; id?: string | SQL<unknown> | Placeholder<string, any> | undefined; ... 52 more ...; totalClientsAssigned?: number | ... 3 more ... | undefined; }'. Did you mean to write 'arnVerificationStatus'?
  Overload 2 of 2, '(values: { email: string | SQL<unknown> | Placeholder<string, any>; fullName: string | SQL<unknown> | Placeholder<string, any>; id?: string | SQL<unknown> | Placeholder<...> | undefined; ... 52 more ...; totalClientsAssigned?: number | ... 3 more ... | undefined; }[]): PgInsertBase<...>', gave the following error.
    Object literal may only specify known properties, and 'fullName' does not exist in type '{ email: string | SQL<unknown> | Placeholder<string, any>; fullName: string | SQL<unknown> | Placeholder<string, any>; id?: string | SQL<unknown> | Placeholder<string, any> | undefined; ... 52 more ...; totalClientsAssigned?: number | ... 3 more ... | undefined; }[]'.
server/stakeholder-routes.ts(504,9): error TS2561: Object literal may only specify known properties, but 'verificationStatus' does not exist in type '{ email?: string | SQL<unknown> | PgColumn<ColumnBaseConfig<ColumnDataType, string>, {}, {}> | undefined; fullName?: string | SQL<unknown> | PgColumn<...> | undefined; ... 53 more ...; totalClientsAssigned?: number | ... 3 more ... | undefined; }'. Did you mean to write 'arnVerificationStatus'?
server/storage.ts(2,311): error TS2724: '"@shared/schema"' has no exported member named 'InsertAmfiVerificationLog'. Did you mean 'AmfiVerificationLog'?
server/storage.ts(3,287): error TS2724: '"@shared/schema"' has no exported member named 'PortfolioComparison'. Did you mean 'portfolioComparisons'?
server/storage.ts(3,313): error TS2724: '"@shared/schema"' has no exported member named 'InsertPortfolioComparison'. Did you mean 'portfolioComparisons'?
server/storage.ts(2616,7): error TS2322: Type '{ id: string; name: string; email: string | null; }[]' is not assignable to type '{ id: string; name: string; email: string; }[]'.
  Type '{ id: string; name: string; email: string | null; }' is not assignable to type '{ id: string; name: string; email: string; }'.
    Types of property 'email' are incompatible.
      Type 'string | null' is not assignable to type 'string'.
        Type 'null' is not assignable to type 'string'.
server/storage.ts(3153,37): error TS2339: Property 'priority' does not exist on type 'PgTableWithColumns<{ name: "products"; schema: undefined; columns: { id: PgColumn<{ name: "id"; tableName: "products"; dataType: "string"; columnType: "PgVarchar"; data: string; driverParam: string; notNull: true; hasDefault: true; ... 6 more ...; generated: undefined; }, {}, { ...; }>; ... 51 more ...; updatedAt: P...'.
server/storage.ts(3170,33): error TS2339: Property 'slug' does not exist on type 'PgTableWithColumns<{ name: "products"; schema: undefined; columns: { id: PgColumn<{ name: "id"; tableName: "products"; dataType: "string"; columnType: "PgVarchar"; data: string; driverParam: string; notNull: true; hasDefault: true; ... 6 more ...; generated: undefined; }, {}, { ...; }>; ... 51 more ...; updatedAt: P...'.
server/storage.ts(3267,37): error TS2339: Property 'priority' does not exist on type 'PgTableWithColumns<{ name: "products"; schema: undefined; columns: { id: PgColumn<{ name: "id"; tableName: "products"; dataType: "string"; columnType: "PgVarchar"; data: string; driverParam: string; notNull: true; hasDefault: true; ... 6 more ...; generated: undefined; }, {}, { ...; }>; ... 51 more ...; updatedAt: P...'.
server/storage.ts(3316,37): error TS2339: Property 'priority' does not exist on type 'PgTableWithColumns<{ name: "products"; schema: undefined; columns: { id: PgColumn<{ name: "id"; tableName: "products"; dataType: "string"; columnType: "PgVarchar"; data: string; driverParam: string; notNull: true; hasDefault: true; ... 6 more ...; generated: undefined; }, {}, { ...; }>; ... 51 more ...; updatedAt: P...'.
server/storage.ts(3343,37): error TS2339: Property 'priority' does not exist on type 'PgTableWithColumns<{ name: "products"; schema: undefined; columns: { id: PgColumn<{ name: "id"; tableName: "products"; dataType: "string"; columnType: "PgVarchar"; data: string; driverParam: string; notNull: true; hasDefault: true; ... 6 more ...; generated: undefined; }, {}, { ...; }>; ... 51 more ...; updatedAt: P...'.
server/storage.ts(3949,47): error TS2339: Property 'productType' does not exist on type 'PgTableWithColumns<{ name: "product_account_preferences"; schema: undefined; columns: { id: PgColumn<{ name: "id"; tableName: "product_account_preferences"; dataType: "string"; columnType: "PgVarchar"; data: string; ... 9 more ...; generated: undefined; }, {}, { ...; }>; ... 9 more ...; updatedAt: PgColumn<...>; }; ...'.
server/storage.ts(3950,47): error TS2339: Property 'isActive' does not exist on type 'PgTableWithColumns<{ name: "product_account_preferences"; schema: undefined; columns: { id: PgColumn<{ name: "id"; tableName: "product_account_preferences"; dataType: "string"; columnType: "PgVarchar"; data: string; ... 9 more ...; generated: undefined; }, {}, { ...; }>; ... 9 more ...; updatedAt: PgColumn<...>; }; ...'.
server/storage.ts(5980,76): error TS2345: Argument of type 'string | null' is not assignable to parameter of type 'string'.
  Type 'null' is not assignable to type 'string'.
server/storage.ts(6027,40): error TS2345: Argument of type 'string | null | undefined' is not assignable to parameter of type 'string'.
  Type 'undefined' is not assignable to type 'string'.
server/storage.ts(6097,42): error TS2345: Argument of type 'string | null' is not assignable to parameter of type 'string'.
  Type 'null' is not assignable to type 'string'.
server/storage.ts(6098,42): error TS2345: Argument of type 'string | null' is not assignable to parameter of type 'string'.
  Type 'null' is not assignable to type 'string'.
server/storage.ts(6103,42): error TS2345: Argument of type 'string | null' is not assignable to parameter of type 'string'.
  Type 'null' is not assignable to type 'string'.
server/storage.ts(6119,40): error TS2345: Argument of type 'string | null' is not assignable to parameter of type 'string'.
  Type 'null' is not assignable to type 'string'.
server/storage.ts(7213,63): error TS2769: No overload matches this call.
  Overload 1 of 3, '(left: PgColumn<{ name: "id"; tableName: "users"; dataType: "string"; columnType: "PgVarchar"; data: string; driverParam: string; notNull: true; hasDefault: true; isPrimaryKey: true; isAutoincrement: false; ... 4 more ...; generated: undefined; }, {}, { ...; }>, right: string | SQLWrapper): SQL<...>', gave the following error.
    Argument of type 'string | null' is not assignable to parameter of type 'string | SQLWrapper'.
      Type 'null' is not assignable to type 'string | SQLWrapper'.
  Overload 2 of 3, '(left: Aliased<string | null>, right: string | SQLWrapper | null): SQL<unknown>', gave the following error.
    Argument of type 'PgColumn<{ name: "id"; tableName: "users"; dataType: "string"; columnType: "PgVarchar"; data: string; driverParam: string; notNull: true; hasDefault: true; isPrimaryKey: true; isAutoincrement: false; ... 4 more ...; generated: undefined; }, {}, { ...; }>' is not assignable to parameter of type 'Aliased<string | null>'.
      Type 'PgColumn<{ name: "id"; tableName: "users"; dataType: "string"; columnType: "PgVarchar"; data: string; driverParam: string; notNull: true; hasDefault: true; isPrimaryKey: true; isAutoincrement: false; ... 4 more ...; generated: undefined; }, {}, { ...; }>' is missing the following properties from type 'Aliased<string | null>': sql, fieldAlias
  Overload 3 of 3, '(left: never, right: unknown): SQL<unknown>', gave the following error.
    Argument of type 'PgColumn<{ name: "id"; tableName: "users"; dataType: "string"; columnType: "PgVarchar"; data: string; driverParam: string; notNull: true; hasDefault: true; isPrimaryKey: true; isAutoincrement: false; ... 4 more ...; generated: undefined; }, {}, { ...; }>' is not assignable to parameter of type 'never'.
server/tax-routes.ts(3822,59): error TS2304: Cannot find name 'text'.
server/tax-routes.ts(4017,11): error TS2801: This condition will always return true since this 'Promise<boolean>' is always defined.
server/test-kyc-services.ts(60,39): error TS2554: Expected 3 arguments, but got 2.
server/test-kyc-services.ts(64,24): error TS2554: Expected 3 arguments, but got 2.
server/test-kyc-services.ts(65,24): error TS2554: Expected 3 arguments, but got 2.
server/test-kyc-services.ts(66,24): error TS2554: Expected 3 arguments, but got 2.
server/test-kyc-services.ts(68,39): error TS2554: Expected 3 arguments, but got 2.
server/test-kyc-services.ts(70,39): error TS2339: Property 'reason' does not exist on type '{ allowed: boolean; remainingAttempts: number; cooldownSeconds: number; lockedUntil: Date | null; message: string; }'.
server/test-kyc-services.ts(74,39): error TS2554: Expected 3 arguments, but got 2.
server/test-kyc-services.ts(92,7): error TS2345: Argument of type '"net_worth"' is not assignable to parameter of type '"professional" | "networth" | "income"'.
server/tests/cas-parser-regression-test.ts(407,5): error TS2353: Object literal may only specify known properties, and 'lotRegression' does not exist in type '{ passed: boolean; goldenFixtures: { total: number; passed: number; results: any[]; }; formatVariance: { total: number; passed: number; results: any[]; }; summary: string; }'.
server/user-management-routes.ts(5,10): error TS2459: Module '"./auth"' declares 'hashPassword' locally, but it is not exported.
server/vite.ts(42,7): error TS2322: Type 'boolean' is not assignable to type 'true | string[]'.
server/yield-tracker-service.ts(62,7): error TS2353: Object literal may only specify known properties, and 'id' does not exist in type '{ initialInvestment: string; totalInvestment: string; symbol?: string | null | undefined; isActive?: boolean | null | undefined; sharpeRatio?: string | null | undefined; userId?: string | null | undefined; ... 35 more ...; daysActive?: number | ... 1 more ... | undefined; }'.
server/yield-tracker-service.ts(441,5): error TS2322: Type '{ type: string; priority: string; description: string; expectedImpact: string; actionRequired: string; }[]' is not assignable to type '{ type: "rebalance" | "diversify" | "risk_adjust" | "yield_enhance"; priority: "medium" | "low" | "high"; description: string; expectedImpact: string; actionRequired: string; }[]'.
  Type '{ type: string; priority: string; description: string; expectedImpact: string; actionRequired: string; }' is not assignable to type '{ type: "rebalance" | "diversify" | "risk_adjust" | "yield_enhance"; priority: "medium" | "low" | "high"; description: string; expectedImpact: string; actionRequired: string; }'.
    Types of property 'type' are incompatible.
      Type 'string' is not assignable to type '"rebalance" | "diversify" | "risk_adjust" | "yield_enhance"'.
server/zoho/oauth.ts(247,59): error TS2345: Argument of type 'string | null' is not assignable to parameter of type 'string'.
  Type 'null' is not assignable to type 'string'.
server/zoho/oauth.ts(306,5): error TS2322: Type 'string | null' is not assignable to type 'string'.
  Type 'null' is not assignable to type 'string'.
server/zoho/oauth.ts(354,57): error TS2345: Argument of type 'string | null' is not assignable to parameter of type 'string'.
  Type 'null' is not assignable to type 'string'.
server/zoho/services/crm.ts(499,62): error TS18047: 'commission.transactionDate' is possibly 'null'.
server/zoho/services/crm.ts(502,46): error TS2345: Argument of type 'string | null' is not assignable to parameter of type 'string'.
  Type 'null' is not assignable to type 'string'.
server/zoho/services/crm.ts(503,32): error TS2551: Property 'settlementDate' does not exist on type '{ id: string; partnerId: string; clientId: string; orderId: string | null; productType: string; transactionType: string; transactionAmount: string; commissionRate: string; commissionAmount: string; ... 15 more ...; updatedAt: Date | null; }'. Did you mean 'settlementId'?
server/zoho/services/crm.ts(506,117): error TS2339: Property 'baseAmount' does not exist on type '{ id: string; partnerId: string; clientId: string; orderId: string | null; productType: string; transactionType: string; transactionAmount: string; commissionRate: string; commissionAmount: string; ... 15 more ...; updatedAt: Date | null; }'.
server/zoho/services/crm.ts(507,72): error TS2551: Property 'commissionTier' does not exist on type '{ id: string; partnerId: string; clientId: string; orderId: string | null; productType: string; transactionType: string; transactionAmount: string; commissionRate: string; commissionAmount: string; ... 15 more ...; updatedAt: Date | null; }'. Did you mean 'commissionRate'?
server/zoho/services/meeting.ts(157,12): error TS2367: This comparison appears to be unintentional because the types 'string' and 'number' have no overlap.
server/zoho/services/meeting.ts(157,39): error TS2367: This comparison appears to be unintentional because the types 'string' and 'number' have no overlap.
server/zoho/services/sign.ts(119,21): error TS2322: Type 'Buffer<ArrayBufferLike>' is not assignable to type 'BlobPart'.
  Type 'Buffer<ArrayBufferLike>' is not assignable to type 'ArrayBufferView<ArrayBuffer>'.
    Types of property 'buffer' are incompatible.
      Type 'ArrayBufferLike' is not assignable to type 'ArrayBuffer'.
        Type 'SharedArrayBuffer' is missing the following properties from type 'ArrayBuffer': resizable, resize, detached, transfer, transferToFixedLength
server/zoho/services/sign.ts(135,40): error TS2554: Expected 2-3 arguments, but got 1.
server/zoho/services/sign.ts(140,40): error TS2554: Expected 2-3 arguments, but got 1.
server/zoho/services/sign.ts(146,12): error TS2367: This comparison appears to be unintentional because the types 'string' and 'number' have no overlap.
server/zoho/services/sign.ts(146,39): error TS2367: This comparison appears to be unintentional because the types 'string' and 'number' have no overlap.
server/zoho/services/sign.ts(157,40): error TS2554: Expected 2-3 arguments, but got 1.
server/zoho/sync-scheduler.ts(3,22): error TS2503: Cannot find namespace 'cron'.
server/zoho/sync-scheduler.ts(4,18): error TS2503: Cannot find namespace 'cron'.
server/zoho/sync-scheduler.ts(5,25): error TS2503: Cannot find namespace 'cron'.
shared/schema.ts(12,68): error TS2305: Module '"./schema/users"' has no exported member 'alpacaAccounts'.
shared/schema.ts(12,84): error TS2305: Module '"./schema/users"' has no exported member 'alpacaOrders'.
shared/schema.ts(12,98): error TS2305: Module '"./schema/users"' has no exported member 'alpacaPositions'.
shared/schema.ts(12,115): error TS2305: Module '"./schema/users"' has no exported member 'alpacaTradeLogs'.
shared/schema.ts(12,132): error TS2305: Module '"./schema/users"' has no exported member 'insertAlpacaAccountSchema'.
shared/schema.ts(12,159): error TS2305: Module '"./schema/users"' has no exported member 'insertAlpacaOrderSchema'.
shared/schema.ts(12,184): error TS2305: Module '"./schema/users"' has no exported member 'insertAlpacaPositionSchema'.
shared/schema.ts(12,212): error TS2305: Module '"./schema/users"' has no exported member 'insertAlpacaTradeLogSchema'.
shared/schema.ts(26,22): error TS2724: '"./schema/kyc"' has no exported member named 'insertCkycStatusHistorySchema'. Did you mean 'InsertCkycStatusHistory'?
shared/schema.ts(28,19): error TS2395: Individual declarations in merged declaration 'insertKycConsentLogSchema' must be all exported or all local.
shared/schema.ts(28,19): error TS2440: Import declaration conflicts with local declaration of 'insertKycConsentLogSchema'.
shared/schema.ts(28,46): error TS2440: Import declaration conflicts with local declaration of 'KycConsentLog'.
shared/schema.ts(28,61): error TS2440: Import declaration conflicts with local declaration of 'InsertKycConsentLog'.
shared/schema.ts(31,17): error TS2395: Individual declarations in merged declaration 'insertKycAuditLogSchema' must be all exported or all local.
shared/schema.ts(31,17): error TS2440: Import declaration conflicts with local declaration of 'insertKycAuditLogSchema'.
shared/schema.ts(31,42): error TS2440: Import declaration conflicts with local declaration of 'KycAuditLog'.
shared/schema.ts(31,55): error TS2440: Import declaration conflicts with local declaration of 'InsertKycAuditLog'.
shared/schema.ts(33,19): error TS2395: Individual declarations in merged declaration 'insertKycReuseTokenSchema' must be all exported or all local.
shared/schema.ts(33,19): error TS2440: Import declaration conflicts with local declaration of 'insertKycReuseTokenSchema'.
shared/schema.ts(33,46): error TS2440: Import declaration conflicts with local declaration of 'KycReuseToken'.
shared/schema.ts(33,61): error TS2440: Import declaration conflicts with local declaration of 'InsertKycReuseToken'.
shared/schema.ts(45,88): error TS2724: '"./schema/kyc"' has no exported member named 'InsertAadhaarConsentArtifact'. Did you mean 'AadhaarConsentArtifact'?
shared/schema.ts(55,70): error TS2440: Import declaration conflicts with local declaration of 'InsertConversionFunnel'.
shared/schema.ts(179,3): error TS2724: '"./schema/portfolio"' has no exported member named 'portfolioAlerts'. Did you mean 'portfolios'?
shared/schema.ts(189,3): error TS2724: '"./schema/portfolio"' has no exported member named 'insertPortfolioAlertSchema'. Did you mean 'insertPortfolioSchema'?
shared/schema.ts(190,3): error TS2395: Individual declarations in merged declaration 'insertPortfolioPredictionSchema' must be all exported or all local.
shared/schema.ts(190,3): error TS2440: Import declaration conflicts with local declaration of 'insertPortfolioPredictionSchema'.
shared/schema.ts(191,3): error TS2395: Individual declarations in merged declaration 'insertPortfolioSnapshotSchema' must be all exported or all local.
shared/schema.ts(191,3): error TS2440: Import declaration conflicts with local declaration of 'insertPortfolioSnapshotSchema'.
shared/schema.ts(197,3): error TS2724: '"./schema/portfolio"' has no exported member named 'PortfolioComparison'. Did you mean 'portfolioComparisons'?
shared/schema.ts(198,3): error TS2724: '"./schema/portfolio"' has no exported member named 'InsertPortfolioComparison'. Did you mean 'portfolioComparisons'?
shared/schema.ts(202,3): error TS2300: Duplicate identifier 'insertReitSchema'.
shared/schema.ts(255,3): error TS2724: '"./schema/proposals"' has no exported member named 'insertProspectProposalEventSchema'. Did you mean 'insertProspectProposalSchema'?
shared/schema.ts(259,3): error TS2724: '"./schema/proposals"' has no exported member named 'ProspectProposalTypeEnum'. Did you mean 'ProspectProposal'?
shared/schema.ts(260,3): error TS2305: Module '"./schema/proposals"' has no exported member 'ProspectProposalStatusEnum'.
shared/schema.ts(261,3): error TS2305: Module '"./schema/proposals"' has no exported member 'ProspectStateEnum'.
shared/schema.ts(261,3): error TS2395: Individual declarations in merged declaration 'ProspectStateEnum' must be all exported or all local.
shared/schema.ts(262,3): error TS2305: Module '"./schema/proposals"' has no exported member 'ProspectReadinessStatusEnum'.
shared/schema.ts(262,3): error TS2395: Individual declarations in merged declaration 'ProspectReadinessStatusEnum' must be all exported or all local.
shared/schema.ts(347,3): error TS2724: '"./schema/loans"' has no exported member named 'insertLenderStaffHistorySchema'. Did you mean 'insertLenderStaffSchema'?
shared/schema.ts(376,3): error TS2724: '"./schema/loans"' has no exported member named 'LenderStaffHistory'. Did you mean 'lenderStaffHistory'?
shared/schema.ts(379,3): error TS2724: '"./schema/loans"' has no exported member named 'InsertLenderStaffHistory'. Did you mean 'lenderStaffHistory'?
shared/schema.ts(489,157): error TS2395: Individual declarations in merged declaration 'insertGoalProgressSnapshotSchema' must be all exported or all local.
shared/schema.ts(489,157): error TS2440: Import declaration conflicts with local declaration of 'insertGoalProgressSnapshotSchema'.
shared/schema.ts(491,10): error TS2300: Duplicate identifier 'insertReitSchema'.
shared/schema.ts(1147,14): error TS2395: Individual declarations in merged declaration 'insertPortfolioSnapshotSchema' must be all exported or all local.
shared/schema.ts(1231,13): error TS2300: Duplicate identifier 'InsertAdminSetting'.
shared/schema.ts(1232,13): error TS2300: Duplicate identifier 'AdminSetting'.
shared/schema.ts(2481,38): error TS2304: Cannot find name 'leadActivityLog'.
shared/schema.ts(2482,52): error TS2304: Cannot find name 'insertLeadActivityLogSchema'.
shared/schema.ts(2573,14): error TS2395: Individual declarations in merged declaration 'insertGoalProgressSnapshotSchema' must be all exported or all local.
shared/schema.ts(3146,61): error TS2552: Cannot find name 'insertAiOptimizationSuggestionSchema'. Did you mean 'aiOptimizationSuggestions'?
shared/schema.ts(4386,14): error TS2395: Individual declarations in merged declaration 'insertKycConsentLogSchema' must be all exported or all local.
shared/schema.ts(4388,3): error TS2322: Type 'true' is not assignable to type 'never'.
shared/schema.ts(4393,14): error TS2395: Individual declarations in merged declaration 'insertKycAuditLogSchema' must be all exported or all local.
shared/schema.ts(4400,14): error TS2395: Individual declarations in merged declaration 'insertKycReuseTokenSchema' must be all exported or all local.
shared/schema.ts(4441,14): error TS2395: Individual declarations in merged declaration 'insertPortfolioPredictionSchema' must be all exported or all local.
shared/schema.ts(5767,14): error TS2395: Individual declarations in merged declaration 'ProspectStateEnum' must be all exported or all local.
shared/schema.ts(5771,14): error TS2395: Individual declarations in merged declaration 'ProspectReadinessStatusEnum' must be all exported or all local.
shared/schema.ts(11116,13): error TS2300: Duplicate identifier 'AdminSetting'.
shared/schema.ts(11117,13): error TS2300: Duplicate identifier 'InsertAdminSetting'.
shared/schema/index.ts(23,1): error TS2308: Module "./clients" has already exported a member named 'insertMarketingCampaignSchema'. Consider explicitly re-exporting to resolve the ambiguity.
