node_modules/drizzle-orm/mysql-core/db.d.ts(1,38): error TS2307: Cannot find module 'mysql2/promise' or its corresponding type declarations.
node_modules/drizzle-orm/mysql-core/query-builders/delete.d.ts(36,22): error TS2420: Class 'MySqlDeleteBase<TTable, TQueryResult, TPreparedQueryHKT, TDynamic, TExcludedMethods>' incorrectly implements interface 'SQLWrapper'.
  Property 'getSQL' is missing in type 'MySqlDeleteBase<TTable, TQueryResult, TPreparedQueryHKT, TDynamic, TExcludedMethods>' but required in type 'SQLWrapper'.
node_modules/drizzle-orm/mysql-core/query-builders/select.d.ts(249,244): error TS2344: Type 'string' does not satisfy the constraint 'keyof this & string'.
  Type 'string' is not assignable to type 'keyof this & string'.
    Type 'string' is not assignable to type 'keyof this'.
      Type '"session"' is not assignable to type '"offset" | "_" | "getSQL" | "as" | "union" | "intersect" | "except" | "where" | "orderBy" | "limit" | "toSQL" | "$dynamic" | "having" | "groupBy" | "leftJoin" | "rightJoin" | "innerJoin" | ... 4 more ... | "exceptAll"'.
node_modules/drizzle-orm/mysql-core/query-builders/select.d.ts(275,247): error TS2344: Type 'string' does not satisfy the constraint 'keyof this & string'.
  Type 'string' is not assignable to type 'keyof this & string'.
    Type 'string' is not assignable to type 'keyof this'.
      Type '"session"' is not assignable to type '"offset" | "_" | "getSQL" | "as" | "union" | "intersect" | "except" | "where" | "orderBy" | "limit" | "toSQL" | "$dynamic" | "having" | "groupBy" | "leftJoin" | "rightJoin" | "innerJoin" | ... 4 more ... | "exceptAll"'.
node_modules/drizzle-orm/mysql-core/query-builders/select.d.ts(301,248): error TS2344: Type 'string' does not satisfy the constraint 'keyof this & string'.
  Type 'string' is not assignable to type 'keyof this & string'.
    Type 'string' is not assignable to type 'keyof this'.
      Type '"session"' is not assignable to type '"offset" | "_" | "getSQL" | "as" | "union" | "intersect" | "except" | "where" | "orderBy" | "limit" | "toSQL" | "$dynamic" | "having" | "groupBy" | "leftJoin" | "rightJoin" | "innerJoin" | ... 4 more ... | "exceptAll"'.
node_modules/drizzle-orm/mysql-core/query-builders/select.d.ts(342,251): error TS2344: Type 'string' does not satisfy the constraint 'keyof this & string'.
  Type 'string' is not assignable to type 'keyof this & string'.
    Type 'string' is not assignable to type 'keyof this'.
      Type '"session"' is not assignable to type '"offset" | "_" | "getSQL" | "as" | "union" | "intersect" | "except" | "where" | "orderBy" | "limit" | "toSQL" | "$dynamic" | "having" | "groupBy" | "leftJoin" | "rightJoin" | "innerJoin" | ... 4 more ... | "exceptAll"'.
node_modules/drizzle-orm/mysql-core/query-builders/select.d.ts(368,245): error TS2344: Type 'string' does not satisfy the constraint 'keyof this & string'.
  Type 'string' is not assignable to type 'keyof this & string'.
    Type 'string' is not assignable to type 'keyof this'.
      Type '"session"' is not assignable to type '"offset" | "_" | "getSQL" | "as" | "union" | "intersect" | "except" | "where" | "orderBy" | "limit" | "toSQL" | "$dynamic" | "having" | "groupBy" | "leftJoin" | "rightJoin" | "innerJoin" | ... 4 more ... | "exceptAll"'.
node_modules/drizzle-orm/mysql-core/query-builders/select.d.ts(409,248): error TS2344: Type 'string' does not satisfy the constraint 'keyof this & string'.
  Type 'string' is not assignable to type 'keyof this & string'.
    Type 'string' is not assignable to type 'keyof this'.
      Type '"session"' is not assignable to type '"offset" | "_" | "getSQL" | "as" | "union" | "intersect" | "except" | "where" | "orderBy" | "limit" | "toSQL" | "$dynamic" | "having" | "groupBy" | "leftJoin" | "rightJoin" | "innerJoin" | ... 4 more ... | "exceptAll"'.
node_modules/drizzle-orm/mysql-core/query-builders/select.d.ts(561,22): error TS2515: Non-abstract class 'MySqlSelectBase<TTableName, TSelection, TSelectMode, TPreparedQueryHKT, TNullabilityMap, TDynamic, TExcludedMethods, TResult, TSelectedFields>' does not implement inherited abstract member getSQL from class 'MySqlSelectQueryBuilderBase<MySqlSelectHKT, TTableName, TSelection, TSelectMode, TPreparedQueryHKT, TNullabilityMap, TDynamic, TExcludedMethods, TResult, TSelectedFields>'.
node_modules/drizzle-orm/mysql-core/query-builders/select.types.d.ts(136,1149): error TS2344: Type 'MySqlSetOperatorExcludedMethods' does not satisfy the constraint '"offset" | "_" | "getSQL" | "as" | "union" | "intersect" | "except" | "where" | "orderBy" | "limit" | "toSQL" | "prepare" | "execute" | "iterator" | "$dynamic" | "catch" | "finally" | ... 10 more ... | "exceptAll"'.
  Type '"session"' is not assignable to type '"offset" | "_" | "getSQL" | "as" | "union" | "intersect" | "except" | "where" | "orderBy" | "limit" | "toSQL" | "prepare" | "execute" | "iterator" | "$dynamic" | "catch" | "finally" | ... 10 more ... | "exceptAll"'.
node_modules/drizzle-orm/pg-core/query-builders/query.d.ts(23,22): error TS2420: Class 'PgRelationalQuery<TResult>' incorrectly implements interface 'SQLWrapper'.
  Property 'getSQL' is missing in type 'PgRelationalQuery<TResult>' but required in type 'SQLWrapper'.
node_modules/drizzle-orm/pg-core/roles.d.ts(7,22): error TS2559: Type 'PgRole' has no properties in common with type 'PgRoleConfig'.
node_modules/drizzle-orm/singlestore-core/columns/bigint.d.ts(13,22): error TS2515: Non-abstract class 'SingleStoreBigInt53Builder<T>' does not implement inherited abstract member generatedAlwaysAs from class 'SingleStoreColumnBuilderWithAutoIncrement<T, { unsigned: boolean; }, ColumnBuilderExtraConfig>'.
node_modules/drizzle-orm/singlestore-core/columns/bigint.d.ts(35,22): error TS2515: Non-abstract class 'SingleStoreBigInt64Builder<T>' does not implement inherited abstract member generatedAlwaysAs from class 'SingleStoreColumnBuilderWithAutoIncrement<T, { unsigned: boolean; }, ColumnBuilderExtraConfig>'.
node_modules/drizzle-orm/singlestore-core/columns/binary.d.ts(14,22): error TS2515: Non-abstract class 'SingleStoreBinaryBuilder<T>' does not implement inherited abstract member generatedAlwaysAs from class 'SingleStoreColumnBuilder<T, SingleStoreBinaryConfig, object, ColumnBuilderExtraConfig>'.
node_modules/drizzle-orm/singlestore-core/columns/boolean.d.ts(14,22): error TS2515: Non-abstract class 'SingleStoreBooleanBuilder<T>' does not implement inherited abstract member generatedAlwaysAs from class 'SingleStoreColumnBuilder<T, object, object, ColumnBuilderExtraConfig>'.
node_modules/drizzle-orm/singlestore-core/columns/char.d.ts(16,22): error TS2515: Non-abstract class 'SingleStoreCharBuilder<T>' does not implement inherited abstract member generatedAlwaysAs from class 'SingleStoreColumnBuilder<T, SingleStoreCharConfig<T["enumValues"], T["length"]>, { length: T["length"]; }, ColumnBuilderExtraConfig>'.
node_modules/drizzle-orm/singlestore-core/columns/custom.d.ts(24,22): error TS2515: Non-abstract class 'SingleStoreCustomColumnBuilder<T>' does not implement inherited abstract member generatedAlwaysAs from class 'SingleStoreColumnBuilder<T, { fieldConfig: Record<string, any>; customTypeParams: CustomTypeParams<any>; }, { singlestoreColumnBuilderBrand: "SingleStoreCustomColumnBuilderBrand"; }, ColumnBuilderExtraConfig>'.
node_modules/drizzle-orm/singlestore-core/columns/date.d.ts(16,22): error TS2515: Non-abstract class 'SingleStoreDateBuilder<T>' does not implement inherited abstract member generatedAlwaysAs from class 'SingleStoreColumnBuilder<T, object, object, ColumnBuilderExtraConfig>'.
node_modules/drizzle-orm/singlestore-core/columns/date.d.ts(37,22): error TS2515: Non-abstract class 'SingleStoreDateStringBuilder<T>' does not implement inherited abstract member generatedAlwaysAs from class 'SingleStoreColumnBuilder<T, object, object, ColumnBuilderExtraConfig>'.
node_modules/drizzle-orm/singlestore-core/columns/datetime.d.ts(16,22): error TS2515: Non-abstract class 'SingleStoreDateTimeBuilder<T>' does not implement inherited abstract member generatedAlwaysAs from class 'SingleStoreColumnBuilder<T, SingleStoreDatetimeConfig<"string" | "date">, object, ColumnBuilderExtraConfig>'.
node_modules/drizzle-orm/singlestore-core/columns/datetime.d.ts(38,22): error TS2515: Non-abstract class 'SingleStoreDateTimeStringBuilder<T>' does not implement inherited abstract member generatedAlwaysAs from class 'SingleStoreColumnBuilder<T, SingleStoreDatetimeConfig<"string" | "date">, object, ColumnBuilderExtraConfig>'.
node_modules/drizzle-orm/singlestore-core/columns/decimal.d.ts(14,22): error TS2515: Non-abstract class 'SingleStoreDecimalBuilder<T>' does not implement inherited abstract member generatedAlwaysAs from class 'SingleStoreColumnBuilderWithAutoIncrement<T, SingleStoreDecimalConfig, ColumnBuilderExtraConfig>'.
node_modules/drizzle-orm/singlestore-core/columns/double.d.ts(14,22): error TS2515: Non-abstract class 'SingleStoreDoubleBuilder<T>' does not implement inherited abstract member generatedAlwaysAs from class 'SingleStoreColumnBuilderWithAutoIncrement<T, SingleStoreDoubleConfig, ColumnBuilderExtraConfig>'.
node_modules/drizzle-orm/singlestore-core/columns/enum.d.ts(19,5): error TS2416: Property 'generatedAlwaysAs' in type 'SingleStoreEnumColumnBuilder<T>' is not assignable to the same property in base type 'SingleStoreColumnBuilder<T, { enumValues: T["enumValues"]; }, object, ColumnBuilderExtraConfig>'.
  Type '(as: SQL<unknown> | (() => SQL<unknown>) | T["data"], config?: Partial<GeneratedColumnConfig<unknown>>) => HasGenerated<this, {}>' is not assignable to type '(as: SQL<unknown> | (() => SQL<unknown>) | T["data"], config?: Partial<GeneratedColumnConfig<unknown>>) => HasGenerated<this, { type: "always"; }>'.
    Type 'HasGenerated<this, {}>' is not assignable to type 'HasGenerated<this, { type: "always"; }>'.
      Type 'HasGenerated<this, {}>' is not assignable to type '{ _: { hasDefault: true; generated: { type: "always"; }; }; }'.
        The types of '_.generated' are incompatible between these types.
          Property 'type' is missing in type '{}' but required in type '{ type: "always"; }'.
node_modules/drizzle-orm/singlestore-core/columns/float.d.ts(14,22): error TS2515: Non-abstract class 'SingleStoreFloatBuilder<T>' does not implement inherited abstract member generatedAlwaysAs from class 'SingleStoreColumnBuilderWithAutoIncrement<T, SingleStoreFloatConfig, ColumnBuilderExtraConfig>'.
node_modules/drizzle-orm/singlestore-core/columns/int.d.ts(14,22): error TS2515: Non-abstract class 'SingleStoreIntBuilder<T>' does not implement inherited abstract member generatedAlwaysAs from class 'SingleStoreColumnBuilderWithAutoIncrement<T, SingleStoreIntConfig, ColumnBuilderExtraConfig>'.
node_modules/drizzle-orm/singlestore-core/columns/json.d.ts(14,22): error TS2515: Non-abstract class 'SingleStoreJsonBuilder<T>' does not implement inherited abstract member generatedAlwaysAs from class 'SingleStoreColumnBuilder<T, object, object, ColumnBuilderExtraConfig>'.
node_modules/drizzle-orm/singlestore-core/columns/mediumint.d.ts(15,22): error TS2515: Non-abstract class 'SingleStoreMediumIntBuilder<T>' does not implement inherited abstract member generatedAlwaysAs from class 'SingleStoreColumnBuilderWithAutoIncrement<T, SingleStoreIntConfig, ColumnBuilderExtraConfig>'.
node_modules/drizzle-orm/singlestore-core/columns/real.d.ts(14,22): error TS2515: Non-abstract class 'SingleStoreRealBuilder<T>' does not implement inherited abstract member generatedAlwaysAs from class 'SingleStoreColumnBuilderWithAutoIncrement<T, SingleStoreRealConfig, ColumnBuilderExtraConfig>'.
node_modules/drizzle-orm/singlestore-core/columns/serial.d.ts(14,22): error TS2515: Non-abstract class 'SingleStoreSerialBuilder<T>' does not implement inherited abstract member generatedAlwaysAs from class 'SingleStoreColumnBuilderWithAutoIncrement<T, object, ColumnBuilderExtraConfig>'.
node_modules/drizzle-orm/singlestore-core/columns/smallint.d.ts(15,22): error TS2515: Non-abstract class 'SingleStoreSmallIntBuilder<T>' does not implement inherited abstract member generatedAlwaysAs from class 'SingleStoreColumnBuilderWithAutoIncrement<T, SingleStoreIntConfig, ColumnBuilderExtraConfig>'.
node_modules/drizzle-orm/singlestore-core/columns/text.d.ts(16,22): error TS2515: Non-abstract class 'SingleStoreTextBuilder<T>' does not implement inherited abstract member generatedAlwaysAs from class 'SingleStoreColumnBuilder<T, { textType: SingleStoreTextColumnType; enumValues: T["enumValues"]; }, object, ColumnBuilderExtraConfig>'.
node_modules/drizzle-orm/singlestore-core/columns/time.d.ts(14,22): error TS2515: Non-abstract class 'SingleStoreTimeBuilder<T>' does not implement inherited abstract member generatedAlwaysAs from class 'SingleStoreColumnBuilder<T, object, object, ColumnBuilderExtraConfig>'.
node_modules/drizzle-orm/singlestore-core/columns/timestamp.d.ts(15,22): error TS2515: Non-abstract class 'SingleStoreTimestampBuilder<T>' does not implement inherited abstract member generatedAlwaysAs from class 'SingleStoreDateColumnBaseBuilder<T, SingleStoreTimestampConfig<"string" | "date">, ColumnBuilderExtraConfig>'.
node_modules/drizzle-orm/singlestore-core/columns/timestamp.d.ts(35,22): error TS2515: Non-abstract class 'SingleStoreTimestampStringBuilder<T>' does not implement inherited abstract member generatedAlwaysAs from class 'SingleStoreDateColumnBaseBuilder<T, SingleStoreTimestampConfig<"string" | "date">, ColumnBuilderExtraConfig>'.
node_modules/drizzle-orm/singlestore-core/columns/tinyint.d.ts(15,22): error TS2515: Non-abstract class 'SingleStoreTinyIntBuilder<T>' does not implement inherited abstract member generatedAlwaysAs from class 'SingleStoreColumnBuilderWithAutoIncrement<T, SingleStoreIntConfig, ColumnBuilderExtraConfig>'.
node_modules/drizzle-orm/singlestore-core/columns/varbinary.d.ts(14,22): error TS2515: Non-abstract class 'SingleStoreVarBinaryBuilder<T>' does not implement inherited abstract member generatedAlwaysAs from class 'SingleStoreColumnBuilder<T, SingleStoreVarbinaryOptions, object, ColumnBuilderExtraConfig>'.
node_modules/drizzle-orm/singlestore-core/columns/varchar.d.ts(16,22): error TS2515: Non-abstract class 'SingleStoreVarCharBuilder<T>' does not implement inherited abstract member generatedAlwaysAs from class 'SingleStoreColumnBuilder<T, SingleStoreVarCharConfig<T["enumValues"], T["length"]>, { length: T["length"]; }, ColumnBuilderExtraConfig>'.
node_modules/drizzle-orm/singlestore-core/columns/vector.d.ts(13,22): error TS2515: Non-abstract class 'SingleStoreVectorBuilder<T>' does not implement inherited abstract member generatedAlwaysAs from class 'SingleStoreColumnBuilder<T, SingleStoreVectorConfig, object, ColumnBuilderExtraConfig>'.
node_modules/drizzle-orm/singlestore-core/columns/year.d.ts(14,22): error TS2515: Non-abstract class 'SingleStoreYearBuilder<T>' does not implement inherited abstract member generatedAlwaysAs from class 'SingleStoreColumnBuilder<T, object, object, ColumnBuilderExtraConfig>'.
node_modules/drizzle-orm/singlestore-core/db.d.ts(1,38): error TS2307: Cannot find module 'mysql2/promise' or its corresponding type declarations.
node_modules/drizzle-orm/singlestore-core/query-builders/delete.d.ts(36,22): error TS2420: Class 'SingleStoreDeleteBase<TTable, TQueryResult, TPreparedQueryHKT, TDynamic, TExcludedMethods>' incorrectly implements interface 'SQLWrapper'.
  Property 'getSQL' is missing in type 'SingleStoreDeleteBase<TTable, TQueryResult, TPreparedQueryHKT, TDynamic, TExcludedMethods>' but required in type 'SQLWrapper'.
node_modules/drizzle-orm/singlestore-core/query-builders/select.d.ts(199,262): error TS2344: Type 'string' does not satisfy the constraint 'keyof this & string'.
  Type 'string' is not assignable to type 'keyof this & string'.
    Type 'string' is not assignable to type 'keyof this'.
      Type '"session"' is not assignable to type '"offset" | "_" | "getSQL" | "as" | "union" | "intersect" | "except" | "where" | "orderBy" | "limit" | "toSQL" | "$dynamic" | "having" | "groupBy" | "leftJoin" | "rightJoin" | "innerJoin" | "fullJoin" | "for" | "unionAll" | "minus"'.
node_modules/drizzle-orm/singlestore-core/query-builders/select.d.ts(225,265): error TS2344: Type 'string' does not satisfy the constraint 'keyof this & string'.
  Type 'string' is not assignable to type 'keyof this & string'.
    Type 'string' is not assignable to type 'keyof this'.
      Type '"session"' is not assignable to type '"offset" | "_" | "getSQL" | "as" | "union" | "intersect" | "except" | "where" | "orderBy" | "limit" | "toSQL" | "$dynamic" | "having" | "groupBy" | "leftJoin" | "rightJoin" | "innerJoin" | "fullJoin" | "for" | "unionAll" | "minus"'.
node_modules/drizzle-orm/singlestore-core/query-builders/select.d.ts(251,266): error TS2344: Type 'string' does not satisfy the constraint 'keyof this & string'.
  Type 'string' is not assignable to type 'keyof this & string'.
    Type 'string' is not assignable to type 'keyof this'.
      Type '"session"' is not assignable to type '"offset" | "_" | "getSQL" | "as" | "union" | "intersect" | "except" | "where" | "orderBy" | "limit" | "toSQL" | "$dynamic" | "having" | "groupBy" | "leftJoin" | "rightJoin" | "innerJoin" | "fullJoin" | "for" | "unionAll" | "minus"'.
node_modules/drizzle-orm/singlestore-core/query-builders/select.d.ts(277,263): error TS2344: Type 'string' does not satisfy the constraint 'keyof this & string'.
  Type 'string' is not assignable to type 'keyof this & string'.
    Type 'string' is not assignable to type 'keyof this'.
      Type '"session"' is not assignable to type '"offset" | "_" | "getSQL" | "as" | "union" | "intersect" | "except" | "where" | "orderBy" | "limit" | "toSQL" | "$dynamic" | "having" | "groupBy" | "leftJoin" | "rightJoin" | "innerJoin" | "fullJoin" | "for" | "unionAll" | "minus"'.
node_modules/drizzle-orm/singlestore-core/query-builders/select.d.ts(301,262): error TS2344: Type 'string' does not satisfy the constraint 'keyof this & string'.
  Type 'string' is not assignable to type 'keyof this & string'.
    Type 'string' is not assignable to type 'keyof this'.
      Type '"session"' is not assignable to type '"offset" | "_" | "getSQL" | "as" | "union" | "intersect" | "except" | "where" | "orderBy" | "limit" | "toSQL" | "$dynamic" | "having" | "groupBy" | "leftJoin" | "rightJoin" | "innerJoin" | "fullJoin" | "for" | "unionAll" | "minus"'.
node_modules/drizzle-orm/singlestore-core/query-builders/select.d.ts(451,22): error TS2515: Non-abstract class 'SingleStoreSelectBase<TTableName, TSelection, TSelectMode, TPreparedQueryHKT, TNullabilityMap, TDynamic, TExcludedMethods, TResult, TSelectedFields>' does not implement inherited abstract member getSQL from class 'SingleStoreSelectQueryBuilderBase<SingleStoreSelectHKT, TTableName, TSelection, TSelectMode, TPreparedQueryHKT, TNullabilityMap, TDynamic, TExcludedMethods, TResult, TSelectedFields>'.
node_modules/drizzle-orm/singlestore-core/query-builders/select.types.d.ts(130,1185): error TS2344: Type 'SingleStoreSetOperatorExcludedMethods' does not satisfy the constraint '"offset" | "_" | "getSQL" | "as" | "union" | "intersect" | "except" | "where" | "orderBy" | "limit" | "toSQL" | "prepare" | "execute" | "iterator" | "$dynamic" | "catch" | "finally" | ... 9 more ... | "minus"'.
  Type '"session"' is not assignable to type '"offset" | "_" | "getSQL" | "as" | "union" | "intersect" | "except" | "where" | "orderBy" | "limit" | "toSQL" | "prepare" | "execute" | "iterator" | "$dynamic" | "catch" | "finally" | ... 9 more ... | "minus"'.
node_modules/drizzle-orm/singlestore/driver.d.ts(1,100): error TS2307: Cannot find module 'mysql2' or its corresponding type declarations.
node_modules/drizzle-orm/singlestore/driver.d.ts(2,39): error TS2307: Cannot find module 'mysql2/promise' or its corresponding type declarations.
node_modules/drizzle-orm/singlestore/session.d.ts(1,94): error TS2307: Cannot find module 'mysql2/promise' or its corresponding type declarations.
node_modules/drizzle-orm/sqlite-core/query-builders/query.d.ts(25,22): error TS2420: Class 'SQLiteRelationalQuery<TType, TResult>' incorrectly implements interface 'SQLWrapper'.
  Property 'getSQL' is missing in type 'SQLiteRelationalQuery<TType, TResult>' but required in type 'SQLWrapper'.
node_modules/drizzle-orm/sqlite-core/query-builders/select.d.ts(202,247): error TS2344: Type 'string' does not satisfy the constraint 'keyof this & string'.
  Type 'string' is not assignable to type 'keyof this & string'.
    Type 'string' is not assignable to type 'keyof this'.
      Type '"config"' is not assignable to type '"offset" | "_" | "getSQL" | "as" | "union" | "intersect" | "except" | "where" | "orderBy" | "limit" | "toSQL" | "$dynamic" | "having" | "groupBy" | "leftJoin" | "rightJoin" | "innerJoin" | "fullJoin" | "unionAll"'.
node_modules/drizzle-orm/sqlite-core/query-builders/select.d.ts(228,250): error TS2344: Type 'string' does not satisfy the constraint 'keyof this & string'.
  Type 'string' is not assignable to type 'keyof this & string'.
    Type 'string' is not assignable to type 'keyof this'.
      Type '"config"' is not assignable to type '"offset" | "_" | "getSQL" | "as" | "union" | "intersect" | "except" | "where" | "orderBy" | "limit" | "toSQL" | "$dynamic" | "having" | "groupBy" | "leftJoin" | "rightJoin" | "innerJoin" | "fullJoin" | "unionAll"'.
node_modules/drizzle-orm/sqlite-core/query-builders/select.d.ts(254,251): error TS2344: Type 'string' does not satisfy the constraint 'keyof this & string'.
  Type 'string' is not assignable to type 'keyof this & string'.
    Type 'string' is not assignable to type 'keyof this'.
      Type '"config"' is not assignable to type '"offset" | "_" | "getSQL" | "as" | "union" | "intersect" | "except" | "where" | "orderBy" | "limit" | "toSQL" | "$dynamic" | "having" | "groupBy" | "leftJoin" | "rightJoin" | "innerJoin" | "fullJoin" | "unionAll"'.
node_modules/drizzle-orm/sqlite-core/query-builders/select.d.ts(280,248): error TS2344: Type 'string' does not satisfy the constraint 'keyof this & string'.
  Type 'string' is not assignable to type 'keyof this & string'.
    Type 'string' is not assignable to type 'keyof this'.
      Type '"config"' is not assignable to type '"offset" | "_" | "getSQL" | "as" | "union" | "intersect" | "except" | "where" | "orderBy" | "limit" | "toSQL" | "$dynamic" | "having" | "groupBy" | "leftJoin" | "rightJoin" | "innerJoin" | "fullJoin" | "unionAll"'.
node_modules/drizzle-orm/sqlite-core/query-builders/select.d.ts(421,22): error TS2515: Non-abstract class 'SQLiteSelectBase<TTableName, TResultType, TRunResult, TSelection, TSelectMode, TNullabilityMap, TDynamic, TExcludedMethods, TResult, TSelectedFields>' does not implement inherited abstract member getSQL from class 'SQLiteSelectQueryBuilderBase<SQLiteSelectHKT, TTableName, TResultType, TRunResult, TSelection, TSelectMode, TNullabilityMap, TDynamic, TExcludedMethods, TResult, TSelectedFields>'.
node_modules/drizzle-orm/sqlite-core/query-builders/select.types.d.ts(122,1157): error TS2344: Type 'SQLiteSetOperatorExcludedMethods' does not satisfy the constraint '"values" | "all" | "offset" | "_" | "getSQL" | "as" | "union" | "intersect" | "except" | "where" | "orderBy" | "limit" | "toSQL" | "prepare" | "execute" | "$dynamic" | "catch" | ... 10 more ... | "get"'.
  Type '"config"' is not assignable to type '"values" | "all" | "offset" | "_" | "getSQL" | "as" | "union" | "intersect" | "except" | "where" | "orderBy" | "limit" | "toSQL" | "prepare" | "execute" | "$dynamic" | "catch" | ... 10 more ... | "get"'.
node_modules/zod/lib/types.d.ts(772,5): error TS18028: Private identifiers are only available when targeting ECMAScript 2015 and higher.
node_modules/zod/lib/types.d.ts(791,5): error TS18028: Private identifiers are only available when targeting ECMAScript 2015 and higher.
shared/dsa-loan-schema.ts(530,3): error TS2322: Type 'boolean' is not assignable to type 'never'.
shared/dsa-loan-schema.ts(531,3): error TS2322: Type 'boolean' is not assignable to type 'never'.
shared/dsa-loan-schema.ts(538,3): error TS2322: Type 'boolean' is not assignable to type 'never'.
shared/dsa-loan-schema.ts(539,3): error TS2322: Type 'boolean' is not assignable to type 'never'.
shared/dsa-loan-schema.ts(540,3): error TS2322: Type 'boolean' is not assignable to type 'never'.
shared/dsa-loan-schema.ts(541,3): error TS2322: Type 'boolean' is not assignable to type 'never'.
shared/dsa-loan-schema.ts(545,3): error TS2322: Type 'boolean' is not assignable to type 'never'.
shared/dsa-loan-schema.ts(546,3): error TS2322: Type 'boolean' is not assignable to type 'never'.
shared/dsa-loan-schema.ts(547,3): error TS2322: Type 'boolean' is not assignable to type 'never'.
shared/dsa-loan-schema.ts(551,3): error TS2322: Type 'boolean' is not assignable to type 'never'.
shared/dsa-loan-schema.ts(552,3): error TS2322: Type 'boolean' is not assignable to type 'never'.
shared/dsa-loan-schema.ts(553,3): error TS2322: Type 'boolean' is not assignable to type 'never'.
shared/dsa-loan-schema.ts(557,3): error TS2322: Type 'boolean' is not assignable to type 'never'.
shared/dsa-loan-schema.ts(558,3): error TS2322: Type 'boolean' is not assignable to type 'never'.
shared/dsa-loan-schema.ts(559,3): error TS2322: Type 'boolean' is not assignable to type 'never'.
shared/dsa-loan-schema.ts(563,3): error TS2322: Type 'boolean' is not assignable to type 'never'.
shared/dsa-loan-schema.ts(564,3): error TS2322: Type 'boolean' is not assignable to type 'never'.
shared/dsa-loan-schema.ts(565,3): error TS2322: Type 'boolean' is not assignable to type 'never'.
shared/dsa-loan-schema.ts(569,3): error TS2322: Type 'boolean' is not assignable to type 'never'.
shared/dsa-loan-schema.ts(570,3): error TS2322: Type 'boolean' is not assignable to type 'never'.
shared/dsa-loan-schema.ts(574,3): error TS2322: Type 'boolean' is not assignable to type 'never'.
shared/dsa-loan-schema.ts(575,3): error TS2322: Type 'boolean' is not assignable to type 'never'.
shared/dsa-loan-schema.ts(576,3): error TS2322: Type 'boolean' is not assignable to type 'never'.
shared/dsa-loan-schema.ts(580,3): error TS2322: Type 'boolean' is not assignable to type 'never'.
shared/dsa-loan-schema.ts(581,3): error TS2322: Type 'boolean' is not assignable to type 'never'.
shared/dsa-loan-schema.ts(668,97): error TS2322: Type 'boolean' is not assignable to type 'never'.
shared/dsa-loan-schema.ts(668,107): error TS2322: Type 'boolean' is not assignable to type 'never'.
shared/dsa-loan-schema.ts(668,124): error TS2322: Type 'boolean' is not assignable to type 'never'.
shared/dsa-loan-schema.ts(669,87): error TS2322: Type 'boolean' is not assignable to type 'never'.
shared/dsa-loan-schema.ts(669,97): error TS2322: Type 'boolean' is not assignable to type 'never'.
shared/dsa-loan-schema.ts(669,114): error TS2322: Type 'boolean' is not assignable to type 'never'.
shared/dsa-loan-schema.ts(670,88): error TS2322: Type 'boolean' is not assignable to type 'never'.
shared/dsa-loan-schema.ts(670,98): error TS2322: Type 'boolean' is not assignable to type 'never'.
shared/dsa-loan-schema.ts(783,88): error TS2322: Type 'boolean' is not assignable to type 'never'.
shared/dsa-loan-schema.ts(783,98): error TS2322: Type 'boolean' is not assignable to type 'never'.
shared/dsa-loan-schema.ts(784,90): error TS2322: Type 'boolean' is not assignable to type 'never'.
shared/dsa-loan-schema.ts(784,100): error TS2322: Type 'boolean' is not assignable to type 'never'.
shared/dsa-loan-schema.ts(784,119): error TS2322: Type 'boolean' is not assignable to type 'never'.
shared/dsa-loan-schema.ts(784,136): error TS2322: Type 'boolean' is not assignable to type 'never'.
shared/dsa-loan-schema.ts(785,101): error TS2322: Type 'boolean' is not assignable to type 'never'.
shared/dsa-loan-schema.ts(785,111): error TS2322: Type 'boolean' is not assignable to type 'never'.
shared/dsa-loan-schema.ts(973,90): error TS2322: Type 'boolean' is not assignable to type 'never'.
shared/dsa-loan-schema.ts(973,100): error TS2322: Type 'boolean' is not assignable to type 'never'.
shared/dsa-loan-schema.ts(973,117): error TS2322: Type 'boolean' is not assignable to type 'never'.
shared/dsa-loan-schema.ts(974,93): error TS2322: Type 'boolean' is not assignable to type 'never'.
shared/dsa-loan-schema.ts(974,103): error TS2322: Type 'boolean' is not assignable to type 'never'.
shared/dsa-loan-schema.ts(974,120): error TS2322: Type 'boolean' is not assignable to type 'never'.
shared/dsa-loan-schema.ts(975,89): error TS2322: Type 'boolean' is not assignable to type 'never'.
shared/dsa-loan-schema.ts(975,99): error TS2322: Type 'boolean' is not assignable to type 'never'.
shared/dsa-loan-schema.ts(975,116): error TS2322: Type 'boolean' is not assignable to type 'never'.
shared/dsa-loan-schema.ts(976,89): error TS2322: Type 'boolean' is not assignable to type 'never'.
shared/dsa-loan-schema.ts(976,99): error TS2322: Type 'boolean' is not assignable to type 'never'.
shared/dsa-loan-schema.ts(977,95): error TS2322: Type 'boolean' is not assignable to type 'never'.
shared/dsa-loan-schema.ts(977,105): error TS2322: Type 'boolean' is not assignable to type 'never'.
shared/dsa-loan-schema.ts(977,122): error TS2322: Type 'boolean' is not assignable to type 'never'.
shared/dsa-loan-schema.ts(978,104): error TS2322: Type 'boolean' is not assignable to type 'never'.
shared/dsa-loan-schema.ts(978,114): error TS2322: Type 'boolean' is not assignable to type 'never'.
shared/dsa-loan-schema.ts(978,131): error TS2322: Type 'boolean' is not assignable to type 'never'.
shared/dsa-loan-schema.ts(979,95): error TS2322: Type 'boolean' is not assignable to type 'never'.
shared/dsa-loan-schema.ts(979,105): error TS2322: Type 'boolean' is not assignable to type 'never'.
shared/dsa-loan-schema.ts(979,122): error TS2322: Type 'boolean' is not assignable to type 'never'.
shared/dsa-loan-schema.ts(1029,3): error TS2322: Type 'boolean' is not assignable to type 'never'.
shared/dsa-loan-schema.ts(1030,3): error TS2322: Type 'boolean' is not assignable to type 'never'.
shared/dsa-loan-schema.ts(1031,3): error TS2322: Type 'boolean' is not assignable to type 'never'.
shared/dsa-loan-schema.ts(1032,3): error TS2322: Type 'boolean' is not assignable to type 'never'.
shared/dsa-loan-schema.ts(1033,3): error TS2322: Type 'boolean' is not assignable to type 'never'.
shared/schema.ts(19,25): error TS2305: Module '"./schema/kyc"' has no exported member 'insertComplianceAuditTrailSchema'.
shared/schema.ts(19,59): error TS2724: '"./schema/kyc"' has no exported member named 'ComplianceAuditTrail'. Did you mean 'complianceAuditTrail'?
shared/schema.ts(19,81): error TS2724: '"./schema/kyc"' has no exported member named 'InsertComplianceAuditTrail'. Did you mean 'complianceAuditTrail'?
shared/schema.ts(25,22): error TS2724: '"./schema/kyc"' has no exported member named 'insertCkycStatusHistorySchema'. Did you mean 'InsertCkycStatusHistory'?
shared/schema.ts(27,19): error TS2395: Individual declarations in merged declaration 'insertKycConsentLogSchema' must be all exported or all local.
shared/schema.ts(27,19): error TS2440: Import declaration conflicts with local declaration of 'insertKycConsentLogSchema'.
shared/schema.ts(27,46): error TS2440: Import declaration conflicts with local declaration of 'KycConsentLog'.
shared/schema.ts(27,61): error TS2440: Import declaration conflicts with local declaration of 'InsertKycConsentLog'.
shared/schema.ts(30,17): error TS2395: Individual declarations in merged declaration 'insertKycAuditLogSchema' must be all exported or all local.
shared/schema.ts(30,17): error TS2440: Import declaration conflicts with local declaration of 'insertKycAuditLogSchema'.
shared/schema.ts(30,42): error TS2440: Import declaration conflicts with local declaration of 'KycAuditLog'.
shared/schema.ts(30,55): error TS2440: Import declaration conflicts with local declaration of 'InsertKycAuditLog'.
shared/schema.ts(32,19): error TS2395: Individual declarations in merged declaration 'insertKycReuseTokenSchema' must be all exported or all local.
shared/schema.ts(32,19): error TS2440: Import declaration conflicts with local declaration of 'insertKycReuseTokenSchema'.
shared/schema.ts(32,46): error TS2440: Import declaration conflicts with local declaration of 'KycReuseToken'.
shared/schema.ts(32,61): error TS2440: Import declaration conflicts with local declaration of 'InsertKycReuseToken'.
shared/schema.ts(44,88): error TS2724: '"./schema/kyc"' has no exported member named 'InsertAadhaarConsentArtifact'. Did you mean 'AadhaarConsentArtifact'?
shared/schema.ts(54,70): error TS2440: Import declaration conflicts with local declaration of 'InsertConversionFunnel'.
shared/schema.ts(168,3): error TS2305: Module '"./schema/portfolio"' has no exported member 'aiTalkingPoints'.
shared/schema.ts(176,3): error TS2724: '"./schema/portfolio"' has no exported member named 'portfolioAlerts'. Did you mean 'portfolios'?
shared/schema.ts(186,3): error TS2724: '"./schema/portfolio"' has no exported member named 'insertPortfolioAlertSchema'. Did you mean 'insertPortfolioSchema'?
shared/schema.ts(187,3): error TS2395: Individual declarations in merged declaration 'insertPortfolioPredictionSchema' must be all exported or all local.
shared/schema.ts(187,3): error TS2440: Import declaration conflicts with local declaration of 'insertPortfolioPredictionSchema'.
shared/schema.ts(188,3): error TS2395: Individual declarations in merged declaration 'insertPortfolioSnapshotSchema' must be all exported or all local.
shared/schema.ts(188,3): error TS2440: Import declaration conflicts with local declaration of 'insertPortfolioSnapshotSchema'.
shared/schema.ts(194,3): error TS2724: '"./schema/portfolio"' has no exported member named 'PortfolioComparison'. Did you mean 'portfolioComparisons'?
shared/schema.ts(195,3): error TS2724: '"./schema/portfolio"' has no exported member named 'InsertPortfolioComparison'. Did you mean 'portfolioComparisons'?
shared/schema.ts(199,3): error TS2300: Duplicate identifier 'insertReitSchema'.
shared/schema.ts(252,3): error TS2724: '"./schema/proposals"' has no exported member named 'insertProspectProposalEventSchema'. Did you mean 'insertProspectProposalSchema'?
shared/schema.ts(256,3): error TS2724: '"./schema/proposals"' has no exported member named 'ProspectProposalTypeEnum'. Did you mean 'ProspectProposal'?
shared/schema.ts(257,3): error TS2305: Module '"./schema/proposals"' has no exported member 'ProspectProposalStatusEnum'.
shared/schema.ts(258,3): error TS2305: Module '"./schema/proposals"' has no exported member 'ProspectStateEnum'.
shared/schema.ts(258,3): error TS2395: Individual declarations in merged declaration 'ProspectStateEnum' must be all exported or all local.
shared/schema.ts(259,3): error TS2305: Module '"./schema/proposals"' has no exported member 'ProspectReadinessStatusEnum'.
shared/schema.ts(259,3): error TS2395: Individual declarations in merged declaration 'ProspectReadinessStatusEnum' must be all exported or all local.
shared/schema.ts(344,3): error TS2724: '"./schema/loans"' has no exported member named 'insertLenderStaffHistorySchema'. Did you mean 'insertLenderStaffSchema'?
shared/schema.ts(373,3): error TS2724: '"./schema/loans"' has no exported member named 'LenderStaffHistory'. Did you mean 'lenderStaffHistory'?
shared/schema.ts(376,3): error TS2724: '"./schema/loans"' has no exported member named 'InsertLenderStaffHistory'. Did you mean 'lenderStaffHistory'?
shared/schema.ts(447,157): error TS2395: Individual declarations in merged declaration 'insertGoalProgressSnapshotSchema' must be all exported or all local.
shared/schema.ts(447,157): error TS2440: Import declaration conflicts with local declaration of 'insertGoalProgressSnapshotSchema'.
shared/schema.ts(449,10): error TS2300: Duplicate identifier 'insertReitSchema'.
shared/schema.ts(456,1): error TS2308: Module "./schema/users" has already exported a member named 'InsertOnboardingInvitation'. Consider explicitly re-exporting to resolve the ambiguity.
shared/schema.ts(456,1): error TS2308: Module "./schema/users" has already exported a member named 'InsertOnboardingInvitationEvent'. Consider explicitly re-exporting to resolve the ambiguity.
shared/schema.ts(456,1): error TS2308: Module "./schema/users" has already exported a member named 'OnboardingInvitation'. Consider explicitly re-exporting to resolve the ambiguity.
shared/schema.ts(456,1): error TS2308: Module "./schema/users" has already exported a member named 'OnboardingInvitationEvent'. Consider explicitly re-exporting to resolve the ambiguity.
shared/schema.ts(456,1): error TS2308: Module "./schema/users" has already exported a member named 'insertOnboardingInvitationEventSchema'. Consider explicitly re-exporting to resolve the ambiguity.
shared/schema.ts(456,1): error TS2308: Module "./schema/users" has already exported a member named 'insertOnboardingInvitationSchema'. Consider explicitly re-exporting to resolve the ambiguity.
shared/schema.ts(456,1): error TS2308: Module "./schema/users" has already exported a member named 'onboardingInvitationEvents'. Consider explicitly re-exporting to resolve the ambiguity.
shared/schema.ts(456,1): error TS2308: Module "./schema/users" has already exported a member named 'onboardingInvitations'. Consider explicitly re-exporting to resolve the ambiguity.
shared/schema.ts(780,78): error TS2322: Type 'boolean' is not assignable to type 'never'.
shared/schema.ts(780,88): error TS2322: Type 'boolean' is not assignable to type 'never'.
shared/schema.ts(780,105): error TS2322: Type 'boolean' is not assignable to type 'never'.
shared/schema.ts(798,105): error TS2322: Type 'boolean' is not assignable to type 'never'.
shared/schema.ts(798,115): error TS2322: Type 'boolean' is not assignable to type 'never'.
shared/schema.ts(798,132): error TS2322: Type 'boolean' is not assignable to type 'never'.
shared/schema.ts(802,89): error TS2322: Type 'boolean' is not assignable to type 'never'.
shared/schema.ts(802,99): error TS2322: Type 'boolean' is not assignable to type 'never'.
shared/schema.ts(818,84): error TS2322: Type 'boolean' is not assignable to type 'never'.
shared/schema.ts(818,94): error TS2322: Type 'boolean' is not assignable to type 'never'.
shared/schema.ts(818,111): error TS2322: Type 'boolean' is not assignable to type 'never'.
shared/schema.ts(822,88): error TS2322: Type 'boolean' is not assignable to type 'never'.
shared/schema.ts(822,98): error TS2322: Type 'boolean' is not assignable to type 'never'.
shared/schema.ts(822,115): error TS2322: Type 'boolean' is not assignable to type 'never'.
shared/schema.ts(826,94): error TS2322: Type 'boolean' is not assignable to type 'never'.
shared/schema.ts(826,104): error TS2322: Type 'boolean' is not assignable to type 'never'.
shared/schema.ts(826,121): error TS2322: Type 'boolean' is not assignable to type 'never'.
shared/schema.ts(830,90): error TS2322: Type 'boolean' is not assignable to type 'never'.
shared/schema.ts(830,100): error TS2322: Type 'boolean' is not assignable to type 'never'.
shared/schema.ts(830,117): error TS2322: Type 'boolean' is not assignable to type 'never'.
shared/schema.ts(834,108): error TS2322: Type 'boolean' is not assignable to type 'never'.
shared/schema.ts(834,118): error TS2322: Type 'boolean' is not assignable to type 'never'.
shared/schema.ts(834,135): error TS2322: Type 'boolean' is not assignable to type 'never'.
shared/schema.ts(838,86): error TS2322: Type 'boolean' is not assignable to type 'never'.
shared/schema.ts(838,96): error TS2322: Type 'boolean' is not assignable to type 'never'.
shared/schema.ts(838,113): error TS2322: Type 'boolean' is not assignable to type 'never'.
shared/schema.ts(842,108): error TS2322: Type 'boolean' is not assignable to type 'never'.
shared/schema.ts(842,118): error TS2322: Type 'boolean' is not assignable to type 'never'.
shared/schema.ts(898,3): error TS2322: Type 'boolean' is not assignable to type 'never'.
shared/schema.ts(899,3): error TS2322: Type 'boolean' is not assignable to type 'never'.
shared/schema.ts(900,3): error TS2322: Type 'boolean' is not assignable to type 'never'.
shared/schema.ts(1000,3): error TS2322: Type 'boolean' is not assignable to type 'never'.
shared/schema.ts(1001,3): error TS2322: Type 'boolean' is not assignable to type 'never'.
shared/schema.ts(1002,3): error TS2322: Type 'boolean' is not assignable to type 'never'.
shared/schema.ts(1051,3): error TS2322: Type 'boolean' is not assignable to type 'never'.
shared/schema.ts(1052,3): error TS2322: Type 'boolean' is not assignable to type 'never'.
shared/schema.ts(1053,3): error TS2322: Type 'boolean' is not assignable to type 'never'.
shared/schema.ts(1057,3): error TS2322: Type 'boolean' is not assignable to type 'never'.
shared/schema.ts(1058,3): error TS2322: Type 'boolean' is not assignable to type 'never'.
shared/schema.ts(1059,3): error TS2322: Type 'boolean' is not assignable to type 'never'.
shared/schema.ts(1065,3): error TS2322: Type 'boolean' is not assignable to type 'never'.
shared/schema.ts(1066,3): error TS2322: Type 'boolean' is not assignable to type 'never'.
shared/schema.ts(1070,3): error TS2322: Type 'boolean' is not assignable to type 'never'.
shared/schema.ts(1071,3): error TS2322: Type 'boolean' is not assignable to type 'never'.
shared/schema.ts(1075,3): error TS2322: Type 'boolean' is not assignable to type 'never'.
shared/schema.ts(1076,3): error TS2322: Type 'boolean' is not assignable to type 'never'.
shared/schema.ts(1077,3): error TS2322: Type 'boolean' is not assignable to type 'never'.
shared/schema.ts(1078,3): error TS2322: Type 'boolean' is not assignable to type 'never'.
shared/schema.ts(1082,3): error TS2322: Type 'boolean' is not assignable to type 'never'.
shared/schema.ts(1083,3): error TS2322: Type 'boolean' is not assignable to type 'never'.
shared/schema.ts(1087,14): error TS2395: Individual declarations in merged declaration 'insertPortfolioSnapshotSchema' must be all exported or all local.
shared/schema.ts(1088,3): error TS2322: Type 'boolean' is not assignable to type 'never'.
shared/schema.ts(1089,3): error TS2322: Type 'boolean' is not assignable to type 'never'.
shared/schema.ts(1090,3): error TS2322: Type 'boolean' is not assignable to type 'never'.
shared/schema.ts(1094,3): error TS2322: Type 'boolean' is not assignable to type 'never'.
shared/schema.ts(1095,3): error TS2322: Type 'boolean' is not assignable to type 'never'.
shared/schema.ts(1096,3): error TS2322: Type 'boolean' is not assignable to type 'never'.
shared/schema.ts(1097,3): error TS2322: Type 'boolean' is not assignable to type 'never'.
shared/schema.ts(1103,3): error TS2322: Type 'boolean' is not assignable to type 'never'.
shared/schema.ts(1104,3): error TS2322: Type 'boolean' is not assignable to type 'never'.
shared/schema.ts(1105,3): error TS2322: Type 'boolean' is not assignable to type 'never'.
shared/schema.ts(1106,3): error TS2322: Type 'boolean' is not assignable to type 'never'.
shared/schema.ts(1115,3): error TS2322: Type 'boolean' is not assignable to type 'never'.
shared/schema.ts(1116,3): error TS2322: Type 'boolean' is not assignable to type 'never'.
shared/schema.ts(1117,3): error TS2322: Type 'boolean' is not assignable to type 'never'.
shared/schema.ts(1124,3): error TS2322: Type 'boolean' is not assignable to type 'never'.
shared/schema.ts(1125,3): error TS2322: Type 'boolean' is not assignable to type 'never'.
shared/schema.ts(1126,3): error TS2322: Type 'boolean' is not assignable to type 'never'.
shared/schema.ts(1133,3): error TS2322: Type 'boolean' is not assignable to type 'never'.
shared/schema.ts(1134,3): error TS2322: Type 'boolean' is not assignable to type 'never'.
shared/schema.ts(1135,3): error TS2322: Type 'boolean' is not assignable to type 'never'.
shared/schema.ts(1139,3): error TS2322: Type 'boolean' is not assignable to type 'never'.
shared/schema.ts(1140,3): error TS2322: Type 'boolean' is not assignable to type 'never'.
shared/schema.ts(1160,3): error TS2322: Type 'boolean' is not assignable to type 'never'.
shared/schema.ts(1161,3): error TS2322: Type 'boolean' is not assignable to type 'never'.
shared/schema.ts(1168,3): error TS2322: Type 'boolean' is not assignable to type 'never'.
shared/schema.ts(1169,3): error TS2322: Type 'boolean' is not assignable to type 'never'.
shared/schema.ts(1176,3): error TS2322: Type 'boolean' is not assignable to type 'never'.
shared/schema.ts(1177,3): error TS2322: Type 'boolean' is not assignable to type 'never'.
shared/schema.ts(1184,3): error TS2322: Type 'boolean' is not assignable to type 'never'.
shared/schema.ts(1185,3): error TS2322: Type 'boolean' is not assignable to type 'never'.
shared/schema.ts(1186,3): error TS2322: Type 'boolean' is not assignable to type 'never'.
shared/schema.ts(1193,3): error TS2322: Type 'boolean' is not assignable to type 'never'.
shared/schema.ts(1194,3): error TS2322: Type 'boolean' is not assignable to type 'never'.
shared/schema.ts(1201,3): error TS2322: Type 'boolean' is not assignable to type 'never'.
shared/schema.ts(1202,3): error TS2322: Type 'boolean' is not assignable to type 'never'.
shared/schema.ts(1203,3): error TS2322: Type 'boolean' is not assignable to type 'never'.
shared/schema.ts(1210,3): error TS2322: Type 'boolean' is not assignable to type 'never'.
shared/schema.ts(1211,3): error TS2322: Type 'boolean' is not assignable to type 'never'.
shared/schema.ts(1212,3): error TS2322: Type 'boolean' is not assignable to type 'never'.
shared/schema.ts(1219,3): error TS2322: Type 'boolean' is not assignable to type 'never'.
shared/schema.ts(1220,3): error TS2322: Type 'boolean' is not assignable to type 'never'.
shared/schema.ts(1221,3): error TS2322: Type 'boolean' is not assignable to type 'never'.
shared/schema.ts(1228,3): error TS2322: Type 'boolean' is not assignable to type 'never'.
shared/schema.ts(1229,3): error TS2322: Type 'boolean' is not assignable to type 'never'.
shared/schema.ts(1230,3): error TS2322: Type 'boolean' is not assignable to type 'never'.
shared/schema.ts(1237,3): error TS2322: Type 'boolean' is not assignable to type 'never'.
shared/schema.ts(1238,3): error TS2322: Type 'boolean' is not assignable to type 'never'.
shared/schema.ts(1239,3): error TS2322: Type 'boolean' is not assignable to type 'never'.
shared/schema.ts(1248,3): error TS2322: Type 'boolean' is not assignable to type 'never'.
shared/schema.ts(1249,3): error TS2322: Type 'boolean' is not assignable to type 'never'.
shared/schema.ts(1269,3): error TS2322: Type 'boolean' is not assignable to type 'never'.
shared/schema.ts(1270,3): error TS2322: Type 'boolean' is not assignable to type 'never'.
shared/schema.ts(1271,3): error TS2322: Type 'boolean' is not assignable to type 'never'.
shared/schema.ts(1278,3): error TS2322: Type 'boolean' is not assignable to type 'never'.
shared/schema.ts(1279,3): error TS2322: Type 'boolean' is not assignable to type 'never'.
shared/schema.ts(1280,3): error TS2322: Type 'boolean' is not assignable to type 'never'.
shared/schema.ts(1287,3): error TS2322: Type 'boolean' is not assignable to type 'never'.
shared/schema.ts(1288,3): error TS2322: Type 'boolean' is not assignable to type 'never'.
shared/schema.ts(1289,3): error TS2322: Type 'boolean' is not assignable to type 'never'.
shared/schema.ts(1296,3): error TS2322: Type 'boolean' is not assignable to type 'never'.
shared/schema.ts(1297,3): error TS2322: Type 'boolean' is not assignable to type 'never'.
shared/schema.ts(1304,3): error TS2322: Type 'boolean' is not assignable to type 'never'.
shared/schema.ts(1305,3): error TS2322: Type 'boolean' is not assignable to type 'never'.
shared/schema.ts(1306,3): error TS2322: Type 'boolean' is not assignable to type 'never'.
shared/schema.ts(1363,3): error TS2322: Type 'boolean' is not assignable to type 'never'.
shared/schema.ts(1364,3): error TS2322: Type 'boolean' is not assignable to type 'never'.
shared/schema.ts(1365,3): error TS2322: Type 'boolean' is not assignable to type 'never'.
shared/schema.ts(1371,3): error TS2322: Type 'boolean' is not assignable to type 'never'.
shared/schema.ts(1372,3): error TS2322: Type 'boolean' is not assignable to type 'never'.
shared/schema.ts(1380,3): error TS2322: Type 'boolean' is not assignable to type 'never'.
shared/schema.ts(1381,3): error TS2322: Type 'boolean' is not assignable to type 'never'.
shared/schema.ts(1382,3): error TS2322: Type 'boolean' is not assignable to type 'never'.
shared/schema.ts(1389,3): error TS2322: Type 'boolean' is not assignable to type 'never'.
shared/schema.ts(1390,3): error TS2322: Type 'boolean' is not assignable to type 'never'.
shared/schema.ts(1391,3): error TS2322: Type 'boolean' is not assignable to type 'never'.
shared/schema.ts(1398,3): error TS2322: Type 'boolean' is not assignable to type 'never'.
shared/schema.ts(1399,3): error TS2322: Type 'boolean' is not assignable to type 'never'.
shared/schema.ts(1405,3): error TS2322: Type 'boolean' is not assignable to type 'never'.
shared/schema.ts(1406,3): error TS2322: Type 'boolean' is not assignable to type 'never'.
shared/schema.ts(1407,3): error TS2322: Type 'boolean' is not assignable to type 'never'.
shared/schema.ts(1492,3): error TS2322: Type 'boolean' is not assignable to type 'never'.
shared/schema.ts(1493,3): error TS2322: Type 'boolean' is not assignable to type 'never'.
shared/schema.ts(1496,3): error TS2322: Type 'boolean' is not assignable to type 'never'.
shared/schema.ts(1497,3): error TS2322: Type 'boolean' is not assignable to type 'never'.
shared/schema.ts(1500,3): error TS2322: Type 'boolean' is not assignable to type 'never'.
shared/schema.ts(1501,3): error TS2322: Type 'boolean' is not assignable to type 'never'.
shared/schema.ts(1504,3): error TS2322: Type 'boolean' is not assignable to type 'never'.
shared/schema.ts(1505,3): error TS2322: Type 'boolean' is not assignable to type 'never'.
shared/schema.ts(1508,3): error TS2322: Type 'boolean' is not assignable to type 'never'.
shared/schema.ts(1509,3): error TS2322: Type 'boolean' is not assignable to type 'never'.
shared/schema.ts(1513,3): error TS2322: Type 'boolean' is not assignable to type 'never'.
shared/schema.ts(1514,3): error TS2322: Type 'boolean' is not assignable to type 'never'.
shared/schema.ts(1521,3): error TS2322: Type 'boolean' is not assignable to type 'never'.
shared/schema.ts(1522,3): error TS2322: Type 'boolean' is not assignable to type 'never'.
shared/schema.ts(1523,3): error TS2322: Type 'boolean' is not assignable to type 'never'.
shared/schema.ts(1530,3): error TS2322: Type 'boolean' is not assignable to type 'never'.
shared/schema.ts(1531,3): error TS2322: Type 'boolean' is not assignable to type 'never'.
shared/schema.ts(1532,3): error TS2322: Type 'boolean' is not assignable to type 'never'.
shared/schema.ts(1539,3): error TS2322: Type 'boolean' is not assignable to type 'never'.
shared/schema.ts(1540,3): error TS2322: Type 'boolean' is not assignable to type 'never'.
shared/schema.ts(1541,3): error TS2322: Type 'boolean' is not assignable to type 'never'.
shared/schema.ts(1632,3): error TS2322: Type 'boolean' is not assignable to type 'never'.
shared/schema.ts(1633,3): error TS2322: Type 'boolean' is not assignable to type 'never'.
shared/schema.ts(1637,3): error TS2322: Type 'boolean' is not assignable to type 'never'.
shared/schema.ts(1638,3): error TS2322: Type 'boolean' is not assignable to type 'never'.
shared/schema.ts(1642,3): error TS2322: Type 'boolean' is not assignable to type 'never'.
shared/schema.ts(1643,3): error TS2322: Type 'boolean' is not assignable to type 'never'.
shared/schema.ts(1647,3): error TS2322: Type 'boolean' is not assignable to type 'never'.
shared/schema.ts(1648,3): error TS2322: Type 'boolean' is not assignable to type 'never'.
shared/schema.ts(1654,3): error TS2322: Type 'boolean' is not assignable to type 'never'.
shared/schema.ts(1655,3): error TS2322: Type 'boolean' is not assignable to type 'never'.
shared/schema.ts(1961,3): error TS2322: Type 'boolean' is not assignable to type 'never'.
shared/schema.ts(1962,3): error TS2322: Type 'boolean' is not assignable to type 'never'.
shared/schema.ts(1963,3): error TS2322: Type 'boolean' is not assignable to type 'never'.
shared/schema.ts(1969,3): error TS2322: Type 'boolean' is not assignable to type 'never'.
shared/schema.ts(1970,3): error TS2322: Type 'boolean' is not assignable to type 'never'.
shared/schema.ts(1971,3): error TS2322: Type 'boolean' is not assignable to type 'never'.
shared/schema.ts(1975,3): error TS2322: Type 'boolean' is not assignable to type 'never'.
shared/schema.ts(1976,3): error TS2322: Type 'boolean' is not assignable to type 'never'.
shared/schema.ts(1977,3): error TS2322: Type 'boolean' is not assignable to type 'never'.
shared/schema.ts(1981,3): error TS2322: Type 'boolean' is not assignable to type 'never'.
shared/schema.ts(1982,3): error TS2322: Type 'boolean' is not assignable to type 'never'.
shared/schema.ts(1997,3): error TS2322: Type 'boolean' is not assignable to type 'never'.
shared/schema.ts(1998,3): error TS2322: Type 'boolean' is not assignable to type 'never'.
shared/schema.ts(1999,3): error TS2322: Type 'boolean' is not assignable to type 'never'.
shared/schema.ts(2000,3): error TS2322: Type 'boolean' is not assignable to type 'never'.
shared/schema.ts(2004,3): error TS2322: Type 'boolean' is not assignable to type 'never'.
shared/schema.ts(2005,3): error TS2322: Type 'boolean' is not assignable to type 'never'.
shared/schema.ts(2006,3): error TS2322: Type 'boolean' is not assignable to type 'never'.
shared/schema.ts(2007,3): error TS2322: Type 'boolean' is not assignable to type 'never'.
shared/schema.ts(2011,3): error TS2322: Type 'boolean' is not assignable to type 'never'.
shared/schema.ts(2012,3): error TS2322: Type 'boolean' is not assignable to type 'never'.
shared/schema.ts(2016,3): error TS2322: Type 'boolean' is not assignable to type 'never'.
shared/schema.ts(2017,3): error TS2322: Type 'boolean' is not assignable to type 'never'.
shared/schema.ts(2018,3): error TS2322: Type 'boolean' is not assignable to type 'never'.
shared/schema.ts(2030,3): error TS2322: Type 'boolean' is not assignable to type 'never'.
shared/schema.ts(2031,3): error TS2322: Type 'boolean' is not assignable to type 'never'.
shared/schema.ts(2032,3): error TS2322: Type 'boolean' is not assignable to type 'never'.
shared/schema.ts(2040,3): error TS2322: Type 'boolean' is not assignable to type 'never'.
shared/schema.ts(2041,3): error TS2322: Type 'boolean' is not assignable to type 'never'.
shared/schema.ts(2042,3): error TS2322: Type 'boolean' is not assignable to type 'never'.
shared/schema.ts(2043,3): error TS2322: Type 'boolean' is not assignable to type 'never'.
shared/schema.ts(2141,3): error TS2322: Type 'boolean' is not assignable to type 'never'.
shared/schema.ts(2142,3): error TS2322: Type 'boolean' is not assignable to type 'never'.
shared/schema.ts(2143,3): error TS2322: Type 'boolean' is not assignable to type 'never'.
shared/schema.ts(2147,3): error TS2322: Type 'boolean' is not assignable to type 'never'.
shared/schema.ts(2148,3): error TS2322: Type 'boolean' is not assignable to type 'never'.
shared/schema.ts(2149,3): error TS2322: Type 'boolean' is not assignable to type 'never'.
shared/schema.ts(2153,3): error TS2322: Type 'boolean' is not assignable to type 'never'.
shared/schema.ts(2154,3): error TS2322: Type 'boolean' is not assignable to type 'never'.
shared/schema.ts(2179,40): error TS2304: Cannot find name 'storeProductImages'.
shared/schema.ts(2180,54): error TS2552: Cannot find name 'insertStoreProductImageSchema'. Did you mean 'insertStoreProductInquirySchema'?
shared/schema.ts(2181,38): error TS2304: Cannot find name 'storeProductTags'.
shared/schema.ts(2182,52): error TS2552: Cannot find name 'insertStoreProductTagSchema'. Did you mean 'insertLoanProductSchema'?
shared/schema.ts(2183,45): error TS2304: Cannot find name 'storeProductTagMappings'.
shared/schema.ts(2184,59): error TS2552: Cannot find name 'insertStoreProductTagMappingSchema'. Did you mean 'insertStoreProductInquirySchema'?
shared/schema.ts(2185,35): error TS2304: Cannot find name 'userWishlist'.
shared/schema.ts(2186,49): error TS2552: Cannot find name 'insertUserWishlistSchema'. Did you mean 'insertUsWatchlistSchema'?
shared/schema.ts(2205,53): error TS2304: Cannot find name 'storeProducts'.
shared/schema.ts(2224,3): error TS2322: Type 'boolean' is not assignable to type 'never'.
shared/schema.ts(2225,3): error TS2322: Type 'boolean' is not assignable to type 'never'.
shared/schema.ts(2226,3): error TS2322: Type 'boolean' is not assignable to type 'never'.
shared/schema.ts(2230,3): error TS2322: Type 'boolean' is not assignable to type 'never'.
shared/schema.ts(2231,3): error TS2322: Type 'boolean' is not assignable to type 'never'.
shared/schema.ts(2232,3): error TS2322: Type 'boolean' is not assignable to type 'never'.
shared/schema.ts(2268,3): error TS2322: Type 'boolean' is not assignable to type 'never'.
shared/schema.ts(2269,3): error TS2322: Type 'boolean' is not assignable to type 'never'.
shared/schema.ts(2270,3): error TS2322: Type 'boolean' is not assignable to type 'never'.
shared/schema.ts(2271,3): error TS2322: Type 'boolean' is not assignable to type 'never'.
shared/schema.ts(2275,3): error TS2322: Type 'boolean' is not assignable to type 'never'.
shared/schema.ts(2276,3): error TS2322: Type 'boolean' is not assignable to type 'never'.
shared/schema.ts(2280,3): error TS2322: Type 'boolean' is not assignable to type 'never'.
shared/schema.ts(2281,3): error TS2322: Type 'boolean' is not assignable to type 'never'.
shared/schema.ts(2295,3): error TS2322: Type 'boolean' is not assignable to type 'never'.
shared/schema.ts(2296,3): error TS2322: Type 'boolean' is not assignable to type 'never'.
shared/schema.ts(2297,3): error TS2322: Type 'boolean' is not assignable to type 'never'.
shared/schema.ts(2336,3): error TS2322: Type 'boolean' is not assignable to type 'never'.
shared/schema.ts(2337,3): error TS2322: Type 'boolean' is not assignable to type 'never'.
shared/schema.ts(2338,3): error TS2322: Type 'boolean' is not assignable to type 'never'.
shared/schema.ts(2439,3): error TS2322: Type 'boolean' is not assignable to type 'never'.
shared/schema.ts(2440,3): error TS2322: Type 'boolean' is not assignable to type 'never'.
shared/schema.ts(2445,3): error TS2322: Type 'boolean' is not assignable to type 'never'.
shared/schema.ts(2446,3): error TS2322: Type 'boolean' is not assignable to type 'never'.
shared/schema.ts(2447,3): error TS2322: Type 'boolean' is not assignable to type 'never'.
shared/schema.ts(2520,3): error TS2322: Type 'boolean' is not assignable to type 'never'.
shared/schema.ts(2521,3): error TS2322: Type 'boolean' is not assignable to type 'never'.
shared/schema.ts(2522,3): error TS2322: Type 'boolean' is not assignable to type 'never'.
shared/schema.ts(2530,3): error TS2322: Type 'boolean' is not assignable to type 'never'.
shared/schema.ts(2531,3): error TS2322: Type 'boolean' is not assignable to type 'never'.
shared/schema.ts(2538,3): error TS2322: Type 'boolean' is not assignable to type 'never'.
shared/schema.ts(2539,3): error TS2322: Type 'boolean' is not assignable to type 'never'.
shared/schema.ts(2540,3): error TS2322: Type 'boolean' is not assignable to type 'never'.
shared/schema.ts(2546,14): error TS2395: Individual declarations in merged declaration 'insertGoalProgressSnapshotSchema' must be all exported or all local.
shared/schema.ts(2547,3): error TS2322: Type 'boolean' is not assignable to type 'never'.
shared/schema.ts(2548,3): error TS2322: Type 'boolean' is not assignable to type 'never'.
shared/schema.ts(2579,3): error TS2322: Type 'boolean' is not assignable to type 'never'.
shared/schema.ts(2580,3): error TS2322: Type 'boolean' is not assignable to type 'never'.
shared/schema.ts(2581,3): error TS2322: Type 'boolean' is not assignable to type 'never'.
shared/schema.ts(2585,3): error TS2322: Type 'boolean' is not assignable to type 'never'.
shared/schema.ts(2586,3): error TS2322: Type 'boolean' is not assignable to type 'never'.
shared/schema.ts(2587,3): error TS2322: Type 'boolean' is not assignable to type 'never'.
shared/schema.ts(2591,3): error TS2322: Type 'boolean' is not assignable to type 'never'.
shared/schema.ts(2592,3): error TS2322: Type 'boolean' is not assignable to type 'never'.
shared/schema.ts(2593,3): error TS2322: Type 'boolean' is not assignable to type 'never'.
shared/schema.ts(2597,3): error TS2322: Type 'boolean' is not assignable to type 'never'.
shared/schema.ts(2598,3): error TS2322: Type 'boolean' is not assignable to type 'never'.
shared/schema.ts(2599,3): error TS2322: Type 'boolean' is not assignable to type 'never'.
shared/schema.ts(2604,3): error TS2322: Type 'boolean' is not assignable to type 'never'.
shared/schema.ts(2605,3): error TS2322: Type 'boolean' is not assignable to type 'never'.
shared/schema.ts(2606,3): error TS2322: Type 'boolean' is not assignable to type 'never'.
shared/schema.ts(2610,3): error TS2322: Type 'boolean' is not assignable to type 'never'.
shared/schema.ts(2611,3): error TS2322: Type 'boolean' is not assignable to type 'never'.
shared/schema.ts(3062,3): error TS2322: Type 'boolean' is not assignable to type 'never'.
shared/schema.ts(3063,3): error TS2322: Type 'boolean' is not assignable to type 'never'.
shared/schema.ts(3064,3): error TS2322: Type 'boolean' is not assignable to type 'never'.
shared/schema.ts(3068,3): error TS2322: Type 'boolean' is not assignable to type 'never'.
shared/schema.ts(3069,3): error TS2322: Type 'boolean' is not assignable to type 'never'.
shared/schema.ts(3070,3): error TS2322: Type 'boolean' is not assignable to type 'never'.
shared/schema.ts(3074,3): error TS2322: Type 'boolean' is not assignable to type 'never'.
shared/schema.ts(3075,3): error TS2322: Type 'boolean' is not assignable to type 'never'.
shared/schema.ts(3076,3): error TS2322: Type 'boolean' is not assignable to type 'never'.
shared/schema.ts(3080,3): error TS2322: Type 'boolean' is not assignable to type 'never'.
shared/schema.ts(3081,3): error TS2322: Type 'boolean' is not assignable to type 'never'.
shared/schema.ts(3096,3): error TS2322: Type 'boolean' is not assignable to type 'never'.
shared/schema.ts(3097,3): error TS2322: Type 'boolean' is not assignable to type 'never'.
shared/schema.ts(3098,3): error TS2322: Type 'boolean' is not assignable to type 'never'.
shared/schema.ts(3099,3): error TS2322: Type 'boolean' is not assignable to type 'never'.
shared/schema.ts(3119,61): error TS2552: Cannot find name 'insertAiOptimizationSuggestionSchema'. Did you mean 'aiOptimizationSuggestions'?
shared/schema.ts(3328,3): error TS2322: Type 'boolean' is not assignable to type 'never'.
shared/schema.ts(3329,3): error TS2322: Type 'boolean' is not assignable to type 'never'.
shared/schema.ts(3330,3): error TS2322: Type 'boolean' is not assignable to type 'never'.
shared/schema.ts(3334,3): error TS2322: Type 'boolean' is not assignable to type 'never'.
shared/schema.ts(3335,3): error TS2322: Type 'boolean' is not assignable to type 'never'.
shared/schema.ts(3339,3): error TS2322: Type 'boolean' is not assignable to type 'never'.
shared/schema.ts(3340,3): error TS2322: Type 'boolean' is not assignable to type 'never'.
shared/schema.ts(3344,3): error TS2322: Type 'boolean' is not assignable to type 'never'.
shared/schema.ts(3345,3): error TS2322: Type 'boolean' is not assignable to type 'never'.
shared/schema.ts(3346,3): error TS2322: Type 'boolean' is not assignable to type 'never'.
shared/schema.ts(3350,3): error TS2322: Type 'boolean' is not assignable to type 'never'.
shared/schema.ts(3351,3): error TS2322: Type 'boolean' is not assignable to type 'never'.
shared/schema.ts(3352,3): error TS2322: Type 'boolean' is not assignable to type 'never'.
shared/schema.ts(3368,3): error TS2322: Type 'boolean' is not assignable to type 'never'.
shared/schema.ts(3369,3): error TS2322: Type 'boolean' is not assignable to type 'never'.
shared/schema.ts(3370,3): error TS2322: Type 'boolean' is not assignable to type 'never'.
shared/schema.ts(3371,3): error TS2322: Type 'boolean' is not assignable to type 'never'.
shared/schema.ts(3462,3): error TS2322: Type 'boolean' is not assignable to type 'never'.
shared/schema.ts(3463,3): error TS2322: Type 'boolean' is not assignable to type 'never'.
shared/schema.ts(3464,3): error TS2322: Type 'boolean' is not assignable to type 'never'.
shared/schema.ts(3469,3): error TS2322: Type 'boolean' is not assignable to type 'never'.
shared/schema.ts(3470,3): error TS2322: Type 'boolean' is not assignable to type 'never'.
shared/schema.ts(3471,3): error TS2322: Type 'boolean' is not assignable to type 'never'.
shared/schema.ts(3476,3): error TS2322: Type 'boolean' is not assignable to type 'never'.
shared/schema.ts(3477,3): error TS2322: Type 'boolean' is not assignable to type 'never'.
shared/schema.ts(3478,3): error TS2322: Type 'boolean' is not assignable to type 'never'.
shared/schema.ts(3570,77): error TS2322: Type 'boolean' is not assignable to type 'never'.
shared/schema.ts(3570,87): error TS2322: Type 'boolean' is not assignable to type 'never'.
shared/schema.ts(3570,104): error TS2322: Type 'boolean' is not assignable to type 'never'.
shared/schema.ts(3579,3): error TS2322: Type 'boolean' is not assignable to type 'never'.
shared/schema.ts(3580,3): error TS2322: Type 'boolean' is not assignable to type 'never'.
shared/schema.ts(3634,3): error TS2322: Type 'boolean' is not assignable to type 'never'.
shared/schema.ts(3635,3): error TS2322: Type 'boolean' is not assignable to type 'never'.
shared/schema.ts(3636,3): error TS2322: Type 'boolean' is not assignable to type 'never'.
shared/schema.ts(3693,3): error TS2322: Type 'boolean' is not assignable to type 'never'.
shared/schema.ts(3694,3): error TS2322: Type 'boolean' is not assignable to type 'never'.
shared/schema.ts(3695,3): error TS2322: Type 'boolean' is not assignable to type 'never'.
shared/schema.ts(3714,3): error TS2322: Type 'boolean' is not assignable to type 'never'.
shared/schema.ts(3715,3): error TS2322: Type 'boolean' is not assignable to type 'never'.
shared/schema.ts(3716,3): error TS2322: Type 'boolean' is not assignable to type 'never'.
shared/schema.ts(3723,3): error TS2322: Type 'boolean' is not assignable to type 'never'.
shared/schema.ts(3724,3): error TS2322: Type 'boolean' is not assignable to type 'never'.
shared/schema.ts(3731,3): error TS2322: Type 'boolean' is not assignable to type 'never'.
shared/schema.ts(3732,3): error TS2322: Type 'boolean' is not assignable to type 'never'.
shared/schema.ts(3739,3): error TS2322: Type 'boolean' is not assignable to type 'never'.
shared/schema.ts(3740,3): error TS2322: Type 'boolean' is not assignable to type 'never'.
shared/schema.ts(3747,3): error TS2322: Type 'boolean' is not assignable to type 'never'.
shared/schema.ts(3748,3): error TS2322: Type 'boolean' is not assignable to type 'never'.
shared/schema.ts(3755,3): error TS2322: Type 'boolean' is not assignable to type 'never'.
shared/schema.ts(3756,3): error TS2322: Type 'boolean' is not assignable to type 'never'.
shared/schema.ts(3763,3): error TS2322: Type 'boolean' is not assignable to type 'never'.
shared/schema.ts(3764,3): error TS2322: Type 'boolean' is not assignable to type 'never'.
shared/schema.ts(3765,3): error TS2322: Type 'boolean' is not assignable to type 'never'.
shared/schema.ts(3772,3): error TS2322: Type 'boolean' is not assignable to type 'never'.
shared/schema.ts(3773,3): error TS2322: Type 'boolean' is not assignable to type 'never'.
shared/schema.ts(3906,3): error TS2322: Type 'boolean' is not assignable to type 'never'.
shared/schema.ts(3907,3): error TS2322: Type 'boolean' is not assignable to type 'never'.
shared/schema.ts(3908,3): error TS2322: Type 'boolean' is not assignable to type 'never'.
shared/schema.ts(3909,3): error TS2322: Type 'boolean' is not assignable to type 'never'.
shared/schema.ts(3910,3): error TS2322: Type 'boolean' is not assignable to type 'never'.
shared/schema.ts(3916,3): error TS2322: Type 'boolean' is not assignable to type 'never'.
shared/schema.ts(3917,3): error TS2322: Type 'boolean' is not assignable to type 'never'.
shared/schema.ts(3918,3): error TS2322: Type 'boolean' is not assignable to type 'never'.
shared/schema.ts(3924,3): error TS2322: Type 'boolean' is not assignable to type 'never'.
shared/schema.ts(3925,3): error TS2322: Type 'boolean' is not assignable to type 'never'.
shared/schema.ts(3926,3): error TS2322: Type 'boolean' is not assignable to type 'never'.
shared/schema.ts(3927,3): error TS2322: Type 'boolean' is not assignable to type 'never'.
shared/schema.ts(4045,3): error TS2322: Type 'boolean' is not assignable to type 'never'.
shared/schema.ts(4046,3): error TS2322: Type 'boolean' is not assignable to type 'never'.
shared/schema.ts(4047,3): error TS2322: Type 'boolean' is not assignable to type 'never'.
shared/schema.ts(4048,3): error TS2322: Type 'boolean' is not assignable to type 'never'.
shared/schema.ts(4049,3): error TS2322: Type 'boolean' is not assignable to type 'never'.
shared/schema.ts(4055,3): error TS2322: Type 'boolean' is not assignable to type 'never'.
shared/schema.ts(4056,3): error TS2322: Type 'boolean' is not assignable to type 'never'.
shared/schema.ts(4062,3): error TS2322: Type 'boolean' is not assignable to type 'never'.
shared/schema.ts(4063,3): error TS2322: Type 'boolean' is not assignable to type 'never'.
shared/schema.ts(4064,3): error TS2322: Type 'boolean' is not assignable to type 'never'.
shared/schema.ts(4065,3): error TS2322: Type 'boolean' is not assignable to type 'never'.
shared/schema.ts(4066,3): error TS2322: Type 'boolean' is not assignable to type 'never'.
shared/schema.ts(4114,3): error TS2322: Type 'boolean' is not assignable to type 'never'.
shared/schema.ts(4115,3): error TS2322: Type 'boolean' is not assignable to type 'never'.
shared/schema.ts(4116,3): error TS2322: Type 'boolean' is not assignable to type 'never'.
shared/schema.ts(4138,3): error TS2322: Type 'boolean' is not assignable to type 'never'.
shared/schema.ts(4139,3): error TS2322: Type 'boolean' is not assignable to type 'never'.
shared/schema.ts(4295,3): error TS2322: Type 'boolean' is not assignable to type 'never'.
shared/schema.ts(4296,3): error TS2322: Type 'boolean' is not assignable to type 'never'.
shared/schema.ts(4297,3): error TS2322: Type 'boolean' is not assignable to type 'never'.
shared/schema.ts(4303,3): error TS2322: Type 'boolean' is not assignable to type 'never'.
shared/schema.ts(4304,3): error TS2322: Type 'boolean' is not assignable to type 'never'.
shared/schema.ts(4305,3): error TS2322: Type 'boolean' is not assignable to type 'never'.
shared/schema.ts(4311,3): error TS2322: Type 'boolean' is not assignable to type 'never'.
shared/schema.ts(4312,3): error TS2322: Type 'boolean' is not assignable to type 'never'.
shared/schema.ts(4313,3): error TS2322: Type 'boolean' is not assignable to type 'never'.
shared/schema.ts(4342,3): error TS2322: Type 'boolean' is not assignable to type 'never'.
shared/schema.ts(4343,3): error TS2322: Type 'boolean' is not assignable to type 'never'.
shared/schema.ts(4344,3): error TS2322: Type 'boolean' is not assignable to type 'never'.
shared/schema.ts(4350,3): error TS2322: Type 'boolean' is not assignable to type 'never'.
shared/schema.ts(4351,3): error TS2322: Type 'boolean' is not assignable to type 'never'.
shared/schema.ts(4359,14): error TS2395: Individual declarations in merged declaration 'insertKycConsentLogSchema' must be all exported or all local.
shared/schema.ts(4360,3): error TS2322: Type 'boolean' is not assignable to type 'never'.
shared/schema.ts(4361,3): error TS2322: Type 'boolean' is not assignable to type 'never'.
shared/schema.ts(4366,14): error TS2395: Individual declarations in merged declaration 'insertKycAuditLogSchema' must be all exported or all local.
shared/schema.ts(4367,3): error TS2322: Type 'boolean' is not assignable to type 'never'.
shared/schema.ts(4368,3): error TS2322: Type 'boolean' is not assignable to type 'never'.
shared/schema.ts(4373,14): error TS2395: Individual declarations in merged declaration 'insertKycReuseTokenSchema' must be all exported or all local.
shared/schema.ts(4374,3): error TS2322: Type 'boolean' is not assignable to type 'never'.
shared/schema.ts(4375,3): error TS2322: Type 'boolean' is not assignable to type 'never'.
shared/schema.ts(4382,3): error TS2322: Type 'boolean' is not assignable to type 'never'.
shared/schema.ts(4383,3): error TS2322: Type 'boolean' is not assignable to type 'never'.
shared/schema.ts(4562,3): error TS2322: Type 'boolean' is not assignable to type 'never'.
shared/schema.ts(4563,3): error TS2322: Type 'boolean' is not assignable to type 'never'.
shared/schema.ts(4564,3): error TS2322: Type 'boolean' is not assignable to type 'never'.
shared/schema.ts(4570,3): error TS2322: Type 'boolean' is not assignable to type 'never'.
shared/schema.ts(4571,3): error TS2322: Type 'boolean' is not assignable to type 'never'.
shared/schema.ts(4586,14): error TS2395: Individual declarations in merged declaration 'insertPortfolioPredictionSchema' must be all exported or all local.
shared/schema.ts(4587,3): error TS2322: Type 'boolean' is not assignable to type 'never'.
shared/schema.ts(4588,3): error TS2322: Type 'boolean' is not assignable to type 'never'.
shared/schema.ts(4589,3): error TS2322: Type 'boolean' is not assignable to type 'never'.
shared/schema.ts(4595,3): error TS2322: Type 'boolean' is not assignable to type 'never'.
shared/schema.ts(4596,3): error TS2322: Type 'boolean' is not assignable to type 'never'.
shared/schema.ts(4597,3): error TS2322: Type 'boolean' is not assignable to type 'never'.
shared/schema.ts(4663,3): error TS2322: Type 'boolean' is not assignable to type 'never'.
shared/schema.ts(4664,3): error TS2322: Type 'boolean' is not assignable to type 'never'.
shared/schema.ts(4680,3): error TS2322: Type 'boolean' is not assignable to type 'never'.
shared/schema.ts(4681,3): error TS2322: Type 'boolean' is not assignable to type 'never'.
shared/schema.ts(4682,3): error TS2322: Type 'boolean' is not assignable to type 'never'.
shared/schema.ts(4688,3): error TS2322: Type 'boolean' is not assignable to type 'never'.
shared/schema.ts(4689,3): error TS2322: Type 'boolean' is not assignable to type 'never'.
shared/schema.ts(4690,3): error TS2322: Type 'boolean' is not assignable to type 'never'.
shared/schema.ts(4707,3): error TS2322: Type 'boolean' is not assignable to type 'never'.
shared/schema.ts(4708,3): error TS2322: Type 'boolean' is not assignable to type 'never'.
shared/schema.ts(4709,3): error TS2322: Type 'boolean' is not assignable to type 'never'.
shared/schema.ts(4724,92): error TS2322: Type 'boolean' is not assignable to type 'never'.
shared/schema.ts(4724,102): error TS2322: Type 'boolean' is not assignable to type 'never'.
shared/schema.ts(4724,119): error TS2322: Type 'boolean' is not assignable to type 'never'.
shared/schema.ts(4725,98): error TS2322: Type 'boolean' is not assignable to type 'never'.
shared/schema.ts(4725,108): error TS2322: Type 'boolean' is not assignable to type 'never'.
shared/schema.ts(4725,125): error TS2322: Type 'boolean' is not assignable to type 'never'.
shared/schema.ts(4726,87): error TS2322: Type 'boolean' is not assignable to type 'never'.
shared/schema.ts(4726,97): error TS2322: Type 'boolean' is not assignable to type 'never'.
shared/schema.ts(4727,88): error TS2322: Type 'boolean' is not assignable to type 'never'.
shared/schema.ts(4727,98): error TS2322: Type 'boolean' is not assignable to type 'never'.
shared/schema.ts(4727,115): error TS2322: Type 'boolean' is not assignable to type 'never'.
shared/schema.ts(4728,102): error TS2322: Type 'boolean' is not assignable to type 'never'.
shared/schema.ts(4728,112): error TS2322: Type 'boolean' is not assignable to type 'never'.
shared/schema.ts(4728,129): error TS2322: Type 'boolean' is not assignable to type 'never'.
shared/schema.ts(4729,94): error TS2322: Type 'boolean' is not assignable to type 'never'.
shared/schema.ts(4729,104): error TS2322: Type 'boolean' is not assignable to type 'never'.
shared/schema.ts(4729,121): error TS2322: Type 'boolean' is not assignable to type 'never'.
shared/schema.ts(4732,112): error TS2322: Type 'boolean' is not assignable to type 'never'.
shared/schema.ts(4732,122): error TS2322: Type 'boolean' is not assignable to type 'never'.
shared/schema.ts(4733,104): error TS2322: Type 'boolean' is not assignable to type 'never'.
shared/schema.ts(4733,114): error TS2322: Type 'boolean' is not assignable to type 'never'.
shared/schema.ts(4733,131): error TS2322: Type 'boolean' is not assignable to type 'never'.
shared/schema.ts(4734,100): error TS2322: Type 'boolean' is not assignable to type 'never'.
shared/schema.ts(4734,110): error TS2322: Type 'boolean' is not assignable to type 'never'.
shared/schema.ts(4734,127): error TS2322: Type 'boolean' is not assignable to type 'never'.
shared/schema.ts(4735,112): error TS2322: Type 'boolean' is not assignable to type 'never'.
shared/schema.ts(4735,122): error TS2322: Type 'boolean' is not assignable to type 'never'.
shared/schema.ts(4735,139): error TS2322: Type 'boolean' is not assignable to type 'never'.
shared/schema.ts(4736,92): error TS2322: Type 'boolean' is not assignable to type 'never'.
shared/schema.ts(4736,102): error TS2322: Type 'boolean' is not assignable to type 'never'.
shared/schema.ts(4736,119): error TS2322: Type 'boolean' is not assignable to type 'never'.
shared/schema.ts(4737,110): error TS2322: Type 'boolean' is not assignable to type 'never'.
shared/schema.ts(4737,120): error TS2322: Type 'boolean' is not assignable to type 'never'.
shared/schema.ts(4737,137): error TS2322: Type 'boolean' is not assignable to type 'never'.
shared/schema.ts(4747,55): error TS2304: Cannot find name 'storeCategories'.
shared/schema.ts(4760,91): error TS2322: Type 'boolean' is not assignable to type 'never'.
shared/schema.ts(4760,101): error TS2322: Type 'boolean' is not assignable to type 'never'.
shared/schema.ts(4760,118): error TS2322: Type 'boolean' is not assignable to type 'never'.
shared/schema.ts(4780,84): error TS2322: Type 'boolean' is not assignable to type 'never'.
shared/schema.ts(4780,94): error TS2322: Type 'boolean' is not assignable to type 'never'.
shared/schema.ts(4785,53): error TS2304: Cannot find name 'storeProducts'.
shared/schema.ts(4787,55): error TS2304: Cannot find name 'storeCategories'.
shared/schema.ts(4803,97): error TS2322: Type 'boolean' is not assignable to type 'never'.
shared/schema.ts(4803,107): error TS2322: Type 'boolean' is not assignable to type 'never'.
shared/schema.ts(4822,55): error TS2304: Cannot find name 'storeCategories'.
shared/schema.ts(4891,96): error TS2322: Type 'boolean' is not assignable to type 'never'.
shared/schema.ts(4891,106): error TS2322: Type 'boolean' is not assignable to type 'never'.
shared/schema.ts(4891,123): error TS2322: Type 'boolean' is not assignable to type 'never'.
shared/schema.ts(5004,3): error TS2322: Type 'boolean' is not assignable to type 'never'.
shared/schema.ts(5005,3): error TS2322: Type 'boolean' is not assignable to type 'never'.
shared/schema.ts(5006,3): error TS2322: Type 'boolean' is not assignable to type 'never'.
shared/schema.ts(5067,3): error TS2322: Type 'boolean' is not assignable to type 'never'.
shared/schema.ts(5068,3): error TS2322: Type 'boolean' is not assignable to type 'never'.
shared/schema.ts(5069,3): error TS2322: Type 'boolean' is not assignable to type 'never'.
shared/schema.ts(5143,3): error TS2322: Type 'boolean' is not assignable to type 'never'.
shared/schema.ts(5144,3): error TS2322: Type 'boolean' is not assignable to type 'never'.
shared/schema.ts(5145,3): error TS2322: Type 'boolean' is not assignable to type 'never'.
shared/schema.ts(5240,3): error TS2322: Type 'boolean' is not assignable to type 'never'.
shared/schema.ts(5241,3): error TS2322: Type 'boolean' is not assignable to type 'never'.
shared/schema.ts(5242,3): error TS2322: Type 'boolean' is not assignable to type 'never'.
shared/schema.ts(5331,3): error TS2322: Type 'boolean' is not assignable to type 'never'.
shared/schema.ts(5332,3): error TS2322: Type 'boolean' is not assignable to type 'never'.
shared/schema.ts(5333,3): error TS2322: Type 'boolean' is not assignable to type 'never'.
shared/schema.ts(5558,3): error TS2322: Type 'boolean' is not assignable to type 'never'.
shared/schema.ts(5559,3): error TS2322: Type 'boolean' is not assignable to type 'never'.
shared/schema.ts(5560,3): error TS2322: Type 'boolean' is not assignable to type 'never'.
shared/schema.ts(5566,3): error TS2322: Type 'boolean' is not assignable to type 'never'.
shared/schema.ts(5567,3): error TS2322: Type 'boolean' is not assignable to type 'never'.
shared/schema.ts(5573,3): error TS2322: Type 'boolean' is not assignable to type 'never'.
shared/schema.ts(5574,3): error TS2322: Type 'boolean' is not assignable to type 'never'.
shared/schema.ts(5575,3): error TS2322: Type 'boolean' is not assignable to type 'never'.
shared/schema.ts(5581,78): error TS2322: Type 'boolean' is not assignable to type 'never'.
shared/schema.ts(5581,88): error TS2322: Type 'boolean' is not assignable to type 'never'.
shared/schema.ts(5581,106): error TS2322: Type 'boolean' is not assignable to type 'never'.
shared/schema.ts(5586,82): error TS2322: Type 'boolean' is not assignable to type 'never'.
shared/schema.ts(5586,92): error TS2322: Type 'boolean' is not assignable to type 'never'.
shared/schema.ts(5586,109): error TS2322: Type 'boolean' is not assignable to type 'never'.
shared/schema.ts(5592,3): error TS2322: Type 'boolean' is not assignable to type 'never'.
shared/schema.ts(5593,3): error TS2322: Type 'boolean' is not assignable to type 'never'.
shared/schema.ts(5781,3): error TS2322: Type 'boolean' is not assignable to type 'never'.
shared/schema.ts(5782,3): error TS2322: Type 'boolean' is not assignable to type 'never'.
shared/schema.ts(5783,3): error TS2322: Type 'boolean' is not assignable to type 'never'.
shared/schema.ts(5794,3): error TS2322: Type 'boolean' is not assignable to type 'never'.
shared/schema.ts(5795,3): error TS2322: Type 'boolean' is not assignable to type 'never'.
shared/schema.ts(5796,3): error TS2322: Type 'boolean' is not assignable to type 'never'.
shared/schema.ts(5802,3): error TS2322: Type 'boolean' is not assignable to type 'never'.
shared/schema.ts(5803,3): error TS2322: Type 'boolean' is not assignable to type 'never'.
shared/schema.ts(5804,3): error TS2322: Type 'boolean' is not assignable to type 'never'.
shared/schema.ts(5912,14): error TS2395: Individual declarations in merged declaration 'ProspectStateEnum' must be all exported or all local.
shared/schema.ts(5916,14): error TS2395: Individual declarations in merged declaration 'ProspectReadinessStatusEnum' must be all exported or all local.
shared/schema.ts(6052,55): error TS2304: Cannot find name 'mldMaster'.
shared/schema.ts(6068,3): error TS2322: Type 'boolean' is not assignable to type 'never'.
shared/schema.ts(6069,3): error TS2322: Type 'boolean' is not assignable to type 'never'.
shared/schema.ts(6079,55): error TS2304: Cannot find name 'mldMaster'.
shared/schema.ts(6094,3): error TS2322: Type 'boolean' is not assignable to type 'never'.
shared/schema.ts(6095,3): error TS2322: Type 'boolean' is not assignable to type 'never'.
shared/schema.ts(6161,3): error TS2322: Type 'boolean' is not assignable to type 'never'.
shared/schema.ts(6162,3): error TS2322: Type 'boolean' is not assignable to type 'never'.
shared/schema.ts(6163,3): error TS2322: Type 'boolean' is not assignable to type 'never'.
shared/schema.ts(6215,3): error TS2322: Type 'boolean' is not assignable to type 'never'.
shared/schema.ts(6216,3): error TS2322: Type 'boolean' is not assignable to type 'never'.
shared/schema.ts(6217,3): error TS2322: Type 'boolean' is not assignable to type 'never'.
shared/schema.ts(6230,3): error TS2322: Type 'boolean' is not assignable to type 'never'.
shared/schema.ts(6231,3): error TS2322: Type 'boolean' is not assignable to type 'never'.
shared/schema.ts(6232,3): error TS2322: Type 'boolean' is not assignable to type 'never'.
shared/schema.ts(6279,3): error TS2322: Type 'boolean' is not assignable to type 'never'.
shared/schema.ts(6280,3): error TS2322: Type 'boolean' is not assignable to type 'never'.
shared/schema.ts(6281,3): error TS2322: Type 'boolean' is not assignable to type 'never'.
shared/schema.ts(6301,3): error TS2322: Type 'boolean' is not assignable to type 'never'.
shared/schema.ts(6302,3): error TS2322: Type 'boolean' is not assignable to type 'never'.
shared/schema.ts(6303,3): error TS2322: Type 'boolean' is not assignable to type 'never'.
shared/schema.ts(6310,3): error TS2322: Type 'boolean' is not assignable to type 'never'.
shared/schema.ts(6311,3): error TS2322: Type 'boolean' is not assignable to type 'never'.
shared/schema.ts(6549,3): error TS2322: Type 'boolean' is not assignable to type 'never'.
shared/schema.ts(6550,3): error TS2322: Type 'boolean' is not assignable to type 'never'.
shared/schema.ts(6551,3): error TS2322: Type 'boolean' is not assignable to type 'never'.
shared/schema.ts(6558,3): error TS2322: Type 'boolean' is not assignable to type 'never'.
shared/schema.ts(6559,3): error TS2322: Type 'boolean' is not assignable to type 'never'.
shared/schema.ts(6560,3): error TS2322: Type 'boolean' is not assignable to type 'never'.
shared/schema.ts(6567,3): error TS2322: Type 'boolean' is not assignable to type 'never'.
shared/schema.ts(6568,3): error TS2322: Type 'boolean' is not assignable to type 'never'.
shared/schema.ts(6569,3): error TS2322: Type 'boolean' is not assignable to type 'never'.
shared/schema.ts(6576,3): error TS2322: Type 'boolean' is not assignable to type 'never'.
shared/schema.ts(6577,3): error TS2322: Type 'boolean' is not assignable to type 'never'.
shared/schema.ts(6584,3): error TS2322: Type 'boolean' is not assignable to type 'never'.
shared/schema.ts(6585,3): error TS2322: Type 'boolean' is not assignable to type 'never'.
shared/schema.ts(6629,3): error TS2322: Type 'boolean' is not assignable to type 'never'.
shared/schema.ts(6630,3): error TS2322: Type 'boolean' is not assignable to type 'never'.
shared/schema.ts(6631,3): error TS2322: Type 'boolean' is not assignable to type 'never'.
shared/schema.ts(6845,3): error TS2322: Type 'boolean' is not assignable to type 'never'.
shared/schema.ts(6846,3): error TS2322: Type 'boolean' is not assignable to type 'never'.
shared/schema.ts(6847,3): error TS2322: Type 'boolean' is not assignable to type 'never'.
shared/schema.ts(6848,3): error TS2322: Type 'boolean' is not assignable to type 'never'.
shared/schema.ts(6849,3): error TS2322: Type 'boolean' is not assignable to type 'never'.
shared/schema.ts(6850,3): error TS2322: Type 'boolean' is not assignable to type 'never'.
shared/schema.ts(6851,3): error TS2322: Type 'boolean' is not assignable to type 'never'.
shared/schema.ts(6914,3): error TS2322: Type 'boolean' is not assignable to type 'never'.
shared/schema.ts(6915,3): error TS2322: Type 'boolean' is not assignable to type 'never'.
shared/schema.ts(6916,3): error TS2322: Type 'boolean' is not assignable to type 'never'.
shared/schema.ts(6917,3): error TS2322: Type 'boolean' is not assignable to type 'never'.
shared/schema.ts(6947,3): error TS2322: Type 'boolean' is not assignable to type 'never'.
shared/schema.ts(6948,3): error TS2322: Type 'boolean' is not assignable to type 'never'.
shared/schema.ts(6949,3): error TS2322: Type 'boolean' is not assignable to type 'never'.
shared/schema.ts(6986,3): error TS2322: Type 'boolean' is not assignable to type 'never'.
shared/schema.ts(6987,3): error TS2322: Type 'boolean' is not assignable to type 'never'.
shared/schema.ts(6988,3): error TS2322: Type 'boolean' is not assignable to type 'never'.
shared/schema.ts(7024,3): error TS2322: Type 'boolean' is not assignable to type 'never'.
shared/schema.ts(7025,3): error TS2322: Type 'boolean' is not assignable to type 'never'.
shared/schema.ts(7026,3): error TS2322: Type 'boolean' is not assignable to type 'never'.
shared/schema.ts(7131,96): error TS2322: Type 'boolean' is not assignable to type 'never'.
shared/schema.ts(7131,106): error TS2322: Type 'boolean' is not assignable to type 'never'.
shared/schema.ts(7135,94): error TS2322: Type 'boolean' is not assignable to type 'never'.
shared/schema.ts(7135,104): error TS2322: Type 'boolean' is not assignable to type 'never'.
shared/schema.ts(7135,121): error TS2322: Type 'boolean' is not assignable to type 'never'.
shared/schema.ts(7192,66): error TS2304: Cannot find name 'usBrokerAccounts'.
shared/schema.ts(7220,76): error TS2322: Type 'boolean' is not assignable to type 'never'.
shared/schema.ts(7220,86): error TS2322: Type 'boolean' is not assignable to type 'never'.
shared/schema.ts(7220,103): error TS2322: Type 'boolean' is not assignable to type 'never'.
shared/schema.ts(7249,90): error TS2322: Type 'boolean' is not assignable to type 'never'.
shared/schema.ts(7249,100): error TS2322: Type 'boolean' is not assignable to type 'never'.
shared/schema.ts(7264,79): error TS2322: Type 'boolean' is not assignable to type 'never'.
shared/schema.ts(7264,89): error TS2322: Type 'boolean' is not assignable to type 'never'.
shared/schema.ts(7279,84): error TS2322: Type 'boolean' is not assignable to type 'never'.
shared/schema.ts(7279,94): error TS2322: Type 'boolean' is not assignable to type 'never'.
shared/schema.ts(7311,102): error TS2322: Type 'boolean' is not assignable to type 'never'.
shared/schema.ts(7311,112): error TS2322: Type 'boolean' is not assignable to type 'never'.
shared/schema.ts(7334,88): error TS2322: Type 'boolean' is not assignable to type 'never'.
shared/schema.ts(7334,98): error TS2322: Type 'boolean' is not assignable to type 'never'.
shared/schema.ts(7334,115): error TS2322: Type 'boolean' is not assignable to type 'never'.
shared/schema.ts(7419,95): error TS2322: Type 'boolean' is not assignable to type 'never'.
shared/schema.ts(7419,105): error TS2322: Type 'boolean' is not assignable to type 'never'.
shared/schema.ts(7419,122): error TS2322: Type 'boolean' is not assignable to type 'never'.
shared/schema.ts(7491,94): error TS2322: Type 'boolean' is not assignable to type 'never'.
shared/schema.ts(7491,104): error TS2322: Type 'boolean' is not assignable to type 'never'.
shared/schema.ts(7491,121): error TS2322: Type 'boolean' is not assignable to type 'never'.
shared/schema.ts(7598,91): error TS2322: Type 'boolean' is not assignable to type 'never'.
shared/schema.ts(7598,101): error TS2322: Type 'boolean' is not assignable to type 'never'.
shared/schema.ts(7646,88): error TS2322: Type 'boolean' is not assignable to type 'never'.
shared/schema.ts(7646,98): error TS2322: Type 'boolean' is not assignable to type 'never'.
shared/schema.ts(7696,83): error TS2322: Type 'boolean' is not assignable to type 'never'.
shared/schema.ts(7696,93): error TS2322: Type 'boolean' is not assignable to type 'never'.
shared/schema.ts(7696,110): error TS2322: Type 'boolean' is not assignable to type 'never'.
shared/schema.ts(7740,95): error TS2322: Type 'boolean' is not assignable to type 'never'.
shared/schema.ts(7740,105): error TS2322: Type 'boolean' is not assignable to type 'never'.
shared/schema.ts(7740,122): error TS2322: Type 'boolean' is not assignable to type 'never'.
shared/schema.ts(7785,96): error TS2322: Type 'boolean' is not assignable to type 'never'.
shared/schema.ts(7785,106): error TS2322: Type 'boolean' is not assignable to type 'never'.
shared/schema.ts(7785,123): error TS2322: Type 'boolean' is not assignable to type 'never'.
shared/schema.ts(7815,99): error TS2322: Type 'boolean' is not assignable to type 'never'.
shared/schema.ts(7815,109): error TS2322: Type 'boolean' is not assignable to type 'never'.
shared/schema.ts(7815,126): error TS2322: Type 'boolean' is not assignable to type 'never'.
shared/schema.ts(7858,115): error TS2322: Type 'boolean' is not assignable to type 'never'.
shared/schema.ts(7858,125): error TS2322: Type 'boolean' is not assignable to type 'never'.
shared/schema.ts(7858,142): error TS2322: Type 'boolean' is not assignable to type 'never'.
shared/schema.ts(7896,87): error TS2322: Type 'boolean' is not assignable to type 'never'.
shared/schema.ts(7896,97): error TS2322: Type 'boolean' is not assignable to type 'never'.
shared/schema.ts(7930,115): error TS2322: Type 'boolean' is not assignable to type 'never'.
shared/schema.ts(7930,125): error TS2322: Type 'boolean' is not assignable to type 'never'.
shared/schema.ts(7930,142): error TS2322: Type 'boolean' is not assignable to type 'never'.
shared/schema.ts(7967,109): error TS2322: Type 'boolean' is not assignable to type 'never'.
shared/schema.ts(7967,119): error TS2322: Type 'boolean' is not assignable to type 'never'.
shared/schema.ts(7967,136): error TS2322: Type 'boolean' is not assignable to type 'never'.
shared/schema.ts(8005,88): error TS2322: Type 'boolean' is not assignable to type 'never'.
shared/schema.ts(8005,98): error TS2322: Type 'boolean' is not assignable to type 'never'.
shared/schema.ts(8005,115): error TS2322: Type 'boolean' is not assignable to type 'never'.
shared/schema.ts(8043,84): error TS2322: Type 'boolean' is not assignable to type 'never'.
shared/schema.ts(8043,94): error TS2322: Type 'boolean' is not assignable to type 'never'.
shared/schema.ts(8075,94): error TS2322: Type 'boolean' is not assignable to type 'never'.
shared/schema.ts(8075,104): error TS2322: Type 'boolean' is not assignable to type 'never'.
shared/schema.ts(8098,89): error TS2322: Type 'boolean' is not assignable to type 'never'.
shared/schema.ts(8098,99): error TS2322: Type 'boolean' is not assignable to type 'never'.
shared/schema.ts(8149,80): error TS2322: Type 'boolean' is not assignable to type 'never'.
shared/schema.ts(8149,90): error TS2322: Type 'boolean' is not assignable to type 'never'.
shared/schema.ts(8149,107): error TS2322: Type 'boolean' is not assignable to type 'never'.
shared/schema.ts(8201,89): error TS2322: Type 'boolean' is not assignable to type 'never'.
shared/schema.ts(8201,99): error TS2322: Type 'boolean' is not assignable to type 'never'.
shared/schema.ts(8201,116): error TS2322: Type 'boolean' is not assignable to type 'never'.
shared/schema.ts(8242,96): error TS2322: Type 'boolean' is not assignable to type 'never'.
shared/schema.ts(8242,106): error TS2322: Type 'boolean' is not assignable to type 'never'.
shared/schema.ts(8242,123): error TS2322: Type 'boolean' is not assignable to type 'never'.
shared/schema.ts(8291,92): error TS2322: Type 'boolean' is not assignable to type 'never'.
shared/schema.ts(8291,102): error TS2322: Type 'boolean' is not assignable to type 'never'.
shared/schema.ts(8323,96): error TS2322: Type 'boolean' is not assignable to type 'never'.
shared/schema.ts(8323,106): error TS2322: Type 'boolean' is not assignable to type 'never'.
shared/schema.ts(8363,92): error TS2322: Type 'boolean' is not assignable to type 'never'.
shared/schema.ts(8363,102): error TS2322: Type 'boolean' is not assignable to type 'never'.
shared/schema.ts(8363,119): error TS2322: Type 'boolean' is not assignable to type 'never'.
shared/schema.ts(8395,93): error TS2322: Type 'boolean' is not assignable to type 'never'.
shared/schema.ts(8395,103): error TS2322: Type 'boolean' is not assignable to type 'never'.
shared/schema.ts(8448,93): error TS2322: Type 'boolean' is not assignable to type 'never'.
shared/schema.ts(8448,103): error TS2322: Type 'boolean' is not assignable to type 'never'.
shared/schema.ts(8513,101): error TS2322: Type 'boolean' is not assignable to type 'never'.
shared/schema.ts(8513,111): error TS2322: Type 'boolean' is not assignable to type 'never'.
shared/schema.ts(8554,89): error TS2322: Type 'boolean' is not assignable to type 'never'.
shared/schema.ts(8554,99): error TS2322: Type 'boolean' is not assignable to type 'never'.
shared/schema.ts(8589,97): error TS2322: Type 'boolean' is not assignable to type 'never'.
shared/schema.ts(8589,107): error TS2322: Type 'boolean' is not assignable to type 'never'.
shared/schema.ts(8589,124): error TS2322: Type 'boolean' is not assignable to type 'never'.
shared/schema.ts(8615,98): error TS2322: Type 'boolean' is not assignable to type 'never'.
shared/schema.ts(8615,108): error TS2322: Type 'boolean' is not assignable to type 'never'.
shared/schema.ts(8615,125): error TS2322: Type 'boolean' is not assignable to type 'never'.
shared/schema.ts(8659,86): error TS2322: Type 'boolean' is not assignable to type 'never'.
shared/schema.ts(8659,96): error TS2322: Type 'boolean' is not assignable to type 'never'.
shared/schema.ts(8659,113): error TS2322: Type 'boolean' is not assignable to type 'never'.
shared/schema.ts(8659,130): error TS2322: Type 'boolean' is not assignable to type 'never'.
shared/schema.ts(8708,107): error TS2322: Type 'boolean' is not assignable to type 'never'.
shared/schema.ts(8708,117): error TS2322: Type 'boolean' is not assignable to type 'never'.
shared/schema.ts(8783,90): error TS2322: Type 'boolean' is not assignable to type 'never'.
shared/schema.ts(8783,100): error TS2322: Type 'boolean' is not assignable to type 'never'.
shared/schema.ts(8783,117): error TS2322: Type 'boolean' is not assignable to type 'never'.
shared/schema.ts(8827,104): error TS2322: Type 'boolean' is not assignable to type 'never'.
shared/schema.ts(8827,114): error TS2322: Type 'boolean' is not assignable to type 'never'.
shared/schema.ts(8827,131): error TS2322: Type 'boolean' is not assignable to type 'never'.
shared/schema.ts(8867,96): error TS2322: Type 'boolean' is not assignable to type 'never'.
shared/schema.ts(8867,106): error TS2322: Type 'boolean' is not assignable to type 'never'.
shared/schema.ts(8924,92): error TS2322: Type 'boolean' is not assignable to type 'never'.
shared/schema.ts(8924,102): error TS2322: Type 'boolean' is not assignable to type 'never'.
shared/schema.ts(8924,119): error TS2322: Type 'boolean' is not assignable to type 'never'.
shared/schema.ts(9048,104): error TS2322: Type 'boolean' is not assignable to type 'never'.
shared/schema.ts(9048,114): error TS2322: Type 'boolean' is not assignable to type 'never'.
shared/schema.ts(9048,131): error TS2322: Type 'boolean' is not assignable to type 'never'.
shared/schema.ts(9096,108): error TS2322: Type 'boolean' is not assignable to type 'never'.
shared/schema.ts(9096,118): error TS2322: Type 'boolean' is not assignable to type 'never'.
shared/schema.ts(9096,135): error TS2322: Type 'boolean' is not assignable to type 'never'.
shared/schema.ts(9156,70): error TS2322: Type 'boolean' is not assignable to type 'never'.
shared/schema.ts(9156,80): error TS2322: Type 'boolean' is not assignable to type 'never'.
shared/schema.ts(9195,84): error TS2322: Type 'boolean' is not assignable to type 'never'.
shared/schema.ts(9195,94): error TS2322: Type 'boolean' is not assignable to type 'never'.
shared/schema.ts(9226,84): error TS2322: Type 'boolean' is not assignable to type 'never'.
shared/schema.ts(9226,94): error TS2322: Type 'boolean' is not assignable to type 'never'.
shared/schema.ts(9259,91): error TS2322: Type 'boolean' is not assignable to type 'never'.
shared/schema.ts(9259,101): error TS2322: Type 'boolean' is not assignable to type 'never'.
shared/schema.ts(9259,118): error TS2322: Type 'boolean' is not assignable to type 'never'.
shared/schema.ts(9301,93): error TS2322: Type 'boolean' is not assignable to type 'never'.
shared/schema.ts(9301,103): error TS2322: Type 'boolean' is not assignable to type 'never'.
shared/schema.ts(9301,120): error TS2322: Type 'boolean' is not assignable to type 'never'.
shared/schema.ts(9355,86): error TS2322: Type 'boolean' is not assignable to type 'never'.
shared/schema.ts(9355,96): error TS2322: Type 'boolean' is not assignable to type 'never'.
shared/schema.ts(9420,72): error TS2322: Type 'boolean' is not assignable to type 'never'.
shared/schema.ts(9420,82): error TS2322: Type 'boolean' is not assignable to type 'never'.
shared/schema.ts(9459,70): error TS2322: Type 'boolean' is not assignable to type 'never'.
shared/schema.ts(9459,80): error TS2322: Type 'boolean' is not assignable to type 'never'.
shared/schema.ts(9459,97): error TS2322: Type 'boolean' is not assignable to type 'never'.
shared/schema.ts(9528,3): error TS2322: Type 'boolean' is not assignable to type 'never'.
shared/schema.ts(9528,13): error TS2322: Type 'boolean' is not assignable to type 'never'.
shared/schema.ts(9528,30): error TS2322: Type 'boolean' is not assignable to type 'never'.
shared/schema.ts(9578,3): error TS2322: Type 'boolean' is not assignable to type 'never'.
shared/schema.ts(9578,13): error TS2322: Type 'boolean' is not assignable to type 'never'.
shared/schema.ts(9578,30): error TS2322: Type 'boolean' is not assignable to type 'never'.
shared/schema.ts(9659,3): error TS2322: Type 'boolean' is not assignable to type 'never'.
shared/schema.ts(9659,13): error TS2322: Type 'boolean' is not assignable to type 'never'.
shared/schema.ts(9659,30): error TS2322: Type 'boolean' is not assignable to type 'never'.
shared/schema.ts(9659,47): error TS2322: Type 'boolean' is not assignable to type 'never'.
shared/schema.ts(9674,3): error TS2322: Type 'boolean' is not assignable to type 'never'.
shared/schema.ts(9674,13): error TS2322: Type 'boolean' is not assignable to type 'never'.
shared/schema.ts(9680,3): error TS2322: Type 'boolean' is not assignable to type 'never'.
shared/schema.ts(9680,13): error TS2322: Type 'boolean' is not assignable to type 'never'.
shared/schema.ts(9680,30): error TS2322: Type 'boolean' is not assignable to type 'never'.
shared/schema.ts(9686,3): error TS2322: Type 'boolean' is not assignable to type 'never'.
shared/schema.ts(9686,13): error TS2322: Type 'boolean' is not assignable to type 'never'.
shared/schema.ts(9686,30): error TS2322: Type 'boolean' is not assignable to type 'never'.
shared/schema.ts(9692,3): error TS2322: Type 'boolean' is not assignable to type 'never'.
shared/schema.ts(9692,13): error TS2322: Type 'boolean' is not assignable to type 'never'.
shared/schema.ts(9698,3): error TS2322: Type 'boolean' is not assignable to type 'never'.
shared/schema.ts(9698,13): error TS2322: Type 'boolean' is not assignable to type 'never'.
shared/schema.ts(9838,3): error TS2322: Type 'boolean' is not assignable to type 'never'.
shared/schema.ts(9838,13): error TS2322: Type 'boolean' is not assignable to type 'never'.
shared/schema.ts(9861,3): error TS2322: Type 'boolean' is not assignable to type 'never'.
shared/schema.ts(9861,13): error TS2322: Type 'boolean' is not assignable to type 'never'.
shared/schema.ts(9993,3): error TS2322: Type 'boolean' is not assignable to type 'never'.
shared/schema.ts(9993,13): error TS2322: Type 'boolean' is not assignable to type 'never'.
shared/schema.ts(9993,33): error TS2322: Type 'boolean' is not assignable to type 'never'.
shared/schema.ts(9993,52): error TS2322: Type 'boolean' is not assignable to type 'never'.
shared/schema.ts(10066,3): error TS2322: Type 'boolean' is not assignable to type 'never'.
shared/schema.ts(10066,13): error TS2322: Type 'boolean' is not assignable to type 'never'.
shared/schema.ts(10066,33): error TS2322: Type 'boolean' is not assignable to type 'never'.
shared/schema.ts(10066,52): error TS2322: Type 'boolean' is not assignable to type 'never'.
shared/schema.ts(10121,3): error TS2322: Type 'boolean' is not assignable to type 'never'.
shared/schema.ts(10121,13): error TS2322: Type 'boolean' is not assignable to type 'never'.
shared/schema.ts(10121,30): error TS2322: Type 'boolean' is not assignable to type 'never'.
shared/schema.ts(10150,3): error TS2322: Type 'boolean' is not assignable to type 'never'.
shared/schema.ts(10150,13): error TS2322: Type 'boolean' is not assignable to type 'never'.
shared/schema.ts(10179,3): error TS2322: Type 'boolean' is not assignable to type 'never'.
shared/schema.ts(10179,13): error TS2322: Type 'boolean' is not assignable to type 'never'.
shared/schema.ts(10222,3): error TS2322: Type 'boolean' is not assignable to type 'never'.
shared/schema.ts(10222,13): error TS2322: Type 'boolean' is not assignable to type 'never'.
shared/schema.ts(10262,3): error TS2322: Type 'boolean' is not assignable to type 'never'.
shared/schema.ts(10262,13): error TS2322: Type 'boolean' is not assignable to type 'never'.
shared/schema.ts(10262,30): error TS2322: Type 'boolean' is not assignable to type 'never'.
shared/schema.ts(10307,3): error TS2322: Type 'boolean' is not assignable to type 'never'.
shared/schema.ts(10307,13): error TS2322: Type 'boolean' is not assignable to type 'never'.
shared/schema.ts(10307,30): error TS2322: Type 'boolean' is not assignable to type 'never'.
shared/schema.ts(10307,47): error TS2322: Type 'boolean' is not assignable to type 'never'.
shared/schema.ts(10346,3): error TS2322: Type 'boolean' is not assignable to type 'never'.
shared/schema.ts(10346,13): error TS2322: Type 'boolean' is not assignable to type 'never'.
shared/schema.ts(10346,28): error TS2322: Type 'boolean' is not assignable to type 'never'.
shared/schema.ts(10375,3): error TS2322: Type 'boolean' is not assignable to type 'never'.
shared/schema.ts(10375,13): error TS2322: Type 'boolean' is not assignable to type 'never'.
shared/schema.ts(10375,30): error TS2322: Type 'boolean' is not assignable to type 'never'.
shared/schema.ts(10375,47): error TS2322: Type 'boolean' is not assignable to type 'never'.
shared/schema.ts(10375,64): error TS2322: Type 'boolean' is not assignable to type 'never'.
shared/schema.ts(10398,3): error TS2322: Type 'boolean' is not assignable to type 'never'.
shared/schema.ts(10398,13): error TS2322: Type 'boolean' is not assignable to type 'never'.
shared/schema.ts(10428,3): error TS2322: Type 'boolean' is not assignable to type 'never'.
shared/schema.ts(10428,13): error TS2322: Type 'boolean' is not assignable to type 'never'.
shared/schema.ts(10450,3): error TS2322: Type 'boolean' is not assignable to type 'never'.
shared/schema.ts(10450,13): error TS2322: Type 'boolean' is not assignable to type 'never'.
shared/schema.ts(10450,30): error TS2322: Type 'boolean' is not assignable to type 'never'.
shared/schema.ts(10470,3): error TS2322: Type 'boolean' is not assignable to type 'never'.
shared/schema.ts(10470,13): error TS2322: Type 'boolean' is not assignable to type 'never'.
shared/schema.ts(10568,3): error TS2322: Type 'boolean' is not assignable to type 'never'.
shared/schema.ts(10568,13): error TS2322: Type 'boolean' is not assignable to type 'never'.
shared/schema.ts(10676,3): error TS2322: Type 'boolean' is not assignable to type 'never'.
shared/schema.ts(10676,17): error TS2322: Type 'boolean' is not assignable to type 'never'.
shared/schema.ts(10676,44): error TS2322: Type 'boolean' is not assignable to type 'never'.
shared/schema.ts(10676,61): error TS2322: Type 'boolean' is not assignable to type 'never'.
shared/schema.ts(10677,3): error TS2322: Type 'boolean' is not assignable to type 'never'.
shared/schema.ts(10677,30): error TS2322: Type 'boolean' is not assignable to type 'never'.
shared/schema.ts(10723,90): error TS2322: Type 'boolean' is not assignable to type 'never'.
shared/schema.ts(10723,100): error TS2322: Type 'boolean' is not assignable to type 'never'.
shared/schema.ts(10747,86): error TS2322: Type 'boolean' is not assignable to type 'never'.
shared/schema.ts(10747,96): error TS2322: Type 'boolean' is not assignable to type 'never'.
shared/schema.ts(10767,98): error TS2322: Type 'boolean' is not assignable to type 'never'.
shared/schema.ts(10767,108): error TS2322: Type 'boolean' is not assignable to type 'never'.
shared/schema.ts(10767,125): error TS2322: Type 'boolean' is not assignable to type 'never'.
shared/schema.ts(10790,96): error TS2322: Type 'boolean' is not assignable to type 'never'.
shared/schema.ts(10790,106): error TS2322: Type 'boolean' is not assignable to type 'never'.
shared/schema.ts(10790,123): error TS2322: Type 'boolean' is not assignable to type 'never'.
shared/schema.ts(10832,87): error TS2322: Type 'boolean' is not assignable to type 'never'.
shared/schema.ts(10832,97): error TS2322: Type 'boolean' is not assignable to type 'never'.
shared/schema.ts(10851,95): error TS2322: Type 'boolean' is not assignable to type 'never'.
shared/schema.ts(10851,105): error TS2322: Type 'boolean' is not assignable to type 'never'.
shared/schema.ts(10868,89): error TS2322: Type 'boolean' is not assignable to type 'never'.
shared/schema.ts(10868,99): error TS2322: Type 'boolean' is not assignable to type 'never'.
shared/schema.ts(10890,107): error TS2322: Type 'boolean' is not assignable to type 'never'.
shared/schema.ts(10890,117): error TS2322: Type 'boolean' is not assignable to type 'never'.
shared/schema.ts(10920,97): error TS2322: Type 'boolean' is not assignable to type 'never'.
shared/schema.ts(10920,107): error TS2322: Type 'boolean' is not assignable to type 'never'.
shared/schema.ts(10946,99): error TS2322: Type 'boolean' is not assignable to type 'never'.
shared/schema.ts(10946,109): error TS2322: Type 'boolean' is not assignable to type 'never'.
shared/schema.ts(10968,79): error TS2322: Type 'boolean' is not assignable to type 'never'.
shared/schema.ts(10968,89): error TS2322: Type 'boolean' is not assignable to type 'never'.
shared/schema.ts(10987,101): error TS2322: Type 'boolean' is not assignable to type 'never'.
shared/schema.ts(10987,111): error TS2322: Type 'boolean' is not assignable to type 'never'.
shared/schema.ts(11014,93): error TS2322: Type 'boolean' is not assignable to type 'never'.
shared/schema.ts(11014,103): error TS2322: Type 'boolean' is not assignable to type 'never'.
shared/schema.ts(11039,93): error TS2322: Type 'boolean' is not assignable to type 'never'.
shared/schema.ts(11039,103): error TS2322: Type 'boolean' is not assignable to type 'never'.
shared/schema.ts(11220,88): error TS2322: Type 'boolean' is not assignable to type 'never'.
shared/schema.ts(11220,98): error TS2322: Type 'boolean' is not assignable to type 'never'.
shared/schema.ts(11220,115): error TS2322: Type 'boolean' is not assignable to type 'never'.
shared/schema.ts(11241,88): error TS2322: Type 'boolean' is not assignable to type 'never'.
shared/schema.ts(11241,98): error TS2322: Type 'boolean' is not assignable to type 'never'.
shared/schema.ts(11285,80): error TS2322: Type 'boolean' is not assignable to type 'never'.
shared/schema.ts(11306,90): error TS2322: Type 'boolean' is not assignable to type 'never'.
shared/schema.ts(11306,100): error TS2322: Type 'boolean' is not assignable to type 'never'.
shared/schema.ts(11334,88): error TS2322: Type 'boolean' is not assignable to type 'never'.
shared/schema.ts(11334,98): error TS2322: Type 'boolean' is not assignable to type 'never'.
shared/schema.ts(11334,115): error TS2322: Type 'boolean' is not assignable to type 'never'.
shared/schema.ts(11427,3): error TS2322: Type 'boolean' is not assignable to type 'never'.
shared/schema.ts(11427,13): error TS2322: Type 'boolean' is not assignable to type 'never'.
shared/schema.ts(11427,30): error TS2322: Type 'boolean' is not assignable to type 'never'.
shared/schema.ts(11462,3): error TS2322: Type 'boolean' is not assignable to type 'never'.
shared/schema.ts(11462,13): error TS2322: Type 'boolean' is not assignable to type 'never'.
shared/schema.ts(11462,30): error TS2322: Type 'boolean' is not assignable to type 'never'.
shared/schema.ts(11485,3): error TS2322: Type 'boolean' is not assignable to type 'never'.
shared/schema.ts(11485,13): error TS2322: Type 'boolean' is not assignable to type 'never'.
shared/schema.ts(11497,1): error TS2308: Module "./schema/portfolio" has already exported a member named 'creditRatings'. Consider explicitly re-exporting to resolve the ambiguity.
shared/schema/ai.ts(691,3): error TS2322: Type 'boolean' is not assignable to type 'never'.
shared/schema/ai.ts(692,3): error TS2322: Type 'boolean' is not assignable to type 'never'.
shared/schema/ai.ts(693,3): error TS2322: Type 'boolean' is not assignable to type 'never'.
shared/schema/ai.ts(694,3): error TS2322: Type 'boolean' is not assignable to type 'never'.
shared/schema/ai.ts(695,3): error TS2322: Type 'boolean' is not assignable to type 'never'.
shared/schema/ai.ts(748,38): error TS2322: Type 'boolean' is not assignable to type 'never'.
shared/schema/ai.ts(957,21): error TS2322: Type 'boolean' is not assignable to type 'never'.
shared/schema/banking.ts(399,3): error TS2322: Type 'boolean' is not assignable to type 'never'.
shared/schema/banking.ts(400,3): error TS2322: Type 'boolean' is not assignable to type 'never'.
shared/schema/banking.ts(401,3): error TS2322: Type 'boolean' is not assignable to type 'never'.
shared/schema/banking.ts(405,3): error TS2322: Type 'boolean' is not assignable to type 'never'.
shared/schema/banking.ts(406,3): error TS2322: Type 'boolean' is not assignable to type 'never'.
shared/schema/banking.ts(407,3): error TS2322: Type 'boolean' is not assignable to type 'never'.
shared/schema/banking.ts(411,3): error TS2322: Type 'boolean' is not assignable to type 'never'.
shared/schema/banking.ts(412,3): error TS2322: Type 'boolean' is not assignable to type 'never'.
shared/schema/banking.ts(413,3): error TS2322: Type 'boolean' is not assignable to type 'never'.
shared/schema/banking.ts(417,3): error TS2322: Type 'boolean' is not assignable to type 'never'.
shared/schema/banking.ts(418,3): error TS2322: Type 'boolean' is not assignable to type 'never'.
shared/schema/banking.ts(419,3): error TS2322: Type 'boolean' is not assignable to type 'never'.
shared/schema/banking.ts(424,3): error TS2322: Type 'boolean' is not assignable to type 'never'.
shared/schema/banking.ts(425,3): error TS2322: Type 'boolean' is not assignable to type 'never'.
shared/schema/banking.ts(426,3): error TS2322: Type 'boolean' is not assignable to type 'never'.
shared/schema/banking.ts(427,3): error TS2322: Type 'boolean' is not assignable to type 'never'.
shared/schema/banking.ts(432,3): error TS2322: Type 'boolean' is not assignable to type 'never'.
shared/schema/banking.ts(433,3): error TS2322: Type 'boolean' is not assignable to type 'never'.
shared/schema/banking.ts(434,3): error TS2322: Type 'boolean' is not assignable to type 'never'.
shared/schema/banking.ts(435,3): error TS2322: Type 'boolean' is not assignable to type 'never'.
shared/schema/banking.ts(439,3): error TS2322: Type 'boolean' is not assignable to type 'never'.
shared/schema/banking.ts(440,3): error TS2322: Type 'boolean' is not assignable to type 'never'.
shared/schema/banking.ts(444,3): error TS2322: Type 'boolean' is not assignable to type 'never'.
shared/schema/banking.ts(445,3): error TS2322: Type 'boolean' is not assignable to type 'never'.
shared/schema/banking.ts(446,3): error TS2322: Type 'boolean' is not assignable to type 'never'.
shared/schema/banking.ts(450,3): error TS2322: Type 'boolean' is not assignable to type 'never'.
shared/schema/banking.ts(451,3): error TS2322: Type 'boolean' is not assignable to type 'never'.
shared/schema/banking.ts(455,3): error TS2322: Type 'boolean' is not assignable to type 'never'.
shared/schema/banking.ts(456,3): error TS2322: Type 'boolean' is not assignable to type 'never'.
shared/schema/banking.ts(457,3): error TS2322: Type 'boolean' is not assignable to type 'never'.
shared/schema/banking.ts(458,3): error TS2322: Type 'boolean' is not assignable to type 'never'.
shared/schema/banking.ts(462,3): error TS2322: Type 'boolean' is not assignable to type 'never'.
shared/schema/banking.ts(463,3): error TS2322: Type 'boolean' is not assignable to type 'never'.
shared/schema/cart.ts(7,10): error TS2724: '"../schema"' has no exported member named 'storeProducts'. Did you mean 'StoreProductTag'?
shared/schema/cart.ts(108,29): error TS2339: Property 'productId' does not exist on type '{}'.
shared/schema/cart.ts(109,30): error TS2339: Property 'proposalId' does not exist on type '{}'.
shared/schema/cart.ts(110,32): error TS2339: Property 'investmentId' does not exist on type '{}'.
shared/schema/commissions.ts(405,3): error TS2322: Type 'boolean' is not assignable to type 'never'.
shared/schema/commissions.ts(406,3): error TS2322: Type 'boolean' is not assignable to type 'never'.
shared/schema/commissions.ts(407,3): error TS2322: Type 'boolean' is not assignable to type 'never'.
shared/schema/commissions.ts(411,3): error TS2322: Type 'boolean' is not assignable to type 'never'.
shared/schema/commissions.ts(412,3): error TS2322: Type 'boolean' is not assignable to type 'never'.
shared/schema/commissions.ts(413,3): error TS2322: Type 'boolean' is not assignable to type 'never'.
shared/schema/commissions.ts(417,3): error TS2322: Type 'boolean' is not assignable to type 'never'.
shared/schema/commissions.ts(418,3): error TS2322: Type 'boolean' is not assignable to type 'never'.
shared/schema/commissions.ts(419,3): error TS2322: Type 'boolean' is not assignable to type 'never'.
shared/schema/commissions.ts(423,3): error TS2322: Type 'boolean' is not assignable to type 'never'.
shared/schema/commissions.ts(424,3): error TS2322: Type 'boolean' is not assignable to type 'never'.
shared/schema/commissions.ts(425,3): error TS2322: Type 'boolean' is not assignable to type 'never'.
shared/schema/commissions.ts(429,3): error TS2322: Type 'boolean' is not assignable to type 'never'.
shared/schema/commissions.ts(430,3): error TS2322: Type 'boolean' is not assignable to type 'never'.
shared/schema/commissions.ts(431,3): error TS2322: Type 'boolean' is not assignable to type 'never'.
shared/schema/commissions.ts(435,3): error TS2322: Type 'boolean' is not assignable to type 'never'.
shared/schema/commissions.ts(436,3): error TS2322: Type 'boolean' is not assignable to type 'never'.
shared/schema/commissions.ts(437,3): error TS2322: Type 'boolean' is not assignable to type 'never'.
shared/schema/commissions.ts(441,3): error TS2322: Type 'boolean' is not assignable to type 'never'.
shared/schema/commissions.ts(442,3): error TS2322: Type 'boolean' is not assignable to type 'never'.
shared/schema/commissions.ts(443,3): error TS2322: Type 'boolean' is not assignable to type 'never'.
shared/schema/commissions.ts(447,3): error TS2322: Type 'boolean' is not assignable to type 'never'.
shared/schema/commissions.ts(448,3): error TS2322: Type 'boolean' is not assignable to type 'never'.
shared/schema/commissions.ts(452,3): error TS2322: Type 'boolean' is not assignable to type 'never'.
shared/schema/commissions.ts(453,3): error TS2322: Type 'boolean' is not assignable to type 'never'.
shared/schema/commissions.ts(457,3): error TS2322: Type 'boolean' is not assignable to type 'never'.
shared/schema/commissions.ts(457,18): error TS2322: Type 'boolean' is not assignable to type 'never'.
shared/schema/commissions.ts(457,35): error TS2322: Type 'boolean' is not assignable to type 'never'.
shared/schema/commissions.ts(457,52): error TS2322: Type 'boolean' is not assignable to type 'never'.
shared/schema/commissions.ts(458,3): error TS2322: Type 'boolean' is not assignable to type 'never'.
shared/schema/commissions.ts(458,21): error TS2322: Type 'boolean' is not assignable to type 'never'.
shared/schema/commissions.ts(458,46): error TS2322: Type 'boolean' is not assignable to type 'never'.
shared/schema/commissions.ts(459,3): error TS2322: Type 'boolean' is not assignable to type 'never'.
shared/schema/commissions.ts(459,29): error TS2322: Type 'boolean' is not assignable to type 'never'.
shared/schema/commissions.ts(459,55): error TS2322: Type 'boolean' is not assignable to type 'never'.
shared/schema/commissions.ts(463,3): error TS2322: Type 'boolean' is not assignable to type 'never'.
shared/schema/commissions.ts(463,18): error TS2322: Type 'boolean' is not assignable to type 'never'.
shared/schema/commissions.ts(467,3): error TS2322: Type 'boolean' is not assignable to type 'never'.
shared/schema/commissions.ts(467,18): error TS2322: Type 'boolean' is not assignable to type 'never'.
shared/schema/commissions.ts(467,32): error TS2322: Type 'boolean' is not assignable to type 'never'.
shared/schema/commissions.ts(467,53): error TS2322: Type 'boolean' is not assignable to type 'never'.
shared/schema/commissions.ts(468,3): error TS2322: Type 'boolean' is not assignable to type 'never'.
shared/schema/commissions.ts(468,23): error TS2322: Type 'boolean' is not assignable to type 'never'.
shared/schema/commissions.ts(468,46): error TS2322: Type 'boolean' is not assignable to type 'never'.
shared/schema/commissions.ts(472,3): error TS2322: Type 'boolean' is not assignable to type 'never'.
shared/schema/commissions.ts(472,13): error TS2322: Type 'boolean' is not assignable to type 'never'.
shared/schema/commissions.ts(476,3): error TS2322: Type 'boolean' is not assignable to type 'never'.
shared/schema/commissions.ts(476,21): error TS2322: Type 'boolean' is not assignable to type 'never'.
shared/schema/commissions.ts(476,38): error TS2322: Type 'boolean' is not assignable to type 'never'.
shared/schema/commissions.ts(476,55): error TS2322: Type 'boolean' is not assignable to type 'never'.
shared/schema/commissions.ts(477,3): error TS2322: Type 'boolean' is not assignable to type 'never'.
shared/schema/commissions.ts(477,28): error TS2322: Type 'boolean' is not assignable to type 'never'.
shared/schema/commissions.ts(477,51): error TS2322: Type 'boolean' is not assignable to type 'never'.
shared/schema/commissions.ts(478,3): error TS2322: Type 'boolean' is not assignable to type 'never'.
shared/schema/commissions.ts(478,22): error TS2322: Type 'boolean' is not assignable to type 'never'.
shared/schema/commissions.ts(478,44): error TS2322: Type 'boolean' is not assignable to type 'never'.
shared/schema/commissions.ts(479,3): error TS2322: Type 'boolean' is not assignable to type 'never'.
shared/schema/commissions.ts(479,25): error TS2322: Type 'boolean' is not assignable to type 'never'.
shared/schema/commissions.ts(479,39): error TS2322: Type 'boolean' is not assignable to type 'never'.
shared/schema/commissions.ts(479,57): error TS2322: Type 'boolean' is not assignable to type 'never'.
shared/schema/commissions.ts(479,75): error TS2322: Type 'boolean' is not assignable to type 'never'.
shared/schema/commissions.ts(483,3): error TS2322: Type 'boolean' is not assignable to type 'never'.
shared/schema/commissions.ts(483,23): error TS2322: Type 'boolean' is not assignable to type 'never'.
shared/schema/commissions.ts(487,3): error TS2322: Type 'boolean' is not assignable to type 'never'.
shared/schema/commissions.ts(487,20): error TS2322: Type 'boolean' is not assignable to type 'never'.
shared/schema/documents.ts(378,95): error TS2322: Type 'boolean' is not assignable to type 'never'.
shared/schema/documents.ts(378,105): error TS2322: Type 'boolean' is not assignable to type 'never'.
shared/schema/documents.ts(378,122): error TS2322: Type 'boolean' is not assignable to type 'never'.
shared/schema/kyc.ts(3830,3): error TS2322: Type 'boolean' is not assignable to type 'never'.
shared/schema/kyc.ts(3831,3): error TS2322: Type 'boolean' is not assignable to type 'never'.
shared/schema/kyc.ts(3832,3): error TS2322: Type 'boolean' is not assignable to type 'never'.
shared/schema/kyc.ts(3849,3): error TS2322: Type 'boolean' is not assignable to type 'never'.
shared/schema/kyc.ts(3850,3): error TS2322: Type 'boolean' is not assignable to type 'never'.
shared/schema/kyc.ts(3869,3): error TS2322: Type 'boolean' is not assignable to type 'never'.
shared/schema/kyc.ts(3870,3): error TS2322: Type 'boolean' is not assignable to type 'never'.
shared/schema/kyc.ts(3902,82): error TS2322: Type 'boolean' is not assignable to type 'never'.
shared/schema/kyc.ts(3902,92): error TS2322: Type 'boolean' is not assignable to type 'never'.
shared/schema/kyc.ts(3902,109): error TS2322: Type 'boolean' is not assignable to type 'never'.
shared/schema/kyc.ts(3933,96): error TS2322: Type 'boolean' is not assignable to type 'never'.
shared/schema/kyc.ts(3933,106): error TS2322: Type 'boolean' is not assignable to type 'never'.
shared/schema/kyc.ts(3933,123): error TS2322: Type 'boolean' is not assignable to type 'never'.
shared/schema/kyc.ts(3959,84): error TS2322: Type 'boolean' is not assignable to type 'never'.
shared/schema/kyc.ts(3959,94): error TS2322: Type 'boolean' is not assignable to type 'never'.
shared/schema/kyc.ts(3959,111): error TS2322: Type 'boolean' is not assignable to type 'never'.
shared/schema/kyc.ts(4005,91): error TS2322: Type 'boolean' is not assignable to type 'never'.
shared/schema/kyc.ts(4005,101): error TS2322: Type 'boolean' is not assignable to type 'never'.
shared/schema/kyc.ts(4046,88): error TS2322: Type 'boolean' is not assignable to type 'never'.
shared/schema/kyc.ts(4046,98): error TS2322: Type 'boolean' is not assignable to type 'never'.
shared/schema/kyc.ts(4046,115): error TS2322: Type 'boolean' is not assignable to type 'never'.
shared/schema/kyc.ts(4067,90): error TS2322: Type 'boolean' is not assignable to type 'never'.
shared/schema/kyc.ts(4067,100): error TS2322: Type 'boolean' is not assignable to type 'never'.
shared/schema/kyc.ts(4094,91): error TS2322: Type 'boolean' is not assignable to type 'never'.
shared/schema/kyc.ts(4094,101): error TS2322: Type 'boolean' is not assignable to type 'never'.
shared/schema/kyc.ts(4098,78): error TS2322: Type 'boolean' is not assignable to type 'never'.
shared/schema/kyc.ts(4098,88): error TS2322: Type 'boolean' is not assignable to type 'never'.
shared/schema/kyc.ts(4152,3): error TS2322: Type 'boolean' is not assignable to type 'never'.
shared/schema/kyc.ts(4153,3): error TS2322: Type 'boolean' is not assignable to type 'never'.
shared/schema/kyc.ts(4154,3): error TS2322: Type 'boolean' is not assignable to type 'never'.
shared/schema/kyc.ts(4160,3): error TS2322: Type 'boolean' is not assignable to type 'never'.
shared/schema/kyc.ts(4161,3): error TS2322: Type 'boolean' is not assignable to type 'never'.
shared/schema/loans.ts(878,80): error TS2322: Type 'boolean' is not assignable to type 'never'.
shared/schema/loans.ts(878,90): error TS2322: Type 'boolean' is not assignable to type 'never'.
shared/schema/loans.ts(878,107): error TS2322: Type 'boolean' is not assignable to type 'never'.
shared/schema/loans.ts(879,82): error TS2322: Type 'boolean' is not assignable to type 'never'.
shared/schema/loans.ts(879,92): error TS2322: Type 'boolean' is not assignable to type 'never'.
shared/schema/loans.ts(879,109): error TS2322: Type 'boolean' is not assignable to type 'never'.
shared/schema/loans.ts(880,88): error TS2322: Type 'boolean' is not assignable to type 'never'.
shared/schema/loans.ts(880,98): error TS2322: Type 'boolean' is not assignable to type 'never'.
shared/schema/loans.ts(880,115): error TS2322: Type 'boolean' is not assignable to type 'never'.
shared/schema/loans.ts(881,84): error TS2322: Type 'boolean' is not assignable to type 'never'.
shared/schema/loans.ts(881,94): error TS2322: Type 'boolean' is not assignable to type 'never'.
shared/schema/loans.ts(881,111): error TS2322: Type 'boolean' is not assignable to type 'never'.
shared/schema/loans.ts(882,80): error TS2322: Type 'boolean' is not assignable to type 'never'.
shared/schema/loans.ts(882,90): error TS2322: Type 'boolean' is not assignable to type 'never'.
shared/schema/loans.ts(882,107): error TS2322: Type 'boolean' is not assignable to type 'never'.
shared/schema/loans.ts(883,76): error TS2322: Type 'boolean' is not assignable to type 'never'.
shared/schema/loans.ts(883,86): error TS2322: Type 'boolean' is not assignable to type 'never'.
shared/schema/loans.ts(884,110): error TS2322: Type 'boolean' is not assignable to type 'never'.
shared/schema/loans.ts(884,120): error TS2322: Type 'boolean' is not assignable to type 'never'.
shared/schema/loans.ts(884,137): error TS2322: Type 'boolean' is not assignable to type 'never'.
shared/schema/loans.ts(885,96): error TS2322: Type 'boolean' is not assignable to type 'never'.
shared/schema/loans.ts(885,106): error TS2322: Type 'boolean' is not assignable to type 'never'.
shared/schema/loans.ts(885,123): error TS2322: Type 'boolean' is not assignable to type 'never'.
shared/schema/loans.ts(886,96): error TS2322: Type 'boolean' is not assignable to type 'never'.
shared/schema/loans.ts(886,106): error TS2322: Type 'boolean' is not assignable to type 'never'.
shared/schema/loans.ts(886,123): error TS2322: Type 'boolean' is not assignable to type 'never'.
shared/schema/loans.ts(887,102): error TS2322: Type 'boolean' is not assignable to type 'never'.
shared/schema/loans.ts(887,112): error TS2322: Type 'boolean' is not assignable to type 'never'.
shared/schema/loans.ts(887,129): error TS2322: Type 'boolean' is not assignable to type 'never'.
shared/schema/loans.ts(888,94): error TS2322: Type 'boolean' is not assignable to type 'never'.
shared/schema/loans.ts(888,104): error TS2322: Type 'boolean' is not assignable to type 'never'.
shared/schema/loans.ts(888,121): error TS2322: Type 'boolean' is not assignable to type 'never'.
shared/schema/loans.ts(889,98): error TS2322: Type 'boolean' is not assignable to type 'never'.
shared/schema/loans.ts(889,108): error TS2322: Type 'boolean' is not assignable to type 'never'.
shared/schema/loans.ts(889,125): error TS2322: Type 'boolean' is not assignable to type 'never'.
shared/schema/loans.ts(890,82): error TS2322: Type 'boolean' is not assignable to type 'never'.
shared/schema/loans.ts(890,92): error TS2322: Type 'boolean' is not assignable to type 'never'.
shared/schema/mutual-funds.ts(1054,87): error TS2322: Type 'boolean' is not assignable to type 'never'.
shared/schema/mutual-funds.ts(1054,97): error TS2322: Type 'boolean' is not assignable to type 'never'.
shared/schema/mutual-funds.ts(1081,100): error TS2322: Type 'boolean' is not assignable to type 'never'.
shared/schema/mutual-funds.ts(1081,110): error TS2322: Type 'boolean' is not assignable to type 'never'.
shared/schema/mutual-funds.ts(1081,131): error TS2322: Type 'boolean' is not assignable to type 'never'.
shared/schema/mutual-funds.ts(1296,86): error TS2322: Type 'boolean' is not assignable to type 'never'.
shared/schema/mutual-funds.ts(1296,96): error TS2322: Type 'boolean' is not assignable to type 'never'.
shared/schema/mutual-funds.ts(1296,113): error TS2322: Type 'boolean' is not assignable to type 'never'.
shared/schema/mutual-funds.ts(1297,91): error TS2322: Type 'boolean' is not assignable to type 'never'.
shared/schema/mutual-funds.ts(1297,101): error TS2322: Type 'boolean' is not assignable to type 'never'.
shared/schema/mutual-funds.ts(1298,95): error TS2322: Type 'boolean' is not assignable to type 'never'.
shared/schema/mutual-funds.ts(1298,105): error TS2322: Type 'boolean' is not assignable to type 'never'.
shared/schema/mutual-funds.ts(1298,122): error TS2322: Type 'boolean' is not assignable to type 'never'.
shared/schema/mutual-funds.ts(1299,97): error TS2322: Type 'boolean' is not assignable to type 'never'.
shared/schema/mutual-funds.ts(1299,107): error TS2322: Type 'boolean' is not assignable to type 'never'.
shared/schema/mutual-funds.ts(1299,124): error TS2322: Type 'boolean' is not assignable to type 'never'.
shared/schema/mutual-funds.ts(1300,107): error TS2322: Type 'boolean' is not assignable to type 'never'.
shared/schema/mutual-funds.ts(1300,117): error TS2322: Type 'boolean' is not assignable to type 'never'.
shared/schema/mutual-funds.ts(1300,134): error TS2322: Type 'boolean' is not assignable to type 'never'.
shared/schema/mutual-funds.ts(1301,105): error TS2322: Type 'boolean' is not assignable to type 'never'.
shared/schema/mutual-funds.ts(1301,115): error TS2322: Type 'boolean' is not assignable to type 'never'.
shared/schema/mutual-funds.ts(1302,96): error TS2322: Type 'boolean' is not assignable to type 'never'.
shared/schema/mutual-funds.ts(1302,106): error TS2322: Type 'boolean' is not assignable to type 'never'.
shared/schema/mutual-funds.ts(1302,122): error TS2322: Type 'boolean' is not assignable to type 'never'.
shared/schema/mutual-funds.ts(1321,3): error TS2322: Type 'boolean' is not assignable to type 'never'.
shared/schema/mutual-funds.ts(1322,3): error TS2322: Type 'boolean' is not assignable to type 'never'.
shared/schema/mutual-funds.ts(1323,3): error TS2322: Type 'boolean' is not assignable to type 'never'.
shared/schema/mutual-funds.ts(1329,3): error TS2322: Type 'boolean' is not assignable to type 'never'.
shared/schema/mutual-funds.ts(1330,3): error TS2322: Type 'boolean' is not assignable to type 'never'.
shared/schema/orders.ts(43,88): error TS2322: Type 'boolean' is not assignable to type 'never'.
shared/schema/orders.ts(43,98): error TS2322: Type 'boolean' is not assignable to type 'never'.
shared/schema/orders.ts(43,115): error TS2322: Type 'boolean' is not assignable to type 'never'.
shared/schema/partners.ts(45,3): error TS2322: Type 'boolean' is not assignable to type 'never'.
shared/schema/partners.ts(46,3): error TS2322: Type 'boolean' is not assignable to type 'never'.
shared/schema/partners.ts(47,3): error TS2322: Type 'boolean' is not assignable to type 'never'.
shared/schema/partners.ts(722,3): error TS2322: Type 'boolean' is not assignable to type 'never'.
shared/schema/partners.ts(723,3): error TS2322: Type 'boolean' is not assignable to type 'never'.
shared/schema/partners.ts(724,3): error TS2322: Type 'boolean' is not assignable to type 'never'.
shared/schema/partners.ts(730,3): error TS2322: Type 'boolean' is not assignable to type 'never'.
shared/schema/partners.ts(731,3): error TS2322: Type 'boolean' is not assignable to type 'never'.
shared/schema/partners.ts(732,3): error TS2322: Type 'boolean' is not assignable to type 'never'.
shared/schema/partners.ts(738,3): error TS2322: Type 'boolean' is not assignable to type 'never'.
shared/schema/partners.ts(739,3): error TS2322: Type 'boolean' is not assignable to type 'never'.
shared/schema/partners.ts(745,3): error TS2322: Type 'boolean' is not assignable to type 'never'.
shared/schema/partners.ts(746,3): error TS2322: Type 'boolean' is not assignable to type 'never'.
shared/schema/partners.ts(747,3): error TS2322: Type 'boolean' is not assignable to type 'never'.
shared/schema/products.ts(182,3): error TS2322: Type 'boolean' is not assignable to type 'never'.
shared/schema/products.ts(183,3): error TS2322: Type 'boolean' is not assignable to type 'never'.
shared/schema/products.ts(184,3): error TS2322: Type 'boolean' is not assignable to type 'never'.
shared/schema/products.ts(188,3): error TS2322: Type 'boolean' is not assignable to type 'never'.
shared/schema/products.ts(189,3): error TS2322: Type 'boolean' is not assignable to type 'never'.
shared/schema/products.ts(190,3): error TS2322: Type 'boolean' is not assignable to type 'never'.
shared/schema/products.ts(194,3): error TS2322: Type 'boolean' is not assignable to type 'never'.
shared/schema/products.ts(195,3): error TS2322: Type 'boolean' is not assignable to type 'never'.
shared/schema/products.ts(199,3): error TS2322: Type 'boolean' is not assignable to type 'never'.
shared/schema/products.ts(200,3): error TS2322: Type 'boolean' is not assignable to type 'never'.
shared/schema/products.ts(204,3): error TS2322: Type 'boolean' is not assignable to type 'never'.
shared/schema/products.ts(205,3): error TS2322: Type 'boolean' is not assignable to type 'never'.
shared/schema/products.ts(209,3): error TS2322: Type 'boolean' is not assignable to type 'never'.
shared/schema/products.ts(210,3): error TS2322: Type 'boolean' is not assignable to type 'never'.
shared/schema/unlisted.ts(62,3): error TS2322: Type 'boolean' is not assignable to type 'never'.
shared/schema/unlisted.ts(63,3): error TS2322: Type 'boolean' is not assignable to type 'never'.
shared/schema/unlisted.ts(64,3): error TS2322: Type 'boolean' is not assignable to type 'never'.
shared/schema/users.ts(462,3): error TS2322: Type 'boolean' is not assignable to type 'never'.
shared/schema/users.ts(463,3): error TS2322: Type 'boolean' is not assignable to type 'never'.
shared/schema/users.ts(464,3): error TS2322: Type 'boolean' is not assignable to type 'never'.
shared/schema/users.ts(470,3): error TS2322: Type 'boolean' is not assignable to type 'never'.
shared/schema/users.ts(471,3): error TS2322: Type 'boolean' is not assignable to type 'never'.
shared/schema/zoho.ts(5,10): error TS2724: '"../schema"' has no exported member named 'storeProducts'. Did you mean 'StoreProductTag'?
shared/schema/zoho.ts(5,35): error TS2724: '"../schema"' has no exported member named 'storeCategories'. Did you mean 'storeSubcategories'?
